{"event": "initial_evaluation", "main_loss": 9.852572679519653, "perplexity": 19007.191366648036}
{"event": "update", "optimizer_step": 50, "tokens_seen": 1638400, "lr": 7.499999999999999e-06, "grad_norm": 9.465775489807129, "elapsed_seconds": 47.61213968199445, "tokens_per_second": 34411.39194631902, "loss_main": 9.431039810180664, "loss_total": 9.431039810180664}
{"event": "update", "optimizer_step": 100, "tokens_seen": 3276800, "lr": 1.4999999999999999e-05, "grad_norm": 4.925660610198975, "elapsed_seconds": 93.76938148998306, "tokens_per_second": 34945.308883689766, "loss_main": 8.291676044464111, "loss_total": 8.291676044464111}
{"event": "update", "optimizer_step": 150, "tokens_seen": 4915200, "lr": 2.2499999999999998e-05, "grad_norm": 3.033492088317871, "elapsed_seconds": 139.93070603400702, "tokens_per_second": 35125.957263486336, "loss_main": 7.38688850402832, "loss_total": 7.38688850402832}
{"event": "update", "optimizer_step": 200, "tokens_seen": 6553600, "lr": 2.9999999999999997e-05, "grad_norm": 2.769627094268799, "elapsed_seconds": 186.01645986098447, "tokens_per_second": 35231.29084865768, "loss_main": 6.429174542427063, "loss_total": 6.429174542427063}
{"event": "update", "optimizer_step": 250, "tokens_seen": 8192000, "lr": 3.75e-05, "grad_norm": 2.6956379413604736, "elapsed_seconds": 232.11191619298188, "tokens_per_second": 35293.31942264019, "loss_main": 6.078278303146362, "loss_total": 6.078278303146362}
{"event": "update", "optimizer_step": 300, "tokens_seen": 9830400, "lr": 4.4999999999999996e-05, "grad_norm": 2.871143341064453, "elapsed_seconds": 278.2109315239941, "tokens_per_second": 35334.34127174901, "loss_main": 5.623859524726868, "loss_total": 5.623859524726868}
{"event": "evaluation", "tokens_seen": 10027008, "elapsed_seconds": 283.75346435100073, "parameters": 144630912, "main_loss": 5.667702347040176, "perplexity": 289.3689006758122}
{"event": "update", "optimizer_step": 350, "tokens_seen": 11468800, "lr": 5.2499999999999995e-05, "grad_norm": 3.194451093673706, "elapsed_seconds": 329.49836161499843, "tokens_per_second": 34806.84985438772, "loss_main": 5.415627598762512, "loss_total": 5.415627598762512}
{"event": "update", "optimizer_step": 400, "tokens_seen": 13107200, "lr": 5.9999999999999995e-05, "grad_norm": 2.686724901199341, "elapsed_seconds": 375.66476546798367, "tokens_per_second": 34890.68234459447, "loss_main": 5.2565107345581055, "loss_total": 5.2565107345581055}
{"event": "update", "optimizer_step": 450, "tokens_seen": 14745600, "lr": 6.749999999999999e-05, "grad_norm": 2.7422361373901367, "elapsed_seconds": 421.84597354900325, "tokens_per_second": 34954.93835331604, "loss_main": 5.037408471107483, "loss_total": 5.037408471107483}
{"event": "update", "optimizer_step": 500, "tokens_seen": 16384000, "lr": 7.5e-05, "grad_norm": 2.965763568878174, "elapsed_seconds": 468.00497118599014, "tokens_per_second": 35008.17514497902, "loss_main": 4.848170876502991, "loss_total": 4.848170876502991}
{"event": "update", "optimizer_step": 550, "tokens_seen": 18022400, "lr": 8.249999999999999e-05, "grad_norm": 2.542846202850342, "elapsed_seconds": 514.2077582039929, "tokens_per_second": 35048.86830752616, "loss_main": 4.667896747589111, "loss_total": 4.667896747589111}
{"event": "update", "optimizer_step": 600, "tokens_seen": 19660800, "lr": 8.999999999999999e-05, "grad_norm": 2.2558393478393555, "elapsed_seconds": 560.4140295609832, "tokens_per_second": 35082.63348689159, "loss_main": 4.460839629173279, "loss_total": 4.460839629173279}
{"event": "evaluation", "tokens_seen": 20021248, "elapsed_seconds": 570.7602007089881, "parameters": 144630912, "main_loss": 4.394101694226265, "perplexity": 80.97186059280851}
{"event": "update", "optimizer_step": 650, "tokens_seen": 21299200, "lr": 9.749999999999998e-05, "grad_norm": 2.1381328105926514, "elapsed_seconds": 612.6650228899962, "tokens_per_second": 34764.83756087421, "loss_main": 4.234296202659607, "loss_total": 4.234296202659607}
{"event": "update", "optimizer_step": 700, "tokens_seen": 22937600, "lr": 0.00010499999999999999, "grad_norm": 1.910904049873352, "elapsed_seconds": 658.9017589319847, "tokens_per_second": 34811.866395955, "loss_main": 4.029031991958618, "loss_total": 4.029031991958618}
{"event": "update", "optimizer_step": 750, "tokens_seen": 24576000, "lr": 0.00011249999999999998, "grad_norm": 1.9862041473388672, "elapsed_seconds": 705.3167460380064, "tokens_per_second": 34843.91961207697, "loss_main": 4.085622191429138, "loss_total": 4.085622191429138}
{"event": "update", "optimizer_step": 800, "tokens_seen": 26214400, "lr": 0.00011999999999999999, "grad_norm": 1.7441641092300415, "elapsed_seconds": 751.5959866679914, "tokens_per_second": 34878.31290347203, "loss_main": 3.8321032524108887, "loss_total": 3.8321032524108887}
{"event": "update", "optimizer_step": 850, "tokens_seen": 27852800, "lr": 0.0001275, "grad_norm": 1.7400957345962524, "elapsed_seconds": 797.7901357789815, "tokens_per_second": 34912.43968917196, "loss_main": 3.7628944516181946, "loss_total": 3.7628944516181946}
{"event": "update", "optimizer_step": 900, "tokens_seen": 29491200, "lr": 0.00013499999999999997, "grad_norm": 1.645967721939087, "elapsed_seconds": 843.9608001110028, "tokens_per_second": 34943.80307251373, "loss_main": 3.6454670429229736, "loss_total": 3.6454670429229736}
{"event": "evaluation", "tokens_seen": 30015488, "elapsed_seconds": 858.9318266699847, "parameters": 144630912, "main_loss": 3.646762676537037, "perplexity": 38.3503125048299}
{"event": "update", "optimizer_step": 950, "tokens_seen": 31129600, "lr": 0.0001425, "grad_norm": 1.3813914060592651, "elapsed_seconds": 896.2085294119897, "tokens_per_second": 34734.773189923115, "loss_main": 3.5611860156059265, "loss_total": 3.5611860156059265}
{"event": "update", "optimizer_step": 1000, "tokens_seen": 32768000, "lr": 0.00015, "grad_norm": 1.3634936809539795, "elapsed_seconds": 942.3736484989931, "tokens_per_second": 34771.77025502853, "loss_main": 3.440488576889038, "loss_total": 3.440488576889038}
{"event": "update", "optimizer_step": 1050, "tokens_seen": 34406400, "lr": 0.00015749999999999998, "grad_norm": 1.2222857475280762, "elapsed_seconds": 988.6404396129947, "tokens_per_second": 34801.73238054925, "loss_main": 3.528295576572418, "loss_total": 3.528295576572418}
{"event": "update", "optimizer_step": 1100, "tokens_seen": 36044800, "lr": 0.00016499999999999997, "grad_norm": 1.231754183769226, "elapsed_seconds": 1034.8461719570041, "tokens_per_second": 34831.070526970645, "loss_main": 3.2443370819091797, "loss_total": 3.2443370819091797}
{"event": "update", "optimizer_step": 1150, "tokens_seen": 37683200, "lr": 0.0001725, "grad_norm": 1.2707178592681885, "elapsed_seconds": 1081.05660553099, "tokens_per_second": 34857.749175392055, "loss_main": 3.340304970741272, "loss_total": 3.340304970741272}
{"event": "update", "optimizer_step": 1200, "tokens_seen": 39321600, "lr": 0.00017999999999999998, "grad_norm": 1.3580868244171143, "elapsed_seconds": 1127.2647024990001, "tokens_per_second": 34882.31283462446, "loss_main": 3.394479513168335, "loss_total": 3.394479513168335}
{"event": "evaluation", "tokens_seen": 40009728, "elapsed_seconds": 1146.6556513049873, "parameters": 144630912, "main_loss": 3.3085775524377823, "perplexity": 27.346199258746655}
{"event": "update", "optimizer_step": 1250, "tokens_seen": 40960000, "lr": 0.00018749999999999998, "grad_norm": 1.0753144025802612, "elapsed_seconds": 1178.840335647983, "tokens_per_second": 34746.01161953385, "loss_main": 3.2668057084083557, "loss_total": 3.2668057084083557}
{"event": "update", "optimizer_step": 1300, "tokens_seen": 42598400, "lr": 0.00019499999999999997, "grad_norm": 1.0706413984298706, "elapsed_seconds": 1224.9916226519854, "tokens_per_second": 34774.44189191979, "loss_main": 3.4056054949760437, "loss_total": 3.4056054949760437}
{"event": "update", "optimizer_step": 1350, "tokens_seen": 44236800, "lr": 0.0002025, "grad_norm": 1.0667110681533813, "elapsed_seconds": 1271.1597062140063, "tokens_per_second": 34800.347890001874, "loss_main": 3.106715977191925, "loss_total": 3.106715977191925}
{"event": "update", "optimizer_step": 1400, "tokens_seen": 45875200, "lr": 0.00020999999999999998, "grad_norm": 0.9980321526527405, "elapsed_seconds": 1317.331279000995, "tokens_per_second": 34824.34580524779, "loss_main": 3.382768392562866, "loss_total": 3.382768392562866}
{"event": "update", "optimizer_step": 1450, "tokens_seen": 47513600, "lr": 0.00021749999999999997, "grad_norm": 0.952399492263794, "elapsed_seconds": 1363.4838462169864, "tokens_per_second": 34847.20419081418, "loss_main": 2.957846462726593, "loss_total": 2.957846462726593}
{"event": "update", "optimizer_step": 1500, "tokens_seen": 49152000, "lr": 0.00022499999999999997, "grad_norm": 0.8870610594749451, "elapsed_seconds": 1409.6890142720076, "tokens_per_second": 34867.26469623735, "loss_main": 3.205389380455017, "loss_total": 3.205389380455017}
{"event": "evaluation", "tokens_seen": 50003968, "elapsed_seconds": 1433.6776183549955, "parameters": 144630912, "main_loss": 3.127469055354595, "perplexity": 22.816159966336517}
{"event": "update", "optimizer_step": 1550, "tokens_seen": 50790400, "lr": 0.00023249999999999999, "grad_norm": 1.6618554592132568, "elapsed_seconds": 1461.5263355390052, "tokens_per_second": 34751.61464077806, "loss_main": 3.179283618927002, "loss_total": 3.179283618927002}
{"event": "update", "optimizer_step": 1600, "tokens_seen": 52428800, "lr": 0.00023999999999999998, "grad_norm": 0.8716736435890198, "elapsed_seconds": 1507.7096372389933, "tokens_per_second": 34773.804388496654, "loss_main": 3.057368576526642, "loss_total": 3.057368576526642}
{"event": "update", "optimizer_step": 1650, "tokens_seen": 54067200, "lr": 0.00024749999999999994, "grad_norm": 0.7795212268829346, "elapsed_seconds": 1553.8740904110018, "tokens_per_second": 34795.09719201197, "loss_main": 2.9802096486091614, "loss_total": 2.9802096486091614}
{"event": "update", "optimizer_step": 1700, "tokens_seen": 55705600, "lr": 0.000255, "grad_norm": 0.7916628122329712, "elapsed_seconds": 1600.0558918580064, "tokens_per_second": 34814.78383565333, "loss_main": 3.007011830806732, "loss_total": 3.007011830806732}
{"event": "update", "optimizer_step": 1750, "tokens_seen": 57344000, "lr": 0.00026249999999999993, "grad_norm": 1.1684657335281372, "elapsed_seconds": 1646.2439809129864, "tokens_per_second": 34833.23290160049, "loss_main": 2.8677815198898315, "loss_total": 2.8677815198898315}
{"event": "update", "optimizer_step": 1800, "tokens_seen": 58982400, "lr": 0.00026999999999999995, "grad_norm": 0.7342199683189392, "elapsed_seconds": 1692.3615177629981, "tokens_per_second": 34852.12785857024, "loss_main": 3.1062342524528503, "loss_total": 3.1062342524528503}
{"event": "evaluation", "tokens_seen": 60030976, "elapsed_seconds": 1721.906854180008, "parameters": 144630912, "main_loss": 3.0340400636196136, "perplexity": 20.781019864796733}
{"event": "update", "optimizer_step": 1850, "tokens_seen": 60620800, "lr": 0.00027749999999999997, "grad_norm": 0.6994460821151733, "elapsed_seconds": 1743.8966042969842, "tokens_per_second": 34761.6939276271, "loss_main": 3.1339364051818848, "loss_total": 3.1339364051818848}
{"event": "update", "optimizer_step": 1900, "tokens_seen": 62259200, "lr": 0.000285, "grad_norm": 0.7266676425933838, "elapsed_seconds": 1790.0503253529896, "tokens_per_second": 34780.69812798295, "loss_main": 3.0221253037452698, "loss_total": 3.0221253037452698}
{"event": "update", "optimizer_step": 1950, "tokens_seen": 63897600, "lr": 0.0002925, "grad_norm": 0.7164844870567322, "elapsed_seconds": 1836.2165967379988, "tokens_per_second": 34798.50912659911, "loss_main": 3.007024645805359, "loss_total": 3.007024645805359}
{"event": "update", "optimizer_step": 2000, "tokens_seen": 65536000, "lr": 0.0003, "grad_norm": 0.71354079246521, "elapsed_seconds": 1882.3690951000026, "tokens_per_second": 34815.70121959442, "loss_main": 2.90534770488739, "loss_total": 2.90534770488739}
{"event": "update", "optimizer_step": 2050, "tokens_seen": 67174400, "lr": 0.00029994952153798813, "grad_norm": 0.6756253838539124, "elapsed_seconds": 1928.5364008729812, "tokens_per_second": 34831.8030033514, "loss_main": 2.8434979915618896, "loss_total": 2.8434979915618896}
{"event": "update", "optimizer_step": 2100, "tokens_seen": 68812800, "lr": 0.00029979398401435656, "grad_norm": 0.6953591108322144, "elapsed_seconds": 1974.6995446989895, "tokens_per_second": 34847.22533345668, "loss_main": 2.9058526158332825, "loss_total": 2.9058526158332825}
{"event": "evaluation", "tokens_seen": 70025216, "elapsed_seconds": 2008.8812260050036, "parameters": 144630912, "main_loss": 2.95619598031044, "perplexity": 19.224701340382488}
{"event": "update", "optimizer_step": 2150, "tokens_seen": 70451200, "lr": 0.0002995334875150481, "grad_norm": 0.6639835238456726, "elapsed_seconds": 2026.974779399985, "tokens_per_second": 34756.8212076396, "loss_main": 3.023032248020172, "loss_total": 3.023032248020172}
{"event": "update", "optimizer_step": 2200, "tokens_seen": 72089600, "lr": 0.0002991682348788315, "grad_norm": 0.6795578598976135, "elapsed_seconds": 2073.159555666003, "tokens_per_second": 34772.81804141756, "loss_main": 2.7705944776535034, "loss_total": 2.7705944776535034}
{"event": "update", "optimizer_step": 2250, "tokens_seen": 73728000, "lr": 0.0002986985105141158, "grad_norm": 0.6930744647979736, "elapsed_seconds": 2119.2917172379966, "tokens_per_second": 34788.98133763637, "loss_main": 2.978592097759247, "loss_total": 2.978592097759247}
{"event": "update", "optimizer_step": 2300, "tokens_seen": 75366400, "lr": 0.00029812468017749265, "grad_norm": 0.6786306500434875, "elapsed_seconds": 2165.371063523984, "tokens_per_second": 34805.30485954988, "loss_main": 3.0348769426345825, "loss_total": 3.0348769426345825}
{"event": "update", "optimizer_step": 2350, "tokens_seen": 77004800, "lr": 0.0002974471906889355, "grad_norm": 0.6395426392555237, "elapsed_seconds": 2211.503778701008, "tokens_per_second": 34820.10781154127, "loss_main": 2.8603198528289795, "loss_total": 2.8603198528289795}
{"event": "update", "optimizer_step": 2400, "tokens_seen": 78643200, "lr": 0.00029666656958387747, "grad_norm": 0.63665771484375, "elapsed_seconds": 2257.6460543010035, "tokens_per_second": 34834.158281887525, "loss_main": 2.607434630393982, "loss_total": 2.607434630393982}
{"event": "evaluation", "tokens_seen": 80019456, "elapsed_seconds": 2296.44035464598, "parameters": 144630912, "main_loss": 2.8690835162997246, "perplexity": 17.620861564912875}
{"event": "update", "optimizer_step": 2450, "tokens_seen": 80281600, "lr": 0.00029578342470243987, "grad_norm": 0.6977248191833496, "elapsed_seconds": 2309.467609073996, "tokens_per_second": 34761.951059443396, "loss_main": 2.8706873059272766, "loss_total": 2.8706873059272766}
{"event": "update", "optimizer_step": 2500, "tokens_seen": 81920000, "lr": 0.0002947984437161297, "grad_norm": 0.7029158473014832, "elapsed_seconds": 2355.602525497001, "tokens_per_second": 34776.665041448774, "loss_main": 2.9400442242622375, "loss_total": 2.9400442242622375}
{"event": "update", "optimizer_step": 2550, "tokens_seen": 83558400, "lr": 0.00029371239359237604, "grad_norm": 0.5917856097221375, "elapsed_seconds": 2401.7127365249908, "tokens_per_second": 34791.171620674184, "loss_main": 2.69459331035614, "loss_total": 2.69459331035614}
{"event": "update", "optimizer_step": 2600, "tokens_seen": 85196800, "lr": 0.00029252611999732163, "grad_norm": 0.6132524609565735, "elapsed_seconds": 2447.8014911049977, "tokens_per_second": 34805.43676012717, "loss_main": 2.825738251209259, "loss_total": 2.825738251209259}
{"event": "update", "optimizer_step": 2650, "tokens_seen": 86835200, "lr": 0.0002912405466373346, "grad_norm": 0.6154878735542297, "elapsed_seconds": 2493.918146376993, "tokens_per_second": 34818.78510172786, "loss_main": 2.7408730387687683, "loss_total": 2.7408730387687683}
{"event": "update", "optimizer_step": 2700, "tokens_seen": 88473600, "lr": 0.00028985667453975317, "grad_norm": 0.6007747054100037, "elapsed_seconds": 2540.0553653980023, "tokens_per_second": 34831.36675099089, "loss_main": 3.0072831511497498, "loss_total": 3.0072831511497498}
{"event": "evaluation", "tokens_seen": 90013696, "elapsed_seconds": 2583.391880206007, "parameters": 144630912, "main_loss": 2.8127132654190063, "perplexity": 16.655046530360366}
{"event": "update", "optimizer_step": 2750, "tokens_seen": 90112000, "lr": 0.0002883755812734233, "grad_norm": 0.6232338547706604, "elapsed_seconds": 2591.3764096079976, "tokens_per_second": 34773.798073446, "loss_main": 2.62552148103714, "loss_total": 2.62552148103714}
{"event": "update", "optimizer_step": 2800, "tokens_seen": 91750400, "lr": 0.0002867984201096374, "grad_norm": 0.5907106995582581, "elapsed_seconds": 2637.5002866669965, "tokens_per_second": 34786.8777356399, "loss_main": 2.7541856169700623, "loss_total": 2.7541856169700623}
{"event": "update", "optimizer_step": 2850, "tokens_seen": 93388800, "lr": 0.00028512641912412464, "grad_norm": 0.625856339931488, "elapsed_seconds": 2683.6281908630044, "tokens_per_second": 34799.45557211035, "loss_main": 2.8436209559440613, "loss_total": 2.8436209559440613}
{"event": "update", "optimizer_step": 2900, "tokens_seen": 95027200, "lr": 0.0002833608802407956, "grad_norm": 0.5855705738067627, "elapsed_seconds": 2729.7850781099987, "tokens_per_second": 34811.23871692979, "loss_main": 2.7276187539100647, "loss_total": 2.7276187539100647}
{"event": "update", "optimizer_step": 2950, "tokens_seen": 96665600, "lr": 0.0002815031782179827, "grad_norm": 0.5832037925720215, "elapsed_seconds": 2775.919401505991, "tokens_per_second": 34822.91306712904, "loss_main": 2.746624708175659, "loss_total": 2.746624708175659}
{"event": "update", "optimizer_step": 3000, "tokens_seen": 98304000, "lr": 0.00027955475957796867, "grad_norm": 0.6207293272018433, "elapsed_seconds": 2822.0538679989986, "tokens_per_second": 34834.203951501215, "loss_main": 2.6310967206954956, "loss_total": 2.6310967206954956}
{"event": "update", "optimizer_step": 3050, "tokens_seen": 99942400, "lr": 0.00027751714148063365, "grad_norm": 0.6004219651222229, "elapsed_seconds": 2868.1898756199807, "tokens_per_second": 34845.11288793135, "loss_main": 2.777895748615265, "loss_total": 2.777895748615265}
{"event": "evaluation", "tokens_seen": 100007936, "elapsed_seconds": 2870.0377908379887, "parameters": 144630912, "main_loss": 2.7584679052233696, "perplexity": 15.7756546255407}
{"event": "update", "optimizer_step": 3100, "tokens_seen": 101580800, "lr": 0.00027539191054210053, "grad_norm": 0.5504680871963501, "elapsed_seconds": 2920.0609932180087, "tokens_per_second": 34787.21856698426, "loss_main": 2.739016592502594, "loss_total": 2.739016592502594}
{"event": "update", "optimizer_step": 3150, "tokens_seen": 103219200, "lr": 0.0002731807215992973, "grad_norm": 0.5516895055770874, "elapsed_seconds": 2966.1972727309912, "tokens_per_second": 34798.494674956535, "loss_main": 2.652470827102661, "loss_total": 2.652470827102661}
{"event": "update", "optimizer_step": 3200, "tokens_seen": 104857600, "lr": 0.00027088529642139736, "grad_norm": 0.5904268622398376, "elapsed_seconds": 3012.358973008988, "tokens_per_second": 34809.131627250834, "loss_main": 2.652144491672516, "loss_total": 2.652144491672516}
{"event": "update", "optimizer_step": 3250, "tokens_seen": 106496000, "lr": 0.00026850742236914375, "grad_norm": 0.5552985668182373, "elapsed_seconds": 3058.543372583983, "tokens_per_second": 34819.18908020186, "loss_main": 2.7000449895858765, "loss_total": 2.7000449895858765}
{"event": "update", "optimizer_step": 3300, "tokens_seen": 108134400, "lr": 0.0002660489510030986, "grad_norm": 0.5939387679100037, "elapsed_seconds": 3104.740916256007, "tokens_per_second": 34828.79986340335, "loss_main": 2.8924508094787598, "loss_total": 2.8924508094787598}
{"event": "update", "optimizer_step": 3350, "tokens_seen": 109772800, "lr": 0.00026351179664190307, "grad_norm": 0.577228844165802, "elapsed_seconds": 3150.916530294984, "tokens_per_second": 34838.371294374854, "loss_main": 2.774425745010376, "loss_total": 2.774425745010376}
{"event": "evaluation", "tokens_seen": 110002176, "elapsed_seconds": 3157.3874611409847, "parameters": 144630912, "main_loss": 2.7113175317645073, "perplexity": 15.04909011307872}
{"event": "update", "optimizer_step": 3400, "tokens_seen": 111411200, "lr": 0.0002608979348716697, "grad_norm": 0.6417502760887146, "elapsed_seconds": 3202.785889877996, "tokens_per_second": 34785.715883194425, "loss_main": 2.8509718775749207, "loss_total": 2.8509718775749207}
{"event": "update", "optimizer_step": 3450, "tokens_seen": 113049600, "lr": 0.0002582094010076686, "grad_norm": 0.56647127866745, "elapsed_seconds": 3248.949946815992, "tokens_per_second": 34795.734575963506, "loss_main": 2.773279845714569, "loss_total": 2.773279845714569}
{"event": "update", "optimizer_step": 3500, "tokens_seen": 114688000, "lr": 0.0002554482885095039, "grad_norm": 0.5845126509666443, "elapsed_seconds": 3295.0883699279802, "tokens_per_second": 34805.743313799714, "loss_main": 2.5497419834136963, "loss_total": 2.5497419834136963}
{"event": "update", "optimizer_step": 3550, "tokens_seen": 116326400, "lr": 0.00025261674735101657, "grad_norm": 0.8373962044715881, "elapsed_seconds": 3347.364744983992, "tokens_per_second": 34751.635648405056, "loss_main": 2.684689998626709, "loss_total": 2.684689998626709}
{"event": "update", "optimizer_step": 3600, "tokens_seen": 117964800, "lr": 0.00024971698234618083, "grad_norm": 0.5817301273345947, "elapsed_seconds": 3409.7293860009813, "tokens_per_second": 34596.52853517274, "loss_main": 2.739553153514862, "loss_total": 2.739553153514862}
{"event": "update", "optimizer_step": 3650, "tokens_seen": 119603200, "lr": 0.0002467512514322986, "grad_norm": 0.5543224215507507, "elapsed_seconds": 3455.857799830992, "tokens_per_second": 34608.83141830927, "loss_main": 2.713384509086609, "loss_total": 2.713384509086609}
{"event": "evaluation", "tokens_seen": 120000000, "elapsed_seconds": 3467.2289617759816, "parameters": 144630912, "main_loss": 2.675259307026863, "perplexity": 14.516113481828967}
{"event": "complete", "tokens_seen": 120000000, "elapsed_seconds": 3467.2289617759816, "heldout": {"main_loss": 2.675259307026863, "perplexity": 14.516113481828967}}
