final checkpoint correct: 506 / 5024

  checkpoint  correct     of     acc  gained   lost   algebra  arithmet     asdiv     gsm8k     svamp
      000100      122    506   24.1%       0      0      2/27      5/29    86/289      4/40    25/121
      000200      129    506   25.5%      71     64      4/27      3/29    94/289      5/40    23/121
      000300      146    506   28.9%      89     72      8/27      5/29    94/289      6/40    33/121
      000400      198    506   39.1%     115     63     10/27      9/29   118/289      6/40    55/121
      000500      220    506   43.5%     102     80     12/27     14/29   135/289      7/40    52/121
      000600      284    506   56.1%     119     55      9/27     12/29   174/289     17/40    72/121
      000700      261    506   51.6%      75     98     18/27     13/29   165/289     12/40    53/121
      000800      346    506   68.4%     130     45     14/27     16/29   213/289     16/40    87/121
      000900      387    506   76.5%      84     43     21/27     23/29   230/289     22/40    91/121
      001000      498    506   98.4%     113      2     26/27     29/29   288/289     37/40   118/121

first checkpoint after which the answer stayed correct:
  000100    11 (  2.2% cum) #
  000200     5 (  3.2% cum) #
  000300    17 (  6.5% cum) ##
  000400    25 ( 11.5% cum) ###
  000500    34 ( 18.2% cum) ####
  000600    60 ( 30.0% cum) #######
  000700    45 ( 38.9% cum) #####
  000800   105 ( 59.7% cum) ############
  000900    83 ( 76.1% cum) ##########
  001000   113 ( 98.4% cum) #############
   never     8  (correct at the end but flipped along the way)

wrote runs/probe-settling-siamese.json
