final checkpoint correct: 459 / 5024

  checkpoint  correct     of     acc  gained   lost   algebra  arithmet     asdiv     gsm8k     svamp
      000100       89    459   19.4%       0      0      1/28      3/20    55/254      5/46    25/111
      000200      112    459   24.4%      70     47      0/28      3/20    73/254      7/46    29/111
      000300      125    459   27.2%      78     65      3/28      9/20    73/254      3/46    37/111
      000400      176    459   38.3%     105     54      7/28      7/20   100/254     11/46    51/111
      000500      185    459   40.3%      87     78      7/28      8/20   114/254     10/46    46/111
      000600      260    459   56.6%     122     47     12/28     11/20   150/254     16/46    71/111
      000700      261    459   56.9%      79     78     15/28     12/20   149/254     14/46    71/111
      000800      288    459   62.7%      88     61     15/28     14/20   174/254     20/46    65/111
      000900      329    459   71.7%      83     42     16/28     15/20   196/254     25/46    77/111
      001000      438    459   95.4%     113      4     28/28     19/20   240/254     42/46   109/111

first checkpoint after which the answer stayed correct:
  000100    10 (  2.2% cum) #
  000200    10 (  4.4% cum) #
  000300    12 (  7.0% cum) ##
  000400    26 ( 12.6% cum) ###
  000500    31 ( 19.4% cum) ####
  000600    43 ( 28.8% cum) ######
  000700    46 ( 38.8% cum) ######
  000800    67 ( 53.4% cum) #########
  000900    80 ( 70.8% cum) ##########
  001000   113 ( 95.4% cum) ###############
   never    21  (correct at the end but flipped along the way)

wrote runs/probe-settling-wsd.json
