{"event": "start", "state": {"optimizer_step": 0, "examples_seen": 0, "supervised_tokens_seen": 0, "epoch": 0, "batch_in_epoch": 0, "elapsed_seconds": 0.0}, "evaluation": {"loss": 2.3472122588863447, "perplexity": 10.456379377375965, "supervised_tokens": 9803.0}, "target_updates": 1000, "settings": {"max_sequence_length": 512, "microbatch_size": 16, "gradient_accumulation": 2, "learning_rate": 5e-05, "warmup_updates": 100, "weight_decay": 0.01, "grad_clip": 1.0, "planned_total_updates": 1000, "checkpoint_updates": 100, "min_lr_ratio": 0.1, "seed": 2027}, "parameters": 71199040, "train_examples": 23780, "heldout_examples": 1222, "device": "cuda", "precision": "bf16-autocast"}
{"event": "update", "optimizer_step": 1, "loss_main": 2.762439532601154, "lr": 5e-07, "grad_norm": 34.005523681640625, "examples_seen": 32, "supervised_tokens_seen": 579, "epoch": 0, "elapsed_seconds": 0.2923297060187906}
{"event": "update", "optimizer_step": 10, "loss_main": 1.131236512457306, "lr": 5e-06, "grad_norm": 22.844331741333008, "examples_seen": 320, "supervised_tokens_seen": 6491, "epoch": 0, "elapsed_seconds": 1.1629173620021902}
{"event": "update", "optimizer_step": 20, "loss_main": 0.7878424752753345, "lr": 1e-05, "grad_norm": 13.466959953308105, "examples_seen": 640, "supervised_tokens_seen": 13620, "epoch": 0, "elapsed_seconds": 2.113175140984822}
{"event": "update", "optimizer_step": 30, "loss_main": 0.34228122562553337, "lr": 1.5e-05, "grad_norm": 4.783982276916504, "examples_seen": 960, "supervised_tokens_seen": 20206, "epoch": 0, "elapsed_seconds": 2.991295000014361}
{"event": "update", "optimizer_step": 40, "loss_main": 1.44570391065111, "lr": 2e-05, "grad_norm": 10.998221397399902, "examples_seen": 1280, "supervised_tokens_seen": 27073, "epoch": 0, "elapsed_seconds": 3.942342780996114}
{"event": "update", "optimizer_step": 50, "loss_main": 0.3711985589538668, "lr": 2.5e-05, "grad_norm": 7.052762985229492, "examples_seen": 1600, "supervised_tokens_seen": 33521, "epoch": 0, "elapsed_seconds": 4.854503864014987}
{"event": "update", "optimizer_step": 60, "loss_main": 0.3801159181203873, "lr": 3e-05, "grad_norm": 3.9370765686035156, "examples_seen": 1920, "supervised_tokens_seen": 40471, "epoch": 0, "elapsed_seconds": 5.787829598993994}
{"event": "update", "optimizer_step": 70, "loss_main": 0.21572112428825257, "lr": 3.5000000000000004e-05, "grad_norm": 3.411233425140381, "examples_seen": 2240, "supervised_tokens_seen": 46702, "epoch": 0, "elapsed_seconds": 6.75407989701489}
{"event": "update", "optimizer_step": 80, "loss_main": 0.28955735324481346, "lr": 4e-05, "grad_norm": 3.351818084716797, "examples_seen": 2560, "supervised_tokens_seen": 53496, "epoch": 0, "elapsed_seconds": 7.681164138019085}
{"event": "update", "optimizer_step": 90, "loss_main": 0.6575546465050779, "lr": 4.5e-05, "grad_norm": 3.9699110984802246, "examples_seen": 2880, "supervised_tokens_seen": 59750, "epoch": 0, "elapsed_seconds": 8.517289399984293}
{"event": "update", "optimizer_step": 100, "loss_main": 0.42429396510124207, "lr": 5e-05, "grad_norm": 4.181375503540039, "examples_seen": 3200, "supervised_tokens_seen": 66413, "epoch": 0, "elapsed_seconds": 9.418846382002812}
{"event": "evaluation", "optimizer_step": 100, "loss": 0.4124820151204882, "perplexity": 1.5105623747810655, "supervised_tokens": 9803.0, "elapsed_seconds": 9.418846382002812}
{"event": "update", "optimizer_step": 110, "loss_main": 0.36404847988561423, "lr": 4.9986293607929655e-05, "grad_norm": 5.194282054901123, "examples_seen": 3520, "supervised_tokens_seen": 73039, "epoch": 0, "elapsed_seconds": 11.820403136021923}
{"event": "update", "optimizer_step": 120, "loss_main": 1.6970996813657808, "lr": 4.9945191130846044e-05, "grad_norm": 7.959522724151611, "examples_seen": 3840, "supervised_tokens_seen": 80223, "epoch": 0, "elapsed_seconds": 12.842044190969318}
{"event": "update", "optimizer_step": 130, "loss_main": 0.4432576136411847, "lr": 4.987674264578615e-05, "grad_norm": 2.3759775161743164, "examples_seen": 4160, "supervised_tokens_seen": 87417, "epoch": 0, "elapsed_seconds": 13.808923516015057}
{"event": "update", "optimizer_step": 140, "loss_main": 0.3423169956931585, "lr": 4.978103154668534e-05, "grad_norm": 4.440210819244385, "examples_seen": 4480, "supervised_tokens_seen": 94663, "epoch": 0, "elapsed_seconds": 14.881994752970058}
{"event": "update", "optimizer_step": 150, "loss_main": 0.3915068041127047, "lr": 4.965817444277468e-05, "grad_norm": 2.1360697746276855, "examples_seen": 4800, "supervised_tokens_seen": 101460, "epoch": 0, "elapsed_seconds": 15.745178463985212}
{"event": "update", "optimizer_step": 160, "loss_main": 0.9649023420509251, "lr": 4.950832101651063e-05, "grad_norm": 4.341996192932129, "examples_seen": 5120, "supervised_tokens_seen": 108317, "epoch": 0, "elapsed_seconds": 16.660129620984662}
{"event": "update", "optimizer_step": 170, "loss_main": 0.27850578338932513, "lr": 4.933165384120992e-05, "grad_norm": 3.9151718616485596, "examples_seen": 5440, "supervised_tokens_seen": 115165, "epoch": 0, "elapsed_seconds": 17.535514159011655}
{"event": "update", "optimizer_step": 180, "loss_main": 0.972991001444298, "lr": 4.9128388158612174e-05, "grad_norm": 4.718560695648193, "examples_seen": 5760, "supervised_tokens_seen": 122338, "epoch": 0, "elapsed_seconds": 18.50851713801967}
{"event": "update", "optimizer_step": 190, "loss_main": 0.2606665445717527, "lr": 4.889877161664096e-05, "grad_norm": 2.6755666732788086, "examples_seen": 6080, "supervised_tokens_seen": 129040, "epoch": 0, "elapsed_seconds": 19.483446859987453}
{"event": "update", "optimizer_step": 200, "loss_main": 1.1108946033709106, "lr": 4.864308396768294e-05, "grad_norm": 5.692804336547852, "examples_seen": 6388, "supervised_tokens_seen": 135857, "epoch": 0, "elapsed_seconds": 20.42287954397034}
{"event": "evaluation", "optimizer_step": 200, "loss": 0.389209909634202, "perplexity": 1.4758143064628442, "supervised_tokens": 9803.0, "elapsed_seconds": 20.42287954397034}
{"event": "update", "optimizer_step": 210, "loss_main": 0.2848103715545812, "lr": 4.836163672775272e-05, "grad_norm": 2.3620572090148926, "examples_seen": 6708, "supervised_tokens_seen": 142152, "epoch": 0, "elapsed_seconds": 22.976877366018016}
{"event": "update", "optimizer_step": 220, "loss_main": 0.20786616444941444, "lr": 4.805477279695852e-05, "grad_norm": 1.8099702596664429, "examples_seen": 7028, "supervised_tokens_seen": 149060, "epoch": 0, "elapsed_seconds": 23.862112178991083}
{"event": "update", "optimizer_step": 230, "loss_main": 0.2677819191884364, "lr": 4.7722866041731264e-05, "grad_norm": 2.575077772140503, "examples_seen": 7348, "supervised_tokens_seen": 155882, "epoch": 0, "elapsed_seconds": 24.74156796297757}
{"event": "update", "optimizer_step": 240, "loss_main": 0.331624274681776, "lr": 4.7366320839325864e-05, "grad_norm": 2.6157538890838623, "examples_seen": 7668, "supervised_tokens_seen": 162539, "epoch": 0, "elapsed_seconds": 25.683617552975193}
{"event": "update", "optimizer_step": 250, "loss_main": 0.36135356252181305, "lr": 4.6985571585149876e-05, "grad_norm": 2.1308131217956543, "examples_seen": 7988, "supervised_tokens_seen": 169591, "epoch": 0, "elapsed_seconds": 26.60244133300148}
{"event": "update", "optimizer_step": 260, "loss_main": 0.9026840583331951, "lr": 4.6581082163519586e-05, "grad_norm": 4.51320219039917, "examples_seen": 8308, "supervised_tokens_seen": 176256, "epoch": 0, "elapsed_seconds": 27.472000266017858}
{"event": "update", "optimizer_step": 270, "loss_main": 0.23255717407248777, "lr": 4.615334538248844e-05, "grad_norm": 1.978961706161499, "examples_seen": 8628, "supervised_tokens_seen": 182979, "epoch": 0, "elapsed_seconds": 28.38644342200132}
{"event": "update", "optimizer_step": 280, "loss_main": 0.13015861013345972, "lr": 4.570288237343632e-05, "grad_norm": 1.2394585609436035, "examples_seen": 8948, "supervised_tokens_seen": 189381, "epoch": 0, "elapsed_seconds": 29.268285390979145}
{"event": "update", "optimizer_step": 290, "loss_main": 0.34364964586920976, "lr": 4.523024195615124e-05, "grad_norm": 2.3762147426605225, "examples_seen": 9268, "supervised_tokens_seen": 195867, "epoch": 0, "elapsed_seconds": 30.101678179984447}
{"event": "update", "optimizer_step": 300, "loss_main": 0.2521245374525194, "lr": 4.473599997017701e-05, "grad_norm": 2.1941728591918945, "examples_seen": 9588, "supervised_tokens_seen": 202501, "epoch": 0, "elapsed_seconds": 31.010450819972903}
{"event": "evaluation", "optimizer_step": 300, "loss": 0.3506160453151929, "perplexity": 1.419942027840276, "supervised_tokens": 9803.0, "elapsed_seconds": 31.010450819972903}
{"event": "update", "optimizer_step": 310, "loss_main": 0.3458128234352728, "lr": 4.422075857324137e-05, "grad_norm": 2.016514778137207, "examples_seen": 9908, "supervised_tokens_seen": 209802, "epoch": 0, "elapsed_seconds": 33.75659308297327}
{"event": "update", "optimizer_step": 320, "loss_main": 0.39969265081978944, "lr": 4.368514550761965e-05, "grad_norm": 2.292884588241577, "examples_seen": 10228, "supervised_tokens_seen": 216277, "epoch": 0, "elapsed_seconds": 34.60442913899897}
{"event": "update", "optimizer_step": 330, "loss_main": 0.3053208936177767, "lr": 4.312981333532744e-05, "grad_norm": 2.101226329803467, "examples_seen": 10548, "supervised_tokens_seen": 222897, "epoch": 0, "elapsed_seconds": 35.47115022299113}
{"event": "update", "optimizer_step": 340, "loss_main": 0.2302195907408743, "lr": 4.255543864307431e-05, "grad_norm": 1.865916132926941, "examples_seen": 10868, "supervised_tokens_seen": 229796, "epoch": 0, "elapsed_seconds": 36.394150608975906}
{"event": "update", "optimizer_step": 350, "loss_main": 0.2307934582233429, "lr": 4.1962721217947135e-05, "grad_norm": 2.4948666095733643, "examples_seen": 11188, "supervised_tokens_seen": 236667, "epoch": 0, "elapsed_seconds": 37.29908005200559}
{"event": "update", "optimizer_step": 360, "loss_main": 0.3088344947584796, "lr": 4.135238319482731e-05, "grad_norm": 2.3242170810699463, "examples_seen": 11508, "supervised_tokens_seen": 243766, "epoch": 0, "elapsed_seconds": 38.23153765598545}
{"event": "update", "optimizer_step": 370, "loss_main": 0.179732395799706, "lr": 4.072516817658065e-05, "grad_norm": 1.501589298248291, "examples_seen": 11828, "supervised_tokens_seen": 250907, "epoch": 0, "elapsed_seconds": 39.21657512598904}
{"event": "update", "optimizer_step": 380, "loss_main": 1.1038136214348089, "lr": 4.0081840328091804e-05, "grad_norm": 4.670966148376465, "examples_seen": 12148, "supervised_tokens_seen": 258245, "epoch": 0, "elapsed_seconds": 40.28983097197488}
{"event": "update", "optimizer_step": 390, "loss_main": 0.2345766365782465, "lr": 3.9423183445247117e-05, "grad_norm": 1.4107569456100464, "examples_seen": 12468, "supervised_tokens_seen": 265072, "epoch": 0, "elapsed_seconds": 41.24058992101345}
{"event": "update", "optimizer_step": 400, "loss_main": 0.19439447249935915, "lr": 3.875e-05, "grad_norm": 1.948864221572876, "examples_seen": 12788, "supervised_tokens_seen": 271908, "epoch": 0, "elapsed_seconds": 42.1394895829726}
{"event": "evaluation", "optimizer_step": 400, "loss": 0.34081257761169254, "perplexity": 1.4060896834780114, "supervised_tokens": 9803.0, "elapsed_seconds": 42.1394895829726}
{"event": "update", "optimizer_step": 410, "loss_main": 0.8989681477973003, "lr": 3.806311016268254e-05, "grad_norm": 4.119539260864258, "examples_seen": 13108, "supervised_tokens_seen": 279239, "epoch": 0, "elapsed_seconds": 44.812398850976024}
{"event": "update", "optimizer_step": 420, "loss_main": 0.21000782578937277, "lr": 3.7363350802754244e-05, "grad_norm": 1.737534761428833, "examples_seen": 13428, "supervised_tokens_seen": 286391, "epoch": 0, "elapsed_seconds": 45.846426638017874}
{"event": "update", "optimizer_step": 430, "loss_main": 0.2799059513310225, "lr": 3.665157446920551e-05, "grad_norm": 2.0710041522979736, "examples_seen": 13748, "supervised_tokens_seen": 293269, "epoch": 0, "elapsed_seconds": 46.81409551901743}
{"event": "update", "optimizer_step": 440, "loss_main": 0.9673827755884086, "lr": 3.5928648351858027e-05, "grad_norm": 4.15878438949585, "examples_seen": 14068, "supervised_tokens_seen": 300357, "epoch": 0, "elapsed_seconds": 47.78073487698566}
{"event": "update", "optimizer_step": 450, "loss_main": 0.33680370376433855, "lr": 3.519545322482755e-05, "grad_norm": 2.603580951690674, "examples_seen": 14388, "supervised_tokens_seen": 307024, "epoch": 0, "elapsed_seconds": 48.658604879979976}
{"event": "update", "optimizer_step": 460, "loss_main": 0.35580815587724957, "lr": 3.4452882373436316e-05, "grad_norm": 2.373188018798828, "examples_seen": 14708, "supervised_tokens_seen": 313786, "epoch": 0, "elapsed_seconds": 49.550086786970496}
{"event": "update", "optimizer_step": 470, "loss_main": 0.2399706968973423, "lr": 3.370184050588248e-05, "grad_norm": 1.9975717067718506, "examples_seen": 15028, "supervised_tokens_seen": 320441, "epoch": 0, "elapsed_seconds": 50.41474943101639}
{"event": "update", "optimizer_step": 480, "loss_main": 0.3438565594887515, "lr": 3.294324265099252e-05, "grad_norm": 2.1523139476776123, "examples_seen": 15348, "supervised_tokens_seen": 327101, "epoch": 0, "elapsed_seconds": 51.28911316598533}
{"event": "update", "optimizer_step": 490, "loss_main": 0.2794827983640772, "lr": 3.217801304339959e-05, "grad_norm": 1.4065645933151245, "examples_seen": 15668, "supervised_tokens_seen": 334127, "epoch": 0, "elapsed_seconds": 52.23560208402341}
{"event": "update", "optimizer_step": 500, "loss_main": 0.3080381661010303, "lr": 3.140708399750594e-05, "grad_norm": 1.7460505962371826, "examples_seen": 15988, "supervised_tokens_seen": 340856, "epoch": 0, "elapsed_seconds": 53.119061755016446}
{"event": "evaluation", "optimizer_step": 500, "loss": 0.31482822950775496, "perplexity": 1.3700239610543132, "supervised_tokens": 9803.0, "elapsed_seconds": 53.119061755016446}
{"event": "update", "optimizer_step": 510, "loss_main": 0.2106917880465042, "lr": 3.0631394771601475e-05, "grad_norm": 1.7307229042053223, "examples_seen": 16308, "supervised_tokens_seen": 347415, "epoch": 0, "elapsed_seconds": 55.695870523981284}
{"event": "update", "optimizer_step": 520, "loss_main": 0.26059379368214997, "lr": 2.9851890423522204e-05, "grad_norm": 1.8822435140609741, "examples_seen": 16628, "supervised_tokens_seen": 354079, "epoch": 0, "elapsed_seconds": 56.58950621500844}
{"event": "update", "optimizer_step": 530, "loss_main": 0.22254830699855999, "lr": 2.906952065924282e-05, "grad_norm": 1.9083915948867798, "examples_seen": 16948, "supervised_tokens_seen": 360785, "epoch": 0, "elapsed_seconds": 57.43703367898706}
{"event": "update", "optimizer_step": 540, "loss_main": 0.8440506055668441, "lr": 2.828523867580628e-05, "grad_norm": 3.7874979972839355, "examples_seen": 17268, "supervised_tokens_seen": 367886, "epoch": 0, "elapsed_seconds": 58.38841317401966}
{"event": "update", "optimizer_step": 550, "loss_main": 1.6243941258890024, "lr": 2.7500000000000004e-05, "grad_norm": 4.971079349517822, "examples_seen": 17588, "supervised_tokens_seen": 374903, "epoch": 0, "elapsed_seconds": 59.35218258597888}
{"event": "update", "optimizer_step": 560, "loss_main": 0.3247738857195307, "lr": 2.6714761324193736e-05, "grad_norm": 1.8459539413452148, "examples_seen": 17908, "supervised_tokens_seen": 381435, "epoch": 0, "elapsed_seconds": 60.20947669201996}
{"event": "update", "optimizer_step": 570, "loss_main": 0.6807466159432621, "lr": 2.593047934075718e-05, "grad_norm": 3.862870454788208, "examples_seen": 18228, "supervised_tokens_seen": 388096, "epoch": 0, "elapsed_seconds": 61.15371701098047}
{"event": "update", "optimizer_step": 580, "loss_main": 0.312893271446228, "lr": 2.5148109576477802e-05, "grad_norm": 2.197680950164795, "examples_seen": 18548, "supervised_tokens_seen": 394713, "epoch": 0, "elapsed_seconds": 62.02453532500658}
{"event": "update", "optimizer_step": 590, "loss_main": 0.291229547648415, "lr": 2.4368605228398534e-05, "grad_norm": 1.7375092506408691, "examples_seen": 18868, "supervised_tokens_seen": 401422, "epoch": 0, "elapsed_seconds": 62.854209813987836}
{"event": "update", "optimizer_step": 600, "loss_main": 0.22539916155593737, "lr": 2.359291600249407e-05, "grad_norm": 1.741742491722107, "examples_seen": 19188, "supervised_tokens_seen": 408251, "epoch": 0, "elapsed_seconds": 63.75008428102592}
{"event": "evaluation", "optimizer_step": 600, "loss": 0.30522204362639577, "perplexity": 1.3569262663871198, "supervised_tokens": 9803.0, "elapsed_seconds": 63.75008428102592}
{"event": "update", "optimizer_step": 610, "loss_main": 0.33353732776197587, "lr": 2.282198695660042e-05, "grad_norm": 2.385810136795044, "examples_seen": 19508, "supervised_tokens_seen": 414667, "epoch": 0, "elapsed_seconds": 66.46255274600117}
{"event": "update", "optimizer_step": 620, "loss_main": 0.9244914736933943, "lr": 2.205675734900748e-05, "grad_norm": 4.394495487213135, "examples_seen": 19828, "supervised_tokens_seen": 421277, "epoch": 0, "elapsed_seconds": 67.33074802800547}
{"event": "update", "optimizer_step": 630, "loss_main": 0.30301973863852216, "lr": 2.129815949411752e-05, "grad_norm": 1.5901206731796265, "examples_seen": 20148, "supervised_tokens_seen": 427997, "epoch": 0, "elapsed_seconds": 68.2122830679873}
{"event": "update", "optimizer_step": 640, "loss_main": 0.22479552432625283, "lr": 2.054711762656369e-05, "grad_norm": 1.610244631767273, "examples_seen": 20468, "supervised_tokens_seen": 434768, "epoch": 0, "elapsed_seconds": 69.11865818098886}
{"event": "update", "optimizer_step": 650, "loss_main": 0.8690881113893484, "lr": 1.9804546775172457e-05, "grad_norm": 3.8033459186553955, "examples_seen": 20788, "supervised_tokens_seen": 441737, "epoch": 0, "elapsed_seconds": 70.0648438979988}
{"event": "update", "optimizer_step": 660, "loss_main": 1.0220178628335939, "lr": 1.907135164814198e-05, "grad_norm": 4.124535083770752, "examples_seen": 21108, "supervised_tokens_seen": 448667, "epoch": 0, "elapsed_seconds": 70.97352005902212}
{"event": "update", "optimizer_step": 670, "loss_main": 0.7730717952822296, "lr": 1.83484255307945e-05, "grad_norm": 4.097092628479004, "examples_seen": 21428, "supervised_tokens_seen": 455358, "epoch": 0, "elapsed_seconds": 71.88950624497375}
{"event": "update", "optimizer_step": 680, "loss_main": 0.7675887544657239, "lr": 1.7636649197245758e-05, "grad_norm": 3.6292800903320312, "examples_seen": 21748, "supervised_tokens_seen": 462103, "epoch": 0, "elapsed_seconds": 72.79797221301123}
{"event": "update", "optimizer_step": 690, "loss_main": 0.8407033775772685, "lr": 1.6936889837317466e-05, "grad_norm": 3.6046388149261475, "examples_seen": 22068, "supervised_tokens_seen": 468798, "epoch": 0, "elapsed_seconds": 73.6297273329692}
{"event": "update", "optimizer_step": 700, "loss_main": 0.1253563441556312, "lr": 1.6250000000000005e-05, "grad_norm": 1.3285412788391113, "examples_seen": 22388, "supervised_tokens_seen": 474923, "epoch": 0, "elapsed_seconds": 74.44567054201616}
{"event": "evaluation", "optimizer_step": 700, "loss": 0.28392146166448606, "perplexity": 1.3283286019385308, "supervised_tokens": 9803.0, "elapsed_seconds": 74.44567054201616}
{"event": "update", "optimizer_step": 710, "loss_main": 0.7923441001428324, "lr": 1.5576816554752892e-05, "grad_norm": 3.6668851375579834, "examples_seen": 22708, "supervised_tokens_seen": 482025, "epoch": 0, "elapsed_seconds": 77.0954841299681}
{"event": "update", "optimizer_step": 720, "loss_main": 0.22045581800895825, "lr": 1.49181596719082e-05, "grad_norm": 1.8541233539581299, "examples_seen": 23028, "supervised_tokens_seen": 488699, "epoch": 0, "elapsed_seconds": 78.0545486289775}
{"event": "update", "optimizer_step": 730, "loss_main": 1.3973986396904325, "lr": 1.427483182341936e-05, "grad_norm": 4.332175254821777, "examples_seen": 23348, "supervised_tokens_seen": 495767, "epoch": 0, "elapsed_seconds": 79.05763829196803}
{"event": "update", "optimizer_step": 740, "loss_main": 0.7185792594214332, "lr": 1.364761680517269e-05, "grad_norm": 3.4984829425811768, "examples_seen": 23668, "supervised_tokens_seen": 503049, "epoch": 0, "elapsed_seconds": 80.02961194101954}
{"event": "update", "optimizer_step": 750, "loss_main": 0.32878523143075356, "lr": 1.3037278782052863e-05, "grad_norm": 1.9345883131027222, "examples_seen": 23988, "supervised_tokens_seen": 510181, "epoch": 1, "elapsed_seconds": 81.02019317599479}
{"event": "update", "optimizer_step": 760, "loss_main": 0.15254273550807926, "lr": 1.2444561356925697e-05, "grad_norm": 1.3395308256149292, "examples_seen": 24308, "supervised_tokens_seen": 516840, "epoch": 1, "elapsed_seconds": 81.92558292497415}
{"event": "update", "optimizer_step": 770, "loss_main": 0.16358097632312113, "lr": 1.187018666467256e-05, "grad_norm": 1.7307316064834595, "examples_seen": 24628, "supervised_tokens_seen": 523626, "epoch": 1, "elapsed_seconds": 82.86124241398647}
{"event": "update", "optimizer_step": 780, "loss_main": 0.22401725211340912, "lr": 1.1314854492380354e-05, "grad_norm": 2.0004770755767822, "examples_seen": 24948, "supervised_tokens_seen": 530721, "epoch": 1, "elapsed_seconds": 83.8860959460144}
{"event": "update", "optimizer_step": 790, "loss_main": 0.4997891677852057, "lr": 1.0779241426758628e-05, "grad_norm": 3.197593927383423, "examples_seen": 25268, "supervised_tokens_seen": 537467, "epoch": 1, "elapsed_seconds": 84.80948219099082}
{"event": "update", "optimizer_step": 800, "loss_main": 0.7154924776324925, "lr": 1.0264000029822999e-05, "grad_norm": 3.9857428073883057, "examples_seen": 25588, "supervised_tokens_seen": 544337, "epoch": 1, "elapsed_seconds": 85.73128889402142}
{"event": "evaluation", "optimizer_step": 800, "loss": 0.2770357868078107, "perplexity": 1.319213580633085, "supervised_tokens": 9803.0, "elapsed_seconds": 85.73128889402142}
{"event": "update", "optimizer_step": 810, "loss_main": 0.16722613231726155, "lr": 9.769758043848759e-06, "grad_norm": 2.1089112758636475, "examples_seen": 25908, "supervised_tokens_seen": 550889, "epoch": 1, "elapsed_seconds": 88.35821264202241}
{"event": "update", "optimizer_step": 820, "loss_main": 0.6463404050708688, "lr": 9.297117626563687e-06, "grad_norm": 3.700934648513794, "examples_seen": 26228, "supervised_tokens_seen": 557320, "epoch": 1, "elapsed_seconds": 89.22777994500939}
{"event": "update", "optimizer_step": 830, "loss_main": 0.19867625440315442, "lr": 8.846654617511564e-06, "grad_norm": 1.52107572555542, "examples_seen": 26548, "supervised_tokens_seen": 564035, "epoch": 1, "elapsed_seconds": 90.10865370300598}
{"event": "update", "optimizer_step": 840, "loss_main": 0.2497464944586229, "lr": 8.418917836480417e-06, "grad_norm": 1.774640679359436, "examples_seen": 26868, "supervised_tokens_seen": 570981, "epoch": 1, "elapsed_seconds": 91.07548018102534}
{"event": "update", "optimizer_step": 850, "loss_main": 0.2699786701429916, "lr": 8.01442841485013e-06, "grad_norm": 1.9645578861236572, "examples_seen": 27188, "supervised_tokens_seen": 577732, "epoch": 1, "elapsed_seconds": 91.97819689597236}
{"event": "update", "optimizer_step": 860, "loss_main": 0.1921536503546688, "lr": 7.633679160674144e-06, "grad_norm": 1.6128073930740356, "examples_seen": 27508, "supervised_tokens_seen": 584543, "epoch": 1, "elapsed_seconds": 92.88227468897821}
{"event": "update", "optimizer_step": 870, "loss_main": 0.18275100321082746, "lr": 7.277133958268747e-06, "grad_norm": 1.43944251537323, "examples_seen": 27828, "supervised_tokens_seen": 591301, "epoch": 1, "elapsed_seconds": 93.77598372497596}
{"event": "update", "optimizer_step": 880, "loss_main": 0.3207054063677788, "lr": 6.94522720304148e-06, "grad_norm": 1.863064169883728, "examples_seen": 28148, "supervised_tokens_seen": 598310, "epoch": 1, "elapsed_seconds": 94.73667805397417}
{"event": "update", "optimizer_step": 890, "loss_main": 0.18645184786241178, "lr": 6.638363272247286e-06, "grad_norm": 1.5985037088394165, "examples_seen": 28468, "supervised_tokens_seen": 605307, "epoch": 1, "elapsed_seconds": 95.67646122199949}
{"event": "update", "optimizer_step": 900, "loss_main": 0.591333689742254, "lr": 6.356916032317063e-06, "grad_norm": 4.000527381896973, "examples_seen": 28788, "supervised_tokens_seen": 612239, "epoch": 1, "elapsed_seconds": 96.60457410797244}
{"event": "evaluation", "optimizer_step": 900, "loss": 0.2674293366599895, "perplexity": 1.3066012977621182, "supervised_tokens": 9803.0, "elapsed_seconds": 96.60457410797244}
{"event": "update", "optimizer_step": 910, "loss_main": 0.18025466681180832, "lr": 6.1012283833590465e-06, "grad_norm": 1.6440062522888184, "examples_seen": 29108, "supervised_tokens_seen": 619052, "epoch": 1, "elapsed_seconds": 99.28477268497227}
{"event": "update", "optimizer_step": 920, "loss_main": 0.7910311313272899, "lr": 5.871611841387825e-06, "grad_norm": 3.7962939739227295, "examples_seen": 29428, "supervised_tokens_seen": 626233, "epoch": 1, "elapsed_seconds": 100.22043154999847}
{"event": "update", "optimizer_step": 930, "loss_main": 0.17667707242662944, "lr": 5.66834615879008e-06, "grad_norm": 1.597153902053833, "examples_seen": 29748, "supervised_tokens_seen": 633087, "epoch": 1, "elapsed_seconds": 101.13279818801675}
{"event": "update", "optimizer_step": 940, "loss_main": 0.25879096219190967, "lr": 5.491678983489372e-06, "grad_norm": 1.5357024669647217, "examples_seen": 30068, "supervised_tokens_seen": 640050, "epoch": 1, "elapsed_seconds": 101.9983934769989}
{"event": "update", "optimizer_step": 950, "loss_main": 0.1313581601265938, "lr": 5.341825557225321e-06, "grad_norm": 1.4893053770065308, "examples_seen": 30388, "supervised_tokens_seen": 646887, "epoch": 1, "elapsed_seconds": 102.94210537802428}
{"event": "update", "optimizer_step": 960, "loss_main": 0.22472176475090733, "lr": 5.218968453314668e-06, "grad_norm": 2.101191282272339, "examples_seen": 30708, "supervised_tokens_seen": 653419, "epoch": 1, "elapsed_seconds": 103.79062916600378}
{"event": "update", "optimizer_step": 970, "loss_main": 0.7181012444252516, "lr": 5.123257354213851e-06, "grad_norm": 4.186540126800537, "examples_seen": 31028, "supervised_tokens_seen": 660485, "epoch": 1, "elapsed_seconds": 104.8751735179685}
{"event": "update", "optimizer_step": 980, "loss_main": 0.4473202513611835, "lr": 5.054808869153956e-06, "grad_norm": 3.2146108150482178, "examples_seen": 31348, "supervised_tokens_seen": 667643, "epoch": 1, "elapsed_seconds": 105.92444593698019}
{"event": "update", "optimizer_step": 990, "loss_main": 0.811921677850036, "lr": 5.0137063920703455e-06, "grad_norm": 4.094005107879639, "examples_seen": 31668, "supervised_tokens_seen": 674373, "epoch": 1, "elapsed_seconds": 106.84374335198663}
{"event": "update", "optimizer_step": 1000, "loss_main": 0.10455257838798894, "lr": 5e-06, "grad_norm": 1.3770709037780762, "examples_seen": 31988, "supervised_tokens_seen": 681348, "epoch": 1, "elapsed_seconds": 107.78671939502237}
{"event": "evaluation", "optimizer_step": 1000, "loss": 0.26347826786379563, "perplexity": 1.3014490113671358, "supervised_tokens": 9803.0, "elapsed_seconds": 107.78671939502237}
{"event": "complete", "optimizer_step": 1000, "evaluation": {"loss": 0.26347826786379563, "perplexity": 1.3014490113671358, "supervised_tokens": 9803.0}, "elapsed_seconds": 107.78671939502237}
