{"event": "start", "state": {"optimizer_step": 0, "examples_seen": 0, "supervised_tokens_seen": 0, "epoch": 0, "batch_in_epoch": 0, "elapsed_seconds": 0.0}, "evaluation": {"loss": 0.27117726623036764, "perplexity": 1.3115075357768133, "supervised_tokens": 10436.0}, "target_updates": 1000, "settings": {"max_sequence_length": 512, "microbatch_size": 16, "gradient_accumulation": 2, "learning_rate": 5e-05, "warmup_updates": 100, "weight_decay": 0.01, "grad_clip": 1.0, "planned_total_updates": 1000, "checkpoint_updates": 100, "min_lr_ratio": 0.1, "seed": 2027}, "parameters": 329821696, "train_examples": 24000, "heldout_examples": 600, "device": "cuda", "precision": "bf16-autocast"}
{"event": "update", "optimizer_step": 1, "loss_main": 0.13948907017811665, "lr": 5e-07, "grad_norm": 2.827967882156372, "examples_seen": 32, "supervised_tokens_seen": 574, "epoch": 0, "elapsed_seconds": 0.6408940219553187}
{"event": "update", "optimizer_step": 10, "loss_main": 0.07459529853144357, "lr": 5e-06, "grad_norm": 1.7703529596328735, "examples_seen": 320, "supervised_tokens_seen": 8170, "epoch": 0, "elapsed_seconds": 3.889454013959039}
{"event": "update", "optimizer_step": 20, "loss_main": 0.28335190752631056, "lr": 1e-05, "grad_norm": 3.2737338542938232, "examples_seen": 640, "supervised_tokens_seen": 18408, "epoch": 0, "elapsed_seconds": 7.725992715975735}
{"event": "update", "optimizer_step": 30, "loss_main": 0.17907095852846536, "lr": 1.5e-05, "grad_norm": 2.301042079925537, "examples_seen": 960, "supervised_tokens_seen": 29214, "epoch": 0, "elapsed_seconds": 11.998043923988007}
{"event": "update", "optimizer_step": 40, "loss_main": 0.13180664146096452, "lr": 2e-05, "grad_norm": 1.866330862045288, "examples_seen": 1280, "supervised_tokens_seen": 41372, "epoch": 0, "elapsed_seconds": 16.328138687997125}
{"event": "update", "optimizer_step": 50, "loss_main": 0.10378203735676374, "lr": 2.5e-05, "grad_norm": 1.7324222326278687, "examples_seen": 1600, "supervised_tokens_seen": 50698, "epoch": 0, "elapsed_seconds": 20.09031875396613}
{"event": "update", "optimizer_step": 60, "loss_main": 0.1696194275684163, "lr": 3e-05, "grad_norm": 2.736107110977173, "examples_seen": 1920, "supervised_tokens_seen": 63406, "epoch": 0, "elapsed_seconds": 24.54198383295443}
{"event": "update", "optimizer_step": 70, "loss_main": 0.13808110435334706, "lr": 3.5000000000000004e-05, "grad_norm": 2.025409698486328, "examples_seen": 2240, "supervised_tokens_seen": 75256, "epoch": 0, "elapsed_seconds": 28.729740815993864}
{"event": "update", "optimizer_step": 80, "loss_main": 0.22180768139214796, "lr": 4e-05, "grad_norm": 2.9737205505371094, "examples_seen": 2560, "supervised_tokens_seen": 90652, "epoch": 0, "elapsed_seconds": 34.01138448197162}
{"event": "update", "optimizer_step": 90, "loss_main": 0.4357828017560781, "lr": 4.5e-05, "grad_norm": 7.4773640632629395, "examples_seen": 2880, "supervised_tokens_seen": 103778, "epoch": 0, "elapsed_seconds": 39.07665460900171}
{"event": "update", "optimizer_step": 100, "loss_main": 0.25507213605116047, "lr": 5e-05, "grad_norm": 3.403031349182129, "examples_seen": 3200, "supervised_tokens_seen": 112531, "epoch": 0, "elapsed_seconds": 42.620107280963566}
{"event": "evaluation", "optimizer_step": 100, "loss": 0.263107287738902, "perplexity": 1.300966289196058, "supervised_tokens": 10436.0, "elapsed_seconds": 42.620107280963566}
{"event": "update", "optimizer_step": 110, "loss_main": 0.1411589040609399, "lr": 4.9986293607929655e-05, "grad_norm": 2.0607590675354004, "examples_seen": 3520, "supervised_tokens_seen": 124359, "epoch": 0, "elapsed_seconds": 56.31536052899901}
{"event": "update", "optimizer_step": 120, "loss_main": 0.2172631333543619, "lr": 4.9945191130846044e-05, "grad_norm": 3.119493246078491, "examples_seen": 3840, "supervised_tokens_seen": 136841, "epoch": 0, "elapsed_seconds": 60.78120736597339}
{"event": "update", "optimizer_step": 130, "loss_main": 0.09551406483882219, "lr": 4.987674264578615e-05, "grad_norm": 1.5546852350234985, "examples_seen": 4160, "supervised_tokens_seen": 148227, "epoch": 0, "elapsed_seconds": 65.13631437596632}
{"event": "update", "optimizer_step": 140, "loss_main": 0.2088445257241799, "lr": 4.978103154668534e-05, "grad_norm": 3.9140305519104004, "examples_seen": 4480, "supervised_tokens_seen": 161399, "epoch": 0, "elapsed_seconds": 69.57841838395689}
{"event": "update", "optimizer_step": 150, "loss_main": 0.36123431130874256, "lr": 4.965817444277468e-05, "grad_norm": 3.6530771255493164, "examples_seen": 4800, "supervised_tokens_seen": 175247, "epoch": 0, "elapsed_seconds": 74.14098817796912}
{"event": "update", "optimizer_step": 160, "loss_main": 0.27798816788980685, "lr": 4.950832101651063e-05, "grad_norm": 3.8565733432769775, "examples_seen": 5120, "supervised_tokens_seen": 187952, "epoch": 0, "elapsed_seconds": 78.74365142098395}
{"event": "update", "optimizer_step": 170, "loss_main": 0.3270557972587165, "lr": 4.933165384120992e-05, "grad_norm": 3.4214515686035156, "examples_seen": 5440, "supervised_tokens_seen": 198528, "epoch": 0, "elapsed_seconds": 82.67770103999646}
{"event": "update", "optimizer_step": 180, "loss_main": 0.1563234211733708, "lr": 4.9128388158612174e-05, "grad_norm": 2.179614782333374, "examples_seen": 5760, "supervised_tokens_seen": 210857, "epoch": 0, "elapsed_seconds": 87.02160031796666}
{"event": "update", "optimizer_step": 190, "loss_main": 0.24872576395890353, "lr": 4.889877161664096e-05, "grad_norm": 2.803102731704712, "examples_seen": 6080, "supervised_tokens_seen": 221044, "epoch": 0, "elapsed_seconds": 90.9864634279511}
{"event": "update", "optimizer_step": 200, "loss_main": 0.3155864742888126, "lr": 4.864308396768294e-05, "grad_norm": 4.61900520324707, "examples_seen": 6400, "supervised_tokens_seen": 230771, "epoch": 0, "elapsed_seconds": 94.89528954599518}
{"event": "evaluation", "optimizer_step": 200, "loss": 0.2767261473919615, "perplexity": 1.3188051633449056, "supervised_tokens": 10436.0, "elapsed_seconds": 94.89528954599518}
{"event": "update", "optimizer_step": 210, "loss_main": 0.31267408270562674, "lr": 4.836163672775272e-05, "grad_norm": 3.335160493850708, "examples_seen": 6720, "supervised_tokens_seen": 243511, "epoch": 0, "elapsed_seconds": 108.58803441398777}
{"event": "update", "optimizer_step": 220, "loss_main": 0.38677715907196797, "lr": 4.805477279695852e-05, "grad_norm": 5.267604351043701, "examples_seen": 7040, "supervised_tokens_seen": 252607, "epoch": 0, "elapsed_seconds": 112.29383778496413}
{"event": "update", "optimizer_step": 230, "loss_main": 0.30390976420603694, "lr": 4.7722866041731264e-05, "grad_norm": 3.1612255573272705, "examples_seen": 7360, "supervised_tokens_seen": 265370, "epoch": 0, "elapsed_seconds": 116.60101467597997}
{"event": "update", "optimizer_step": 240, "loss_main": 0.273034978687969, "lr": 4.7366320839325864e-05, "grad_norm": 4.305251598358154, "examples_seen": 7680, "supervised_tokens_seen": 274046, "epoch": 0, "elapsed_seconds": 120.22467262198916}
{"event": "update", "optimizer_step": 250, "loss_main": 0.06747645181150304, "lr": 4.6985571585149876e-05, "grad_norm": 2.0945191383361816, "examples_seen": 8000, "supervised_tokens_seen": 283900, "epoch": 0, "elapsed_seconds": 124.24222893698607}
{"event": "update", "optimizer_step": 260, "loss_main": 0.11128757139220509, "lr": 4.6581082163519586e-05, "grad_norm": 1.9693766832351685, "examples_seen": 8320, "supervised_tokens_seen": 297495, "epoch": 0, "elapsed_seconds": 128.94924818596337}
{"event": "update", "optimizer_step": 270, "loss_main": 0.199874790015764, "lr": 4.615334538248844e-05, "grad_norm": 3.2449865341186523, "examples_seen": 8640, "supervised_tokens_seen": 308002, "epoch": 0, "elapsed_seconds": 132.94351578399073}
{"event": "update", "optimizer_step": 280, "loss_main": 0.39770322973365185, "lr": 4.570288237343632e-05, "grad_norm": 3.273448944091797, "examples_seen": 8960, "supervised_tokens_seen": 321704, "epoch": 0, "elapsed_seconds": 137.8835028889589}
{"event": "update", "optimizer_step": 290, "loss_main": 0.2633140053252245, "lr": 4.523024195615124e-05, "grad_norm": 3.3995604515075684, "examples_seen": 9280, "supervised_tokens_seen": 332607, "epoch": 0, "elapsed_seconds": 141.89689550700132}
{"event": "update", "optimizer_step": 300, "loss_main": 0.13394152631059578, "lr": 4.473599997017701e-05, "grad_norm": 1.8144360780715942, "examples_seen": 9600, "supervised_tokens_seen": 342976, "epoch": 0, "elapsed_seconds": 145.94819578097668}
{"event": "evaluation", "optimizer_step": 300, "loss": 0.2751636709960805, "perplexity": 1.31674617038925, "supervised_tokens": 10436.0, "elapsed_seconds": 145.94819578097668}
{"event": "update", "optimizer_step": 310, "loss_main": 0.16800784456674614, "lr": 4.422075857324137e-05, "grad_norm": 2.1571781635284424, "examples_seen": 9920, "supervised_tokens_seen": 354541, "epoch": 0, "elapsed_seconds": 162.39119885099353}
{"event": "update", "optimizer_step": 320, "loss_main": 0.07354900328346262, "lr": 4.368514550761965e-05, "grad_norm": 2.2457001209259033, "examples_seen": 10240, "supervised_tokens_seen": 365859, "epoch": 0, "elapsed_seconds": 166.52782421995653}
{"event": "update", "optimizer_step": 330, "loss_main": 0.1740848828028628, "lr": 4.312981333532744e-05, "grad_norm": 1.8778486251831055, "examples_seen": 10560, "supervised_tokens_seen": 375803, "epoch": 0, "elapsed_seconds": 170.378359764989}
{"event": "update", "optimizer_step": 340, "loss_main": 0.23246052580431473, "lr": 4.255543864307431e-05, "grad_norm": 2.546140193939209, "examples_seen": 10880, "supervised_tokens_seen": 388245, "epoch": 0, "elapsed_seconds": 174.89182773395441}
{"event": "update", "optimizer_step": 350, "loss_main": 0.17925003174481527, "lr": 4.1962721217947135e-05, "grad_norm": 2.673352003097534, "examples_seen": 11200, "supervised_tokens_seen": 398928, "epoch": 0, "elapsed_seconds": 179.41291093896143}
{"event": "update", "optimizer_step": 360, "loss_main": 0.2834141372402446, "lr": 4.135238319482731e-05, "grad_norm": 4.134203910827637, "examples_seen": 11520, "supervised_tokens_seen": 408692, "epoch": 0, "elapsed_seconds": 183.2464251309866}
{"event": "update", "optimizer_step": 370, "loss_main": 0.1964802758345392, "lr": 4.072516817658065e-05, "grad_norm": 2.9415197372436523, "examples_seen": 11840, "supervised_tokens_seen": 426451, "epoch": 0, "elapsed_seconds": 189.12316936196294}
{"event": "update", "optimizer_step": 380, "loss_main": 0.17021240494144496, "lr": 4.0081840328091804e-05, "grad_norm": 3.1942055225372314, "examples_seen": 12160, "supervised_tokens_seen": 435606, "epoch": 0, "elapsed_seconds": 192.79205902200192}
{"event": "update", "optimizer_step": 390, "loss_main": 0.08355667741457141, "lr": 3.9423183445247117e-05, "grad_norm": 1.6754987239837646, "examples_seen": 12480, "supervised_tokens_seen": 446661, "epoch": 0, "elapsed_seconds": 196.97901266498957}
{"event": "update", "optimizer_step": 400, "loss_main": 0.2522506842742095, "lr": 3.875e-05, "grad_norm": 2.7495384216308594, "examples_seen": 12800, "supervised_tokens_seen": 459755, "epoch": 0, "elapsed_seconds": 201.69617904897314}
{"event": "evaluation", "optimizer_step": 400, "loss": 0.2790546222404645, "perplexity": 1.3218795459200248, "supervised_tokens": 10436.0, "elapsed_seconds": 201.69617904897314}
{"event": "update", "optimizer_step": 410, "loss_main": 0.16126810624118065, "lr": 3.806311016268254e-05, "grad_norm": 1.8480592966079712, "examples_seen": 13120, "supervised_tokens_seen": 468951, "epoch": 0, "elapsed_seconds": 214.80587924597785}
{"event": "update", "optimizer_step": 420, "loss_main": 0.2491399401369907, "lr": 3.7363350802754244e-05, "grad_norm": 2.5150113105773926, "examples_seen": 13440, "supervised_tokens_seen": 482506, "epoch": 0, "elapsed_seconds": 219.34220366500085}
{"event": "update", "optimizer_step": 430, "loss_main": 0.29034014874958775, "lr": 3.665157446920551e-05, "grad_norm": 3.443488597869873, "examples_seen": 13760, "supervised_tokens_seen": 501949, "epoch": 0, "elapsed_seconds": 225.72304000298027}
{"event": "update", "optimizer_step": 440, "loss_main": 0.12292523866540812, "lr": 3.5928648351858027e-05, "grad_norm": 1.7992087602615356, "examples_seen": 14080, "supervised_tokens_seen": 513123, "epoch": 0, "elapsed_seconds": 229.8774207639508}
{"event": "update", "optimizer_step": 450, "loss_main": 0.2858488522413809, "lr": 3.519545322482755e-05, "grad_norm": 3.0996248722076416, "examples_seen": 14400, "supervised_tokens_seen": 528295, "epoch": 0, "elapsed_seconds": 234.94249454996316}
{"event": "update", "optimizer_step": 460, "loss_main": 0.16763785685221833, "lr": 3.4452882373436316e-05, "grad_norm": 2.5148935317993164, "examples_seen": 14720, "supervised_tokens_seen": 537754, "epoch": 0, "elapsed_seconds": 238.66170403698925}
{"event": "update", "optimizer_step": 470, "loss_main": 0.14621141117794784, "lr": 3.370184050588248e-05, "grad_norm": 2.3341097831726074, "examples_seen": 15040, "supervised_tokens_seen": 547968, "epoch": 0, "elapsed_seconds": 242.73297902097693}
{"event": "update", "optimizer_step": 480, "loss_main": 0.23932049680839884, "lr": 3.294324265099252e-05, "grad_norm": 3.4217517375946045, "examples_seen": 15360, "supervised_tokens_seen": 557216, "epoch": 0, "elapsed_seconds": 246.43339036899852}
{"event": "update", "optimizer_step": 490, "loss_main": 0.19890088269996056, "lr": 3.217801304339959e-05, "grad_norm": 3.875525951385498, "examples_seen": 15680, "supervised_tokens_seen": 566473, "epoch": 0, "elapsed_seconds": 250.09983286395436}
{"event": "update", "optimizer_step": 500, "loss_main": 0.2908240727986414, "lr": 3.140708399750594e-05, "grad_norm": 3.3796658515930176, "examples_seen": 16000, "supervised_tokens_seen": 579435, "epoch": 0, "elapsed_seconds": 254.48529493896058}
{"event": "evaluation", "optimizer_step": 500, "loss": 0.2661310569713397, "perplexity": 1.3049060645176285, "supervised_tokens": 10436.0, "elapsed_seconds": 254.48529493896058}
{"event": "update", "optimizer_step": 510, "loss_main": 0.20594634998390693, "lr": 3.0631394771601475e-05, "grad_norm": 2.2690627574920654, "examples_seen": 16320, "supervised_tokens_seen": 587583, "epoch": 0, "elapsed_seconds": 267.0555700190016}
{"event": "update", "optimizer_step": 520, "loss_main": 0.2189607059254366, "lr": 2.9851890423522204e-05, "grad_norm": 3.0879628658294678, "examples_seen": 16640, "supervised_tokens_seen": 598676, "epoch": 0, "elapsed_seconds": 271.1311304959818}
{"event": "update", "optimizer_step": 530, "loss_main": 0.13063324123315845, "lr": 2.906952065924282e-05, "grad_norm": 2.0444440841674805, "examples_seen": 16960, "supervised_tokens_seen": 610886, "epoch": 0, "elapsed_seconds": 275.3716668179841}
{"event": "update", "optimizer_step": 540, "loss_main": 0.23072300463604678, "lr": 2.828523867580628e-05, "grad_norm": 3.2136483192443848, "examples_seen": 17280, "supervised_tokens_seen": 624321, "epoch": 0, "elapsed_seconds": 279.8783308889833}
{"event": "update", "optimizer_step": 550, "loss_main": 0.23453994068520437, "lr": 2.7500000000000004e-05, "grad_norm": 3.3709475994110107, "examples_seen": 17600, "supervised_tokens_seen": 635451, "epoch": 0, "elapsed_seconds": 283.87144920497667}
{"event": "update", "optimizer_step": 560, "loss_main": 0.19998177744654327, "lr": 2.6714761324193736e-05, "grad_norm": 3.3859105110168457, "examples_seen": 17920, "supervised_tokens_seen": 645998, "epoch": 0, "elapsed_seconds": 288.1191996289999}
{"event": "update", "optimizer_step": 570, "loss_main": 0.2929419601860796, "lr": 2.593047934075718e-05, "grad_norm": 3.3220324516296387, "examples_seen": 18240, "supervised_tokens_seen": 656457, "epoch": 0, "elapsed_seconds": 292.0716947519686}
{"event": "update", "optimizer_step": 580, "loss_main": 0.10518379604274576, "lr": 2.5148109576477802e-05, "grad_norm": 1.4989409446716309, "examples_seen": 18560, "supervised_tokens_seen": 669002, "epoch": 0, "elapsed_seconds": 296.4828862059512}
{"event": "update", "optimizer_step": 590, "loss_main": 0.20030724285795284, "lr": 2.4368605228398534e-05, "grad_norm": 2.3796322345733643, "examples_seen": 18880, "supervised_tokens_seen": 676224, "epoch": 0, "elapsed_seconds": 299.7390800519497}
{"event": "update", "optimizer_step": 600, "loss_main": 0.16168816989813095, "lr": 2.359291600249407e-05, "grad_norm": 3.236192464828491, "examples_seen": 19200, "supervised_tokens_seen": 687061, "epoch": 0, "elapsed_seconds": 303.7326355049736}
{"event": "evaluation", "optimizer_step": 600, "loss": 0.25997044382836054, "perplexity": 1.2968917549439982, "supervised_tokens": 10436.0, "elapsed_seconds": 303.7326355049736}
{"event": "update", "optimizer_step": 610, "loss_main": 0.2742906346547867, "lr": 2.282198695660042e-05, "grad_norm": 3.1966428756713867, "examples_seen": 19520, "supervised_tokens_seen": 698329, "epoch": 0, "elapsed_seconds": 319.93441378098214}
{"event": "update", "optimizer_step": 620, "loss_main": 0.1313549548010283, "lr": 2.205675734900748e-05, "grad_norm": 1.8065885305404663, "examples_seen": 19840, "supervised_tokens_seen": 707044, "epoch": 0, "elapsed_seconds": 323.48216535995016}
{"event": "update", "optimizer_step": 630, "loss_main": 0.30594873472103934, "lr": 2.129815949411752e-05, "grad_norm": 3.2426278591156006, "examples_seen": 20160, "supervised_tokens_seen": 719932, "epoch": 0, "elapsed_seconds": 327.95938055298757}
{"event": "update", "optimizer_step": 640, "loss_main": 0.11324090549367012, "lr": 2.054711762656369e-05, "grad_norm": 1.8188507556915283, "examples_seen": 20480, "supervised_tokens_seen": 727233, "epoch": 0, "elapsed_seconds": 331.2934884179849}
{"event": "update", "optimizer_step": 650, "loss_main": 0.15793015758399456, "lr": 1.9804546775172457e-05, "grad_norm": 2.932793140411377, "examples_seen": 20800, "supervised_tokens_seen": 737851, "epoch": 0, "elapsed_seconds": 335.558456248953}
{"event": "update", "optimizer_step": 660, "loss_main": 0.06451402229117596, "lr": 1.907135164814198e-05, "grad_norm": 1.4590100049972534, "examples_seen": 21120, "supervised_tokens_seen": 749556, "epoch": 0, "elapsed_seconds": 339.94558218697784}
{"event": "update", "optimizer_step": 670, "loss_main": 0.17298884614715426, "lr": 1.83484255307945e-05, "grad_norm": 3.006728172302246, "examples_seen": 21440, "supervised_tokens_seen": 762305, "epoch": 0, "elapsed_seconds": 344.4744783579954}
{"event": "update", "optimizer_step": 680, "loss_main": 0.08821437367829528, "lr": 1.7636649197245758e-05, "grad_norm": 1.6765732765197754, "examples_seen": 21760, "supervised_tokens_seen": 773288, "epoch": 0, "elapsed_seconds": 348.58264618896646}
{"event": "update", "optimizer_step": 690, "loss_main": 0.16655595794344025, "lr": 1.6936889837317466e-05, "grad_norm": 2.097318649291992, "examples_seen": 22080, "supervised_tokens_seen": 783463, "epoch": 0, "elapsed_seconds": 352.4651607769774}
{"event": "update", "optimizer_step": 700, "loss_main": 0.09306660624854084, "lr": 1.6250000000000005e-05, "grad_norm": 1.7575067281723022, "examples_seen": 22400, "supervised_tokens_seen": 792746, "epoch": 0, "elapsed_seconds": 356.2462443590048}
{"event": "evaluation", "optimizer_step": 700, "loss": 0.25766391139448935, "perplexity": 1.2939038791888162, "supervised_tokens": 10436.0, "elapsed_seconds": 356.2462443590048}
{"event": "update", "optimizer_step": 710, "loss_main": 0.03948646971250173, "lr": 1.5576816554752892e-05, "grad_norm": 1.144729495048523, "examples_seen": 22720, "supervised_tokens_seen": 801178, "epoch": 0, "elapsed_seconds": 369.4039791539544}
{"event": "update", "optimizer_step": 720, "loss_main": 0.36679419257356605, "lr": 1.49181596719082e-05, "grad_norm": 2.881777763366699, "examples_seen": 23040, "supervised_tokens_seen": 816664, "epoch": 0, "elapsed_seconds": 374.767962162965}
{"event": "update", "optimizer_step": 730, "loss_main": 0.1796053679784139, "lr": 1.427483182341936e-05, "grad_norm": 2.36075758934021, "examples_seen": 23360, "supervised_tokens_seen": 825006, "epoch": 0, "elapsed_seconds": 378.24079797195736}
{"event": "update", "optimizer_step": 740, "loss_main": 0.34086063856044513, "lr": 1.364761680517269e-05, "grad_norm": 3.1228222846984863, "examples_seen": 23680, "supervised_tokens_seen": 839750, "epoch": 0, "elapsed_seconds": 383.7682323139743}
{"event": "update", "optimizer_step": 750, "loss_main": 0.08702531370233066, "lr": 1.3037278782052863e-05, "grad_norm": 1.6256800889968872, "examples_seen": 24000, "supervised_tokens_seen": 855159, "epoch": 0, "elapsed_seconds": 388.9181847589789}
{"event": "update", "optimizer_step": 760, "loss_main": 0.020651105379815713, "lr": 1.2444561356925697e-05, "grad_norm": 0.8520237803459167, "examples_seen": 24320, "supervised_tokens_seen": 868751, "epoch": 1, "elapsed_seconds": 393.729695795977}
{"event": "update", "optimizer_step": 770, "loss_main": 0.15424405443830555, "lr": 1.187018666467256e-05, "grad_norm": 2.9593758583068848, "examples_seen": 24640, "supervised_tokens_seen": 880906, "epoch": 1, "elapsed_seconds": 398.12420123198535}
{"event": "update", "optimizer_step": 780, "loss_main": 0.08642787039279938, "lr": 1.1314854492380354e-05, "grad_norm": 1.565889835357666, "examples_seen": 24960, "supervised_tokens_seen": 891585, "epoch": 1, "elapsed_seconds": 402.2015511439531}
{"event": "update", "optimizer_step": 790, "loss_main": 0.040059363514911836, "lr": 1.0779241426758628e-05, "grad_norm": 1.1662300825119019, "examples_seen": 25280, "supervised_tokens_seen": 903748, "epoch": 1, "elapsed_seconds": 406.88558856694726}
{"event": "update", "optimizer_step": 800, "loss_main": 0.032400936107971144, "lr": 1.0264000029822999e-05, "grad_norm": 1.2062276601791382, "examples_seen": 25600, "supervised_tokens_seen": 914238, "epoch": 1, "elapsed_seconds": 410.83100255799945}
{"event": "evaluation", "optimizer_step": 800, "loss": 0.27017991519299284, "perplexity": 1.3102001544429183, "supervised_tokens": 10436.0, "elapsed_seconds": 410.83100255799945}
{"event": "update", "optimizer_step": 810, "loss_main": 0.1306147391078147, "lr": 9.769758043848759e-06, "grad_norm": 2.229466676712036, "examples_seen": 25920, "supervised_tokens_seen": 926982, "epoch": 1, "elapsed_seconds": 427.50816282100277}
{"event": "update", "optimizer_step": 820, "loss_main": 0.10885602358023637, "lr": 9.297117626563687e-06, "grad_norm": 2.107555627822876, "examples_seen": 26240, "supervised_tokens_seen": 937871, "epoch": 1, "elapsed_seconds": 431.4768097719643}
{"event": "update", "optimizer_step": 830, "loss_main": 0.058805076045246096, "lr": 8.846654617511564e-06, "grad_norm": 1.789434790611267, "examples_seen": 26560, "supervised_tokens_seen": 946947, "epoch": 1, "elapsed_seconds": 435.1170124069904}
{"event": "update", "optimizer_step": 840, "loss_main": 0.06548133576428751, "lr": 8.418917836480417e-06, "grad_norm": 1.6670724153518677, "examples_seen": 26880, "supervised_tokens_seen": 959956, "epoch": 1, "elapsed_seconds": 439.56326630996773}
{"event": "update", "optimizer_step": 850, "loss_main": 0.06625778502920299, "lr": 8.01442841485013e-06, "grad_norm": 1.4267760515213013, "examples_seen": 27200, "supervised_tokens_seen": 969178, "epoch": 1, "elapsed_seconds": 443.4126542269951}
{"event": "update", "optimizer_step": 860, "loss_main": 0.01986630816071287, "lr": 7.633679160674144e-06, "grad_norm": 0.8708857297897339, "examples_seen": 27520, "supervised_tokens_seen": 980407, "epoch": 1, "elapsed_seconds": 447.6058789039962}
{"event": "update", "optimizer_step": 870, "loss_main": 0.09934511274134808, "lr": 7.277133958268747e-06, "grad_norm": 2.675995349884033, "examples_seen": 27840, "supervised_tokens_seen": 993384, "epoch": 1, "elapsed_seconds": 452.05957932397723}
{"event": "update", "optimizer_step": 880, "loss_main": 0.049703827316060344, "lr": 6.94522720304148e-06, "grad_norm": 1.4206403493881226, "examples_seen": 28160, "supervised_tokens_seen": 1005108, "epoch": 1, "elapsed_seconds": 456.3960228560027}
{"event": "update", "optimizer_step": 890, "loss_main": 0.0519671817011181, "lr": 6.638363272247286e-06, "grad_norm": 1.9655766487121582, "examples_seen": 28480, "supervised_tokens_seen": 1019061, "epoch": 1, "elapsed_seconds": 461.02748960995814}
{"event": "update", "optimizer_step": 900, "loss_main": 0.1557685258933819, "lr": 6.356916032317063e-06, "grad_norm": 2.1635849475860596, "examples_seen": 28800, "supervised_tokens_seen": 1035970, "epoch": 1, "elapsed_seconds": 466.82348018995253}
{"event": "evaluation", "optimizer_step": 900, "loss": 0.2696674763904681, "perplexity": 1.3095289290403669, "supervised_tokens": 10436.0, "elapsed_seconds": 466.82348018995253}
{"event": "update", "optimizer_step": 910, "loss_main": 0.04844344964668195, "lr": 6.1012283833590465e-06, "grad_norm": 1.1613497734069824, "examples_seen": 29120, "supervised_tokens_seen": 1048946, "epoch": 1, "elapsed_seconds": 480.4251582909492}
{"event": "update", "optimizer_step": 920, "loss_main": 0.041699083534987656, "lr": 5.871611841387825e-06, "grad_norm": 1.2251352071762085, "examples_seen": 29440, "supervised_tokens_seen": 1060014, "epoch": 1, "elapsed_seconds": 484.64299803896574}
{"event": "update", "optimizer_step": 930, "loss_main": 0.1229664167896137, "lr": 5.66834615879008e-06, "grad_norm": 2.1687235832214355, "examples_seen": 29760, "supervised_tokens_seen": 1069561, "epoch": 1, "elapsed_seconds": 488.4731208749581}
{"event": "update", "optimizer_step": 940, "loss_main": 0.06269207387214455, "lr": 5.491678983489372e-06, "grad_norm": 1.8041502237319946, "examples_seen": 30080, "supervised_tokens_seen": 1079422, "epoch": 1, "elapsed_seconds": 492.36475931695895}
{"event": "update", "optimizer_step": 950, "loss_main": 0.04732124106445702, "lr": 5.341825557225321e-06, "grad_norm": 1.685471534729004, "examples_seen": 30400, "supervised_tokens_seen": 1088919, "epoch": 1, "elapsed_seconds": 496.1156479609781}
{"event": "update", "optimizer_step": 960, "loss_main": 0.028366759581410366, "lr": 5.218968453314668e-06, "grad_norm": 0.9393669962882996, "examples_seen": 30720, "supervised_tokens_seen": 1097481, "epoch": 1, "elapsed_seconds": 499.68970964697655}
{"event": "update", "optimizer_step": 970, "loss_main": 0.10119074588491969, "lr": 5.123257354213851e-06, "grad_norm": 1.9081395864486694, "examples_seen": 31040, "supervised_tokens_seen": 1107978, "epoch": 1, "elapsed_seconds": 503.6335217540036}
{"event": "update", "optimizer_step": 980, "loss_main": 0.18148185891408633, "lr": 5.054808869153956e-06, "grad_norm": 3.187246322631836, "examples_seen": 31360, "supervised_tokens_seen": 1120547, "epoch": 1, "elapsed_seconds": 508.34754969895585}
{"event": "update", "optimizer_step": 990, "loss_main": 0.018626707104536202, "lr": 5.0137063920703455e-06, "grad_norm": 0.7805526852607727, "examples_seen": 31680, "supervised_tokens_seen": 1131212, "epoch": 1, "elapsed_seconds": 512.389874202956}
{"event": "update", "optimizer_step": 1000, "loss_main": 0.06147764603473154, "lr": 5e-06, "grad_norm": 1.9626610279083252, "examples_seen": 32000, "supervised_tokens_seen": 1141754, "epoch": 1, "elapsed_seconds": 516.339990266948}
{"event": "evaluation", "optimizer_step": 1000, "loss": 0.27541490538269225, "perplexity": 1.317077023864836, "supervised_tokens": 10436.0, "elapsed_seconds": 516.339990266948}
{"event": "complete", "optimizer_step": 1000, "evaluation": {"loss": 0.27541490538269225, "perplexity": 1.317077023864836, "supervised_tokens": 10436.0}, "elapsed_seconds": 516.339990266948}
