{"event": "start", "state": {"optimizer_step": 0, "examples_seen": 0, "supervised_tokens_seen": 0, "epoch": 0, "batch_in_epoch": 0, "elapsed_seconds": 0.0}, "evaluation": {"loss": 3.14364597688679, "perplexity": 23.188256771636595, "supervised_tokens": 9803.0}, "target_updates": 1000, "settings": {"max_sequence_length": 512, "microbatch_size": 16, "gradient_accumulation": 2, "learning_rate": 5e-05, "warmup_updates": 100, "weight_decay": 0.01, "grad_clip": 1.0, "planned_total_updates": 1000, "checkpoint_updates": 100, "min_lr_ratio": 0.1, "seed": 2027}, "parameters": 13143424, "train_examples": 23780, "heldout_examples": 1222, "device": "cuda", "precision": "bf16-autocast"}
{"event": "update", "optimizer_step": 1, "loss_main": 3.7175486841350023, "lr": 5e-07, "grad_norm": 26.585844039916992, "examples_seen": 32, "supervised_tokens_seen": 579, "epoch": 0, "elapsed_seconds": 0.22113826702116057}
{"event": "update", "optimizer_step": 10, "loss_main": 2.659377717093207, "lr": 5e-06, "grad_norm": 23.972259521484375, "examples_seen": 320, "supervised_tokens_seen": 6491, "epoch": 0, "elapsed_seconds": 0.49441517802188173}
{"event": "update", "optimizer_step": 20, "loss_main": 2.24819755945584, "lr": 1e-05, "grad_norm": 16.53928565979004, "examples_seen": 640, "supervised_tokens_seen": 13620, "epoch": 0, "elapsed_seconds": 0.7693459700094536}
{"event": "update", "optimizer_step": 30, "loss_main": 1.0914698906266804, "lr": 1.5e-05, "grad_norm": 8.224116325378418, "examples_seen": 960, "supervised_tokens_seen": 20206, "epoch": 0, "elapsed_seconds": 1.0321782429818995}
{"event": "update", "optimizer_step": 40, "loss_main": 1.8990553745297762, "lr": 2e-05, "grad_norm": 8.532390594482422, "examples_seen": 1280, "supervised_tokens_seen": 27073, "epoch": 0, "elapsed_seconds": 1.3355006590136327}
{"event": "update", "optimizer_step": 50, "loss_main": 0.6330922857590718, "lr": 2.5e-05, "grad_norm": 8.674480438232422, "examples_seen": 1600, "supervised_tokens_seen": 33521, "epoch": 0, "elapsed_seconds": 1.62345469603315}
{"event": "update", "optimizer_step": 60, "loss_main": 0.5908993407844347, "lr": 3e-05, "grad_norm": 5.018555164337158, "examples_seen": 1920, "supervised_tokens_seen": 40471, "epoch": 0, "elapsed_seconds": 1.8932932500028983}
{"event": "update", "optimizer_step": 70, "loss_main": 0.44255321666046427, "lr": 3.5000000000000004e-05, "grad_norm": 4.831957817077637, "examples_seen": 2240, "supervised_tokens_seen": 46702, "epoch": 0, "elapsed_seconds": 2.151200405030977}
{"event": "update", "optimizer_step": 80, "loss_main": 0.4630149788807668, "lr": 4e-05, "grad_norm": 6.251075744628906, "examples_seen": 2560, "supervised_tokens_seen": 53496, "epoch": 0, "elapsed_seconds": 2.4284022509818897}
{"event": "update", "optimizer_step": 90, "loss_main": 0.9185109173322653, "lr": 4.5e-05, "grad_norm": 5.151767253875732, "examples_seen": 2880, "supervised_tokens_seen": 59750, "epoch": 0, "elapsed_seconds": 2.6851497510215268}
{"event": "update", "optimizer_step": 100, "loss_main": 0.4950481653213501, "lr": 5e-05, "grad_norm": 2.4049062728881836, "examples_seen": 3200, "supervised_tokens_seen": 66413, "epoch": 0, "elapsed_seconds": 2.9503444370348006}
{"event": "evaluation", "optimizer_step": 100, "loss": 0.5040000036798131, "perplexity": 1.6553293692483577, "supervised_tokens": 9803.0, "elapsed_seconds": 2.9503444370348006}
{"event": "update", "optimizer_step": 110, "loss_main": 0.463445154308271, "lr": 4.9986293607929655e-05, "grad_norm": 7.627289772033691, "examples_seen": 3520, "supervised_tokens_seen": 73039, "epoch": 0, "elapsed_seconds": 3.7383278899942525}
{"event": "update", "optimizer_step": 120, "loss_main": 2.1375495497773334, "lr": 4.9945191130846044e-05, "grad_norm": 6.23300838470459, "examples_seen": 3840, "supervised_tokens_seen": 80223, "epoch": 0, "elapsed_seconds": 4.039261666010134}
{"event": "update", "optimizer_step": 130, "loss_main": 0.5454642104135977, "lr": 4.987674264578615e-05, "grad_norm": 2.3753392696380615, "examples_seen": 4160, "supervised_tokens_seen": 87417, "epoch": 0, "elapsed_seconds": 4.3292648660135455}
{"event": "update", "optimizer_step": 140, "loss_main": 0.4763176678385161, "lr": 4.978103154668534e-05, "grad_norm": 2.5081591606140137, "examples_seen": 4480, "supervised_tokens_seen": 94663, "epoch": 0, "elapsed_seconds": 4.653059593983926}
{"event": "update", "optimizer_step": 150, "loss_main": 0.4703462004104507, "lr": 4.965817444277468e-05, "grad_norm": 2.0562853813171387, "examples_seen": 4800, "supervised_tokens_seen": 101460, "epoch": 0, "elapsed_seconds": 4.924217178020626}
{"event": "update", "optimizer_step": 160, "loss_main": 1.2264421287624316, "lr": 4.950832101651063e-05, "grad_norm": 5.025123596191406, "examples_seen": 5120, "supervised_tokens_seen": 108317, "epoch": 0, "elapsed_seconds": 5.203456923016347}
{"event": "update", "optimizer_step": 170, "loss_main": 0.3938442428935223, "lr": 4.933165384120992e-05, "grad_norm": 1.8840898275375366, "examples_seen": 5440, "supervised_tokens_seen": 115165, "epoch": 0, "elapsed_seconds": 5.475201999011915}
{"event": "update", "optimizer_step": 180, "loss_main": 1.2173899839162532, "lr": 4.9128388158612174e-05, "grad_norm": 5.085366249084473, "examples_seen": 5760, "supervised_tokens_seen": 122338, "epoch": 0, "elapsed_seconds": 5.764915452979039}
{"event": "update", "optimizer_step": 190, "loss_main": 0.3028309334616858, "lr": 4.889877161664096e-05, "grad_norm": 1.490081787109375, "examples_seen": 6080, "supervised_tokens_seen": 129040, "epoch": 0, "elapsed_seconds": 6.057745261001401}
{"event": "update", "optimizer_step": 200, "loss_main": 1.2561423348174208, "lr": 4.864308396768294e-05, "grad_norm": 4.592609882354736, "examples_seen": 6388, "supervised_tokens_seen": 135857, "epoch": 0, "elapsed_seconds": 6.3397016290109605}
{"event": "evaluation", "optimizer_step": 200, "loss": 0.4775440200188933, "perplexity": 1.6121102257746964, "supervised_tokens": 9803.0, "elapsed_seconds": 6.3397016290109605}
{"event": "update", "optimizer_step": 210, "loss_main": 0.3774719389191099, "lr": 4.836163672775272e-05, "grad_norm": 2.0672993659973145, "examples_seen": 6708, "supervised_tokens_seen": 142152, "epoch": 0, "elapsed_seconds": 7.114231318992097}
{"event": "update", "optimizer_step": 220, "loss_main": 0.3154409540601583, "lr": 4.805477279695852e-05, "grad_norm": 2.471733331680298, "examples_seen": 7028, "supervised_tokens_seen": 149060, "epoch": 0, "elapsed_seconds": 7.380814556032419}
{"event": "update", "optimizer_step": 230, "loss_main": 0.4068655004060216, "lr": 4.7722866041731264e-05, "grad_norm": 1.7088731527328491, "examples_seen": 7348, "supervised_tokens_seen": 155882, "epoch": 0, "elapsed_seconds": 7.649957008019555}
{"event": "update", "optimizer_step": 240, "loss_main": 0.4558787926649436, "lr": 4.7366320839325864e-05, "grad_norm": 3.3330180644989014, "examples_seen": 7668, "supervised_tokens_seen": 162539, "epoch": 0, "elapsed_seconds": 7.932075024000369}
{"event": "update", "optimizer_step": 250, "loss_main": 0.4464610254420489, "lr": 4.6985571585149876e-05, "grad_norm": 3.329343557357788, "examples_seen": 7988, "supervised_tokens_seen": 169591, "epoch": 0, "elapsed_seconds": 8.212400278018322}
{"event": "update", "optimizer_step": 260, "loss_main": 1.124849567490871, "lr": 4.6581082163519586e-05, "grad_norm": 3.916360378265381, "examples_seen": 8308, "supervised_tokens_seen": 176256, "epoch": 0, "elapsed_seconds": 8.485155711008701}
{"event": "update", "optimizer_step": 270, "loss_main": 0.31656871535218695, "lr": 4.615334538248844e-05, "grad_norm": 1.8997128009796143, "examples_seen": 8628, "supervised_tokens_seen": 182979, "epoch": 0, "elapsed_seconds": 8.767020317027345}
{"event": "update", "optimizer_step": 280, "loss_main": 0.20945260441621616, "lr": 4.570288237343632e-05, "grad_norm": 1.5932658910751343, "examples_seen": 8948, "supervised_tokens_seen": 189381, "epoch": 0, "elapsed_seconds": 9.04181286599487}
{"event": "update", "optimizer_step": 290, "loss_main": 0.40381146299021226, "lr": 4.523024195615124e-05, "grad_norm": 1.817832589149475, "examples_seen": 9268, "supervised_tokens_seen": 195867, "epoch": 0, "elapsed_seconds": 9.31038224202348}
{"event": "update", "optimizer_step": 300, "loss_main": 0.37724455140477464, "lr": 4.473599997017701e-05, "grad_norm": 2.532876968383789, "examples_seen": 9588, "supervised_tokens_seen": 202501, "epoch": 0, "elapsed_seconds": 9.583406764024403}
{"event": "evaluation", "optimizer_step": 300, "loss": 0.4544218352719447, "perplexity": 1.5752623585651062, "supervised_tokens": 9803.0, "elapsed_seconds": 9.583406764024403}
{"event": "update", "optimizer_step": 310, "loss_main": 0.4343025688872193, "lr": 4.422075857324137e-05, "grad_norm": 1.636196255683899, "examples_seen": 9908, "supervised_tokens_seen": 209802, "epoch": 0, "elapsed_seconds": 10.465933568018954}
{"event": "update", "optimizer_step": 320, "loss_main": 0.4694263659460696, "lr": 4.368514550761965e-05, "grad_norm": 1.822975516319275, "examples_seen": 10228, "supervised_tokens_seen": 216277, "epoch": 0, "elapsed_seconds": 10.733293752011377}
{"event": "update", "optimizer_step": 330, "loss_main": 0.3863609905426319, "lr": 4.312981333532744e-05, "grad_norm": 2.194350242614746, "examples_seen": 10548, "supervised_tokens_seen": 222897, "epoch": 0, "elapsed_seconds": 10.994508411036804}
{"event": "update", "optimizer_step": 340, "loss_main": 0.3384971663975818, "lr": 4.255543864307431e-05, "grad_norm": 4.156805992126465, "examples_seen": 10868, "supervised_tokens_seen": 229796, "epoch": 0, "elapsed_seconds": 11.260303817980457}
{"event": "update", "optimizer_step": 350, "loss_main": 0.36937658190727235, "lr": 4.1962721217947135e-05, "grad_norm": 3.1096351146698, "examples_seen": 11188, "supervised_tokens_seen": 236667, "epoch": 0, "elapsed_seconds": 11.53056878701318}
{"event": "update", "optimizer_step": 360, "loss_main": 0.4125716874746118, "lr": 4.135238319482731e-05, "grad_norm": 1.8535897731781006, "examples_seen": 11508, "supervised_tokens_seen": 243766, "epoch": 0, "elapsed_seconds": 11.803424412035383}
{"event": "update", "optimizer_step": 370, "loss_main": 0.25707525693166305, "lr": 4.072516817658065e-05, "grad_norm": 2.096125841140747, "examples_seen": 11828, "supervised_tokens_seen": 250907, "epoch": 0, "elapsed_seconds": 12.08672124898294}
{"event": "update", "optimizer_step": 380, "loss_main": 1.30533212043572, "lr": 4.0081840328091804e-05, "grad_norm": 4.800732135772705, "examples_seen": 12148, "supervised_tokens_seen": 258245, "epoch": 0, "elapsed_seconds": 12.384689309983514}
{"event": "update", "optimizer_step": 390, "loss_main": 0.3145976354862175, "lr": 3.9423183445247117e-05, "grad_norm": 1.2887417078018188, "examples_seen": 12468, "supervised_tokens_seen": 265072, "epoch": 0, "elapsed_seconds": 12.66312973498134}
{"event": "update", "optimizer_step": 400, "loss_main": 0.33335631789423487, "lr": 3.875e-05, "grad_norm": 2.0768463611602783, "examples_seen": 12788, "supervised_tokens_seen": 271908, "epoch": 0, "elapsed_seconds": 12.926995897025336}
{"event": "evaluation", "optimizer_step": 400, "loss": 0.43698246687678044, "perplexity": 1.5480289350363332, "supervised_tokens": 9803.0, "elapsed_seconds": 12.926995897025336}
{"event": "update", "optimizer_step": 410, "loss_main": 1.0742894895029385, "lr": 3.806311016268254e-05, "grad_norm": 4.09616756439209, "examples_seen": 13108, "supervised_tokens_seen": 279239, "epoch": 0, "elapsed_seconds": 13.75965649902355}
{"event": "update", "optimizer_step": 420, "loss_main": 0.3467338885650162, "lr": 3.7363350802754244e-05, "grad_norm": 1.8007584810256958, "examples_seen": 13428, "supervised_tokens_seen": 286391, "epoch": 0, "elapsed_seconds": 14.050466148997657}
{"event": "update", "optimizer_step": 430, "loss_main": 0.37813163441485587, "lr": 3.665157446920551e-05, "grad_norm": 2.8997766971588135, "examples_seen": 13748, "supervised_tokens_seen": 293269, "epoch": 0, "elapsed_seconds": 14.349076627986506}
{"event": "update", "optimizer_step": 440, "loss_main": 1.1782233516930203, "lr": 3.5928648351858027e-05, "grad_norm": 4.322544097900391, "examples_seen": 14068, "supervised_tokens_seen": 300357, "epoch": 0, "elapsed_seconds": 14.62666240701219}
{"event": "update", "optimizer_step": 450, "loss_main": 0.4323737441021719, "lr": 3.519545322482755e-05, "grad_norm": 1.7806077003479004, "examples_seen": 14388, "supervised_tokens_seen": 307024, "epoch": 0, "elapsed_seconds": 14.889183569001034}
{"event": "update", "optimizer_step": 460, "loss_main": 0.495003000327519, "lr": 3.4452882373436316e-05, "grad_norm": 2.0821945667266846, "examples_seen": 14708, "supervised_tokens_seen": 313786, "epoch": 0, "elapsed_seconds": 15.152393056021538}
{"event": "update", "optimizer_step": 470, "loss_main": 0.3126342795018492, "lr": 3.370184050588248e-05, "grad_norm": 1.696919560432434, "examples_seen": 15028, "supervised_tokens_seen": 320441, "epoch": 0, "elapsed_seconds": 15.412261338031385}
{"event": "update", "optimizer_step": 480, "loss_main": 0.4596485063023523, "lr": 3.294324265099252e-05, "grad_norm": 1.8660178184509277, "examples_seen": 15348, "supervised_tokens_seen": 327101, "epoch": 0, "elapsed_seconds": 15.673715933982749}
{"event": "update", "optimizer_step": 490, "loss_main": 0.35655139699508764, "lr": 3.217801304339959e-05, "grad_norm": 1.317304015159607, "examples_seen": 15668, "supervised_tokens_seen": 334127, "epoch": 0, "elapsed_seconds": 15.948277247021906}
{"event": "update", "optimizer_step": 500, "loss_main": 0.39514904056521627, "lr": 3.140708399750594e-05, "grad_norm": 1.610499620437622, "examples_seen": 15988, "supervised_tokens_seen": 340856, "epoch": 0, "elapsed_seconds": 16.211494972987566}
{"event": "evaluation", "optimizer_step": 500, "loss": 0.429113759170816, "perplexity": 1.5358957466862013, "supervised_tokens": 9803.0, "elapsed_seconds": 16.211494972987566}
{"event": "update", "optimizer_step": 510, "loss_main": 0.2781694092998692, "lr": 3.0631394771601475e-05, "grad_norm": 1.4626795053482056, "examples_seen": 16308, "supervised_tokens_seen": 347415, "epoch": 0, "elapsed_seconds": 17.023839147994295}
{"event": "update", "optimizer_step": 520, "loss_main": 0.3719112964995525, "lr": 2.9851890423522204e-05, "grad_norm": 3.234488010406494, "examples_seen": 16628, "supervised_tokens_seen": 354079, "epoch": 0, "elapsed_seconds": 17.288372241018806}
{"event": "update", "optimizer_step": 530, "loss_main": 0.3031856124683962, "lr": 2.906952065924282e-05, "grad_norm": 1.3868502378463745, "examples_seen": 16948, "supervised_tokens_seen": 360785, "epoch": 0, "elapsed_seconds": 17.546203871024773}
{"event": "update", "optimizer_step": 540, "loss_main": 1.0560545894269375, "lr": 2.828523867580628e-05, "grad_norm": 4.094676494598389, "examples_seen": 17268, "supervised_tokens_seen": 367886, "epoch": 0, "elapsed_seconds": 17.82220864802366}
{"event": "update", "optimizer_step": 550, "loss_main": 2.028263508347032, "lr": 2.7500000000000004e-05, "grad_norm": 5.87806510925293, "examples_seen": 17588, "supervised_tokens_seen": 374903, "epoch": 0, "elapsed_seconds": 18.10219759203028}
{"event": "update", "optimizer_step": 560, "loss_main": 0.39249551481185074, "lr": 2.6714761324193736e-05, "grad_norm": 1.9021064043045044, "examples_seen": 17908, "supervised_tokens_seen": 381435, "epoch": 0, "elapsed_seconds": 18.359399969980586}
{"event": "update", "optimizer_step": 570, "loss_main": 0.9290562807503393, "lr": 2.593047934075718e-05, "grad_norm": 4.078280448913574, "examples_seen": 18228, "supervised_tokens_seen": 388096, "epoch": 0, "elapsed_seconds": 18.63579246099107}
{"event": "update", "optimizer_step": 580, "loss_main": 0.4172485023736954, "lr": 2.5148109576477802e-05, "grad_norm": 1.786279559135437, "examples_seen": 18548, "supervised_tokens_seen": 394713, "epoch": 0, "elapsed_seconds": 18.894979106029496}
{"event": "update", "optimizer_step": 590, "loss_main": 0.3661399138308017, "lr": 2.4368605228398534e-05, "grad_norm": 1.432727336883545, "examples_seen": 18868, "supervised_tokens_seen": 401422, "epoch": 0, "elapsed_seconds": 19.148906744027045}
{"event": "update", "optimizer_step": 600, "loss_main": 0.32347103492135093, "lr": 2.359291600249407e-05, "grad_norm": 2.3177943229675293, "examples_seen": 19188, "supervised_tokens_seen": 408251, "epoch": 0, "elapsed_seconds": 19.41175974701764}
{"event": "evaluation", "optimizer_step": 600, "loss": 0.4154722802413187, "perplexity": 1.5150861169866559, "supervised_tokens": 9803.0, "elapsed_seconds": 19.41175974701764}
{"event": "update", "optimizer_step": 610, "loss_main": 0.4245868512192128, "lr": 2.282198695660042e-05, "grad_norm": 2.510615348815918, "examples_seen": 19508, "supervised_tokens_seen": 414667, "epoch": 0, "elapsed_seconds": 20.21314185502706}
{"event": "update", "optimizer_step": 620, "loss_main": 1.158929053105806, "lr": 2.205675734900748e-05, "grad_norm": 4.5697150230407715, "examples_seen": 19828, "supervised_tokens_seen": 421277, "epoch": 0, "elapsed_seconds": 20.473833916010335}
{"event": "update", "optimizer_step": 630, "loss_main": 0.3810342890257759, "lr": 2.129815949411752e-05, "grad_norm": 1.5469154119491577, "examples_seen": 20148, "supervised_tokens_seen": 427997, "epoch": 0, "elapsed_seconds": 20.73913096502656}
{"event": "update", "optimizer_step": 640, "loss_main": 0.3137647801795158, "lr": 2.054711762656369e-05, "grad_norm": 1.8428336381912231, "examples_seen": 20468, "supervised_tokens_seen": 434768, "epoch": 0, "elapsed_seconds": 21.00956281198887}
{"event": "update", "optimizer_step": 650, "loss_main": 1.1115872185458782, "lr": 1.9804546775172457e-05, "grad_norm": 3.9403209686279297, "examples_seen": 20788, "supervised_tokens_seen": 441737, "epoch": 0, "elapsed_seconds": 21.282449921010993}
{"event": "update", "optimizer_step": 660, "loss_main": 1.2945517192543827, "lr": 1.907135164814198e-05, "grad_norm": 4.513298511505127, "examples_seen": 21108, "supervised_tokens_seen": 448667, "epoch": 0, "elapsed_seconds": 21.55027708102716}
{"event": "update", "optimizer_step": 670, "loss_main": 1.0502125837013756, "lr": 1.83484255307945e-05, "grad_norm": 3.9070262908935547, "examples_seen": 21428, "supervised_tokens_seen": 455358, "epoch": 0, "elapsed_seconds": 21.821378195018042}
{"event": "update", "optimizer_step": 680, "loss_main": 0.9465635765634686, "lr": 1.7636649197245758e-05, "grad_norm": 4.012900352478027, "examples_seen": 21748, "supervised_tokens_seen": 462103, "epoch": 0, "elapsed_seconds": 22.08890671300469}
{"event": "update", "optimizer_step": 690, "loss_main": 1.0859197877516575, "lr": 1.6936889837317466e-05, "grad_norm": 3.5772385597229004, "examples_seen": 22068, "supervised_tokens_seen": 468798, "epoch": 0, "elapsed_seconds": 22.345794495020527}
{"event": "update", "optimizer_step": 700, "loss_main": 0.21902953466026817, "lr": 1.6250000000000005e-05, "grad_norm": 1.8402175903320312, "examples_seen": 22388, "supervised_tokens_seen": 474923, "epoch": 0, "elapsed_seconds": 22.600218967010733}
{"event": "evaluation", "optimizer_step": 700, "loss": 0.40586079163665884, "perplexity": 1.5005936427323219, "supervised_tokens": 9803.0, "elapsed_seconds": 22.600218967010733}
{"event": "update", "optimizer_step": 710, "loss_main": 1.053122756734082, "lr": 1.5576816554752892e-05, "grad_norm": 4.132457733154297, "examples_seen": 22708, "supervised_tokens_seen": 482025, "epoch": 0, "elapsed_seconds": 23.39212932001101}
{"event": "update", "optimizer_step": 720, "loss_main": 0.31834655634143894, "lr": 1.49181596719082e-05, "grad_norm": 1.698625087738037, "examples_seen": 23028, "supervised_tokens_seen": 488699, "epoch": 0, "elapsed_seconds": 23.67401660903124}
{"event": "update", "optimizer_step": 730, "loss_main": 1.7234435797520227, "lr": 1.427483182341936e-05, "grad_norm": 4.661952495574951, "examples_seen": 23348, "supervised_tokens_seen": 495767, "epoch": 0, "elapsed_seconds": 23.960334228002466}
{"event": "update", "optimizer_step": 740, "loss_main": 0.9784291334858762, "lr": 1.364761680517269e-05, "grad_norm": 3.8726108074188232, "examples_seen": 23668, "supervised_tokens_seen": 503049, "epoch": 0, "elapsed_seconds": 24.238396390981507}
{"event": "update", "optimizer_step": 750, "loss_main": 0.4590986021559873, "lr": 1.3037278782052863e-05, "grad_norm": 1.7839020490646362, "examples_seen": 23988, "supervised_tokens_seen": 510181, "epoch": 1, "elapsed_seconds": 24.53080059000058}
{"event": "update", "optimizer_step": 760, "loss_main": 0.25585628611241384, "lr": 1.2444561356925697e-05, "grad_norm": 1.618692398071289, "examples_seen": 24308, "supervised_tokens_seen": 516840, "epoch": 1, "elapsed_seconds": 24.79814800102031}
{"event": "update", "optimizer_step": 770, "loss_main": 0.25369378696713185, "lr": 1.187018666467256e-05, "grad_norm": 1.3334009647369385, "examples_seen": 24628, "supervised_tokens_seen": 523626, "epoch": 1, "elapsed_seconds": 25.073415282997303}
{"event": "update", "optimizer_step": 780, "loss_main": 0.3649001704279784, "lr": 1.1314854492380354e-05, "grad_norm": 1.7852810621261597, "examples_seen": 24948, "supervised_tokens_seen": 530721, "epoch": 1, "elapsed_seconds": 25.361497584031895}
{"event": "update", "optimizer_step": 790, "loss_main": 0.9185941619741405, "lr": 1.0779241426758628e-05, "grad_norm": 3.745974063873291, "examples_seen": 25268, "supervised_tokens_seen": 537467, "epoch": 1, "elapsed_seconds": 25.631969206035137}
{"event": "update", "optimizer_step": 800, "loss_main": 1.1641936139704678, "lr": 1.0264000029822999e-05, "grad_norm": 5.05396032333374, "examples_seen": 25588, "supervised_tokens_seen": 544337, "epoch": 1, "elapsed_seconds": 25.904463974991813}
{"event": "evaluation", "optimizer_step": 800, "loss": 0.40057823333882026, "perplexity": 1.4926875698638231, "supervised_tokens": 9803.0, "elapsed_seconds": 25.904463974991813}
{"event": "update", "optimizer_step": 810, "loss_main": 0.3587501037225849, "lr": 9.769758043848759e-06, "grad_norm": 2.97712779045105, "examples_seen": 25908, "supervised_tokens_seen": 550889, "epoch": 1, "elapsed_seconds": 26.73555081000086}
{"event": "update", "optimizer_step": 820, "loss_main": 1.055826742109591, "lr": 9.297117626563687e-06, "grad_norm": 4.013633728027344, "examples_seen": 26228, "supervised_tokens_seen": 557320, "epoch": 1, "elapsed_seconds": 26.99955140100792}
{"event": "update", "optimizer_step": 830, "loss_main": 0.29641970555365005, "lr": 8.846654617511564e-06, "grad_norm": 1.4919453859329224, "examples_seen": 26548, "supervised_tokens_seen": 564035, "epoch": 1, "elapsed_seconds": 27.26038979802979}
{"event": "update", "optimizer_step": 840, "loss_main": 0.39445212659273043, "lr": 8.418917836480417e-06, "grad_norm": 2.1190507411956787, "examples_seen": 26868, "supervised_tokens_seen": 570981, "epoch": 1, "elapsed_seconds": 27.541987259988673}
{"event": "update", "optimizer_step": 850, "loss_main": 0.3896225469327101, "lr": 8.01442841485013e-06, "grad_norm": 1.7344567775726318, "examples_seen": 27188, "supervised_tokens_seen": 577732, "epoch": 1, "elapsed_seconds": 27.80048833001638}
{"event": "update", "optimizer_step": 860, "loss_main": 0.34078478577784904, "lr": 7.633679160674144e-06, "grad_norm": 1.7744362354278564, "examples_seen": 27508, "supervised_tokens_seen": 584543, "epoch": 1, "elapsed_seconds": 28.066356484021526}
{"event": "update", "optimizer_step": 870, "loss_main": 0.2935881394114198, "lr": 7.277133958268747e-06, "grad_norm": 1.6633002758026123, "examples_seen": 27828, "supervised_tokens_seen": 591301, "epoch": 1, "elapsed_seconds": 28.328040341031738}
{"event": "update", "optimizer_step": 880, "loss_main": 0.4486357569694519, "lr": 6.94522720304148e-06, "grad_norm": 1.655349612236023, "examples_seen": 28148, "supervised_tokens_seen": 598310, "epoch": 1, "elapsed_seconds": 28.60542673798045}
{"event": "update", "optimizer_step": 890, "loss_main": 0.2668916134001768, "lr": 6.638363272247286e-06, "grad_norm": 1.417016625404358, "examples_seen": 28468, "supervised_tokens_seen": 605307, "epoch": 1, "elapsed_seconds": 28.87391388299875}
{"event": "update", "optimizer_step": 900, "loss_main": 1.0643663970934154, "lr": 6.356916032317063e-06, "grad_norm": 4.098394870758057, "examples_seen": 28788, "supervised_tokens_seen": 612239, "epoch": 1, "elapsed_seconds": 29.1434738659882}
{"event": "evaluation", "optimizer_step": 900, "loss": 0.39444284706070487, "perplexity": 1.483557392253941, "supervised_tokens": 9803.0, "elapsed_seconds": 29.1434738659882}
{"event": "update", "optimizer_step": 910, "loss_main": 0.29874099006132826, "lr": 6.1012283833590465e-06, "grad_norm": 1.7782763242721558, "examples_seen": 29108, "supervised_tokens_seen": 619052, "epoch": 1, "elapsed_seconds": 29.961452205025125}
{"event": "update", "optimizer_step": 920, "loss_main": 1.2090472024940728, "lr": 5.871611841387825e-06, "grad_norm": 4.14237117767334, "examples_seen": 29428, "supervised_tokens_seen": 626233, "epoch": 1, "elapsed_seconds": 30.234645168995485}
{"event": "update", "optimizer_step": 930, "loss_main": 0.32698446758209715, "lr": 5.66834615879008e-06, "grad_norm": 1.9675978422164917, "examples_seen": 29748, "supervised_tokens_seen": 633087, "epoch": 1, "elapsed_seconds": 30.502456773014273}
{"event": "update", "optimizer_step": 940, "loss_main": 0.3642548767160207, "lr": 5.491678983489372e-06, "grad_norm": 1.512598991394043, "examples_seen": 30068, "supervised_tokens_seen": 640050, "epoch": 1, "elapsed_seconds": 30.760461263998877}
{"event": "update", "optimizer_step": 950, "loss_main": 0.27912884373818675, "lr": 5.341825557225321e-06, "grad_norm": 1.9379397630691528, "examples_seen": 30388, "supervised_tokens_seen": 646887, "epoch": 1, "elapsed_seconds": 31.035924305033404}
{"event": "update", "optimizer_step": 960, "loss_main": 0.3741746430681489, "lr": 5.218968453314668e-06, "grad_norm": 1.7530826330184937, "examples_seen": 30708, "supervised_tokens_seen": 653419, "epoch": 1, "elapsed_seconds": 31.291883728001267}
{"event": "update", "optimizer_step": 970, "loss_main": 1.1210491387513433, "lr": 5.123257354213851e-06, "grad_norm": 4.487141132354736, "examples_seen": 31028, "supervised_tokens_seen": 660485, "epoch": 1, "elapsed_seconds": 31.59436446300242}
{"event": "update", "optimizer_step": 980, "loss_main": 0.768536122689336, "lr": 5.054808869153956e-06, "grad_norm": 3.7530179023742676, "examples_seen": 31348, "supervised_tokens_seen": 667643, "epoch": 1, "elapsed_seconds": 31.889623476017732}
{"event": "update", "optimizer_step": 990, "loss_main": 1.2857160156394145, "lr": 5.0137063920703455e-06, "grad_norm": 4.2722978591918945, "examples_seen": 31668, "supervised_tokens_seen": 674373, "epoch": 1, "elapsed_seconds": 32.15608030400472}
{"event": "update", "optimizer_step": 1000, "loss_main": 0.23004908404416508, "lr": 5e-06, "grad_norm": 1.8897433280944824, "examples_seen": 31988, "supervised_tokens_seen": 681348, "epoch": 1, "elapsed_seconds": 32.43214872397948}
{"event": "evaluation", "optimizer_step": 1000, "loss": 0.39236519071419335, "perplexity": 1.4804782696094883, "supervised_tokens": 9803.0, "elapsed_seconds": 32.43214872397948}
{"event": "complete", "optimizer_step": 1000, "evaluation": {"loss": 0.39236519071419335, "perplexity": 1.4804782696094883, "supervised_tokens": 9803.0}, "elapsed_seconds": 32.43214872397948}
