{"event": "start", "state": {"optimizer_step": 0, "examples_seen": 0, "supervised_tokens_seen": 0, "epoch": 0, "batch_in_epoch": 0, "elapsed_seconds": 0.0}, "evaluation": {"loss": 2.2581174011000877, "perplexity": 9.565065025079319, "supervised_tokens": 9803.0}, "target_updates": 1000, "settings": {"max_sequence_length": 512, "microbatch_size": 16, "gradient_accumulation": 2, "learning_rate": 5e-05, "warmup_updates": 100, "weight_decay": 0.01, "grad_clip": 1.0, "planned_total_updates": 1000, "checkpoint_updates": 100, "min_lr_ratio": 0.1, "seed": 2027}, "parameters": 71224960, "train_examples": 23780, "heldout_examples": 1222, "device": "cuda", "precision": "bf16-autocast"}
{"event": "update", "optimizer_step": 1, "loss_main": 2.7218147893026083, "lr": 5e-07, "grad_norm": 23.338390350341797, "examples_seen": 32, "supervised_tokens_seen": 579, "epoch": 0, "elapsed_seconds": 0.35467940696980804}
{"event": "update", "optimizer_step": 10, "loss_main": 1.4885941771805986, "lr": 5e-06, "grad_norm": 17.539426803588867, "examples_seen": 320, "supervised_tokens_seen": 6491, "epoch": 0, "elapsed_seconds": 1.3828571409685537}
{"event": "update", "optimizer_step": 20, "loss_main": 1.0168662514797477, "lr": 1e-05, "grad_norm": 11.416571617126465, "examples_seen": 640, "supervised_tokens_seen": 13620, "epoch": 0, "elapsed_seconds": 2.51136098097777}
{"event": "update", "optimizer_step": 30, "loss_main": 0.3859669901550391, "lr": 1.5e-05, "grad_norm": 3.3400442600250244, "examples_seen": 960, "supervised_tokens_seen": 20206, "epoch": 0, "elapsed_seconds": 3.5498109979671426}
{"event": "update", "optimizer_step": 40, "loss_main": 1.3828288460692757, "lr": 2e-05, "grad_norm": 6.611527919769287, "examples_seen": 1280, "supervised_tokens_seen": 27073, "epoch": 0, "elapsed_seconds": 4.685867705964483}
{"event": "update", "optimizer_step": 50, "loss_main": 0.32542565011758406, "lr": 2.5e-05, "grad_norm": 2.590285301208496, "examples_seen": 1600, "supervised_tokens_seen": 33521, "epoch": 0, "elapsed_seconds": 5.768924731994048}
{"event": "update", "optimizer_step": 60, "loss_main": 0.37505992394168275, "lr": 3e-05, "grad_norm": 2.1415393352508545, "examples_seen": 1920, "supervised_tokens_seen": 40471, "epoch": 0, "elapsed_seconds": 6.8736203399603255}
{"event": "update", "optimizer_step": 70, "loss_main": 0.2108141475757539, "lr": 3.5000000000000004e-05, "grad_norm": 3.2072367668151855, "examples_seen": 2240, "supervised_tokens_seen": 46702, "epoch": 0, "elapsed_seconds": 7.886848393944092}
{"event": "update", "optimizer_step": 80, "loss_main": 0.29132342055523197, "lr": 4e-05, "grad_norm": 2.4533450603485107, "examples_seen": 2560, "supervised_tokens_seen": 53496, "epoch": 0, "elapsed_seconds": 8.999898055975791}
{"event": "update", "optimizer_step": 90, "loss_main": 0.6500362880732246, "lr": 4.5e-05, "grad_norm": 3.089695453643799, "examples_seen": 2880, "supervised_tokens_seen": 59750, "epoch": 0, "elapsed_seconds": 9.986871597997379}
{"event": "update", "optimizer_step": 100, "loss_main": 0.4059953913092613, "lr": 5e-05, "grad_norm": 2.709548234939575, "examples_seen": 3200, "supervised_tokens_seen": 66413, "epoch": 0, "elapsed_seconds": 11.057795077969786}
{"event": "evaluation", "optimizer_step": 100, "loss": 0.3992268483510835, "perplexity": 1.4906717366806617, "supervised_tokens": 9803.0, "elapsed_seconds": 11.057795077969786}
{"event": "update", "optimizer_step": 110, "loss_main": 0.3268138558924699, "lr": 4.9986293607929655e-05, "grad_norm": 2.96175217628479, "examples_seen": 3520, "supervised_tokens_seen": 73039, "epoch": 0, "elapsed_seconds": 14.87878633197397}
{"event": "update", "optimizer_step": 120, "loss_main": 1.6217010267769418, "lr": 4.9945191130846044e-05, "grad_norm": 4.57021427154541, "examples_seen": 3840, "supervised_tokens_seen": 80223, "epoch": 0, "elapsed_seconds": 16.120014398999047}
{"event": "update", "optimizer_step": 130, "loss_main": 0.48560378189022474, "lr": 4.987674264578615e-05, "grad_norm": 3.5831127166748047, "examples_seen": 4160, "supervised_tokens_seen": 87417, "epoch": 0, "elapsed_seconds": 17.288114092953037}
{"event": "update", "optimizer_step": 140, "loss_main": 0.3035683226830597, "lr": 4.978103154668534e-05, "grad_norm": 1.8387560844421387, "examples_seen": 4480, "supervised_tokens_seen": 94663, "epoch": 0, "elapsed_seconds": 18.635314698971342}
{"event": "update", "optimizer_step": 150, "loss_main": 0.43274127225452497, "lr": 4.965817444277468e-05, "grad_norm": 3.4914019107818604, "examples_seen": 4800, "supervised_tokens_seen": 101460, "epoch": 0, "elapsed_seconds": 19.672690868959762}
{"event": "update", "optimizer_step": 160, "loss_main": 0.9844490481519151, "lr": 4.950832101651063e-05, "grad_norm": 3.417738914489746, "examples_seen": 5120, "supervised_tokens_seen": 108317, "epoch": 0, "elapsed_seconds": 20.76302451599622}
{"event": "update", "optimizer_step": 170, "loss_main": 0.29236838635708334, "lr": 4.933165384120992e-05, "grad_norm": 1.7354235649108887, "examples_seen": 5440, "supervised_tokens_seen": 115165, "epoch": 0, "elapsed_seconds": 21.798581131966785}
{"event": "update", "optimizer_step": 180, "loss_main": 0.940656000015621, "lr": 4.9128388158612174e-05, "grad_norm": 3.741452693939209, "examples_seen": 5760, "supervised_tokens_seen": 122338, "epoch": 0, "elapsed_seconds": 22.968650899943896}
{"event": "update", "optimizer_step": 190, "loss_main": 0.22747030520490163, "lr": 4.889877161664096e-05, "grad_norm": 1.5169490575790405, "examples_seen": 6080, "supervised_tokens_seen": 129040, "epoch": 0, "elapsed_seconds": 24.15465275599854}
{"event": "update", "optimizer_step": 200, "loss_main": 1.0193057369440794, "lr": 4.864308396768294e-05, "grad_norm": 3.4530346393585205, "examples_seen": 6388, "supervised_tokens_seen": 135857, "epoch": 0, "elapsed_seconds": 25.277048470976297}
{"event": "evaluation", "optimizer_step": 200, "loss": 0.3810679228189927, "perplexity": 1.463847030649965, "supervised_tokens": 9803.0, "elapsed_seconds": 25.277048470976297}
{"event": "update", "optimizer_step": 210, "loss_main": 0.28346542586946183, "lr": 4.836163672775272e-05, "grad_norm": 1.5956498384475708, "examples_seen": 6708, "supervised_tokens_seen": 142152, "epoch": 0, "elapsed_seconds": 28.87706954596797}
{"event": "update", "optimizer_step": 220, "loss_main": 0.21042030424056493, "lr": 4.805477279695852e-05, "grad_norm": 1.6250468492507935, "examples_seen": 7028, "supervised_tokens_seen": 149060, "epoch": 0, "elapsed_seconds": 29.92588055296801}
{"event": "update", "optimizer_step": 230, "loss_main": 0.30048924763297197, "lr": 4.7722866041731264e-05, "grad_norm": 1.7499113082885742, "examples_seen": 7348, "supervised_tokens_seen": 155882, "epoch": 0, "elapsed_seconds": 30.959258176968433}
{"event": "update", "optimizer_step": 240, "loss_main": 0.3090233367223006, "lr": 4.7366320839325864e-05, "grad_norm": 1.8604656457901, "examples_seen": 7668, "supervised_tokens_seen": 162539, "epoch": 0, "elapsed_seconds": 32.077906719991006}
{"event": "update", "optimizer_step": 250, "loss_main": 0.32987515651107036, "lr": 4.6985571585149876e-05, "grad_norm": 1.9729654788970947, "examples_seen": 7988, "supervised_tokens_seen": 169591, "epoch": 0, "elapsed_seconds": 33.17322462896118}
{"event": "update", "optimizer_step": 260, "loss_main": 0.860015498706765, "lr": 4.6581082163519586e-05, "grad_norm": 3.179419994354248, "examples_seen": 8308, "supervised_tokens_seen": 176256, "epoch": 0, "elapsed_seconds": 34.19576011697063}
{"event": "update", "optimizer_step": 270, "loss_main": 0.22233572646901134, "lr": 4.615334538248844e-05, "grad_norm": 1.4876997470855713, "examples_seen": 8628, "supervised_tokens_seen": 182979, "epoch": 0, "elapsed_seconds": 35.273421054997016}
{"event": "update", "optimizer_step": 280, "loss_main": 0.12714087507668165, "lr": 4.570288237343632e-05, "grad_norm": 1.2171820402145386, "examples_seen": 8948, "supervised_tokens_seen": 189381, "epoch": 0, "elapsed_seconds": 36.30604933697032}
{"event": "update", "optimizer_step": 290, "loss_main": 0.32906439566203344, "lr": 4.523024195615124e-05, "grad_norm": 1.5965968370437622, "examples_seen": 9268, "supervised_tokens_seen": 195867, "epoch": 0, "elapsed_seconds": 37.28654092998477}
{"event": "update", "optimizer_step": 300, "loss_main": 0.2568861754249326, "lr": 4.473599997017701e-05, "grad_norm": 1.8561103343963623, "examples_seen": 9588, "supervised_tokens_seen": 202501, "epoch": 0, "elapsed_seconds": 38.373359157994855}
{"event": "evaluation", "optimizer_step": 300, "loss": 0.33755036237427594, "perplexity": 1.4015101899953697, "supervised_tokens": 9803.0, "elapsed_seconds": 38.373359157994855}
{"event": "update", "optimizer_step": 310, "loss_main": 0.33203609633927395, "lr": 4.422075857324137e-05, "grad_norm": 2.0084354877471924, "examples_seen": 9908, "supervised_tokens_seen": 209802, "epoch": 0, "elapsed_seconds": 42.27310224896064}
{"event": "update", "optimizer_step": 320, "loss_main": 0.3977992150480348, "lr": 4.368514550761965e-05, "grad_norm": 2.011591672897339, "examples_seen": 10228, "supervised_tokens_seen": 216277, "epoch": 0, "elapsed_seconds": 43.271499201946426}
{"event": "update", "optimizer_step": 330, "loss_main": 0.3147483336008512, "lr": 4.312981333532744e-05, "grad_norm": 1.6746509075164795, "examples_seen": 10548, "supervised_tokens_seen": 222897, "epoch": 0, "elapsed_seconds": 44.2958202699665}
{"event": "update", "optimizer_step": 340, "loss_main": 0.2787947616241926, "lr": 4.255543864307431e-05, "grad_norm": 2.620478630065918, "examples_seen": 10868, "supervised_tokens_seen": 229796, "epoch": 0, "elapsed_seconds": 45.36416717595421}
{"event": "update", "optimizer_step": 350, "loss_main": 0.23992679119110108, "lr": 4.1962721217947135e-05, "grad_norm": 2.063167095184326, "examples_seen": 11188, "supervised_tokens_seen": 236667, "epoch": 0, "elapsed_seconds": 46.44957406196045}
{"event": "update", "optimizer_step": 360, "loss_main": 0.3041445580942774, "lr": 4.135238319482731e-05, "grad_norm": 1.7345929145812988, "examples_seen": 11508, "supervised_tokens_seen": 243766, "epoch": 0, "elapsed_seconds": 47.564557150995824}
{"event": "update", "optimizer_step": 370, "loss_main": 0.19043606443391586, "lr": 4.072516817658065e-05, "grad_norm": 1.3415299654006958, "examples_seen": 11828, "supervised_tokens_seen": 250907, "epoch": 0, "elapsed_seconds": 48.75000582594657}
{"event": "update", "optimizer_step": 380, "loss_main": 1.026978338317858, "lr": 4.0081840328091804e-05, "grad_norm": 3.562011957168579, "examples_seen": 12148, "supervised_tokens_seen": 258245, "epoch": 0, "elapsed_seconds": 50.04848508996656}
{"event": "update", "optimizer_step": 390, "loss_main": 0.2232944246376222, "lr": 3.9423183445247117e-05, "grad_norm": 1.4255012273788452, "examples_seen": 12468, "supervised_tokens_seen": 265072, "epoch": 0, "elapsed_seconds": 51.18002286297269}
{"event": "update", "optimizer_step": 400, "loss_main": 0.17527224688789023, "lr": 3.875e-05, "grad_norm": 1.3906846046447754, "examples_seen": 12788, "supervised_tokens_seen": 271908, "epoch": 0, "elapsed_seconds": 52.24380683497293}
{"event": "evaluation", "optimizer_step": 400, "loss": 0.3141541045976515, "perplexity": 1.3691007050046426, "supervised_tokens": 9803.0, "elapsed_seconds": 52.24380683497293}
{"event": "update", "optimizer_step": 410, "loss_main": 0.8417785209930496, "lr": 3.806311016268254e-05, "grad_norm": 3.1558139324188232, "examples_seen": 13108, "supervised_tokens_seen": 279239, "epoch": 0, "elapsed_seconds": 56.358598519989755}
{"event": "update", "optimizer_step": 420, "loss_main": 0.21863404766094585, "lr": 3.7363350802754244e-05, "grad_norm": 1.5418570041656494, "examples_seen": 13428, "supervised_tokens_seen": 286391, "epoch": 0, "elapsed_seconds": 57.61452992394334}
{"event": "update", "optimizer_step": 430, "loss_main": 0.26983287754533913, "lr": 3.665157446920551e-05, "grad_norm": 1.763810157775879, "examples_seen": 13748, "supervised_tokens_seen": 293269, "epoch": 0, "elapsed_seconds": 58.77875210496131}
{"event": "update", "optimizer_step": 440, "loss_main": 0.9309807264105567, "lr": 3.5928648351858027e-05, "grad_norm": 3.2286431789398193, "examples_seen": 14068, "supervised_tokens_seen": 300357, "epoch": 0, "elapsed_seconds": 59.937348352978006}
{"event": "update", "optimizer_step": 450, "loss_main": 0.3139635247212869, "lr": 3.519545322482755e-05, "grad_norm": 1.7543385028839111, "examples_seen": 14388, "supervised_tokens_seen": 307024, "epoch": 0, "elapsed_seconds": 60.96526372799417}
{"event": "update", "optimizer_step": 460, "loss_main": 0.3708845913410187, "lr": 3.4452882373436316e-05, "grad_norm": 2.1274280548095703, "examples_seen": 14708, "supervised_tokens_seen": 313786, "epoch": 0, "elapsed_seconds": 62.010609611985274}
{"event": "update", "optimizer_step": 470, "loss_main": 0.23192662578718415, "lr": 3.370184050588248e-05, "grad_norm": 1.4137924909591675, "examples_seen": 15028, "supervised_tokens_seen": 320441, "epoch": 0, "elapsed_seconds": 63.02370392798912}
{"event": "update", "optimizer_step": 480, "loss_main": 0.35030997614248083, "lr": 3.294324265099252e-05, "grad_norm": 2.121603012084961, "examples_seen": 15348, "supervised_tokens_seen": 327101, "epoch": 0, "elapsed_seconds": 64.05023266194621}
{"event": "update", "optimizer_step": 490, "loss_main": 0.2902798463313798, "lr": 3.217801304339959e-05, "grad_norm": 1.4955955743789673, "examples_seen": 15668, "supervised_tokens_seen": 334127, "epoch": 0, "elapsed_seconds": 65.17861637397436}
{"event": "update", "optimizer_step": 500, "loss_main": 0.2889524612495368, "lr": 3.140708399750594e-05, "grad_norm": 1.7634623050689697, "examples_seen": 15988, "supervised_tokens_seen": 340856, "epoch": 0, "elapsed_seconds": 66.21848935098387}
{"event": "evaluation", "optimizer_step": 500, "loss": 0.3037741871499947, "perplexity": 1.3549630534725539, "supervised_tokens": 9803.0, "elapsed_seconds": 66.21848935098387}
{"event": "update", "optimizer_step": 510, "loss_main": 0.22459082978184214, "lr": 3.0631394771601475e-05, "grad_norm": 1.5642482042312622, "examples_seen": 16308, "supervised_tokens_seen": 347415, "epoch": 0, "elapsed_seconds": 69.93939686095109}
{"event": "update", "optimizer_step": 520, "loss_main": 0.26240937163037603, "lr": 2.9851890423522204e-05, "grad_norm": 1.736374020576477, "examples_seen": 16628, "supervised_tokens_seen": 354079, "epoch": 0, "elapsed_seconds": 71.00859695597319}
{"event": "update", "optimizer_step": 530, "loss_main": 0.22361723043150822, "lr": 2.906952065924282e-05, "grad_norm": 1.712767243385315, "examples_seen": 16948, "supervised_tokens_seen": 360785, "epoch": 0, "elapsed_seconds": 72.00902406097157}
{"event": "update", "optimizer_step": 540, "loss_main": 0.8242672866760554, "lr": 2.828523867580628e-05, "grad_norm": 2.953380823135376, "examples_seen": 17268, "supervised_tokens_seen": 367886, "epoch": 0, "elapsed_seconds": 73.15478574199369}
{"event": "update", "optimizer_step": 550, "loss_main": 1.617861642738698, "lr": 2.7500000000000004e-05, "grad_norm": 4.225386142730713, "examples_seen": 17588, "supervised_tokens_seen": 374903, "epoch": 0, "elapsed_seconds": 74.31287199899089}
{"event": "update", "optimizer_step": 560, "loss_main": 0.3067938505090006, "lr": 2.6714761324193736e-05, "grad_norm": 1.503730297088623, "examples_seen": 17908, "supervised_tokens_seen": 381435, "epoch": 0, "elapsed_seconds": 75.3226366819581}
{"event": "update", "optimizer_step": 570, "loss_main": 0.6486582732470022, "lr": 2.593047934075718e-05, "grad_norm": 2.863370418548584, "examples_seen": 18228, "supervised_tokens_seen": 388096, "epoch": 0, "elapsed_seconds": 76.44580630899873}
{"event": "update", "optimizer_step": 580, "loss_main": 0.2960875779390335, "lr": 2.5148109576477802e-05, "grad_norm": 1.9087255001068115, "examples_seen": 18548, "supervised_tokens_seen": 394713, "epoch": 0, "elapsed_seconds": 77.46986920497147}
{"event": "update", "optimizer_step": 590, "loss_main": 0.2858774701011515, "lr": 2.4368605228398534e-05, "grad_norm": 1.7014025449752808, "examples_seen": 18868, "supervised_tokens_seen": 401422, "epoch": 0, "elapsed_seconds": 78.44584754895186}
{"event": "update", "optimizer_step": 600, "loss_main": 0.21962956693910418, "lr": 2.359291600249407e-05, "grad_norm": 1.6256636381149292, "examples_seen": 19188, "supervised_tokens_seen": 408251, "epoch": 0, "elapsed_seconds": 79.50093417294556}
{"event": "evaluation", "optimizer_step": 600, "loss": 0.2906843309078754, "perplexity": 1.337342359663428, "supervised_tokens": 9803.0, "elapsed_seconds": 79.50093417294556}
{"event": "update", "optimizer_step": 610, "loss_main": 0.3234499307893078, "lr": 2.282198695660042e-05, "grad_norm": 2.130134344100952, "examples_seen": 19508, "supervised_tokens_seen": 414667, "epoch": 0, "elapsed_seconds": 83.12877058295999}
{"event": "update", "optimizer_step": 620, "loss_main": 0.9020140252008098, "lr": 2.205675734900748e-05, "grad_norm": 3.624244451522827, "examples_seen": 19828, "supervised_tokens_seen": 421277, "epoch": 0, "elapsed_seconds": 84.15013054898009}
{"event": "update", "optimizer_step": 630, "loss_main": 0.2913996497242129, "lr": 2.129815949411752e-05, "grad_norm": 1.4765833616256714, "examples_seen": 20148, "supervised_tokens_seen": 427997, "epoch": 0, "elapsed_seconds": 85.20590092299972}
{"event": "update", "optimizer_step": 640, "loss_main": 0.22696839225308785, "lr": 2.054711762656369e-05, "grad_norm": 1.4381756782531738, "examples_seen": 20468, "supervised_tokens_seen": 434768, "epoch": 0, "elapsed_seconds": 86.28119101095945}
{"event": "update", "optimizer_step": 650, "loss_main": 0.8698684807243265, "lr": 1.9804546775172457e-05, "grad_norm": 3.23538875579834, "examples_seen": 20788, "supervised_tokens_seen": 441737, "epoch": 0, "elapsed_seconds": 87.42070682998747}
{"event": "update", "optimizer_step": 660, "loss_main": 1.010211120627272, "lr": 1.907135164814198e-05, "grad_norm": 3.2835021018981934, "examples_seen": 21108, "supervised_tokens_seen": 448667, "epoch": 0, "elapsed_seconds": 88.51028471597238}
{"event": "update", "optimizer_step": 670, "loss_main": 0.7607298617211866, "lr": 1.83484255307945e-05, "grad_norm": 3.193525791168213, "examples_seen": 21428, "supervised_tokens_seen": 455358, "epoch": 0, "elapsed_seconds": 89.59392060298705}
{"event": "update", "optimizer_step": 680, "loss_main": 0.7383949725020441, "lr": 1.7636649197245758e-05, "grad_norm": 2.902656316757202, "examples_seen": 21748, "supervised_tokens_seen": 462103, "epoch": 0, "elapsed_seconds": 90.67759988398757}
{"event": "update", "optimizer_step": 690, "loss_main": 0.810844919829566, "lr": 1.6936889837317466e-05, "grad_norm": 2.738497495651245, "examples_seen": 22068, "supervised_tokens_seen": 468798, "epoch": 0, "elapsed_seconds": 91.64887899096357}
{"event": "update", "optimizer_step": 700, "loss_main": 0.1384187900283103, "lr": 1.6250000000000005e-05, "grad_norm": 1.211097240447998, "examples_seen": 22388, "supervised_tokens_seen": 474923, "epoch": 0, "elapsed_seconds": 92.60216970095644}
{"event": "evaluation", "optimizer_step": 700, "loss": 0.27871200610584934, "perplexity": 1.3214267262356691, "supervised_tokens": 9803.0, "elapsed_seconds": 92.60216970095644}
{"event": "update", "optimizer_step": 710, "loss_main": 0.7714777242156974, "lr": 1.5576816554752892e-05, "grad_norm": 2.860949754714966, "examples_seen": 22708, "supervised_tokens_seen": 482025, "epoch": 0, "elapsed_seconds": 96.79572268296033}
{"event": "update", "optimizer_step": 720, "loss_main": 0.24042832955979465, "lr": 1.49181596719082e-05, "grad_norm": 1.8493988513946533, "examples_seen": 23028, "supervised_tokens_seen": 488699, "epoch": 0, "elapsed_seconds": 97.94410099694505}
{"event": "update", "optimizer_step": 730, "loss_main": 1.38619857243949, "lr": 1.427483182341936e-05, "grad_norm": 3.5756216049194336, "examples_seen": 23348, "supervised_tokens_seen": 495767, "epoch": 0, "elapsed_seconds": 99.15917975298362}
{"event": "update", "optimizer_step": 740, "loss_main": 0.7255373679043108, "lr": 1.364761680517269e-05, "grad_norm": 2.881059408187866, "examples_seen": 23668, "supervised_tokens_seen": 503049, "epoch": 0, "elapsed_seconds": 100.3281450959621}
{"event": "update", "optimizer_step": 750, "loss_main": 0.327526202519163, "lr": 1.3037278782052863e-05, "grad_norm": 1.6411908864974976, "examples_seen": 23988, "supervised_tokens_seen": 510181, "epoch": 1, "elapsed_seconds": 101.50694008194841}
{"event": "update", "optimizer_step": 760, "loss_main": 0.15576517610837395, "lr": 1.2444561356925697e-05, "grad_norm": 1.2011767625808716, "examples_seen": 24308, "supervised_tokens_seen": 516840, "epoch": 1, "elapsed_seconds": 102.58198067598278}
{"event": "update", "optimizer_step": 770, "loss_main": 0.16847526199287838, "lr": 1.187018666467256e-05, "grad_norm": 1.3950375318527222, "examples_seen": 24628, "supervised_tokens_seen": 523626, "epoch": 1, "elapsed_seconds": 103.69147903798148}
{"event": "update", "optimizer_step": 780, "loss_main": 0.24528131866531008, "lr": 1.1314854492380354e-05, "grad_norm": 2.1093063354492188, "examples_seen": 24948, "supervised_tokens_seen": 530721, "epoch": 1, "elapsed_seconds": 104.92416961898562}
{"event": "update", "optimizer_step": 790, "loss_main": 0.5311962132987801, "lr": 1.0779241426758628e-05, "grad_norm": 2.421635627746582, "examples_seen": 25268, "supervised_tokens_seen": 537467, "epoch": 1, "elapsed_seconds": 106.01664577994961}
{"event": "update", "optimizer_step": 800, "loss_main": 0.770670135530885, "lr": 1.0264000029822999e-05, "grad_norm": 3.274442195892334, "examples_seen": 25588, "supervised_tokens_seen": 544337, "epoch": 1, "elapsed_seconds": 107.10895085299853}
{"event": "evaluation", "optimizer_step": 800, "loss": 0.2738039429763817, "perplexity": 1.3149569704148747, "supervised_tokens": 9803.0, "elapsed_seconds": 107.10895085299853}
{"event": "update", "optimizer_step": 810, "loss_main": 0.16799587037594832, "lr": 9.769758043848759e-06, "grad_norm": 1.7900364398956299, "examples_seen": 25908, "supervised_tokens_seen": 550889, "epoch": 1, "elapsed_seconds": 111.07526572298957}
{"event": "update", "optimizer_step": 820, "loss_main": 0.6833516082624449, "lr": 9.297117626563687e-06, "grad_norm": 2.917661428451538, "examples_seen": 26228, "supervised_tokens_seen": 557320, "epoch": 1, "elapsed_seconds": 112.10885223298101}
{"event": "update", "optimizer_step": 830, "loss_main": 0.2048849110444818, "lr": 8.846654617511564e-06, "grad_norm": 2.546287775039673, "examples_seen": 26548, "supervised_tokens_seen": 564035, "epoch": 1, "elapsed_seconds": 113.14476759795798}
{"event": "update", "optimizer_step": 840, "loss_main": 0.26380280349433327, "lr": 8.418917836480417e-06, "grad_norm": 1.7290446758270264, "examples_seen": 26868, "supervised_tokens_seen": 570981, "epoch": 1, "elapsed_seconds": 114.30147029599175}
{"event": "update", "optimizer_step": 850, "loss_main": 0.27606066414505565, "lr": 8.01442841485013e-06, "grad_norm": 1.6606907844543457, "examples_seen": 27188, "supervised_tokens_seen": 577732, "epoch": 1, "elapsed_seconds": 115.32588871999178}
{"event": "update", "optimizer_step": 860, "loss_main": 0.21062098684879033, "lr": 7.633679160674144e-06, "grad_norm": 1.5256729125976562, "examples_seen": 27508, "supervised_tokens_seen": 584543, "epoch": 1, "elapsed_seconds": 116.38923807698302}
{"event": "update", "optimizer_step": 870, "loss_main": 0.19540047721337464, "lr": 7.277133958268747e-06, "grad_norm": 1.414136528968811, "examples_seen": 27828, "supervised_tokens_seen": 591301, "epoch": 1, "elapsed_seconds": 117.44310334598413}
{"event": "update", "optimizer_step": 880, "loss_main": 0.3261122554540634, "lr": 6.94522720304148e-06, "grad_norm": 1.9103622436523438, "examples_seen": 28148, "supervised_tokens_seen": 598310, "epoch": 1, "elapsed_seconds": 118.58724179095589}
{"event": "update", "optimizer_step": 890, "loss_main": 0.18792145178936745, "lr": 6.638363272247286e-06, "grad_norm": 1.4226160049438477, "examples_seen": 28468, "supervised_tokens_seen": 605307, "epoch": 1, "elapsed_seconds": 119.69322141894372}
{"event": "update", "optimizer_step": 900, "loss_main": 0.6539370232570361, "lr": 6.356916032317063e-06, "grad_norm": 3.2488372325897217, "examples_seen": 28788, "supervised_tokens_seen": 612239, "epoch": 1, "elapsed_seconds": 120.79530497395899}
{"event": "evaluation", "optimizer_step": 900, "loss": 0.2671268142172296, "perplexity": 1.3062060813297405, "supervised_tokens": 9803.0, "elapsed_seconds": 120.79530497395899}
{"event": "update", "optimizer_step": 910, "loss_main": 0.19727929779654177, "lr": 6.1012283833590465e-06, "grad_norm": 1.4232183694839478, "examples_seen": 29108, "supervised_tokens_seen": 619052, "epoch": 1, "elapsed_seconds": 124.61679955298314}
{"event": "update", "optimizer_step": 920, "loss_main": 0.8159675091573878, "lr": 5.871611841387825e-06, "grad_norm": 2.976773500442505, "examples_seen": 29428, "supervised_tokens_seen": 626233, "epoch": 1, "elapsed_seconds": 125.72942523297388}
{"event": "update", "optimizer_step": 930, "loss_main": 0.19209606600186183, "lr": 5.66834615879008e-06, "grad_norm": 1.7087901830673218, "examples_seen": 29748, "supervised_tokens_seen": 633087, "epoch": 1, "elapsed_seconds": 126.81934963999083}
{"event": "update", "optimizer_step": 940, "loss_main": 0.2780010865336193, "lr": 5.491678983489372e-06, "grad_norm": 1.5281373262405396, "examples_seen": 30068, "supervised_tokens_seen": 640050, "epoch": 1, "elapsed_seconds": 127.83585232397309}
{"event": "update", "optimizer_step": 950, "loss_main": 0.13560808185608156, "lr": 5.341825557225321e-06, "grad_norm": 1.482297658920288, "examples_seen": 30388, "supervised_tokens_seen": 646887, "epoch": 1, "elapsed_seconds": 128.96195330499904}
{"event": "update", "optimizer_step": 960, "loss_main": 0.23334252357108626, "lr": 5.218968453314668e-06, "grad_norm": 1.7041150331497192, "examples_seen": 30708, "supervised_tokens_seen": 653419, "epoch": 1, "elapsed_seconds": 129.96253002999583}
{"event": "update", "optimizer_step": 970, "loss_main": 0.7570800711638737, "lr": 5.123257354213851e-06, "grad_norm": 3.3327486515045166, "examples_seen": 31028, "supervised_tokens_seen": 660485, "epoch": 1, "elapsed_seconds": 131.28242947696708}
{"event": "update", "optimizer_step": 980, "loss_main": 0.5199503994876553, "lr": 5.054808869153956e-06, "grad_norm": 2.755781412124634, "examples_seen": 31348, "supervised_tokens_seen": 667643, "epoch": 1, "elapsed_seconds": 132.54523241095012}
{"event": "update", "optimizer_step": 990, "loss_main": 0.8829650652875141, "lr": 5.0137063920703455e-06, "grad_norm": 3.1633694171905518, "examples_seen": 31668, "supervised_tokens_seen": 674373, "epoch": 1, "elapsed_seconds": 133.6392349129892}
{"event": "update", "optimizer_step": 1000, "loss_main": 0.11942452544139491, "lr": 5e-06, "grad_norm": 1.2730783224105835, "examples_seen": 31988, "supervised_tokens_seen": 681348, "epoch": 1, "elapsed_seconds": 134.77369063999504}
{"event": "evaluation", "optimizer_step": 1000, "loss": 0.26501512211749084, "perplexity": 1.3034506865637598, "supervised_tokens": 9803.0, "elapsed_seconds": 134.77369063999504}
{"event": "complete", "optimizer_step": 1000, "evaluation": {"loss": 0.26501512211749084, "perplexity": 1.3034506865637598, "supervised_tokens": 9803.0}, "elapsed_seconds": 134.77369063999504}
[20:48:08] sft rc=0
{"event": "evaluation_progress", "processed": 16, "total": 5024}
{"event": "evaluation_progress", "processed": 27, "total": 5024}
{"event": "evaluation_progress", "processed": 43, "total": 5024}
{"event": "evaluation_progress", "processed": 59, "total": 5024}
{"event": "evaluation_progress", "processed": 75, "total": 5024}
{"event": "evaluation_progress", "processed": 88, "total": 5024}
{"event": "evaluation_progress", "processed": 104, "total": 5024}
{"event": "evaluation_progress", "processed": 120, "total": 5024}
{"event": "evaluation_progress", "processed": 136, "total": 5024}
{"event": "evaluation_progress", "processed": 152, "total": 5024}
{"event": "evaluation_progress", "processed": 168, "total": 5024}
{"event": "evaluation_progress", "processed": 171, "total": 5024}
{"event": "evaluation_progress", "processed": 187, "total": 5024}
{"event": "evaluation_progress", "processed": 203, "total": 5024}
{"event": "evaluation_progress", "processed": 219, "total": 5024}
{"event": "evaluation_progress", "processed": 235, "total": 5024}
{"event": "evaluation_progress", "processed": 251, "total": 5024}
{"event": "evaluation_progress", "processed": 267, "total": 5024}
{"event": "evaluation_progress", "processed": 279, "total": 5024}
{"event": "evaluation_progress", "processed": 295, "total": 5024}
{"event": "evaluation_progress", "processed": 311, "total": 5024}
{"event": "evaluation_progress", "processed": 327, "total": 5024}
{"event": "evaluation_progress", "processed": 343, "total": 5024}
{"event": "evaluation_progress", "processed": 347, "total": 5024}
{"event": "evaluation_progress", "processed": 363, "total": 5024}
{"event": "evaluation_progress", "processed": 379, "total": 5024}
{"event": "evaluation_progress", "processed": 395, "total": 5024}
{"event": "evaluation_progress", "processed": 411, "total": 5024}
{"event": "evaluation_progress", "processed": 427, "total": 5024}
{"event": "evaluation_progress", "processed": 443, "total": 5024}
{"event": "evaluation_progress", "processed": 459, "total": 5024}
{"event": "evaluation_progress", "processed": 469, "total": 5024}
{"event": "evaluation_progress", "processed": 485, "total": 5024}
{"event": "evaluation_progress", "processed": 501, "total": 5024}
{"event": "evaluation_progress", "processed": 517, "total": 5024}
{"event": "evaluation_progress", "processed": 533, "total": 5024}
{"event": "evaluation_progress", "processed": 549, "total": 5024}
{"event": "evaluation_progress", "processed": 565, "total": 5024}
{"event": "evaluation_progress", "processed": 581, "total": 5024}
{"event": "evaluation_progress", "processed": 597, "total": 5024}
{"event": "evaluation_progress", "processed": 599, "total": 5024}
{"event": "evaluation_progress", "processed": 615, "total": 5024}
{"event": "evaluation_progress", "processed": 631, "total": 5024}
{"event": "evaluation_progress", "processed": 644, "total": 5024}
{"event": "evaluation_progress", "processed": 660, "total": 5024}
{"event": "evaluation_progress", "processed": 676, "total": 5024}
{"event": "evaluation_progress", "processed": 692, "total": 5024}
{"event": "evaluation_progress", "processed": 708, "total": 5024}
{"event": "evaluation_progress", "processed": 724, "total": 5024}
{"event": "evaluation_progress", "processed": 740, "total": 5024}
{"event": "evaluation_progress", "processed": 743, "total": 5024}
{"event": "evaluation_progress", "processed": 759, "total": 5024}
{"event": "evaluation_progress", "processed": 775, "total": 5024}
{"event": "evaluation_progress", "processed": 791, "total": 5024}
{"event": "evaluation_progress", "processed": 807, "total": 5024}
{"event": "evaluation_progress", "processed": 823, "total": 5024}
{"event": "evaluation_progress", "processed": 839, "total": 5024}
{"event": "evaluation_progress", "processed": 855, "total": 5024}
{"event": "evaluation_progress", "processed": 871, "total": 5024}
{"event": "evaluation_progress", "processed": 876, "total": 5024}
{"event": "evaluation_progress", "processed": 891, "total": 5024}
{"event": "evaluation_progress", "processed": 907, "total": 5024}
{"event": "evaluation_progress", "processed": 923, "total": 5024}
{"event": "evaluation_progress", "processed": 939, "total": 5024}
{"event": "evaluation_progress", "processed": 955, "total": 5024}
{"event": "evaluation_progress", "processed": 962, "total": 5024}
{"event": "evaluation_progress", "processed": 978, "total": 5024}
{"event": "evaluation_progress", "processed": 989, "total": 5024}
{"event": "evaluation_progress", "processed": 1005, "total": 5024}
{"event": "evaluation_progress", "processed": 1021, "total": 5024}
{"event": "evaluation_progress", "processed": 1037, "total": 5024}
{"event": "evaluation_progress", "processed": 1053, "total": 5024}
{"event": "evaluation_progress", "processed": 1069, "total": 5024}
{"event": "evaluation_progress", "processed": 1085, "total": 5024}
{"event": "evaluation_progress", "processed": 1101, "total": 5024}
{"event": "evaluation_progress", "processed": 1114, "total": 5024}
{"event": "evaluation_progress", "processed": 1130, "total": 5024}
{"event": "evaluation_progress", "processed": 1146, "total": 5024}
{"event": "evaluation_progress", "processed": 1162, "total": 5024}
{"event": "evaluation_progress", "processed": 1178, "total": 5024}
{"event": "evaluation_progress", "processed": 1194, "total": 5024}
{"event": "evaluation_progress", "processed": 1210, "total": 5024}
{"event": "evaluation_progress", "processed": 1220, "total": 5024}
{"event": "evaluation_progress", "processed": 1236, "total": 5024}
{"event": "evaluation_progress", "processed": 1252, "total": 5024}
{"event": "evaluation_progress", "processed": 1268, "total": 5024}
{"event": "evaluation_progress", "processed": 1277, "total": 5024}
{"event": "evaluation_progress", "processed": 1293, "total": 5024}
{"event": "evaluation_progress", "processed": 1302, "total": 5024}
{"event": "evaluation_progress", "processed": 1318, "total": 5024}
{"event": "evaluation_progress", "processed": 1334, "total": 5024}
{"event": "evaluation_progress", "processed": 1350, "total": 5024}
{"event": "evaluation_progress", "processed": 1366, "total": 5024}
{"event": "evaluation_progress", "processed": 1382, "total": 5024}
{"event": "evaluation_progress", "processed": 1394, "total": 5024}
{"event": "evaluation_progress", "processed": 1410, "total": 5024}
{"event": "evaluation_progress", "processed": 1426, "total": 5024}
{"event": "evaluation_progress", "processed": 1442, "total": 5024}
{"event": "evaluation_progress", "processed": 1458, "total": 5024}
{"event": "evaluation_progress", "processed": 1474, "total": 5024}
{"event": "evaluation_progress", "processed": 1490, "total": 5024}
{"event": "evaluation_progress", "processed": 1501, "total": 5024}
{"event": "evaluation_progress", "processed": 1517, "total": 5024}
{"event": "evaluation_progress", "processed": 1533, "total": 5024}
{"event": "evaluation_progress", "processed": 1549, "total": 5024}
{"event": "evaluation_progress", "processed": 1565, "total": 5024}
{"event": "evaluation_progress", "processed": 1581, "total": 5024}
{"event": "evaluation_progress", "processed": 1597, "total": 5024}
{"event": "evaluation_progress", "processed": 1613, "total": 5024}
{"event": "evaluation_progress", "processed": 1627, "total": 5024}
{"event": "evaluation_progress", "processed": 1643, "total": 5024}
{"event": "evaluation_progress", "processed": 1659, "total": 5024}
{"event": "evaluation_progress", "processed": 1675, "total": 5024}
{"event": "evaluation_progress", "processed": 1691, "total": 5024}
{"event": "evaluation_progress", "processed": 1707, "total": 5024}
{"event": "evaluation_progress", "processed": 1723, "total": 5024}
{"event": "evaluation_progress", "processed": 1739, "total": 5024}
{"event": "evaluation_progress", "processed": 1748, "total": 5024}
{"event": "evaluation_progress", "processed": 1764, "total": 5024}
{"event": "evaluation_progress", "processed": 1780, "total": 5024}
{"event": "evaluation_progress", "processed": 1796, "total": 5024}
{"event": "evaluation_progress", "processed": 1812, "total": 5024}
{"event": "evaluation_progress", "processed": 1828, "total": 5024}
{"event": "evaluation_progress", "processed": 1844, "total": 5024}
{"event": "evaluation_progress", "processed": 1860, "total": 5024}
{"event": "evaluation_progress", "processed": 1876, "total": 5024}
{"event": "evaluation_progress", "processed": 1886, "total": 5024}
{"event": "evaluation_progress", "processed": 1902, "total": 5024}
{"event": "evaluation_progress", "processed": 1918, "total": 5024}
{"event": "evaluation_progress", "processed": 1934, "total": 5024}
{"event": "evaluation_progress", "processed": 1950, "total": 5024}
{"event": "evaluation_progress", "processed": 1966, "total": 5024}
{"event": "evaluation_progress", "processed": 1980, "total": 5024}
{"event": "evaluation_progress", "processed": 1996, "total": 5024}
{"event": "evaluation_progress", "processed": 2012, "total": 5024}
{"event": "evaluation_progress", "processed": 2028, "total": 5024}
{"event": "evaluation_progress", "processed": 2044, "total": 5024}
{"event": "evaluation_progress", "processed": 2060, "total": 5024}
{"event": "evaluation_progress", "processed": 2076, "total": 5024}
{"event": "evaluation_progress", "processed": 2092, "total": 5024}
{"event": "evaluation_progress", "processed": 2108, "total": 5024}
{"event": "evaluation_progress", "processed": 2124, "total": 5024}
{"event": "evaluation_progress", "processed": 2127, "total": 5024}
{"event": "evaluation_progress", "processed": 2143, "total": 5024}
{"event": "evaluation_progress", "processed": 2159, "total": 5024}
{"event": "evaluation_progress", "processed": 2175, "total": 5024}
{"event": "evaluation_progress", "processed": 2191, "total": 5024}
{"event": "evaluation_progress", "processed": 2207, "total": 5024}
{"event": "evaluation_progress", "processed": 2223, "total": 5024}
{"event": "evaluation_progress", "processed": 2239, "total": 5024}
{"event": "evaluation_progress", "processed": 2251, "total": 5024}
{"event": "evaluation_progress", "processed": 2267, "total": 5024}
{"event": "evaluation_progress", "processed": 2283, "total": 5024}
{"event": "evaluation_progress", "processed": 2299, "total": 5024}
{"event": "evaluation_progress", "processed": 2315, "total": 5024}
{"event": "evaluation_progress", "processed": 2331, "total": 5024}
{"event": "evaluation_progress", "processed": 2347, "total": 5024}
{"event": "evaluation_progress", "processed": 2363, "total": 5024}
{"event": "evaluation_progress", "processed": 2374, "total": 5024}
{"event": "evaluation_progress", "processed": 2390, "total": 5024}
{"event": "evaluation_progress", "processed": 2406, "total": 5024}
{"event": "evaluation_progress", "processed": 2422, "total": 5024}
{"event": "evaluation_progress", "processed": 2438, "total": 5024}
{"event": "evaluation_progress", "processed": 2450, "total": 5024}
{"event": "evaluation_progress", "processed": 2466, "total": 5024}
{"event": "evaluation_progress", "processed": 2482, "total": 5024}
{"event": "evaluation_progress", "processed": 2498, "total": 5024}
{"event": "evaluation_progress", "processed": 2514, "total": 5024}
{"event": "evaluation_progress", "processed": 2530, "total": 5024}
{"event": "evaluation_progress", "processed": 2546, "total": 5024}
{"event": "evaluation_progress", "processed": 2562, "total": 5024}
{"event": "evaluation_progress", "processed": 2573, "total": 5024}
{"event": "evaluation_progress", "processed": 2589, "total": 5024}
{"event": "evaluation_progress", "processed": 2605, "total": 5024}
{"event": "evaluation_progress", "processed": 2621, "total": 5024}
{"event": "evaluation_progress", "processed": 2637, "total": 5024}
{"event": "evaluation_progress", "processed": 2651, "total": 5024}
{"event": "evaluation_progress", "processed": 2667, "total": 5024}
{"event": "evaluation_progress", "processed": 2683, "total": 5024}
{"event": "evaluation_progress", "processed": 2699, "total": 5024}
{"event": "evaluation_progress", "processed": 2710, "total": 5024}
{"event": "evaluation_progress", "processed": 2726, "total": 5024}
{"event": "evaluation_progress", "processed": 2742, "total": 5024}
{"event": "evaluation_progress", "processed": 2758, "total": 5024}
{"event": "evaluation_progress", "processed": 2774, "total": 5024}
{"event": "evaluation_progress", "processed": 2790, "total": 5024}
{"event": "evaluation_progress", "processed": 2806, "total": 5024}
{"event": "evaluation_progress", "processed": 2822, "total": 5024}
{"event": "evaluation_progress", "processed": 2826, "total": 5024}
{"event": "evaluation_progress", "processed": 2834, "total": 5024}
{"event": "evaluation_progress", "processed": 2844, "total": 5024}
{"event": "evaluation_progress", "processed": 2847, "total": 5024}
{"event": "evaluation_progress", "processed": 2852, "total": 5024}
{"event": "evaluation_progress", "processed": 2868, "total": 5024}
{"event": "evaluation_progress", "processed": 2871, "total": 5024}
{"event": "evaluation_progress", "processed": 2887, "total": 5024}
{"event": "evaluation_progress", "processed": 2901, "total": 5024}
{"event": "evaluation_progress", "processed": 2917, "total": 5024}
{"event": "evaluation_progress", "processed": 2933, "total": 5024}
{"event": "evaluation_progress", "processed": 2949, "total": 5024}
{"event": "evaluation_progress", "processed": 2965, "total": 5024}
{"event": "evaluation_progress", "processed": 2981, "total": 5024}
{"event": "evaluation_progress", "processed": 2990, "total": 5024}
{"event": "evaluation_progress", "processed": 3001, "total": 5024}
{"event": "evaluation_progress", "processed": 3017, "total": 5024}
{"event": "evaluation_progress", "processed": 3033, "total": 5024}
{"event": "evaluation_progress", "processed": 3037, "total": 5024}
{"event": "evaluation_progress", "processed": 3053, "total": 5024}
{"event": "evaluation_progress", "processed": 3069, "total": 5024}
{"event": "evaluation_progress", "processed": 3085, "total": 5024}
{"event": "evaluation_progress", "processed": 3101, "total": 5024}
{"event": "evaluation_progress", "processed": 3103, "total": 5024}
{"event": "evaluation_progress", "processed": 3119, "total": 5024}
{"event": "evaluation_progress", "processed": 3135, "total": 5024}
{"event": "evaluation_progress", "processed": 3151, "total": 5024}
{"event": "evaluation_progress", "processed": 3166, "total": 5024}
{"event": "evaluation_progress", "processed": 3176, "total": 5024}
{"event": "evaluation_progress", "processed": 3186, "total": 5024}
{"event": "evaluation_progress", "processed": 3202, "total": 5024}
{"event": "evaluation_progress", "processed": 3218, "total": 5024}
{"event": "evaluation_progress", "processed": 3234, "total": 5024}
{"event": "evaluation_progress", "processed": 3242, "total": 5024}
{"event": "evaluation_progress", "processed": 3258, "total": 5024}
{"event": "evaluation_progress", "processed": 3274, "total": 5024}
{"event": "evaluation_progress", "processed": 3290, "total": 5024}
{"event": "evaluation_progress", "processed": 3306, "total": 5024}
{"event": "evaluation_progress", "processed": 3322, "total": 5024}
{"event": "evaluation_progress", "processed": 3325, "total": 5024}
{"event": "evaluation_progress", "processed": 3341, "total": 5024}
{"event": "evaluation_progress", "processed": 3357, "total": 5024}
{"event": "evaluation_progress", "processed": 3366, "total": 5024}
{"event": "evaluation_progress", "processed": 3382, "total": 5024}
{"event": "evaluation_progress", "processed": 3393, "total": 5024}
{"event": "evaluation_progress", "processed": 3409, "total": 5024}
{"event": "evaluation_progress", "processed": 3425, "total": 5024}
{"event": "evaluation_progress", "processed": 3441, "total": 5024}
{"event": "evaluation_progress", "processed": 3457, "total": 5024}
{"event": "evaluation_progress", "processed": 3473, "total": 5024}
{"event": "evaluation_progress", "processed": 3489, "total": 5024}
{"event": "evaluation_progress", "processed": 3492, "total": 5024}
{"event": "evaluation_progress", "processed": 3502, "total": 5024}
{"event": "evaluation_progress", "processed": 3518, "total": 5024}
{"event": "evaluation_progress", "processed": 3534, "total": 5024}
{"event": "evaluation_progress", "processed": 3550, "total": 5024}
{"event": "evaluation_progress", "processed": 3556, "total": 5024}
{"event": "evaluation_progress", "processed": 3572, "total": 5024}
{"event": "evaluation_progress", "processed": 3579, "total": 5024}
{"event": "evaluation_progress", "processed": 3595, "total": 5024}
{"event": "evaluation_progress", "processed": 3611, "total": 5024}
{"event": "evaluation_progress", "processed": 3627, "total": 5024}
{"event": "evaluation_progress", "processed": 3638, "total": 5024}
{"event": "evaluation_progress", "processed": 3646, "total": 5024}
{"event": "evaluation_progress", "processed": 3662, "total": 5024}
{"event": "evaluation_progress", "processed": 3678, "total": 5024}
{"event": "evaluation_progress", "processed": 3690, "total": 5024}
{"event": "evaluation_progress", "processed": 3700, "total": 5024}
{"event": "evaluation_progress", "processed": 3716, "total": 5024}
{"event": "evaluation_progress", "processed": 3732, "total": 5024}
{"event": "evaluation_progress", "processed": 3748, "total": 5024}
{"event": "evaluation_progress", "processed": 3750, "total": 5024}
{"event": "evaluation_progress", "processed": 3766, "total": 5024}
{"event": "evaluation_progress", "processed": 3779, "total": 5024}
{"event": "evaluation_progress", "processed": 3795, "total": 5024}
{"event": "evaluation_progress", "processed": 3804, "total": 5024}
{"event": "evaluation_progress", "processed": 3807, "total": 5024}
{"event": "evaluation_progress", "processed": 3823, "total": 5024}
{"event": "evaluation_progress", "processed": 3839, "total": 5024}
{"event": "evaluation_progress", "processed": 3855, "total": 5024}
{"event": "evaluation_progress", "processed": 3871, "total": 5024}
{"event": "evaluation_progress", "processed": 3882, "total": 5024}
{"event": "evaluation_progress", "processed": 3898, "total": 5024}
{"event": "evaluation_progress", "processed": 3914, "total": 5024}
{"event": "evaluation_progress", "processed": 3922, "total": 5024}
{"event": "evaluation_progress", "processed": 3938, "total": 5024}
{"event": "evaluation_progress", "processed": 3954, "total": 5024}
{"event": "evaluation_progress", "processed": 3962, "total": 5024}
{"event": "evaluation_progress", "processed": 3968, "total": 5024}
{"event": "evaluation_progress", "processed": 3973, "total": 5024}
{"event": "evaluation_progress", "processed": 3989, "total": 5024}
{"event": "evaluation_progress", "processed": 3998, "total": 5024}
{"event": "evaluation_progress", "processed": 4002, "total": 5024}
{"event": "evaluation_progress", "processed": 4018, "total": 5024}
{"event": "evaluation_progress", "processed": 4019, "total": 5024}
{"event": "evaluation_progress", "processed": 4035, "total": 5024}
{"event": "evaluation_progress", "processed": 4051, "total": 5024}
{"event": "evaluation_progress", "processed": 4067, "total": 5024}
{"event": "evaluation_progress", "processed": 4083, "total": 5024}
{"event": "evaluation_progress", "processed": 4099, "total": 5024}
{"event": "evaluation_progress", "processed": 4110, "total": 5024}
{"event": "evaluation_progress", "processed": 4126, "total": 5024}
{"event": "evaluation_progress", "processed": 4142, "total": 5024}
{"event": "evaluation_progress", "processed": 4158, "total": 5024}
{"event": "evaluation_progress", "processed": 4174, "total": 5024}
{"event": "evaluation_progress", "processed": 4176, "total": 5024}
{"event": "evaluation_progress", "processed": 4179, "total": 5024}
{"event": "evaluation_progress", "processed": 4195, "total": 5024}
{"event": "evaluation_progress", "processed": 4211, "total": 5024}
{"event": "evaluation_progress", "processed": 4227, "total": 5024}
{"event": "evaluation_progress", "processed": 4243, "total": 5024}
{"event": "evaluation_progress", "processed": 4249, "total": 5024}
{"event": "evaluation_progress", "processed": 4265, "total": 5024}
{"event": "evaluation_progress", "processed": 4275, "total": 5024}
{"event": "evaluation_progress", "processed": 4288, "total": 5024}
{"event": "evaluation_progress", "processed": 4296, "total": 5024}
{"event": "evaluation_progress", "processed": 4312, "total": 5024}
{"event": "evaluation_progress", "processed": 4328, "total": 5024}
{"event": "evaluation_progress", "processed": 4329, "total": 5024}
{"event": "evaluation_progress", "processed": 4345, "total": 5024}
{"event": "evaluation_progress", "processed": 4351, "total": 5024}
{"event": "evaluation_progress", "processed": 4364, "total": 5024}
{"event": "evaluation_progress", "processed": 4374, "total": 5024}
{"event": "evaluation_progress", "processed": 4380, "total": 5024}
{"event": "evaluation_progress", "processed": 4396, "total": 5024}
{"event": "evaluation_progress", "processed": 4412, "total": 5024}
{"event": "evaluation_progress", "processed": 4428, "total": 5024}
{"event": "evaluation_progress", "processed": 4435, "total": 5024}
{"event": "evaluation_progress", "processed": 4451, "total": 5024}
{"event": "evaluation_progress", "processed": 4465, "total": 5024}
{"event": "evaluation_progress", "processed": 4481, "total": 5024}
{"event": "evaluation_progress", "processed": 4497, "total": 5024}
{"event": "evaluation_progress", "processed": 4513, "total": 5024}
{"event": "evaluation_progress", "processed": 4529, "total": 5024}
{"event": "evaluation_progress", "processed": 4532, "total": 5024}
{"event": "evaluation_progress", "processed": 4537, "total": 5024}
{"event": "evaluation_progress", "processed": 4547, "total": 5024}
{"event": "evaluation_progress", "processed": 4563, "total": 5024}
{"event": "evaluation_progress", "processed": 4568, "total": 5024}
{"event": "evaluation_progress", "processed": 4579, "total": 5024}
{"event": "evaluation_progress", "processed": 4586, "total": 5024}
{"event": "evaluation_progress", "processed": 4588, "total": 5024}
{"event": "evaluation_progress", "processed": 4589, "total": 5024}
{"event": "evaluation_progress", "processed": 4594, "total": 5024}
{"event": "evaluation_progress", "processed": 4595, "total": 5024}
{"event": "evaluation_progress", "processed": 4596, "total": 5024}
{"event": "evaluation_progress", "processed": 4600, "total": 5024}
{"event": "evaluation_progress", "processed": 4602, "total": 5024}
{"event": "evaluation_progress", "processed": 4605, "total": 5024}
{"event": "evaluation_progress", "processed": 4612, "total": 5024}
{"event": "evaluation_progress", "processed": 4617, "total": 5024}
{"event": "evaluation_progress", "processed": 4620, "total": 5024}
{"event": "evaluation_progress", "processed": 4625, "total": 5024}
{"event": "evaluation_progress", "processed": 4628, "total": 5024}
{"event": "evaluation_progress", "processed": 4629, "total": 5024}
{"event": "evaluation_progress", "processed": 4633, "total": 5024}
{"event": "evaluation_progress", "processed": 4636, "total": 5024}
{"event": "evaluation_progress", "processed": 4639, "total": 5024}
{"event": "evaluation_progress", "processed": 4642, "total": 5024}
{"event": "evaluation_progress", "processed": 4645, "total": 5024}
{"event": "evaluation_progress", "processed": 4648, "total": 5024}
{"event": "evaluation_progress", "processed": 4653, "total": 5024}
{"event": "evaluation_progress", "processed": 4654, "total": 5024}
{"event": "evaluation_progress", "processed": 4656, "total": 5024}
{"event": "evaluation_progress", "processed": 4657, "total": 5024}
{"event": "evaluation_progress", "processed": 4658, "total": 5024}
{"event": "evaluation_progress", "processed": 4661, "total": 5024}
{"event": "evaluation_progress", "processed": 4664, "total": 5024}
{"event": "evaluation_progress", "processed": 4667, "total": 5024}
{"event": "evaluation_progress", "processed": 4668, "total": 5024}
{"event": "evaluation_progress", "processed": 4669, "total": 5024}
{"event": "evaluation_progress", "processed": 4671, "total": 5024}
{"event": "evaluation_progress", "processed": 4673, "total": 5024}
{"event": "evaluation_progress", "processed": 4674, "total": 5024}
{"event": "evaluation_progress", "processed": 4675, "total": 5024}
{"event": "evaluation_progress", "processed": 4676, "total": 5024}
{"event": "evaluation_progress", "processed": 4677, "total": 5024}
{"event": "evaluation_progress", "processed": 4679, "total": 5024}
{"event": "evaluation_progress", "processed": 4680, "total": 5024}
{"event": "evaluation_progress", "processed": 4681, "total": 5024}
{"event": "evaluation_progress", "processed": 4682, "total": 5024}
{"event": "evaluation_progress", "processed": 4683, "total": 5024}
{"event": "evaluation_progress", "processed": 4684, "total": 5024}
{"event": "evaluation_progress", "processed": 4685, "total": 5024}
{"event": "evaluation_progress", "processed": 4686, "total": 5024}
{"event": "evaluation_progress", "processed": 4702, "total": 5024}
{"event": "evaluation_progress", "processed": 4718, "total": 5024}
{"event": "evaluation_progress", "processed": 4734, "total": 5024}
{"event": "evaluation_progress", "processed": 4750, "total": 5024}
{"event": "evaluation_progress", "processed": 4766, "total": 5024}
{"event": "evaluation_progress", "processed": 4782, "total": 5024}
{"event": "evaluation_progress", "processed": 4798, "total": 5024}
{"event": "evaluation_progress", "processed": 4814, "total": 5024}
{"event": "evaluation_progress", "processed": 4830, "total": 5024}
{"event": "evaluation_progress", "processed": 4846, "total": 5024}
{"event": "evaluation_progress", "processed": 4862, "total": 5024}
{"event": "evaluation_progress", "processed": 4875, "total": 5024}
{"event": "evaluation_progress", "processed": 4891, "total": 5024}
{"event": "evaluation_progress", "processed": 4907, "total": 5024}
{"event": "evaluation_progress", "processed": 4923, "total": 5024}
{"event": "evaluation_progress", "processed": 4939, "total": 5024}
{"event": "evaluation_progress", "processed": 4955, "total": 5024}
{"event": "evaluation_progress", "processed": 4971, "total": 5024}
{"event": "evaluation_progress", "processed": 4986, "total": 5024}
{"event": "evaluation_progress", "processed": 5002, "total": 5024}
{"event": "evaluation_progress", "processed": 5018, "total": 5024}
{"event": "evaluation_progress", "processed": 5024, "total": 5024}
{
  "asdiv": {
    "correct": 289,
    "total": 2305,
    "accuracy": 0.12537960954446856
  },
  "svamp": {
    "correct": 121,
    "total": 1000,
    "accuracy": 0.121
  },
  "gsm8k": {
    "correct": 40,
    "total": 1319,
    "accuracy": 0.030326004548900682
  },
  "algebra": {
    "correct": 27,
    "total": 100,
    "accuracy": 0.27
  },
  "arithmetic": {
    "correct": 29,
    "total": 300,
    "accuracy": 0.09666666666666666
  },
  "overall": {
    "correct": 506,
    "total": 5024,
    "accuracy": 0.10071656050955415
  },
  "numeric_completion_rate": 0.9936305732484076
}
[20:50:04] DONE
