{"event": "start", "state": {"optimizer_step": 0, "examples_seen": 0, "supervised_tokens_seen": 0, "epoch": 0, "batch_in_epoch": 0, "elapsed_seconds": 0.0}, "evaluation": {"loss": 1.9965549602722412, "perplexity": 7.363644304572647, "supervised_tokens": 31348.0}, "target_updates": 1000, "settings": {"max_sequence_length": 512, "microbatch_size": 16, "gradient_accumulation": 2, "learning_rate": 5e-05, "warmup_updates": 100, "weight_decay": 0.01, "grad_clip": 1.0, "planned_total_updates": 1000, "checkpoint_updates": 100, "min_lr_ratio": 0.1, "seed": 2027}, "parameters": 71199040, "train_examples": 23819, "heldout_examples": 449, "device": "cuda", "precision": "bf16-autocast"}
{"event": "update", "optimizer_step": 1, "loss_main": 1.9703572532963143, "lr": 5e-07, "grad_norm": 10.842833518981934, "examples_seen": 32, "supervised_tokens_seen": 3046, "epoch": 0, "elapsed_seconds": 0.7981569350231439}
{"event": "update", "optimizer_step": 10, "loss_main": 1.7769658016780066, "lr": 5e-06, "grad_norm": 7.407666206359863, "examples_seen": 320, "supervised_tokens_seen": 21607, "epoch": 0, "elapsed_seconds": 4.070847555005457}
{"event": "update", "optimizer_step": 20, "loss_main": 1.6148446705699282, "lr": 1e-05, "grad_norm": 5.800318241119385, "examples_seen": 640, "supervised_tokens_seen": 46794, "epoch": 0, "elapsed_seconds": 8.143115466984455}
{"event": "update", "optimizer_step": 30, "loss_main": 1.4998503676192327, "lr": 1.5e-05, "grad_norm": 6.187669277191162, "examples_seen": 960, "supervised_tokens_seen": 71648, "epoch": 0, "elapsed_seconds": 12.305631308990996}
{"event": "update", "optimizer_step": 40, "loss_main": 1.2013219748732886, "lr": 2e-05, "grad_norm": 8.593864440917969, "examples_seen": 1280, "supervised_tokens_seen": 93376, "epoch": 0, "elapsed_seconds": 16.26884572597919}
{"event": "update", "optimizer_step": 50, "loss_main": 1.3458657875480389, "lr": 2.5e-05, "grad_norm": 5.624049663543701, "examples_seen": 1600, "supervised_tokens_seen": 117881, "epoch": 0, "elapsed_seconds": 20.286214645020664}
{"event": "update", "optimizer_step": 60, "loss_main": 1.277983660951533, "lr": 3e-05, "grad_norm": 5.200847148895264, "examples_seen": 1920, "supervised_tokens_seen": 139080, "epoch": 0, "elapsed_seconds": 23.979226124996785}
{"event": "update", "optimizer_step": 70, "loss_main": 1.2982113413733614, "lr": 3.5000000000000004e-05, "grad_norm": 5.591254711151123, "examples_seen": 2235, "supervised_tokens_seen": 160894, "epoch": 0, "elapsed_seconds": 28.007158474007156}
{"event": "update", "optimizer_step": 80, "loss_main": 1.1299786568927686, "lr": 4e-05, "grad_norm": 6.280376434326172, "examples_seen": 2555, "supervised_tokens_seen": 182034, "epoch": 0, "elapsed_seconds": 31.642642620019615}
{"event": "update", "optimizer_step": 90, "loss_main": 1.1320823930030646, "lr": 4.5e-05, "grad_norm": 5.471127510070801, "examples_seen": 2875, "supervised_tokens_seen": 205450, "epoch": 0, "elapsed_seconds": 35.54020443401532}
{"event": "update", "optimizer_step": 100, "loss_main": 1.1545628060248752, "lr": 5e-05, "grad_norm": 3.777562379837036, "examples_seen": 3195, "supervised_tokens_seen": 235403, "epoch": 0, "elapsed_seconds": 40.37370658101281}
{"event": "evaluation", "optimizer_step": 100, "loss": 1.2951841728829054, "perplexity": 3.6516684505193613, "supervised_tokens": 31348.0, "elapsed_seconds": 40.37370658101281}
{"event": "update", "optimizer_step": 110, "loss_main": 1.0196047658794194, "lr": 4.9986293607929655e-05, "grad_norm": 4.744836807250977, "examples_seen": 3515, "supervised_tokens_seen": 258494, "epoch": 0, "elapsed_seconds": 48.71561928500887}
{"event": "update", "optimizer_step": 120, "loss_main": 1.2175423082848602, "lr": 4.9945191130846044e-05, "grad_norm": 4.875770568847656, "examples_seen": 3835, "supervised_tokens_seen": 282959, "epoch": 0, "elapsed_seconds": 52.90909241599729}
{"event": "update", "optimizer_step": 130, "loss_main": 1.379355575409937, "lr": 4.987674264578615e-05, "grad_norm": 4.928081035614014, "examples_seen": 4155, "supervised_tokens_seen": 311450, "epoch": 0, "elapsed_seconds": 57.56031454098411}
{"event": "update", "optimizer_step": 140, "loss_main": 1.2049642162277476, "lr": 4.978103154668534e-05, "grad_norm": 4.808000564575195, "examples_seen": 4475, "supervised_tokens_seen": 331260, "epoch": 0, "elapsed_seconds": 61.08553362201201}
{"event": "update", "optimizer_step": 150, "loss_main": 1.1795248957567437, "lr": 4.965817444277468e-05, "grad_norm": 4.243649005889893, "examples_seen": 4795, "supervised_tokens_seen": 354261, "epoch": 0, "elapsed_seconds": 64.9936340819695}
{"event": "update", "optimizer_step": 160, "loss_main": 1.22394277985913, "lr": 4.950832101651063e-05, "grad_norm": 4.410870552062988, "examples_seen": 5115, "supervised_tokens_seen": 378406, "epoch": 0, "elapsed_seconds": 69.00331931002438}
{"event": "update", "optimizer_step": 170, "loss_main": 1.127173356034539, "lr": 4.933165384120992e-05, "grad_norm": 6.844065189361572, "examples_seen": 5435, "supervised_tokens_seen": 396578, "epoch": 0, "elapsed_seconds": 72.28685148997465}
{"event": "update", "optimizer_step": 180, "loss_main": 1.2125946163026238, "lr": 4.9128388158612174e-05, "grad_norm": 3.857239007949829, "examples_seen": 5755, "supervised_tokens_seen": 423287, "epoch": 0, "elapsed_seconds": 76.57582658599131}
{"event": "update", "optimizer_step": 190, "loss_main": 1.2726116942745422, "lr": 4.889877161664096e-05, "grad_norm": 3.8266987800598145, "examples_seen": 6075, "supervised_tokens_seen": 444568, "epoch": 0, "elapsed_seconds": 80.20601505500963}
{"event": "update", "optimizer_step": 200, "loss_main": 1.1907364542376817, "lr": 4.864308396768294e-05, "grad_norm": 3.8056640625, "examples_seen": 6395, "supervised_tokens_seen": 467264, "epoch": 0, "elapsed_seconds": 84.04557776602451}
{"event": "evaluation", "optimizer_step": 200, "loss": 1.2474400134940407, "perplexity": 3.48141915387149, "supervised_tokens": 31348.0, "elapsed_seconds": 84.04557776602451}
{"event": "update", "optimizer_step": 210, "loss_main": 1.1597505232152827, "lr": 4.836163672775272e-05, "grad_norm": 4.291905879974365, "examples_seen": 6715, "supervised_tokens_seen": 490792, "epoch": 0, "elapsed_seconds": 92.31300822796766}
{"event": "update", "optimizer_step": 220, "loss_main": 1.2141795378092208, "lr": 4.805477279695852e-05, "grad_norm": 3.896008253097534, "examples_seen": 7035, "supervised_tokens_seen": 514927, "epoch": 0, "elapsed_seconds": 96.29088960401714}
{"event": "update", "optimizer_step": 230, "loss_main": 1.111235006671039, "lr": 4.7722866041731264e-05, "grad_norm": 4.514767169952393, "examples_seen": 7355, "supervised_tokens_seen": 538912, "epoch": 0, "elapsed_seconds": 100.41717739502201}
{"event": "update", "optimizer_step": 240, "loss_main": 0.7822562566894549, "lr": 4.7366320839325864e-05, "grad_norm": 5.208977222442627, "examples_seen": 7675, "supervised_tokens_seen": 558147, "epoch": 0, "elapsed_seconds": 103.81803884601686}
{"event": "update", "optimizer_step": 250, "loss_main": 0.9794925805947649, "lr": 4.6985571585149876e-05, "grad_norm": 4.485515594482422, "examples_seen": 7995, "supervised_tokens_seen": 583400, "epoch": 0, "elapsed_seconds": 108.17294283100637}
{"event": "update", "optimizer_step": 260, "loss_main": 1.0192529334816882, "lr": 4.6581082163519586e-05, "grad_norm": 4.553441524505615, "examples_seen": 8315, "supervised_tokens_seen": 607452, "epoch": 0, "elapsed_seconds": 112.22120247298153}
{"event": "update", "optimizer_step": 270, "loss_main": 1.0356041558741733, "lr": 4.615334538248844e-05, "grad_norm": 4.770766258239746, "examples_seen": 8635, "supervised_tokens_seen": 631383, "epoch": 0, "elapsed_seconds": 116.2515967329964}
{"event": "update", "optimizer_step": 280, "loss_main": 0.7039772402846588, "lr": 4.570288237343632e-05, "grad_norm": 4.629571437835693, "examples_seen": 8955, "supervised_tokens_seen": 652859, "epoch": 0, "elapsed_seconds": 120.01648487598868}
{"event": "update", "optimizer_step": 290, "loss_main": 0.9028477658977587, "lr": 4.523024195615124e-05, "grad_norm": 3.667867660522461, "examples_seen": 9275, "supervised_tokens_seen": 676629, "epoch": 0, "elapsed_seconds": 123.96476686897222}
{"event": "update", "optimizer_step": 300, "loss_main": 1.0802771146617718, "lr": 4.473599997017701e-05, "grad_norm": 3.3606436252593994, "examples_seen": 9595, "supervised_tokens_seen": 705072, "epoch": 0, "elapsed_seconds": 128.4765881159692}
{"event": "evaluation", "optimizer_step": 300, "loss": 1.2016430067598889, "perplexity": 3.32557638101952, "supervised_tokens": 31348.0, "elapsed_seconds": 128.4765881159692}
{"event": "update", "optimizer_step": 310, "loss_main": 1.0373745598243331, "lr": 4.422075857324137e-05, "grad_norm": 4.871411323547363, "examples_seen": 9915, "supervised_tokens_seen": 726842, "epoch": 0, "elapsed_seconds": 137.9633016239968}
{"event": "update", "optimizer_step": 320, "loss_main": 1.0115818218860577, "lr": 4.368514550761965e-05, "grad_norm": 4.217084884643555, "examples_seen": 10235, "supervised_tokens_seen": 746032, "epoch": 0, "elapsed_seconds": 141.38658624497475}
{"event": "update", "optimizer_step": 330, "loss_main": 0.9202381636827223, "lr": 4.312981333532744e-05, "grad_norm": 3.6568105220794678, "examples_seen": 10555, "supervised_tokens_seen": 770304, "epoch": 0, "elapsed_seconds": 145.7452886599931}
{"event": "update", "optimizer_step": 340, "loss_main": 0.9315103382255429, "lr": 4.255543864307431e-05, "grad_norm": 5.110036849975586, "examples_seen": 10875, "supervised_tokens_seen": 790248, "epoch": 0, "elapsed_seconds": 149.22982470697025}
{"event": "update", "optimizer_step": 350, "loss_main": 0.7437066223949053, "lr": 4.1962721217947135e-05, "grad_norm": 4.498592376708984, "examples_seen": 11195, "supervised_tokens_seen": 812262, "epoch": 0, "elapsed_seconds": 153.11749227996916}
{"event": "update", "optimizer_step": 360, "loss_main": 1.1142901233697342, "lr": 4.135238319482731e-05, "grad_norm": 3.752833366394043, "examples_seen": 11515, "supervised_tokens_seen": 834717, "epoch": 0, "elapsed_seconds": 156.9882502569817}
{"event": "update", "optimizer_step": 370, "loss_main": 0.908107898737255, "lr": 4.072516817658065e-05, "grad_norm": 3.7199513912200928, "examples_seen": 11835, "supervised_tokens_seen": 861648, "epoch": 0, "elapsed_seconds": 161.47268476698082}
{"event": "update", "optimizer_step": 380, "loss_main": 0.9077836728793709, "lr": 4.0081840328091804e-05, "grad_norm": 3.622602701187134, "examples_seen": 12155, "supervised_tokens_seen": 887910, "epoch": 0, "elapsed_seconds": 165.81451230397215}
{"event": "update", "optimizer_step": 390, "loss_main": 1.0688766050338745, "lr": 3.9423183445247117e-05, "grad_norm": 4.447869300842285, "examples_seen": 12475, "supervised_tokens_seen": 911857, "epoch": 0, "elapsed_seconds": 169.99964480899507}
{"event": "update", "optimizer_step": 400, "loss_main": 1.0008225736115526, "lr": 3.875e-05, "grad_norm": 3.863895893096924, "examples_seen": 12795, "supervised_tokens_seen": 939702, "epoch": 0, "elapsed_seconds": 174.5108656359953}
{"event": "evaluation", "optimizer_step": 400, "loss": 1.1819078933404343, "perplexity": 3.2605891285810906, "supervised_tokens": 31348.0, "elapsed_seconds": 174.5108656359953}
{"event": "update", "optimizer_step": 410, "loss_main": 1.0122845707116304, "lr": 3.806311016268254e-05, "grad_norm": 3.3188188076019287, "examples_seen": 13115, "supervised_tokens_seen": 964406, "epoch": 0, "elapsed_seconds": 184.7680551590165}
{"event": "update", "optimizer_step": 420, "loss_main": 0.834097720056738, "lr": 3.7363350802754244e-05, "grad_norm": 4.189471244812012, "examples_seen": 13435, "supervised_tokens_seen": 990899, "epoch": 0, "elapsed_seconds": 189.15107201499632}
{"event": "update", "optimizer_step": 430, "loss_main": 0.8976011318621842, "lr": 3.665157446920551e-05, "grad_norm": 3.426629066467285, "examples_seen": 13755, "supervised_tokens_seen": 1015469, "epoch": 0, "elapsed_seconds": 193.2595568600227}
{"event": "update", "optimizer_step": 440, "loss_main": 1.0640933984204342, "lr": 3.5928648351858027e-05, "grad_norm": 3.976214647293091, "examples_seen": 14075, "supervised_tokens_seen": 1039314, "epoch": 0, "elapsed_seconds": 197.35120881401235}
{"event": "update", "optimizer_step": 450, "loss_main": 0.8288453084584144, "lr": 3.519545322482755e-05, "grad_norm": 3.773874282836914, "examples_seen": 14395, "supervised_tokens_seen": 1061652, "epoch": 0, "elapsed_seconds": 201.150740934012}
{"event": "update", "optimizer_step": 460, "loss_main": 0.9261081629271035, "lr": 3.4452882373436316e-05, "grad_norm": 3.370234727859497, "examples_seen": 14715, "supervised_tokens_seen": 1085700, "epoch": 0, "elapsed_seconds": 205.20643062097952}
{"event": "update", "optimizer_step": 470, "loss_main": 0.8236584777087834, "lr": 3.370184050588248e-05, "grad_norm": 4.657968997955322, "examples_seen": 15035, "supervised_tokens_seen": 1108019, "epoch": 0, "elapsed_seconds": 209.24731962301303}
{"event": "update", "optimizer_step": 480, "loss_main": 0.9868537052908335, "lr": 3.294324265099252e-05, "grad_norm": 3.8523001670837402, "examples_seen": 15355, "supervised_tokens_seen": 1132298, "epoch": 0, "elapsed_seconds": 213.21854401397286}
{"event": "update", "optimizer_step": 490, "loss_main": 0.5728154398557794, "lr": 3.217801304339959e-05, "grad_norm": 4.383040428161621, "examples_seen": 15675, "supervised_tokens_seen": 1155887, "epoch": 0, "elapsed_seconds": 217.19115804496687}
{"event": "update", "optimizer_step": 500, "loss_main": 0.8212647115972489, "lr": 3.140708399750594e-05, "grad_norm": 3.3095812797546387, "examples_seen": 15995, "supervised_tokens_seen": 1179422, "epoch": 0, "elapsed_seconds": 221.13194896798814}
{"event": "evaluation", "optimizer_step": 500, "loss": 1.157279304023017, "perplexity": 3.1812662330259003, "supervised_tokens": 31348.0, "elapsed_seconds": 221.13194896798814}
{"event": "update", "optimizer_step": 510, "loss_main": 0.790774671959463, "lr": 3.0631394771601475e-05, "grad_norm": 3.510658025741577, "examples_seen": 16315, "supervised_tokens_seen": 1201726, "epoch": 0, "elapsed_seconds": 229.03712737298338}
{"event": "update", "optimizer_step": 520, "loss_main": 0.8633786263864129, "lr": 2.9851890423522204e-05, "grad_norm": 3.5506768226623535, "examples_seen": 16635, "supervised_tokens_seen": 1225498, "epoch": 0, "elapsed_seconds": 232.95865381299518}
{"event": "update", "optimizer_step": 530, "loss_main": 0.7993953679796942, "lr": 2.906952065924282e-05, "grad_norm": 4.366281032562256, "examples_seen": 16955, "supervised_tokens_seen": 1247087, "epoch": 0, "elapsed_seconds": 236.6538309570169}
{"event": "update", "optimizer_step": 540, "loss_main": 0.8509217412848221, "lr": 2.828523867580628e-05, "grad_norm": 4.83835506439209, "examples_seen": 17275, "supervised_tokens_seen": 1269522, "epoch": 0, "elapsed_seconds": 240.4669711519964}
{"event": "update", "optimizer_step": 550, "loss_main": 0.6129935359585907, "lr": 2.7500000000000004e-05, "grad_norm": 4.04905366897583, "examples_seen": 17595, "supervised_tokens_seen": 1290624, "epoch": 0, "elapsed_seconds": 244.13071939500514}
{"event": "update", "optimizer_step": 560, "loss_main": 0.9355722767027478, "lr": 2.6714761324193736e-05, "grad_norm": 4.219970226287842, "examples_seen": 17915, "supervised_tokens_seen": 1315401, "epoch": 0, "elapsed_seconds": 248.23071322101168}
{"event": "update", "optimizer_step": 570, "loss_main": 0.60980442179202, "lr": 2.593047934075718e-05, "grad_norm": 4.27820348739624, "examples_seen": 18235, "supervised_tokens_seen": 1336185, "epoch": 0, "elapsed_seconds": 251.8802533390117}
{"event": "update", "optimizer_step": 580, "loss_main": 0.8304959894566054, "lr": 2.5148109576477802e-05, "grad_norm": 4.360129356384277, "examples_seen": 18555, "supervised_tokens_seen": 1360043, "epoch": 0, "elapsed_seconds": 255.87403594399802}
{"event": "update", "optimizer_step": 590, "loss_main": 0.6752811634273883, "lr": 2.4368605228398534e-05, "grad_norm": 4.148683071136475, "examples_seen": 18875, "supervised_tokens_seen": 1380100, "epoch": 0, "elapsed_seconds": 259.41510147199733}
{"event": "update", "optimizer_step": 600, "loss_main": 0.8065677217979265, "lr": 2.359291600249407e-05, "grad_norm": 3.5661208629608154, "examples_seen": 19195, "supervised_tokens_seen": 1403157, "epoch": 0, "elapsed_seconds": 263.2185570669826}
{"event": "evaluation", "optimizer_step": 600, "loss": 1.158495364484186, "perplexity": 3.1851371982952075, "supervised_tokens": 31348.0, "elapsed_seconds": 263.2185570669826}
{"event": "update", "optimizer_step": 610, "loss_main": 0.6643636604504926, "lr": 2.282198695660042e-05, "grad_norm": 3.862150192260742, "examples_seen": 19515, "supervised_tokens_seen": 1421784, "epoch": 0, "elapsed_seconds": 272.1529465490021}
{"event": "update", "optimizer_step": 620, "loss_main": 0.7437030086476096, "lr": 2.205675734900748e-05, "grad_norm": 4.132524013519287, "examples_seen": 19835, "supervised_tokens_seen": 1443786, "epoch": 0, "elapsed_seconds": 275.8982660059701}
{"event": "update", "optimizer_step": 630, "loss_main": 0.6009571307133568, "lr": 2.129815949411752e-05, "grad_norm": 3.904006004333496, "examples_seen": 20155, "supervised_tokens_seen": 1464936, "epoch": 0, "elapsed_seconds": 279.60459696501493}
{"event": "update", "optimizer_step": 640, "loss_main": 0.8532633527685042, "lr": 2.054711762656369e-05, "grad_norm": 3.869532823562622, "examples_seen": 20475, "supervised_tokens_seen": 1485166, "epoch": 0, "elapsed_seconds": 283.1963454199722}
{"event": "update", "optimizer_step": 650, "loss_main": 0.9322039397827874, "lr": 1.9804546775172457e-05, "grad_norm": 4.312453746795654, "examples_seen": 20795, "supervised_tokens_seen": 1511579, "epoch": 0, "elapsed_seconds": 287.73478750599315}
{"event": "update", "optimizer_step": 660, "loss_main": 0.49566390515405595, "lr": 1.907135164814198e-05, "grad_norm": 3.764819622039795, "examples_seen": 21115, "supervised_tokens_seen": 1534508, "epoch": 0, "elapsed_seconds": 291.60184091399424}
{"event": "update", "optimizer_step": 670, "loss_main": 0.7078860378177363, "lr": 1.83484255307945e-05, "grad_norm": 4.524553298950195, "examples_seen": 21435, "supervised_tokens_seen": 1559291, "epoch": 0, "elapsed_seconds": 295.90618713398}
{"event": "update", "optimizer_step": 680, "loss_main": 0.5680882278635111, "lr": 1.7636649197245758e-05, "grad_norm": 3.5279932022094727, "examples_seen": 21755, "supervised_tokens_seen": 1582593, "epoch": 0, "elapsed_seconds": 299.7885882870178}
{"event": "update", "optimizer_step": 690, "loss_main": 0.5483772564378584, "lr": 1.6936889837317466e-05, "grad_norm": 4.250164985656738, "examples_seen": 22075, "supervised_tokens_seen": 1602639, "epoch": 0, "elapsed_seconds": 303.3390223829774}
{"event": "update", "optimizer_step": 700, "loss_main": 0.6581648246565861, "lr": 1.6250000000000005e-05, "grad_norm": 3.4032373428344727, "examples_seen": 22395, "supervised_tokens_seen": 1621282, "epoch": 0, "elapsed_seconds": 306.7127493749722}
{"event": "evaluation", "optimizer_step": 700, "loss": 1.166393192924908, "perplexity": 3.2103924650534497, "supervised_tokens": 31348.0, "elapsed_seconds": 306.7127493749722}
{"event": "update", "optimizer_step": 710, "loss_main": 0.7203654211452716, "lr": 1.5576816554752892e-05, "grad_norm": 3.4646997451782227, "examples_seen": 22715, "supervised_tokens_seen": 1645061, "epoch": 0, "elapsed_seconds": 314.74096158798784}
{"event": "update", "optimizer_step": 720, "loss_main": 0.6332430258718432, "lr": 1.49181596719082e-05, "grad_norm": 4.096841335296631, "examples_seen": 23035, "supervised_tokens_seen": 1665864, "epoch": 0, "elapsed_seconds": 318.64940473798197}
{"event": "update", "optimizer_step": 730, "loss_main": 0.3069727000114471, "lr": 1.427483182341936e-05, "grad_norm": 3.5527021884918213, "examples_seen": 23355, "supervised_tokens_seen": 1687821, "epoch": 0, "elapsed_seconds": 322.5703248400241}
{"event": "update", "optimizer_step": 740, "loss_main": 0.5002175088919384, "lr": 1.364761680517269e-05, "grad_norm": 3.677189588546753, "examples_seen": 23675, "supervised_tokens_seen": 1716112, "epoch": 0, "elapsed_seconds": 327.3307239889982}
{"event": "update", "optimizer_step": 750, "loss_main": 0.523682123646627, "lr": 1.3037278782052863e-05, "grad_norm": 3.7663660049438477, "examples_seen": 23995, "supervised_tokens_seen": 1740920, "epoch": 1, "elapsed_seconds": 331.4861616300186}
{"event": "update", "optimizer_step": 760, "loss_main": 0.4054491879762379, "lr": 1.2444561356925697e-05, "grad_norm": 3.4285776615142822, "examples_seen": 24315, "supervised_tokens_seen": 1764492, "epoch": 1, "elapsed_seconds": 335.42682364798384}
{"event": "update", "optimizer_step": 770, "loss_main": 0.5138700447230767, "lr": 1.187018666467256e-05, "grad_norm": 3.385648012161255, "examples_seen": 24635, "supervised_tokens_seen": 1788955, "epoch": 1, "elapsed_seconds": 339.58190278697293}
{"event": "update", "optimizer_step": 780, "loss_main": 0.5610880399172284, "lr": 1.1314854492380354e-05, "grad_norm": 3.1777405738830566, "examples_seen": 24955, "supervised_tokens_seen": 1814064, "epoch": 1, "elapsed_seconds": 343.6923584159813}
{"event": "update", "optimizer_step": 790, "loss_main": 0.4767972838456556, "lr": 1.0779241426758628e-05, "grad_norm": 3.872525453567505, "examples_seen": 25275, "supervised_tokens_seen": 1837318, "epoch": 1, "elapsed_seconds": 347.6103771820199}
{"event": "update", "optimizer_step": 800, "loss_main": 0.5659593623703182, "lr": 1.0264000029822999e-05, "grad_norm": 3.17256236076355, "examples_seen": 25595, "supervised_tokens_seen": 1862513, "epoch": 1, "elapsed_seconds": 351.7766892039799}
{"event": "evaluation", "optimizer_step": 800, "loss": 1.2089711645730026, "perplexity": 3.3500362429617434, "supervised_tokens": 31348.0, "elapsed_seconds": 351.7766892039799}
{"event": "update", "optimizer_step": 810, "loss_main": 0.27125705922488885, "lr": 9.769758043848759e-06, "grad_norm": 3.9018282890319824, "examples_seen": 25915, "supervised_tokens_seen": 1884901, "epoch": 1, "elapsed_seconds": 361.3468092039693}
{"event": "update", "optimizer_step": 820, "loss_main": 0.44979631777622925, "lr": 9.297117626563687e-06, "grad_norm": 4.498589515686035, "examples_seen": 26235, "supervised_tokens_seen": 1906163, "epoch": 1, "elapsed_seconds": 365.02379594999366}
{"event": "update", "optimizer_step": 830, "loss_main": 0.30779796754148103, "lr": 8.846654617511564e-06, "grad_norm": 3.8517262935638428, "examples_seen": 26555, "supervised_tokens_seen": 1931446, "epoch": 1, "elapsed_seconds": 369.1431021710159}
{"event": "update", "optimizer_step": 840, "loss_main": 0.2898068955784806, "lr": 8.418917836480417e-06, "grad_norm": 3.5169661045074463, "examples_seen": 26875, "supervised_tokens_seen": 1951187, "epoch": 1, "elapsed_seconds": 372.6145399729721}
{"event": "update", "optimizer_step": 850, "loss_main": 0.35133844236532846, "lr": 8.01442841485013e-06, "grad_norm": 3.9482262134552, "examples_seen": 27195, "supervised_tokens_seen": 1974414, "epoch": 1, "elapsed_seconds": 376.47703064297093}
{"event": "update", "optimizer_step": 860, "loss_main": 0.4071196998123863, "lr": 7.633679160674144e-06, "grad_norm": 3.3291208744049072, "examples_seen": 27515, "supervised_tokens_seen": 2000208, "epoch": 1, "elapsed_seconds": 380.845200020005}
{"event": "update", "optimizer_step": 870, "loss_main": 0.4230603199523649, "lr": 7.277133958268747e-06, "grad_norm": 3.0780701637268066, "examples_seen": 27835, "supervised_tokens_seen": 2022978, "epoch": 1, "elapsed_seconds": 384.68372288602404}
{"event": "update", "optimizer_step": 880, "loss_main": 0.5413675881563041, "lr": 6.94522720304148e-06, "grad_norm": 3.1191608905792236, "examples_seen": 28155, "supervised_tokens_seen": 2049636, "epoch": 1, "elapsed_seconds": 389.1313314900035}
{"event": "update", "optimizer_step": 890, "loss_main": 0.4604246972669517, "lr": 6.638363272247286e-06, "grad_norm": 4.315499305725098, "examples_seen": 28475, "supervised_tokens_seen": 2077173, "epoch": 1, "elapsed_seconds": 393.54983790399274}
{"event": "update", "optimizer_step": 900, "loss_main": 0.3336729694217391, "lr": 6.356916032317063e-06, "grad_norm": 3.5902798175811768, "examples_seen": 28795, "supervised_tokens_seen": 2102632, "epoch": 1, "elapsed_seconds": 397.7042668060167}
{"event": "evaluation", "optimizer_step": 900, "loss": 1.2247504466944725, "perplexity": 3.403316667883851, "supervised_tokens": 31348.0, "elapsed_seconds": 397.7042668060167}
{"event": "update", "optimizer_step": 910, "loss_main": 0.3803982048273208, "lr": 6.1012283833590465e-06, "grad_norm": 3.5207302570343018, "examples_seen": 29115, "supervised_tokens_seen": 2125417, "epoch": 1, "elapsed_seconds": 407.0043761249981}
{"event": "update", "optimizer_step": 920, "loss_main": 0.5484319526427098, "lr": 5.871611841387825e-06, "grad_norm": 3.384049654006958, "examples_seen": 29435, "supervised_tokens_seen": 2148857, "epoch": 1, "elapsed_seconds": 411.02137827599654}
{"event": "update", "optimizer_step": 930, "loss_main": 0.28583559893225496, "lr": 5.66834615879008e-06, "grad_norm": 3.209101676940918, "examples_seen": 29755, "supervised_tokens_seen": 2172157, "epoch": 1, "elapsed_seconds": 415.116065374983}
{"event": "update", "optimizer_step": 940, "loss_main": 0.3905735744057961, "lr": 5.491678983489372e-06, "grad_norm": 3.7296571731567383, "examples_seen": 30075, "supervised_tokens_seen": 2195172, "epoch": 1, "elapsed_seconds": 418.932544270996}
{"event": "update", "optimizer_step": 950, "loss_main": 0.42558033240365456, "lr": 5.341825557225321e-06, "grad_norm": 3.035501003265381, "examples_seen": 30395, "supervised_tokens_seen": 2220217, "epoch": 1, "elapsed_seconds": 423.00662195001496}
{"event": "update", "optimizer_step": 960, "loss_main": 0.4576321310712568, "lr": 5.218968453314668e-06, "grad_norm": 3.520358085632324, "examples_seen": 30715, "supervised_tokens_seen": 2243501, "epoch": 1, "elapsed_seconds": 426.86946351698134}
{"event": "update", "optimizer_step": 970, "loss_main": 0.29204508679881547, "lr": 5.123257354213851e-06, "grad_norm": 3.533094882965088, "examples_seen": 31035, "supervised_tokens_seen": 2260662, "epoch": 1, "elapsed_seconds": 430.1649052849971}
{"event": "update", "optimizer_step": 980, "loss_main": 0.3470135332343583, "lr": 5.054808869153956e-06, "grad_norm": 3.034529685974121, "examples_seen": 31355, "supervised_tokens_seen": 2283311, "epoch": 1, "elapsed_seconds": 434.0892221860122}
{"event": "update", "optimizer_step": 990, "loss_main": 0.3793297415048949, "lr": 5.0137063920703455e-06, "grad_norm": 3.2031707763671875, "examples_seen": 31675, "supervised_tokens_seen": 2299536, "epoch": 1, "elapsed_seconds": 437.16549928102177}
{"event": "update", "optimizer_step": 1000, "loss_main": 0.3784485562358584, "lr": 5e-06, "grad_norm": 3.654660940170288, "examples_seen": 31995, "supervised_tokens_seen": 2321363, "epoch": 1, "elapsed_seconds": 440.94123831397155}
{"event": "evaluation", "optimizer_step": 1000, "loss": 1.252577867145017, "perplexity": 3.4993522052294646, "supervised_tokens": 31348.0, "elapsed_seconds": 440.94123831397155}
{"event": "complete", "optimizer_step": 1000, "evaluation": {"loss": 1.252577867145017, "perplexity": 3.4993522052294646, "supervised_tokens": 31348.0}, "elapsed_seconds": 440.94123831397155}
