{"event": "start", "state": {"optimizer_step": 0, "examples_seen": 0, "supervised_tokens_seen": 0, "epoch": 0, "batch_in_epoch": 0, "elapsed_seconds": 0.0}, "evaluation": {"loss": 2.286919928949644, "perplexity": 9.844568964408591, "supervised_tokens": 10294.0}, "target_updates": 1000, "settings": {"max_sequence_length": 512, "microbatch_size": 16, "gradient_accumulation": 2, "learning_rate": 5e-05, "warmup_updates": 100, "weight_decay": 0.01, "grad_clip": 1.0, "planned_total_updates": 1000, "checkpoint_updates": 200, "min_lr_ratio": 0.1, "seed": 2027}, "parameters": 144630912, "train_examples": 13780, "heldout_examples": 722, "device": "cuda", "precision": "bf16-autocast"}
{"event": "update", "optimizer_step": 1, "loss_main": 2.599407011407132, "lr": 5e-07, "grad_norm": 11.694842338562012, "examples_seen": 32, "supervised_tokens_seen": 829, "epoch": 0, "elapsed_seconds": 0.4666130169935059}
{"event": "update", "optimizer_step": 10, "loss_main": 1.4691721033458867, "lr": 5e-06, "grad_norm": 18.21455192565918, "examples_seen": 320, "supervised_tokens_seen": 6684, "epoch": 0, "elapsed_seconds": 2.0116960939922137}
{"event": "update", "optimizer_step": 20, "loss_main": 0.5409665882856731, "lr": 1e-05, "grad_norm": 4.2019267082214355, "examples_seen": 640, "supervised_tokens_seen": 13123, "epoch": 0, "elapsed_seconds": 3.5279223329998786}
{"event": "update", "optimizer_step": 30, "loss_main": 0.838218318726622, "lr": 1.5e-05, "grad_norm": 3.1733131408691406, "examples_seen": 960, "supervised_tokens_seen": 20185, "epoch": 0, "elapsed_seconds": 5.30223952299275}
{"event": "update", "optimizer_step": 40, "loss_main": 0.32162733843285657, "lr": 2e-05, "grad_norm": 2.679874897003174, "examples_seen": 1280, "supervised_tokens_seen": 26628, "epoch": 0, "elapsed_seconds": 6.9459746919892495}
{"event": "update", "optimizer_step": 50, "loss_main": 1.2398414279391021, "lr": 2.5e-05, "grad_norm": 3.872515916824341, "examples_seen": 1600, "supervised_tokens_seen": 34031, "epoch": 0, "elapsed_seconds": 8.82144799499656}
{"event": "update", "optimizer_step": 60, "loss_main": 0.4486272284362323, "lr": 3e-05, "grad_norm": 3.9945359230041504, "examples_seen": 1920, "supervised_tokens_seen": 41294, "epoch": 0, "elapsed_seconds": 10.716567665993352}
{"event": "update", "optimizer_step": 70, "loss_main": 0.7779879895278385, "lr": 3.5000000000000004e-05, "grad_norm": 2.74208402633667, "examples_seen": 2240, "supervised_tokens_seen": 48788, "epoch": 0, "elapsed_seconds": 12.685972196995863}
{"event": "update", "optimizer_step": 80, "loss_main": 0.21962114582401876, "lr": 4e-05, "grad_norm": 1.8636982440948486, "examples_seen": 2560, "supervised_tokens_seen": 56350, "epoch": 0, "elapsed_seconds": 14.686476581002353}
{"event": "update", "optimizer_step": 90, "loss_main": 0.3563911714420613, "lr": 4.5e-05, "grad_norm": 2.207930564880371, "examples_seen": 2880, "supervised_tokens_seen": 62786, "epoch": 0, "elapsed_seconds": 16.339797003995045}
{"event": "update", "optimizer_step": 100, "loss_main": 1.014991682890606, "lr": 5e-05, "grad_norm": 2.824376106262207, "examples_seen": 3200, "supervised_tokens_seen": 69796, "epoch": 0, "elapsed_seconds": 18.07959327599383}
{"event": "update", "optimizer_step": 110, "loss_main": 0.7034361286430942, "lr": 4.9986293607929655e-05, "grad_norm": 2.412729263305664, "examples_seen": 3520, "supervised_tokens_seen": 77123, "epoch": 0, "elapsed_seconds": 19.91384759999346}
{"event": "update", "optimizer_step": 120, "loss_main": 1.4819584749253394, "lr": 4.9945191130846044e-05, "grad_norm": 3.244920253753662, "examples_seen": 3840, "supervised_tokens_seen": 84386, "epoch": 0, "elapsed_seconds": 21.85750462800206}
{"event": "update", "optimizer_step": 130, "loss_main": 1.3958700318070292, "lr": 4.987674264578615e-05, "grad_norm": 3.2712738513946533, "examples_seen": 4160, "supervised_tokens_seen": 91130, "epoch": 0, "elapsed_seconds": 23.490541104998556}
{"event": "update", "optimizer_step": 140, "loss_main": 0.7114961667396854, "lr": 4.978103154668534e-05, "grad_norm": 2.939390182495117, "examples_seen": 4480, "supervised_tokens_seen": 97926, "epoch": 0, "elapsed_seconds": 25.10876323399134}
{"event": "update", "optimizer_step": 150, "loss_main": 0.7243424355983734, "lr": 4.965817444277468e-05, "grad_norm": 2.795372486114502, "examples_seen": 4800, "supervised_tokens_seen": 105046, "epoch": 0, "elapsed_seconds": 26.9425023389922}
{"event": "update", "optimizer_step": 160, "loss_main": 1.4412350507046578, "lr": 4.950832101651063e-05, "grad_norm": 3.430785655975342, "examples_seen": 5120, "supervised_tokens_seen": 112269, "epoch": 0, "elapsed_seconds": 28.7535185989982}
{"event": "update", "optimizer_step": 170, "loss_main": 0.7668596807260328, "lr": 4.933165384120992e-05, "grad_norm": 2.6180062294006348, "examples_seen": 5440, "supervised_tokens_seen": 118763, "epoch": 0, "elapsed_seconds": 30.376360947993817}
{"event": "update", "optimizer_step": 180, "loss_main": 0.6787217567841559, "lr": 4.9128388158612174e-05, "grad_norm": 2.7402865886688232, "examples_seen": 5760, "supervised_tokens_seen": 125593, "epoch": 0, "elapsed_seconds": 32.25745610099693}
{"event": "update", "optimizer_step": 190, "loss_main": 0.2206736096072272, "lr": 4.889877161664096e-05, "grad_norm": 1.3596775531768799, "examples_seen": 6080, "supervised_tokens_seen": 132905, "epoch": 0, "elapsed_seconds": 34.15156185699743}
{"event": "update", "optimizer_step": 200, "loss_main": 0.8074199600058769, "lr": 4.864308396768294e-05, "grad_norm": 2.5414648056030273, "examples_seen": 6400, "supervised_tokens_seen": 139721, "epoch": 0, "elapsed_seconds": 35.8493805929902}
{"event": "evaluation", "optimizer_step": 200, "loss": 0.27454002679540784, "perplexity": 1.315925245285526, "supervised_tokens": 10294.0, "elapsed_seconds": 35.8493805929902}
{"event": "update", "optimizer_step": 210, "loss_main": 1.2391915044497923, "lr": 4.836163672775272e-05, "grad_norm": 3.295823574066162, "examples_seen": 6720, "supervised_tokens_seen": 146897, "epoch": 0, "elapsed_seconds": 42.35397184899193}
{"event": "update", "optimizer_step": 220, "loss_main": 0.136911517265609, "lr": 4.805477279695852e-05, "grad_norm": 1.0555237531661987, "examples_seen": 7040, "supervised_tokens_seen": 153962, "epoch": 0, "elapsed_seconds": 44.066524673995445}
{"event": "update", "optimizer_step": 230, "loss_main": 0.674751602930088, "lr": 4.7722866041731264e-05, "grad_norm": 2.5627682209014893, "examples_seen": 7360, "supervised_tokens_seen": 160348, "epoch": 0, "elapsed_seconds": 45.666654714994365}
{"event": "update", "optimizer_step": 240, "loss_main": 0.2568051017939098, "lr": 4.7366320839325864e-05, "grad_norm": 1.4761416912078857, "examples_seen": 7680, "supervised_tokens_seen": 167150, "epoch": 0, "elapsed_seconds": 47.24039019100019}
{"event": "update", "optimizer_step": 250, "loss_main": 1.0437422076050116, "lr": 4.6985571585149876e-05, "grad_norm": 2.8972713947296143, "examples_seen": 8000, "supervised_tokens_seen": 174661, "epoch": 0, "elapsed_seconds": 49.29318028700072}
{"event": "update", "optimizer_step": 260, "loss_main": 1.3849938826230943, "lr": 4.6581082163519586e-05, "grad_norm": 3.2213387489318848, "examples_seen": 8320, "supervised_tokens_seen": 181908, "epoch": 0, "elapsed_seconds": 51.127371041991864}
{"event": "update", "optimizer_step": 270, "loss_main": 0.1617106995584591, "lr": 4.615334538248844e-05, "grad_norm": 1.2594763040542603, "examples_seen": 8640, "supervised_tokens_seen": 188461, "epoch": 0, "elapsed_seconds": 52.7113962329895}
{"event": "update", "optimizer_step": 280, "loss_main": 1.202636421004007, "lr": 4.570288237343632e-05, "grad_norm": 2.813788652420044, "examples_seen": 8960, "supervised_tokens_seen": 195959, "epoch": 0, "elapsed_seconds": 54.65670190799574}
{"event": "update", "optimizer_step": 290, "loss_main": 0.17044740073058917, "lr": 4.523024195615124e-05, "grad_norm": 1.12109375, "examples_seen": 9280, "supervised_tokens_seen": 203023, "epoch": 0, "elapsed_seconds": 56.466561270994134}
{"event": "update", "optimizer_step": 300, "loss_main": 0.720258739497095, "lr": 4.473599997017701e-05, "grad_norm": 2.5217459201812744, "examples_seen": 9600, "supervised_tokens_seen": 209988, "epoch": 0, "elapsed_seconds": 58.19604481798888}
{"event": "update", "optimizer_step": 310, "loss_main": 0.7111407043845214, "lr": 4.422075857324137e-05, "grad_norm": 2.2767741680145264, "examples_seen": 9920, "supervised_tokens_seen": 217128, "epoch": 0, "elapsed_seconds": 59.96972587700293}
{"event": "update", "optimizer_step": 320, "loss_main": 0.9264379307727686, "lr": 4.368514550761965e-05, "grad_norm": 2.6574625968933105, "examples_seen": 10240, "supervised_tokens_seen": 223712, "epoch": 0, "elapsed_seconds": 61.52376301099139}
{"event": "update", "optimizer_step": 330, "loss_main": 0.8520592001060512, "lr": 4.312981333532744e-05, "grad_norm": 2.7116458415985107, "examples_seen": 10560, "supervised_tokens_seen": 230835, "epoch": 0, "elapsed_seconds": 63.24166177799634}
{"event": "update", "optimizer_step": 340, "loss_main": 0.2557680439117343, "lr": 4.255543864307431e-05, "grad_norm": 1.635966420173645, "examples_seen": 10880, "supervised_tokens_seen": 237944, "epoch": 0, "elapsed_seconds": 65.10057562199654}
{"event": "update", "optimizer_step": 350, "loss_main": 0.232243786789169, "lr": 4.1962721217947135e-05, "grad_norm": 1.670337200164795, "examples_seen": 11200, "supervised_tokens_seen": 244834, "epoch": 0, "elapsed_seconds": 66.79536218199064}
{"event": "update", "optimizer_step": 360, "loss_main": 0.8540518064967921, "lr": 4.135238319482731e-05, "grad_norm": 2.78692626953125, "examples_seen": 11508, "supervised_tokens_seen": 251999, "epoch": 0, "elapsed_seconds": 68.65989809999883}
{"event": "update", "optimizer_step": 370, "loss_main": 0.1307133379587009, "lr": 4.072516817658065e-05, "grad_norm": 0.9537477493286133, "examples_seen": 11828, "supervised_tokens_seen": 259009, "epoch": 0, "elapsed_seconds": 70.30383590600104}
{"event": "update", "optimizer_step": 380, "loss_main": 0.2084255421310045, "lr": 4.0081840328091804e-05, "grad_norm": 1.3695148229599, "examples_seen": 12148, "supervised_tokens_seen": 265299, "epoch": 0, "elapsed_seconds": 71.7924420269992}
{"event": "update", "optimizer_step": 390, "loss_main": 0.86844555749238, "lr": 3.9423183445247117e-05, "grad_norm": 2.7108566761016846, "examples_seen": 12468, "supervised_tokens_seen": 272003, "epoch": 0, "elapsed_seconds": 73.36162288200285}
{"event": "update", "optimizer_step": 400, "loss_main": 0.21259739637560562, "lr": 3.875e-05, "grad_norm": 1.4106727838516235, "examples_seen": 12788, "supervised_tokens_seen": 279375, "epoch": 0, "elapsed_seconds": 75.22432201799529}
{"event": "evaluation", "optimizer_step": 400, "loss": 0.24143738231645387, "perplexity": 1.273077735242867, "supervised_tokens": 10294.0, "elapsed_seconds": 75.22432201799529}
{"event": "update", "optimizer_step": 410, "loss_main": 0.8003635709068848, "lr": 3.806311016268254e-05, "grad_norm": 2.5515074729919434, "examples_seen": 13108, "supervised_tokens_seen": 285588, "epoch": 0, "elapsed_seconds": 81.29787656299595}
{"event": "update", "optimizer_step": 420, "loss_main": 0.16968192741902025, "lr": 3.7363350802754244e-05, "grad_norm": 1.2785357236862183, "examples_seen": 13428, "supervised_tokens_seen": 292409, "epoch": 0, "elapsed_seconds": 82.99546119599836}
{"event": "update", "optimizer_step": 430, "loss_main": 0.9281966228584062, "lr": 3.665157446920551e-05, "grad_norm": 2.584169864654541, "examples_seen": 13748, "supervised_tokens_seen": 299766, "epoch": 0, "elapsed_seconds": 84.9073865829996}
{"event": "update", "optimizer_step": 440, "loss_main": 0.23736003810285974, "lr": 3.5928648351858027e-05, "grad_norm": 1.6630562543869019, "examples_seen": 14068, "supervised_tokens_seen": 306616, "epoch": 1, "elapsed_seconds": 86.62409417200251}
{"event": "update", "optimizer_step": 450, "loss_main": 0.1431525024775723, "lr": 3.519545322482755e-05, "grad_norm": 1.2120987176895142, "examples_seen": 14388, "supervised_tokens_seen": 314018, "epoch": 1, "elapsed_seconds": 88.47071669099387}
{"event": "update", "optimizer_step": 460, "loss_main": 0.13387404715215695, "lr": 3.4452882373436316e-05, "grad_norm": 1.0659650564193726, "examples_seen": 14708, "supervised_tokens_seen": 320595, "epoch": 1, "elapsed_seconds": 90.099803213001}
{"event": "update", "optimizer_step": 470, "loss_main": 0.3487170017404216, "lr": 3.370184050588248e-05, "grad_norm": 1.879701852798462, "examples_seen": 15028, "supervised_tokens_seen": 327937, "epoch": 1, "elapsed_seconds": 91.9265195899934}
{"event": "update", "optimizer_step": 480, "loss_main": 0.13516589403152465, "lr": 3.294324265099252e-05, "grad_norm": 1.3012356758117676, "examples_seen": 15348, "supervised_tokens_seen": 334965, "epoch": 1, "elapsed_seconds": 93.75499760400271}
{"event": "update", "optimizer_step": 490, "loss_main": 0.5024091539783778, "lr": 3.217801304339959e-05, "grad_norm": 2.5537831783294678, "examples_seen": 15668, "supervised_tokens_seen": 342127, "epoch": 1, "elapsed_seconds": 95.71399374298926}
{"event": "update", "optimizer_step": 500, "loss_main": 0.5289411873684784, "lr": 3.140708399750594e-05, "grad_norm": 2.3254430294036865, "examples_seen": 15988, "supervised_tokens_seen": 348816, "epoch": 1, "elapsed_seconds": 97.36657513199316}
{"event": "update", "optimizer_step": 510, "loss_main": 0.09252818908190358, "lr": 3.0631394771601475e-05, "grad_norm": 0.9286509156227112, "examples_seen": 16308, "supervised_tokens_seen": 355705, "epoch": 1, "elapsed_seconds": 99.08102766999218}
{"event": "update", "optimizer_step": 520, "loss_main": 0.13329088114606827, "lr": 2.9851890423522204e-05, "grad_norm": 1.2961236238479614, "examples_seen": 16628, "supervised_tokens_seen": 363246, "epoch": 1, "elapsed_seconds": 101.06837381899823}
{"event": "update", "optimizer_step": 530, "loss_main": 0.4831418138453547, "lr": 2.906952065924282e-05, "grad_norm": 2.0550713539123535, "examples_seen": 16948, "supervised_tokens_seen": 370033, "epoch": 1, "elapsed_seconds": 102.72322062699823}
{"event": "update", "optimizer_step": 540, "loss_main": 0.13812483549118043, "lr": 2.828523867580628e-05, "grad_norm": 1.3079828023910522, "examples_seen": 17268, "supervised_tokens_seen": 376892, "epoch": 1, "elapsed_seconds": 104.43882140399364}
{"event": "update", "optimizer_step": 550, "loss_main": 0.4251492092304904, "lr": 2.7500000000000004e-05, "grad_norm": 2.0930142402648926, "examples_seen": 17588, "supervised_tokens_seen": 383864, "epoch": 1, "elapsed_seconds": 106.34803653298877}
{"event": "update", "optimizer_step": 560, "loss_main": 0.16112824212907173, "lr": 2.6714761324193736e-05, "grad_norm": 1.386452317237854, "examples_seen": 17908, "supervised_tokens_seen": 391466, "epoch": 1, "elapsed_seconds": 108.29404621999129}
{"event": "update", "optimizer_step": 570, "loss_main": 0.7103097972187487, "lr": 2.593047934075718e-05, "grad_norm": 2.2814371585845947, "examples_seen": 18228, "supervised_tokens_seen": 399027, "epoch": 1, "elapsed_seconds": 110.24873659599689}
{"event": "update", "optimizer_step": 580, "loss_main": 0.21921359852832906, "lr": 2.5148109576477802e-05, "grad_norm": 1.9350720643997192, "examples_seen": 18548, "supervised_tokens_seen": 405727, "epoch": 1, "elapsed_seconds": 111.86580095298996}
{"event": "update", "optimizer_step": 590, "loss_main": 0.8547312181567278, "lr": 2.4368605228398534e-05, "grad_norm": 2.6393792629241943, "examples_seen": 18868, "supervised_tokens_seen": 412626, "epoch": 1, "elapsed_seconds": 113.79396778499358}
{"event": "update", "optimizer_step": 600, "loss_main": 0.12224037326137785, "lr": 2.359291600249407e-05, "grad_norm": 1.1816701889038086, "examples_seen": 19188, "supervised_tokens_seen": 419818, "epoch": 1, "elapsed_seconds": 115.58937819499988}
{"event": "evaluation", "optimizer_step": 600, "loss": 0.21586188189258315, "perplexity": 1.2409309721264425, "supervised_tokens": 10294.0, "elapsed_seconds": 115.58937819499988}
{"event": "update", "optimizer_step": 610, "loss_main": 0.48986598936773024, "lr": 2.282198695660042e-05, "grad_norm": 2.3919601440429688, "examples_seen": 19508, "supervised_tokens_seen": 426601, "epoch": 1, "elapsed_seconds": 122.25810654599627}
{"event": "update", "optimizer_step": 620, "loss_main": 0.15140622220933436, "lr": 2.205675734900748e-05, "grad_norm": 1.282810091972351, "examples_seen": 19828, "supervised_tokens_seen": 433426, "epoch": 1, "elapsed_seconds": 123.9894019409985}
{"event": "update", "optimizer_step": 630, "loss_main": 0.7810126022687034, "lr": 2.129815949411752e-05, "grad_norm": 2.731673002243042, "examples_seen": 20148, "supervised_tokens_seen": 440194, "epoch": 1, "elapsed_seconds": 125.6621338959958}
{"event": "update", "optimizer_step": 640, "loss_main": 0.6180188100427514, "lr": 2.054711762656369e-05, "grad_norm": 2.5528719425201416, "examples_seen": 20468, "supervised_tokens_seen": 447106, "epoch": 1, "elapsed_seconds": 127.33132685298915}
{"event": "update", "optimizer_step": 650, "loss_main": 0.5581303587916525, "lr": 1.9804546775172457e-05, "grad_norm": 2.336992025375366, "examples_seen": 20788, "supervised_tokens_seen": 453919, "epoch": 1, "elapsed_seconds": 129.09197823099385}
{"event": "update", "optimizer_step": 660, "loss_main": 0.13785673677921295, "lr": 1.907135164814198e-05, "grad_norm": 1.2069852352142334, "examples_seen": 21108, "supervised_tokens_seen": 460774, "epoch": 1, "elapsed_seconds": 130.73386640498939}
{"event": "update", "optimizer_step": 670, "loss_main": 0.1375304149846508, "lr": 1.83484255307945e-05, "grad_norm": 1.2853811979293823, "examples_seen": 21428, "supervised_tokens_seen": 467020, "epoch": 1, "elapsed_seconds": 132.24370494099276}
{"event": "update", "optimizer_step": 680, "loss_main": 0.14753608924872946, "lr": 1.7636649197245758e-05, "grad_norm": 1.379211187362671, "examples_seen": 21748, "supervised_tokens_seen": 473269, "epoch": 1, "elapsed_seconds": 133.7852547789953}
{"event": "update", "optimizer_step": 690, "loss_main": 0.10594498366117477, "lr": 1.6936889837317466e-05, "grad_norm": 1.0450698137283325, "examples_seen": 22068, "supervised_tokens_seen": 480216, "epoch": 1, "elapsed_seconds": 135.51325050099695}
{"event": "update", "optimizer_step": 700, "loss_main": 0.12286034520358255, "lr": 1.6250000000000005e-05, "grad_norm": 1.321527361869812, "examples_seen": 22388, "supervised_tokens_seen": 486937, "epoch": 1, "elapsed_seconds": 137.20572633299162}
{"event": "update", "optimizer_step": 710, "loss_main": 0.17518502583274734, "lr": 1.5576816554752892e-05, "grad_norm": 1.4358224868774414, "examples_seen": 22708, "supervised_tokens_seen": 493710, "epoch": 1, "elapsed_seconds": 138.9168772839912}
{"event": "update", "optimizer_step": 720, "loss_main": 0.14010043892095675, "lr": 1.49181596719082e-05, "grad_norm": 1.2054888010025024, "examples_seen": 23028, "supervised_tokens_seen": 500849, "epoch": 1, "elapsed_seconds": 140.71697553800186}
{"event": "update", "optimizer_step": 730, "loss_main": 0.5357291744305537, "lr": 1.427483182341936e-05, "grad_norm": 2.817629337310791, "examples_seen": 23348, "supervised_tokens_seen": 507463, "epoch": 1, "elapsed_seconds": 142.3796903219918}
{"event": "update", "optimizer_step": 740, "loss_main": 0.08334045484662056, "lr": 1.364761680517269e-05, "grad_norm": 0.9791615009307861, "examples_seen": 23668, "supervised_tokens_seen": 514272, "epoch": 1, "elapsed_seconds": 143.98028097199858}
{"event": "update", "optimizer_step": 750, "loss_main": 0.11066438255493187, "lr": 1.3037278782052863e-05, "grad_norm": 1.1541956663131714, "examples_seen": 23988, "supervised_tokens_seen": 520801, "epoch": 1, "elapsed_seconds": 145.51816726299876}
{"event": "update", "optimizer_step": 760, "loss_main": 0.13192085113376378, "lr": 1.2444561356925697e-05, "grad_norm": 1.1907352209091187, "examples_seen": 24308, "supervised_tokens_seen": 528684, "epoch": 1, "elapsed_seconds": 147.63927245199739}
{"event": "update", "optimizer_step": 770, "loss_main": 0.1167141434393431, "lr": 1.187018666467256e-05, "grad_norm": 1.0876497030258179, "examples_seen": 24628, "supervised_tokens_seen": 535860, "epoch": 1, "elapsed_seconds": 149.385508708001}
{"event": "update", "optimizer_step": 780, "loss_main": 0.7393912617893269, "lr": 1.1314854492380354e-05, "grad_norm": 2.8966097831726074, "examples_seen": 24948, "supervised_tokens_seen": 543235, "epoch": 1, "elapsed_seconds": 151.3764928140008}
{"event": "update", "optimizer_step": 790, "loss_main": 0.13044798374176025, "lr": 1.0779241426758628e-05, "grad_norm": 1.3270765542984009, "examples_seen": 25256, "supervised_tokens_seen": 549713, "epoch": 1, "elapsed_seconds": 153.0123493889987}
{"event": "update", "optimizer_step": 800, "loss_main": 0.15602860649113398, "lr": 1.0264000029822999e-05, "grad_norm": 1.3917902708053589, "examples_seen": 25576, "supervised_tokens_seen": 556468, "epoch": 1, "elapsed_seconds": 154.7002455490001}
{"event": "evaluation", "optimizer_step": 800, "loss": 0.19026326724496923, "perplexity": 1.209567995377313, "supervised_tokens": 10294.0, "elapsed_seconds": 154.7002455490001}
{"event": "update", "optimizer_step": 810, "loss_main": 0.4391114264726639, "lr": 9.769758043848759e-06, "grad_norm": 2.1455624103546143, "examples_seen": 25896, "supervised_tokens_seen": 563548, "epoch": 1, "elapsed_seconds": 161.10709899700305}
{"event": "update", "optimizer_step": 820, "loss_main": 0.1508558765053749, "lr": 9.297117626563687e-06, "grad_norm": 1.5864648818969727, "examples_seen": 26216, "supervised_tokens_seen": 570827, "epoch": 1, "elapsed_seconds": 162.9845381269988}
{"event": "update", "optimizer_step": 830, "loss_main": 0.7972936759254446, "lr": 8.846654617511564e-06, "grad_norm": 2.6726160049438477, "examples_seen": 26536, "supervised_tokens_seen": 577883, "epoch": 1, "elapsed_seconds": 164.75370226798987}
{"event": "update", "optimizer_step": 840, "loss_main": 0.11923383223632025, "lr": 8.418917836480417e-06, "grad_norm": 1.0719434022903442, "examples_seen": 26856, "supervised_tokens_seen": 585101, "epoch": 1, "elapsed_seconds": 166.52327480599342}
{"event": "update", "optimizer_step": 850, "loss_main": 0.8850911688666011, "lr": 8.01442841485013e-06, "grad_norm": 2.796159505844116, "examples_seen": 27176, "supervised_tokens_seen": 592241, "epoch": 1, "elapsed_seconds": 168.23913473098946}
{"event": "update", "optimizer_step": 860, "loss_main": 0.1282288150132301, "lr": 7.633679160674144e-06, "grad_norm": 1.2159583568572998, "examples_seen": 27496, "supervised_tokens_seen": 599339, "epoch": 1, "elapsed_seconds": 169.96377365400258}
{"event": "update", "optimizer_step": 870, "loss_main": 0.05860807918464011, "lr": 7.277133958268747e-06, "grad_norm": 0.8578838109970093, "examples_seen": 27816, "supervised_tokens_seen": 606630, "epoch": 2, "elapsed_seconds": 171.69389783499355}
{"event": "update", "optimizer_step": 880, "loss_main": 0.28495514977758174, "lr": 6.94522720304148e-06, "grad_norm": 1.8126883506774902, "examples_seen": 28136, "supervised_tokens_seen": 613905, "epoch": 2, "elapsed_seconds": 173.50815514499845}
{"event": "update", "optimizer_step": 890, "loss_main": 0.4367583722360735, "lr": 6.638363272247286e-06, "grad_norm": 2.382707118988037, "examples_seen": 28456, "supervised_tokens_seen": 621606, "epoch": 2, "elapsed_seconds": 175.44682680298865}
{"event": "update", "optimizer_step": 900, "loss_main": 0.270395567861654, "lr": 6.356916032317063e-06, "grad_norm": 2.0655388832092285, "examples_seen": 28776, "supervised_tokens_seen": 628328, "epoch": 2, "elapsed_seconds": 177.04805392900016}
{"event": "update", "optimizer_step": 910, "loss_main": 0.33302652594310783, "lr": 6.1012283833590465e-06, "grad_norm": 2.0227906703948975, "examples_seen": 29096, "supervised_tokens_seen": 635152, "epoch": 2, "elapsed_seconds": 178.7998849739961}
{"event": "update", "optimizer_step": 920, "loss_main": 0.3860457162894346, "lr": 5.871611841387825e-06, "grad_norm": 1.905056118965149, "examples_seen": 29416, "supervised_tokens_seen": 641998, "epoch": 2, "elapsed_seconds": 180.60349614899314}
{"event": "update", "optimizer_step": 930, "loss_main": 0.09979344994459988, "lr": 5.66834615879008e-06, "grad_norm": 1.1392862796783447, "examples_seen": 29736, "supervised_tokens_seen": 648980, "epoch": 2, "elapsed_seconds": 182.34829814499244}
{"event": "update", "optimizer_step": 940, "loss_main": 0.10806903549643795, "lr": 5.491678983489372e-06, "grad_norm": 1.1833038330078125, "examples_seen": 30056, "supervised_tokens_seen": 655722, "epoch": 2, "elapsed_seconds": 184.05036115000257}
{"event": "update", "optimizer_step": 950, "loss_main": 0.09207162137792504, "lr": 5.341825557225321e-06, "grad_norm": 1.0894871950149536, "examples_seen": 30376, "supervised_tokens_seen": 662653, "epoch": 2, "elapsed_seconds": 185.71924876699632}
{"event": "update", "optimizer_step": 960, "loss_main": 0.07309400806523332, "lr": 5.218968453314668e-06, "grad_norm": 1.092810034751892, "examples_seen": 30696, "supervised_tokens_seen": 669378, "epoch": 2, "elapsed_seconds": 187.39307762199314}
{"event": "update", "optimizer_step": 970, "loss_main": 0.3139906403350147, "lr": 5.123257354213851e-06, "grad_norm": 1.9411073923110962, "examples_seen": 31016, "supervised_tokens_seen": 676430, "epoch": 2, "elapsed_seconds": 189.0913006769988}
{"event": "update", "optimizer_step": 980, "loss_main": 0.06677582199281117, "lr": 5.054808869153956e-06, "grad_norm": 0.819983959197998, "examples_seen": 31336, "supervised_tokens_seen": 683247, "epoch": 2, "elapsed_seconds": 190.90291050799715}
{"event": "update", "optimizer_step": 990, "loss_main": 0.3055574347374759, "lr": 5.0137063920703455e-06, "grad_norm": 1.8103941679000854, "examples_seen": 31656, "supervised_tokens_seen": 690274, "epoch": 2, "elapsed_seconds": 192.61282234099053}
{"event": "update", "optimizer_step": 1000, "loss_main": 0.24179741575095143, "lr": 5e-06, "grad_norm": 1.7701153755187988, "examples_seen": 31976, "supervised_tokens_seen": 697390, "epoch": 2, "elapsed_seconds": 194.40355623999494}
{"event": "evaluation", "optimizer_step": 1000, "loss": 0.19142161654056924, "perplexity": 1.21096990940905, "supervised_tokens": 10294.0, "elapsed_seconds": 194.40355623999494}
{"event": "complete", "optimizer_step": 1000, "evaluation": {"loss": 0.19142161654056924, "perplexity": 1.21096990940905, "supervised_tokens": 10294.0}, "elapsed_seconds": 194.40355623999494}
