{"event": "start", "state": {"optimizer_step": 0, "examples_seen": 0, "supervised_tokens_seen": 0, "epoch": 0, "batch_in_epoch": 0, "elapsed_seconds": 0.0}, "evaluation": {"loss": 1.7305838314566189, "perplexity": 5.643948061137379, "supervised_tokens": 25866.0}, "target_updates": 1000, "settings": {"max_sequence_length": 512, "microbatch_size": 16, "gradient_accumulation": 2, "learning_rate": 5e-05, "warmup_updates": 100, "weight_decay": 0.01, "grad_clip": 1.0, "planned_total_updates": 1000, "checkpoint_updates": 100, "min_lr_ratio": 0.1, "seed": 2027}, "parameters": 329821696, "train_examples": 10073, "heldout_examples": 569, "device": "cuda", "precision": "bf16-autocast"}
{"event": "update", "optimizer_step": 1, "loss_main": 1.7881718953894503, "lr": 5e-07, "grad_norm": 12.864967346191406, "examples_seen": 32, "supervised_tokens_seen": 1790, "epoch": 0, "elapsed_seconds": 0.7020134460180998}
{"event": "update", "optimizer_step": 10, "loss_main": 1.275839052387734, "lr": 5e-06, "grad_norm": 5.189843654632568, "examples_seen": 320, "supervised_tokens_seen": 15418, "epoch": 0, "elapsed_seconds": 5.273167981009465}
{"event": "update", "optimizer_step": 20, "loss_main": 1.1607174089850103, "lr": 1e-05, "grad_norm": 4.909126281738281, "examples_seen": 640, "supervised_tokens_seen": 31739, "epoch": 0, "elapsed_seconds": 10.266149910981767}
{"event": "update", "optimizer_step": 30, "loss_main": 1.3137364971579448, "lr": 1.5e-05, "grad_norm": 3.069279909133911, "examples_seen": 960, "supervised_tokens_seen": 51932, "epoch": 0, "elapsed_seconds": 16.11883150500944}
{"event": "update", "optimizer_step": 40, "loss_main": 1.3289078200856845, "lr": 2e-05, "grad_norm": 3.0795845985412598, "examples_seen": 1280, "supervised_tokens_seen": 75188, "epoch": 0, "elapsed_seconds": 22.632564172963612}
{"event": "update", "optimizer_step": 50, "loss_main": 1.2148340400973874, "lr": 2.5e-05, "grad_norm": 3.225773572921753, "examples_seen": 1600, "supervised_tokens_seen": 97674, "epoch": 0, "elapsed_seconds": 28.903768229996786}
{"event": "update", "optimizer_step": 60, "loss_main": 1.1887251319132757, "lr": 3e-05, "grad_norm": 2.9811947345733643, "examples_seen": 1920, "supervised_tokens_seen": 119406, "epoch": 0, "elapsed_seconds": 34.857520509976894}
{"event": "update", "optimizer_step": 70, "loss_main": 0.9597869115644061, "lr": 3.5000000000000004e-05, "grad_norm": 4.098342418670654, "examples_seen": 2240, "supervised_tokens_seen": 140809, "epoch": 0, "elapsed_seconds": 40.93630760599626}
{"event": "update", "optimizer_step": 80, "loss_main": 1.0373906421593597, "lr": 4e-05, "grad_norm": 4.997828006744385, "examples_seen": 2560, "supervised_tokens_seen": 159960, "epoch": 0, "elapsed_seconds": 46.45201652601827}
{"event": "update", "optimizer_step": 90, "loss_main": 0.6393626453071241, "lr": 4.5e-05, "grad_norm": 4.448736190795898, "examples_seen": 2880, "supervised_tokens_seen": 179728, "epoch": 0, "elapsed_seconds": 52.044414673990104}
{"event": "update", "optimizer_step": 100, "loss_main": 0.05742169859071658, "lr": 5e-05, "grad_norm": 1.3200715780258179, "examples_seen": 3200, "supervised_tokens_seen": 201111, "epoch": 0, "elapsed_seconds": 57.9011877689627}
{"event": "evaluation", "optimizer_step": 100, "loss": 1.0393520662457219, "perplexity": 2.8273844628998654, "supervised_tokens": 25866.0, "elapsed_seconds": 57.9011877689627}
{"event": "update", "optimizer_step": 110, "loss_main": 0.7328117184231921, "lr": 4.9986293607929655e-05, "grad_norm": 3.772055149078369, "examples_seen": 3520, "supervised_tokens_seen": 218718, "epoch": 0, "elapsed_seconds": 72.96734314400237}
{"event": "update", "optimizer_step": 120, "loss_main": 0.39781877805438376, "lr": 4.9945191130846044e-05, "grad_norm": 3.4438960552215576, "examples_seen": 3840, "supervised_tokens_seen": 236903, "epoch": 0, "elapsed_seconds": 78.69145144696813}
{"event": "update", "optimizer_step": 130, "loss_main": 0.9289973217380341, "lr": 4.987674264578615e-05, "grad_norm": 3.101471185684204, "examples_seen": 4160, "supervised_tokens_seen": 258550, "epoch": 0, "elapsed_seconds": 85.18104979296913}
{"event": "update", "optimizer_step": 140, "loss_main": 0.07498944380992575, "lr": 4.978103154668534e-05, "grad_norm": 2.0276713371276855, "examples_seen": 4480, "supervised_tokens_seen": 278910, "epoch": 0, "elapsed_seconds": 90.95527315500658}
{"event": "update", "optimizer_step": 150, "loss_main": 1.0836359068157415, "lr": 4.965817444277468e-05, "grad_norm": 2.8036000728607178, "examples_seen": 4800, "supervised_tokens_seen": 303795, "epoch": 0, "elapsed_seconds": 97.51172799500637}
{"event": "update", "optimizer_step": 160, "loss_main": 0.8157444959571017, "lr": 4.950832101651063e-05, "grad_norm": 3.4013941287994385, "examples_seen": 5120, "supervised_tokens_seen": 327010, "epoch": 0, "elapsed_seconds": 104.3365914580063}
{"event": "update", "optimizer_step": 170, "loss_main": 1.0134003277403125, "lr": 4.933165384120992e-05, "grad_norm": 3.329969644546509, "examples_seen": 5440, "supervised_tokens_seen": 350668, "epoch": 0, "elapsed_seconds": 110.76469055697089}
{"event": "update", "optimizer_step": 180, "loss_main": 0.7350707539984493, "lr": 4.9128388158612174e-05, "grad_norm": 3.5829384326934814, "examples_seen": 5760, "supervised_tokens_seen": 370000, "epoch": 0, "elapsed_seconds": 116.47255941398907}
{"event": "update", "optimizer_step": 190, "loss_main": 0.8696179793312632, "lr": 4.889877161664096e-05, "grad_norm": 2.9785892963409424, "examples_seen": 6080, "supervised_tokens_seen": 385722, "epoch": 0, "elapsed_seconds": 121.38981404097285}
{"event": "update", "optimizer_step": 200, "loss_main": 0.9861271435680827, "lr": 4.864308396768294e-05, "grad_norm": 3.0571603775024414, "examples_seen": 6400, "supervised_tokens_seen": 403921, "epoch": 0, "elapsed_seconds": 126.87249884696212}
{"event": "evaluation", "optimizer_step": 200, "loss": 0.9916765947062814, "perplexity": 2.6957503664231774, "supervised_tokens": 25866.0, "elapsed_seconds": 126.87249884696212}
{"event": "update", "optimizer_step": 210, "loss_main": 0.106640579937292, "lr": 4.836163672775272e-05, "grad_norm": 2.5820274353027344, "examples_seen": 6720, "supervised_tokens_seen": 419088, "epoch": 0, "elapsed_seconds": 143.6331188309705}
{"event": "update", "optimizer_step": 220, "loss_main": 0.9821710752659156, "lr": 4.805477279695852e-05, "grad_norm": 3.603299856185913, "examples_seen": 7040, "supervised_tokens_seen": 435990, "epoch": 0, "elapsed_seconds": 148.7950207850081}
{"event": "update", "optimizer_step": 230, "loss_main": 0.09153684416970054, "lr": 4.7722866041731264e-05, "grad_norm": 1.9056220054626465, "examples_seen": 7360, "supervised_tokens_seen": 456348, "epoch": 0, "elapsed_seconds": 154.70330498396652}
{"event": "update", "optimizer_step": 240, "loss_main": 1.050147812624577, "lr": 4.7366320839325864e-05, "grad_norm": 2.7985973358154297, "examples_seen": 7680, "supervised_tokens_seen": 476200, "epoch": 0, "elapsed_seconds": 160.34529870096594}
{"event": "update", "optimizer_step": 250, "loss_main": 0.8058515248249357, "lr": 4.6985571585149876e-05, "grad_norm": 3.183168888092041, "examples_seen": 8000, "supervised_tokens_seen": 495886, "epoch": 0, "elapsed_seconds": 166.0140174810076}
{"event": "update", "optimizer_step": 260, "loss_main": 1.1336789965825969, "lr": 4.6581082163519586e-05, "grad_norm": 3.118121385574341, "examples_seen": 8313, "supervised_tokens_seen": 515393, "epoch": 0, "elapsed_seconds": 171.80097869300516}
{"event": "update", "optimizer_step": 270, "loss_main": 1.1464222675655336, "lr": 4.615334538248844e-05, "grad_norm": 3.1389737129211426, "examples_seen": 8633, "supervised_tokens_seen": 533710, "epoch": 0, "elapsed_seconds": 177.45078326697694}
{"event": "update", "optimizer_step": 280, "loss_main": 0.705437011378451, "lr": 4.570288237343632e-05, "grad_norm": 3.0457763671875, "examples_seen": 8953, "supervised_tokens_seen": 548257, "epoch": 0, "elapsed_seconds": 182.07685232098447}
{"event": "update", "optimizer_step": 290, "loss_main": 0.9920859166438664, "lr": 4.523024195615124e-05, "grad_norm": 3.026735782623291, "examples_seen": 9273, "supervised_tokens_seen": 570175, "epoch": 0, "elapsed_seconds": 188.37118598097004}
{"event": "update", "optimizer_step": 300, "loss_main": 1.0446089679347805, "lr": 4.473599997017701e-05, "grad_norm": 3.305603504180908, "examples_seen": 9593, "supervised_tokens_seen": 586509, "epoch": 0, "elapsed_seconds": 193.34910176799167}
{"event": "evaluation", "optimizer_step": 300, "loss": 0.9665632252490324, "perplexity": 2.628893999545897, "supervised_tokens": 25866.0, "elapsed_seconds": 193.34910176799167}
{"event": "update", "optimizer_step": 310, "loss_main": 0.7055851042908967, "lr": 4.422075857324137e-05, "grad_norm": 3.2596261501312256, "examples_seen": 9913, "supervised_tokens_seen": 607507, "epoch": 0, "elapsed_seconds": 210.0536242069793}
{"event": "update", "optimizer_step": 320, "loss_main": 0.322590189393853, "lr": 4.368514550761965e-05, "grad_norm": 2.9831926822662354, "examples_seen": 10233, "supervised_tokens_seen": 628714, "epoch": 1, "elapsed_seconds": 216.1814122259966}
{"event": "update", "optimizer_step": 330, "loss_main": 0.6485083691899245, "lr": 4.312981333532744e-05, "grad_norm": 2.7720718383789062, "examples_seen": 10553, "supervised_tokens_seen": 648627, "epoch": 1, "elapsed_seconds": 221.83514884498436}
{"event": "update", "optimizer_step": 340, "loss_main": 0.7514053443415566, "lr": 4.255543864307431e-05, "grad_norm": 2.6484529972076416, "examples_seen": 10873, "supervised_tokens_seen": 670992, "epoch": 1, "elapsed_seconds": 228.0879739529919}
{"event": "update", "optimizer_step": 350, "loss_main": 0.4634833881628782, "lr": 4.1962721217947135e-05, "grad_norm": 3.1559231281280518, "examples_seen": 11193, "supervised_tokens_seen": 688828, "epoch": 1, "elapsed_seconds": 233.3396546060103}
{"event": "update", "optimizer_step": 360, "loss_main": 0.4748667917762484, "lr": 4.135238319482731e-05, "grad_norm": 2.471484899520874, "examples_seen": 11513, "supervised_tokens_seen": 710303, "epoch": 1, "elapsed_seconds": 239.38395180401858}
{"event": "update", "optimizer_step": 370, "loss_main": 0.41905484417692207, "lr": 4.072516817658065e-05, "grad_norm": 3.1458706855773926, "examples_seen": 11833, "supervised_tokens_seen": 729389, "epoch": 1, "elapsed_seconds": 245.0552588609862}
{"event": "update", "optimizer_step": 380, "loss_main": 0.5941220906061885, "lr": 4.0081840328091804e-05, "grad_norm": 2.908869981765747, "examples_seen": 12153, "supervised_tokens_seen": 748544, "epoch": 1, "elapsed_seconds": 250.80953302199487}
{"event": "update", "optimizer_step": 390, "loss_main": 0.04838905087068657, "lr": 3.9423183445247117e-05, "grad_norm": 1.4704499244689941, "examples_seen": 12473, "supervised_tokens_seen": 766777, "epoch": 1, "elapsed_seconds": 256.10924328898545}
{"event": "update", "optimizer_step": 400, "loss_main": 0.3527797247035445, "lr": 3.875e-05, "grad_norm": 2.6831114292144775, "examples_seen": 12793, "supervised_tokens_seen": 787093, "epoch": 1, "elapsed_seconds": 262.0812594759627}
{"event": "evaluation", "optimizer_step": 400, "loss": 0.9538952937545692, "perplexity": 2.5958014003904726, "supervised_tokens": 25866.0, "elapsed_seconds": 262.0812594759627}
{"event": "update", "optimizer_step": 410, "loss_main": 0.6301022749234065, "lr": 3.806311016268254e-05, "grad_norm": 2.852609872817993, "examples_seen": 13113, "supervised_tokens_seen": 807120, "epoch": 1, "elapsed_seconds": 278.8309840229922}
{"event": "update", "optimizer_step": 420, "loss_main": 0.5323281798133815, "lr": 3.7363350802754244e-05, "grad_norm": 3.0047554969787598, "examples_seen": 13433, "supervised_tokens_seen": 825996, "epoch": 1, "elapsed_seconds": 284.4292529739905}
{"event": "update", "optimizer_step": 430, "loss_main": 0.5039316415034701, "lr": 3.665157446920551e-05, "grad_norm": 3.0099050998687744, "examples_seen": 13753, "supervised_tokens_seen": 845234, "epoch": 1, "elapsed_seconds": 290.15906654001446}
{"event": "update", "optimizer_step": 440, "loss_main": 0.5180616735493127, "lr": 3.5928648351858027e-05, "grad_norm": 3.1677143573760986, "examples_seen": 14073, "supervised_tokens_seen": 864351, "epoch": 1, "elapsed_seconds": 295.6174947890104}
{"event": "update", "optimizer_step": 450, "loss_main": 0.44557668433105024, "lr": 3.519545322482755e-05, "grad_norm": 3.0876007080078125, "examples_seen": 14393, "supervised_tokens_seen": 881202, "epoch": 1, "elapsed_seconds": 300.6317066280171}
{"event": "update", "optimizer_step": 460, "loss_main": 0.5327208233889013, "lr": 3.4452882373436316e-05, "grad_norm": 2.730900526046753, "examples_seen": 14713, "supervised_tokens_seen": 903532, "epoch": 1, "elapsed_seconds": 306.6440473640105}
{"event": "update", "optimizer_step": 470, "loss_main": 0.3630821895584389, "lr": 3.370184050588248e-05, "grad_norm": 2.744892120361328, "examples_seen": 15033, "supervised_tokens_seen": 922805, "epoch": 1, "elapsed_seconds": 312.41693286201917}
{"event": "update", "optimizer_step": 480, "loss_main": 0.5784909119324166, "lr": 3.294324265099252e-05, "grad_norm": 2.7563207149505615, "examples_seen": 15353, "supervised_tokens_seen": 942654, "epoch": 1, "elapsed_seconds": 318.0326576369698}
{"event": "update", "optimizer_step": 490, "loss_main": 0.6058826977878403, "lr": 3.217801304339959e-05, "grad_norm": 2.8584821224212646, "examples_seen": 15673, "supervised_tokens_seen": 961158, "epoch": 1, "elapsed_seconds": 323.54281361901667}
{"event": "update", "optimizer_step": 500, "loss_main": 0.6538768204734439, "lr": 3.140708399750594e-05, "grad_norm": 2.504922866821289, "examples_seen": 15993, "supervised_tokens_seen": 983416, "epoch": 1, "elapsed_seconds": 329.80920631001936}
{"event": "evaluation", "optimizer_step": 500, "loss": 0.9304639609535033, "perplexity": 2.5356853637436845, "supervised_tokens": 25866.0, "elapsed_seconds": 329.80920631001936}
{"event": "update", "optimizer_step": 510, "loss_main": 0.39759994706866486, "lr": 3.0631394771601475e-05, "grad_norm": 3.310279607772827, "examples_seen": 16313, "supervised_tokens_seen": 1000217, "epoch": 1, "elapsed_seconds": 347.0036194609711}
{"event": "update", "optimizer_step": 520, "loss_main": 0.534836989721611, "lr": 2.9851890423522204e-05, "grad_norm": 2.9319188594818115, "examples_seen": 16633, "supervised_tokens_seen": 1024509, "epoch": 1, "elapsed_seconds": 353.73279097798513}
{"event": "update", "optimizer_step": 530, "loss_main": 0.5472014945654469, "lr": 2.906952065924282e-05, "grad_norm": 2.9272992610931396, "examples_seen": 16953, "supervised_tokens_seen": 1042554, "epoch": 1, "elapsed_seconds": 359.1282056630007}
{"event": "update", "optimizer_step": 540, "loss_main": 0.6124309960732369, "lr": 2.828523867580628e-05, "grad_norm": 2.555474281311035, "examples_seen": 17273, "supervised_tokens_seen": 1059007, "epoch": 1, "elapsed_seconds": 364.16832037299173}
{"event": "update", "optimizer_step": 550, "loss_main": 0.6840050566069623, "lr": 2.7500000000000004e-05, "grad_norm": 2.3156158924102783, "examples_seen": 17593, "supervised_tokens_seen": 1081260, "epoch": 1, "elapsed_seconds": 370.3469049949781}
{"event": "update", "optimizer_step": 560, "loss_main": 0.7708628084451021, "lr": 2.6714761324193736e-05, "grad_norm": 2.4392342567443848, "examples_seen": 17913, "supervised_tokens_seen": 1104413, "epoch": 1, "elapsed_seconds": 376.9588836639887}
{"event": "update", "optimizer_step": 570, "loss_main": 0.6274576036402624, "lr": 2.593047934075718e-05, "grad_norm": 2.500810146331787, "examples_seen": 18233, "supervised_tokens_seen": 1125069, "epoch": 1, "elapsed_seconds": 382.72567960596643}
{"event": "update", "optimizer_step": 580, "loss_main": 0.7672900779035268, "lr": 2.5148109576477802e-05, "grad_norm": 3.1322388648986816, "examples_seen": 18546, "supervised_tokens_seen": 1142974, "epoch": 1, "elapsed_seconds": 388.12717278301716}
{"event": "update", "optimizer_step": 590, "loss_main": 0.753494590651954, "lr": 2.4368605228398534e-05, "grad_norm": 2.803920269012451, "examples_seen": 18866, "supervised_tokens_seen": 1158752, "epoch": 1, "elapsed_seconds": 393.018508817011}
{"event": "update", "optimizer_step": 600, "loss_main": 0.6505801066979606, "lr": 2.359291600249407e-05, "grad_norm": 2.9658608436584473, "examples_seen": 19186, "supervised_tokens_seen": 1182622, "epoch": 1, "elapsed_seconds": 399.7779457899742}
{"event": "evaluation", "optimizer_step": 600, "loss": 0.9160017860197996, "perplexity": 2.499277739716194, "supervised_tokens": 25866.0, "elapsed_seconds": 399.7779457899742}
{"event": "update", "optimizer_step": 610, "loss_main": 0.7007317078750283, "lr": 2.282198695660042e-05, "grad_norm": 2.5080254077911377, "examples_seen": 19506, "supervised_tokens_seen": 1203306, "epoch": 1, "elapsed_seconds": 416.938744116982}
{"event": "update", "optimizer_step": 620, "loss_main": 0.6749854067788178, "lr": 2.205675734900748e-05, "grad_norm": 2.410410165786743, "examples_seen": 19826, "supervised_tokens_seen": 1222903, "epoch": 1, "elapsed_seconds": 422.54410861001816}
{"event": "update", "optimizer_step": 630, "loss_main": 0.6619497321494457, "lr": 2.129815949411752e-05, "grad_norm": 3.209594964981079, "examples_seen": 20146, "supervised_tokens_seen": 1239252, "epoch": 1, "elapsed_seconds": 427.55355829698965}
{"event": "update", "optimizer_step": 640, "loss_main": 0.3167398834996151, "lr": 2.054711762656369e-05, "grad_norm": 2.3313512802124023, "examples_seen": 20466, "supervised_tokens_seen": 1260209, "epoch": 2, "elapsed_seconds": 433.4130560049671}
{"event": "update", "optimizer_step": 650, "loss_main": 0.28741736496157116, "lr": 1.9804546775172457e-05, "grad_norm": 2.0343563556671143, "examples_seen": 20779, "supervised_tokens_seen": 1277146, "epoch": 2, "elapsed_seconds": 438.6096021999838}
{"event": "update", "optimizer_step": 660, "loss_main": 0.2792525517601353, "lr": 1.907135164814198e-05, "grad_norm": 2.3812122344970703, "examples_seen": 21099, "supervised_tokens_seen": 1296048, "epoch": 2, "elapsed_seconds": 443.9493882819661}
{"event": "update", "optimizer_step": 670, "loss_main": 0.43140307404755807, "lr": 1.83484255307945e-05, "grad_norm": 2.169049024581909, "examples_seen": 21419, "supervised_tokens_seen": 1318583, "epoch": 2, "elapsed_seconds": 450.50500304001616}
{"event": "update", "optimizer_step": 680, "loss_main": 0.05477810966133458, "lr": 1.7636649197245758e-05, "grad_norm": 1.2369259595870972, "examples_seen": 21739, "supervised_tokens_seen": 1339479, "epoch": 2, "elapsed_seconds": 456.55989083100576}
{"event": "update", "optimizer_step": 690, "loss_main": 0.18972481581000683, "lr": 1.6936889837317466e-05, "grad_norm": 3.163241147994995, "examples_seen": 22059, "supervised_tokens_seen": 1357502, "epoch": 2, "elapsed_seconds": 462.04488150501857}
{"event": "update", "optimizer_step": 700, "loss_main": 0.3000869449094045, "lr": 1.6250000000000005e-05, "grad_norm": 2.226348638534546, "examples_seen": 22379, "supervised_tokens_seen": 1375838, "epoch": 2, "elapsed_seconds": 467.445472302963}
{"event": "evaluation", "optimizer_step": 700, "loss": 0.9893972430253475, "perplexity": 2.6896128007866493, "supervised_tokens": 25866.0, "elapsed_seconds": 467.445472302963}
{"event": "update", "optimizer_step": 710, "loss_main": 0.18857338846281063, "lr": 1.5576816554752892e-05, "grad_norm": 2.538414239883423, "examples_seen": 22699, "supervised_tokens_seen": 1398285, "epoch": 2, "elapsed_seconds": 485.7479921109625}
{"event": "update", "optimizer_step": 720, "loss_main": 0.21811830739407245, "lr": 1.49181596719082e-05, "grad_norm": 2.244292736053467, "examples_seen": 23019, "supervised_tokens_seen": 1421537, "epoch": 2, "elapsed_seconds": 492.40517018100945}
{"event": "update", "optimizer_step": 730, "loss_main": 0.12383679704872147, "lr": 1.427483182341936e-05, "grad_norm": 2.1824471950531006, "examples_seen": 23339, "supervised_tokens_seen": 1438069, "epoch": 2, "elapsed_seconds": 497.41479834500933}
{"event": "update", "optimizer_step": 740, "loss_main": 0.2567214555172033, "lr": 1.364761680517269e-05, "grad_norm": 2.5539462566375732, "examples_seen": 23659, "supervised_tokens_seen": 1455491, "epoch": 2, "elapsed_seconds": 502.6758297329652}
{"event": "update", "optimizer_step": 750, "loss_main": 0.2946614274898401, "lr": 1.3037278782052863e-05, "grad_norm": 2.6415200233459473, "examples_seen": 23979, "supervised_tokens_seen": 1475161, "epoch": 2, "elapsed_seconds": 508.2684501009644}
{"event": "update", "optimizer_step": 760, "loss_main": 0.17487754243940337, "lr": 1.2444561356925697e-05, "grad_norm": 2.149810314178467, "examples_seen": 24299, "supervised_tokens_seen": 1498709, "epoch": 2, "elapsed_seconds": 514.6265095169656}
{"event": "update", "optimizer_step": 770, "loss_main": 0.1769030955033142, "lr": 1.187018666467256e-05, "grad_norm": 2.1209499835968018, "examples_seen": 24619, "supervised_tokens_seen": 1519944, "epoch": 2, "elapsed_seconds": 520.8688728800043}
{"event": "update", "optimizer_step": 780, "loss_main": 0.12865010150890413, "lr": 1.1314854492380354e-05, "grad_norm": 2.275282859802246, "examples_seen": 24939, "supervised_tokens_seen": 1544019, "epoch": 2, "elapsed_seconds": 527.566362314974}
{"event": "update", "optimizer_step": 790, "loss_main": 0.23748089755819143, "lr": 1.0779241426758628e-05, "grad_norm": 2.274137496948242, "examples_seen": 25259, "supervised_tokens_seen": 1560931, "epoch": 2, "elapsed_seconds": 532.6634707520134}
{"event": "update", "optimizer_step": 800, "loss_main": 0.2157989697417087, "lr": 1.0264000029822999e-05, "grad_norm": 2.551142692565918, "examples_seen": 25579, "supervised_tokens_seen": 1578181, "epoch": 2, "elapsed_seconds": 537.7808399879723}
{"event": "evaluation", "optimizer_step": 800, "loss": 0.995568961501905, "perplexity": 2.7062636631688273, "supervised_tokens": 25866.0, "elapsed_seconds": 537.7808399879723}
{"event": "update", "optimizer_step": 810, "loss_main": 0.3346902457418646, "lr": 9.769758043848759e-06, "grad_norm": 2.6905019283294678, "examples_seen": 25899, "supervised_tokens_seen": 1597278, "epoch": 2, "elapsed_seconds": 554.1154828749713}
{"event": "update", "optimizer_step": 820, "loss_main": 0.256974131877742, "lr": 9.297117626563687e-06, "grad_norm": 2.7767598628997803, "examples_seen": 26219, "supervised_tokens_seen": 1618558, "epoch": 2, "elapsed_seconds": 560.139477048011}
{"event": "update", "optimizer_step": 830, "loss_main": 0.3330187565043086, "lr": 8.846654617511564e-06, "grad_norm": 2.2507951259613037, "examples_seen": 26539, "supervised_tokens_seen": 1637508, "epoch": 2, "elapsed_seconds": 565.6420200839639}
{"event": "update", "optimizer_step": 840, "loss_main": 0.01007099997252226, "lr": 8.418917836480417e-06, "grad_norm": 0.6504981517791748, "examples_seen": 26859, "supervised_tokens_seen": 1655205, "epoch": 2, "elapsed_seconds": 570.9289739069645}
{"event": "update", "optimizer_step": 850, "loss_main": 0.39359109203808784, "lr": 8.01442841485013e-06, "grad_norm": 2.832892417907715, "examples_seen": 27179, "supervised_tokens_seen": 1676905, "epoch": 2, "elapsed_seconds": 576.8162012569956}
{"event": "update", "optimizer_step": 860, "loss_main": 0.21970749487347713, "lr": 7.633679160674144e-06, "grad_norm": 2.501100778579712, "examples_seen": 27499, "supervised_tokens_seen": 1691483, "epoch": 2, "elapsed_seconds": 581.4234640200157}
{"event": "update", "optimizer_step": 870, "loss_main": 0.36078516993779086, "lr": 7.277133958268747e-06, "grad_norm": 2.0732760429382324, "examples_seen": 27819, "supervised_tokens_seen": 1711927, "epoch": 2, "elapsed_seconds": 587.3017477279645}
{"event": "update", "optimizer_step": 880, "loss_main": 0.26211016350144506, "lr": 6.94522720304148e-06, "grad_norm": 2.1095144748687744, "examples_seen": 28139, "supervised_tokens_seen": 1733416, "epoch": 2, "elapsed_seconds": 593.514154644974}
{"event": "update", "optimizer_step": 890, "loss_main": 0.20855822341903021, "lr": 6.638363272247286e-06, "grad_norm": 2.444629430770874, "examples_seen": 28459, "supervised_tokens_seen": 1755861, "epoch": 2, "elapsed_seconds": 599.653876714001}
{"event": "update", "optimizer_step": 900, "loss_main": 0.4648084477779497, "lr": 6.356916032317063e-06, "grad_norm": 2.6299259662628174, "examples_seen": 28779, "supervised_tokens_seen": 1779702, "epoch": 2, "elapsed_seconds": 606.3022122330149}
{"event": "evaluation", "optimizer_step": 900, "loss": 0.9915691367643245, "perplexity": 2.6954607022004113, "supervised_tokens": 25866.0, "elapsed_seconds": 606.3022122330149}
{"event": "update", "optimizer_step": 910, "loss_main": 0.03415193877994053, "lr": 6.1012283833590465e-06, "grad_norm": 1.0792235136032104, "examples_seen": 29099, "supervised_tokens_seen": 1798044, "epoch": 2, "elapsed_seconds": 622.8451875720057}
{"event": "update", "optimizer_step": 920, "loss_main": 0.09618508973076863, "lr": 5.871611841387825e-06, "grad_norm": 2.4543919563293457, "examples_seen": 29419, "supervised_tokens_seen": 1814607, "epoch": 2, "elapsed_seconds": 627.8598863370134}
{"event": "update", "optimizer_step": 930, "loss_main": 0.1894780856381891, "lr": 5.66834615879008e-06, "grad_norm": 2.5045273303985596, "examples_seen": 29739, "supervised_tokens_seen": 1832153, "epoch": 2, "elapsed_seconds": 632.9731770149665}
{"event": "update", "optimizer_step": 940, "loss_main": 0.2286359841993657, "lr": 5.491678983489372e-06, "grad_norm": 2.4265806674957275, "examples_seen": 30059, "supervised_tokens_seen": 1849857, "epoch": 2, "elapsed_seconds": 638.2487588109798}
{"event": "update", "optimizer_step": 950, "loss_main": 0.07345560180558386, "lr": 5.341825557225321e-06, "grad_norm": 1.505759596824646, "examples_seen": 30379, "supervised_tokens_seen": 1866777, "epoch": 3, "elapsed_seconds": 643.3999720629654}
{"event": "update", "optimizer_step": 960, "loss_main": 0.16734391687287983, "lr": 5.218968453314668e-06, "grad_norm": 1.8963205814361572, "examples_seen": 30699, "supervised_tokens_seen": 1887243, "epoch": 3, "elapsed_seconds": 649.4576932559721}
{"event": "update", "optimizer_step": 970, "loss_main": 0.17275739735953036, "lr": 5.123257354213851e-06, "grad_norm": 1.7508080005645752, "examples_seen": 31019, "supervised_tokens_seen": 1904239, "epoch": 3, "elapsed_seconds": 654.5150096809957}
{"event": "update", "optimizer_step": 980, "loss_main": 0.21442610233266285, "lr": 5.054808869153956e-06, "grad_norm": 1.7755317687988281, "examples_seen": 31339, "supervised_tokens_seen": 1923149, "epoch": 3, "elapsed_seconds": 660.2541401489871}
{"event": "update", "optimizer_step": 990, "loss_main": 0.08254240784235947, "lr": 5.0137063920703455e-06, "grad_norm": 1.8475425243377686, "examples_seen": 31659, "supervised_tokens_seen": 1941000, "epoch": 3, "elapsed_seconds": 665.8048145179637}
{"event": "update", "optimizer_step": 1000, "loss_main": 0.12055811941763032, "lr": 5e-06, "grad_norm": 1.8196895122528076, "examples_seen": 31979, "supervised_tokens_seen": 1958625, "epoch": 3, "elapsed_seconds": 671.1286975819967}
{"event": "evaluation", "optimizer_step": 1000, "loss": 1.0678667142237757, "perplexity": 2.909166791454883, "supervised_tokens": 25866.0, "elapsed_seconds": 671.1286975819967}
{"event": "complete", "optimizer_step": 1000, "evaluation": {"loss": 1.0678667142237757, "perplexity": 2.909166791454883, "supervised_tokens": 25866.0}, "elapsed_seconds": 671.1286975819967}
