{"event": "start", "state": {"optimizer_step": 0, "examples_seen": 0, "supervised_tokens_seen": 0, "epoch": 0, "batch_in_epoch": 0, "elapsed_seconds": 0.0}, "evaluation": {"loss": 1.913974808245718, "perplexity": 6.7799844486871805, "supervised_tokens": 9803.0}, "target_updates": 1000, "settings": {"max_sequence_length": 512, "microbatch_size": 16, "gradient_accumulation": 2, "learning_rate": 5e-05, "warmup_updates": 100, "weight_decay": 0.01, "grad_clip": 1.0, "planned_total_updates": 1000, "checkpoint_updates": 100, "min_lr_ratio": 0.1, "seed": 2028}, "parameters": 329821696, "train_examples": 23780, "heldout_examples": 1222, "device": "cuda", "precision": "bf16-autocast"}
{"event": "update", "optimizer_step": 1, "loss_main": 2.507621740056735, "lr": 5e-07, "grad_norm": 52.85284423828125, "examples_seen": 32, "supervised_tokens_seen": 751, "epoch": 0, "elapsed_seconds": 0.6738876040326431}
{"event": "update", "optimizer_step": 10, "loss_main": 1.1779426085752445, "lr": 5e-06, "grad_norm": 15.754183769226074, "examples_seen": 320, "supervised_tokens_seen": 6918, "epoch": 0, "elapsed_seconds": 3.710674435016699}
{"event": "update", "optimizer_step": 20, "loss_main": 0.7045518757515056, "lr": 1e-05, "grad_norm": 11.991392135620117, "examples_seen": 640, "supervised_tokens_seen": 13629, "epoch": 0, "elapsed_seconds": 7.269748894032091}
{"event": "update", "optimizer_step": 30, "loss_main": 0.9475605755774509, "lr": 1.5e-05, "grad_norm": 8.924280166625977, "examples_seen": 960, "supervised_tokens_seen": 20322, "epoch": 0, "elapsed_seconds": 10.827125563984737}
{"event": "update", "optimizer_step": 40, "loss_main": 1.0201133463504541, "lr": 2e-05, "grad_norm": 8.906617164611816, "examples_seen": 1280, "supervised_tokens_seen": 27335, "epoch": 0, "elapsed_seconds": 14.631497785041574}
{"event": "update", "optimizer_step": 50, "loss_main": 0.16184675287731476, "lr": 2.5e-05, "grad_norm": 4.29597806930542, "examples_seen": 1600, "supervised_tokens_seen": 34028, "epoch": 0, "elapsed_seconds": 17.846586239989847}
{"event": "update", "optimizer_step": 60, "loss_main": 0.2496106356426587, "lr": 3e-05, "grad_norm": 5.89629602432251, "examples_seen": 1920, "supervised_tokens_seen": 41052, "epoch": 0, "elapsed_seconds": 21.42763491201913}
{"event": "update", "optimizer_step": 70, "loss_main": 0.25969034837375227, "lr": 3.5000000000000004e-05, "grad_norm": 6.637436866760254, "examples_seen": 2240, "supervised_tokens_seen": 47486, "epoch": 0, "elapsed_seconds": 24.992846990993712}
{"event": "update", "optimizer_step": 80, "loss_main": 0.8765217826311874, "lr": 4e-05, "grad_norm": 7.366298675537109, "examples_seen": 2560, "supervised_tokens_seen": 53911, "epoch": 0, "elapsed_seconds": 28.28407039999729}
{"event": "update", "optimizer_step": 90, "loss_main": 1.150734522069494, "lr": 4.5e-05, "grad_norm": 13.832008361816406, "examples_seen": 2880, "supervised_tokens_seen": 60918, "epoch": 0, "elapsed_seconds": 31.639857589034364}
{"event": "update", "optimizer_step": 100, "loss_main": 0.20714199392177798, "lr": 5e-05, "grad_norm": 5.792742729187012, "examples_seen": 3200, "supervised_tokens_seen": 67677, "epoch": 0, "elapsed_seconds": 35.23517946299398}
{"event": "evaluation", "optimizer_step": 100, "loss": 0.32294116357017827, "perplexity": 1.38118408457448, "supervised_tokens": 9803.0, "elapsed_seconds": 35.23517946299398}
{"event": "update", "optimizer_step": 110, "loss_main": 0.2718517437264299, "lr": 4.9986293607929655e-05, "grad_norm": 14.796420097351074, "examples_seen": 3520, "supervised_tokens_seen": 74545, "epoch": 0, "elapsed_seconds": 51.67558706301497}
{"event": "update", "optimizer_step": 120, "loss_main": 0.18548973540465036, "lr": 4.9945191130846044e-05, "grad_norm": 3.819821357727051, "examples_seen": 3840, "supervised_tokens_seen": 81208, "epoch": 0, "elapsed_seconds": 55.08289009600412}
{"event": "update", "optimizer_step": 130, "loss_main": 1.0802752275644623, "lr": 4.987674264578615e-05, "grad_norm": 12.852943420410156, "examples_seen": 4160, "supervised_tokens_seen": 87782, "epoch": 0, "elapsed_seconds": 58.297915132017806}
{"event": "update", "optimizer_step": 140, "loss_main": 0.9309955746362852, "lr": 4.978103154668534e-05, "grad_norm": 9.1344633102417, "examples_seen": 4480, "supervised_tokens_seen": 95219, "epoch": 0, "elapsed_seconds": 62.04722695000237}
{"event": "update", "optimizer_step": 150, "loss_main": 0.15610807402286048, "lr": 4.965817444277468e-05, "grad_norm": 3.7533957958221436, "examples_seen": 4800, "supervised_tokens_seen": 102103, "epoch": 0, "elapsed_seconds": 65.5076162960031}
{"event": "update", "optimizer_step": 160, "loss_main": 0.22460311349268003, "lr": 4.950832101651063e-05, "grad_norm": 9.450629234313965, "examples_seen": 5120, "supervised_tokens_seen": 108844, "epoch": 0, "elapsed_seconds": 68.95270917599555}
{"event": "update", "optimizer_step": 170, "loss_main": 0.4605880415261681, "lr": 4.933165384120992e-05, "grad_norm": 9.027377128601074, "examples_seen": 5440, "supervised_tokens_seen": 115767, "epoch": 0, "elapsed_seconds": 72.51643914502347}
{"event": "update", "optimizer_step": 180, "loss_main": 1.1338797168666814, "lr": 4.9128388158612174e-05, "grad_norm": 9.898170471191406, "examples_seen": 5760, "supervised_tokens_seen": 122985, "epoch": 0, "elapsed_seconds": 75.97079272801057}
{"event": "update", "optimizer_step": 190, "loss_main": 0.2901593643778118, "lr": 4.889877161664096e-05, "grad_norm": 5.018139362335205, "examples_seen": 6080, "supervised_tokens_seen": 129750, "epoch": 0, "elapsed_seconds": 79.27312066603918}
{"event": "update", "optimizer_step": 200, "loss_main": 1.2886225848362363, "lr": 4.864308396768294e-05, "grad_norm": 9.037271499633789, "examples_seen": 6400, "supervised_tokens_seen": 136887, "epoch": 0, "elapsed_seconds": 82.93610523804091}
{"event": "evaluation", "optimizer_step": 200, "loss": 0.3193526739102778, "perplexity": 1.376236602072632, "supervised_tokens": 9803.0, "elapsed_seconds": 82.93610523804091}
{"event": "update", "optimizer_step": 210, "loss_main": 0.23475585226897783, "lr": 4.836163672775272e-05, "grad_norm": 3.9817941188812256, "examples_seen": 6720, "supervised_tokens_seen": 143564, "epoch": 0, "elapsed_seconds": 99.4922983830329}
{"event": "update", "optimizer_step": 220, "loss_main": 1.0515290504701444, "lr": 4.805477279695852e-05, "grad_norm": 8.481823921203613, "examples_seen": 7040, "supervised_tokens_seen": 150244, "epoch": 0, "elapsed_seconds": 102.99262804404134}
{"event": "update", "optimizer_step": 230, "loss_main": 0.9523066772482334, "lr": 4.7722866041731264e-05, "grad_norm": 8.058795928955078, "examples_seen": 7360, "supervised_tokens_seen": 157505, "epoch": 0, "elapsed_seconds": 107.4719520760118}
{"event": "update", "optimizer_step": 240, "loss_main": 0.14981851871285973, "lr": 4.7366320839325864e-05, "grad_norm": 5.064475059509277, "examples_seen": 7680, "supervised_tokens_seen": 164362, "epoch": 0, "elapsed_seconds": 110.80189000401879}
{"event": "update", "optimizer_step": 250, "loss_main": 0.7200659758730024, "lr": 4.6985571585149876e-05, "grad_norm": 6.604848384857178, "examples_seen": 8000, "supervised_tokens_seen": 171281, "epoch": 0, "elapsed_seconds": 114.55082881700946}
{"event": "update", "optimizer_step": 260, "loss_main": 0.9072655324123983, "lr": 4.6581082163519586e-05, "grad_norm": 8.665359497070312, "examples_seen": 8320, "supervised_tokens_seen": 177692, "epoch": 0, "elapsed_seconds": 117.71489081799518}
{"event": "update", "optimizer_step": 270, "loss_main": 0.9425131937390879, "lr": 4.615334538248844e-05, "grad_norm": 7.304137706756592, "examples_seen": 8640, "supervised_tokens_seen": 184493, "epoch": 0, "elapsed_seconds": 121.28130392200546}
{"event": "update", "optimizer_step": 280, "loss_main": 0.3799444037284473, "lr": 4.570288237343632e-05, "grad_norm": 5.485692977905273, "examples_seen": 8960, "supervised_tokens_seen": 191385, "epoch": 0, "elapsed_seconds": 124.87574232200859}
{"event": "update", "optimizer_step": 290, "loss_main": 0.17152555389474058, "lr": 4.523024195615124e-05, "grad_norm": 3.7062082290649414, "examples_seen": 9280, "supervised_tokens_seen": 198175, "epoch": 0, "elapsed_seconds": 128.37638929998502}
{"event": "update", "optimizer_step": 300, "loss_main": 0.6419146229182521, "lr": 4.473599997017701e-05, "grad_norm": 6.962367534637451, "examples_seen": 9600, "supervised_tokens_seen": 204644, "epoch": 0, "elapsed_seconds": 131.66694602399366}
{"event": "evaluation", "optimizer_step": 300, "loss": 0.2558789503870175, "perplexity": 1.291596371235568, "supervised_tokens": 9803.0, "elapsed_seconds": 131.66694602399366}
{"event": "update", "optimizer_step": 310, "loss_main": 0.21528986811029668, "lr": 4.422075857324137e-05, "grad_norm": 3.655050039291382, "examples_seen": 9920, "supervised_tokens_seen": 211732, "epoch": 0, "elapsed_seconds": 147.83275273704203}
{"event": "update", "optimizer_step": 320, "loss_main": 1.0673111226640022, "lr": 4.368514550761965e-05, "grad_norm": 8.095168113708496, "examples_seen": 10240, "supervised_tokens_seen": 218896, "epoch": 0, "elapsed_seconds": 151.38829782098765}
{"event": "update", "optimizer_step": 330, "loss_main": 0.12769824873187585, "lr": 4.312981333532744e-05, "grad_norm": 2.681633234024048, "examples_seen": 10560, "supervised_tokens_seen": 225902, "epoch": 0, "elapsed_seconds": 154.86322624899913}
{"event": "update", "optimizer_step": 340, "loss_main": 1.4681624469922732, "lr": 4.255543864307431e-05, "grad_norm": 9.268572807312012, "examples_seen": 10880, "supervised_tokens_seen": 232512, "epoch": 0, "elapsed_seconds": 158.30185132898623}
{"event": "update", "optimizer_step": 350, "loss_main": 0.19566731605307466, "lr": 4.1962721217947135e-05, "grad_norm": 3.2848761081695557, "examples_seen": 11200, "supervised_tokens_seen": 239239, "epoch": 0, "elapsed_seconds": 161.6954492169898}
{"event": "update", "optimizer_step": 360, "loss_main": 0.31953673674724997, "lr": 4.135238319482731e-05, "grad_norm": 4.03015661239624, "examples_seen": 11520, "supervised_tokens_seen": 246340, "epoch": 0, "elapsed_seconds": 165.38405290199444}
{"event": "update", "optimizer_step": 370, "loss_main": 0.1286018517884341, "lr": 4.072516817658065e-05, "grad_norm": 2.5938093662261963, "examples_seen": 11840, "supervised_tokens_seen": 252590, "epoch": 0, "elapsed_seconds": 168.52449400303885}
{"event": "update", "optimizer_step": 380, "loss_main": 0.38219902947173556, "lr": 4.0081840328091804e-05, "grad_norm": 4.136905193328857, "examples_seen": 12160, "supervised_tokens_seen": 259211, "epoch": 0, "elapsed_seconds": 171.77952924498823}
{"event": "update", "optimizer_step": 390, "loss_main": 1.1591979788010378, "lr": 3.9423183445247117e-05, "grad_norm": 8.568428993225098, "examples_seen": 12480, "supervised_tokens_seen": 265971, "epoch": 0, "elapsed_seconds": 175.46476108400384}
{"event": "update", "optimizer_step": 400, "loss_main": 0.585549912450136, "lr": 3.875e-05, "grad_norm": 5.7963385581970215, "examples_seen": 12800, "supervised_tokens_seen": 272793, "epoch": 0, "elapsed_seconds": 178.91362609702628}
{"event": "evaluation", "optimizer_step": 400, "loss": 0.24127330220753132, "perplexity": 1.2728688656455434, "supervised_tokens": 9803.0, "elapsed_seconds": 178.91362609702628}
{"event": "update", "optimizer_step": 410, "loss_main": 0.18681038348244391, "lr": 3.806311016268254e-05, "grad_norm": 2.6251840591430664, "examples_seen": 13120, "supervised_tokens_seen": 279470, "epoch": 0, "elapsed_seconds": 195.61466866603587}
{"event": "update", "optimizer_step": 420, "loss_main": 0.26830115922577474, "lr": 3.7363350802754244e-05, "grad_norm": 3.7686567306518555, "examples_seen": 13440, "supervised_tokens_seen": 286077, "epoch": 0, "elapsed_seconds": 199.17933818203164}
{"event": "update", "optimizer_step": 430, "loss_main": 0.8245383100263004, "lr": 3.665157446920551e-05, "grad_norm": 7.057151794433594, "examples_seen": 13760, "supervised_tokens_seen": 293009, "epoch": 0, "elapsed_seconds": 202.78996925102547}
{"event": "update", "optimizer_step": 440, "loss_main": 0.10481237759745488, "lr": 3.5928648351858027e-05, "grad_norm": 2.474375009536743, "examples_seen": 14080, "supervised_tokens_seen": 299851, "epoch": 0, "elapsed_seconds": 206.1284260720131}
{"event": "update", "optimizer_step": 450, "loss_main": 0.12674425945328036, "lr": 3.519545322482755e-05, "grad_norm": 2.4935758113861084, "examples_seen": 14400, "supervised_tokens_seen": 306767, "epoch": 0, "elapsed_seconds": 209.58495365001727}
{"event": "update", "optimizer_step": 460, "loss_main": 0.2633660613165961, "lr": 3.4452882373436316e-05, "grad_norm": 2.973478317260742, "examples_seen": 14720, "supervised_tokens_seen": 313371, "epoch": 0, "elapsed_seconds": 212.9921787600033}
{"event": "update", "optimizer_step": 470, "loss_main": 0.09540634129704638, "lr": 3.370184050588248e-05, "grad_norm": 3.063002347946167, "examples_seen": 15040, "supervised_tokens_seen": 320086, "epoch": 0, "elapsed_seconds": 216.4446111760335}
{"event": "update", "optimizer_step": 480, "loss_main": 0.0770674757722683, "lr": 3.294324265099252e-05, "grad_norm": 2.777845859527588, "examples_seen": 15360, "supervised_tokens_seen": 326500, "epoch": 0, "elapsed_seconds": 219.63836228102446}
{"event": "update", "optimizer_step": 490, "loss_main": 0.7828658295681994, "lr": 3.217801304339959e-05, "grad_norm": 6.723171234130859, "examples_seen": 15680, "supervised_tokens_seen": 333440, "epoch": 0, "elapsed_seconds": 223.1799916670425}
{"event": "update", "optimizer_step": 500, "loss_main": 0.08269643737839724, "lr": 3.140708399750594e-05, "grad_norm": 2.4357149600982666, "examples_seen": 16000, "supervised_tokens_seen": 339650, "epoch": 0, "elapsed_seconds": 226.21574994002003}
{"event": "evaluation", "optimizer_step": 500, "loss": 0.2188725742880731, "perplexity": 1.2446726632817982, "supervised_tokens": 9803.0, "elapsed_seconds": 226.21574994002003}
{"event": "update", "optimizer_step": 510, "loss_main": 0.10066502911194357, "lr": 3.0631394771601475e-05, "grad_norm": 2.101093292236328, "examples_seen": 16320, "supervised_tokens_seen": 346180, "epoch": 0, "elapsed_seconds": 242.99351067602402}
{"event": "update", "optimizer_step": 520, "loss_main": 0.23141626014288172, "lr": 2.9851890423522204e-05, "grad_norm": 2.6241824626922607, "examples_seen": 16640, "supervised_tokens_seen": 353174, "epoch": 0, "elapsed_seconds": 246.65904769604094}
{"event": "update", "optimizer_step": 530, "loss_main": 0.9423201385151637, "lr": 2.906952065924282e-05, "grad_norm": 6.718142032623291, "examples_seen": 16960, "supervised_tokens_seen": 360273, "epoch": 0, "elapsed_seconds": 250.13151808199473}
{"event": "update", "optimizer_step": 540, "loss_main": 0.06926014372194657, "lr": 2.828523867580628e-05, "grad_norm": 2.409510612487793, "examples_seen": 17280, "supervised_tokens_seen": 367033, "epoch": 0, "elapsed_seconds": 253.43690736201825}
{"event": "update", "optimizer_step": 550, "loss_main": 0.1125469415727323, "lr": 2.7500000000000004e-05, "grad_norm": 2.6151716709136963, "examples_seen": 17600, "supervised_tokens_seen": 373671, "epoch": 0, "elapsed_seconds": 256.6813570060185}
{"event": "update", "optimizer_step": 560, "loss_main": 0.5325859707301285, "lr": 2.6714761324193736e-05, "grad_norm": 5.40310525894165, "examples_seen": 17920, "supervised_tokens_seen": 380215, "epoch": 0, "elapsed_seconds": 259.94850854203105}
{"event": "update", "optimizer_step": 570, "loss_main": 0.09496003864002107, "lr": 2.593047934075718e-05, "grad_norm": 2.4651126861572266, "examples_seen": 18240, "supervised_tokens_seen": 387405, "epoch": 0, "elapsed_seconds": 263.8466381250182}
{"event": "update", "optimizer_step": 580, "loss_main": 0.08714333983228417, "lr": 2.5148109576477802e-05, "grad_norm": 2.027545690536499, "examples_seen": 18560, "supervised_tokens_seen": 394057, "epoch": 0, "elapsed_seconds": 267.05367671203567}
{"event": "update", "optimizer_step": 590, "loss_main": 0.05650291184675374, "lr": 2.4368605228398534e-05, "grad_norm": 1.9687687158584595, "examples_seen": 18880, "supervised_tokens_seen": 400591, "epoch": 0, "elapsed_seconds": 270.4244708819897}
{"event": "update", "optimizer_step": 600, "loss_main": 0.07789265717804612, "lr": 2.359291600249407e-05, "grad_norm": 3.1250553131103516, "examples_seen": 19200, "supervised_tokens_seen": 407430, "epoch": 0, "elapsed_seconds": 273.82590298802825}
{"event": "evaluation", "optimizer_step": 600, "loss": 0.19038890417705906, "perplexity": 1.209719971336103, "supervised_tokens": 9803.0, "elapsed_seconds": 273.82590298802825}
{"event": "update", "optimizer_step": 610, "loss_main": 0.6407316075316791, "lr": 2.282198695660042e-05, "grad_norm": 5.9054059982299805, "examples_seen": 19520, "supervised_tokens_seen": 414382, "epoch": 0, "elapsed_seconds": 290.3623610450304}
{"event": "update", "optimizer_step": 620, "loss_main": 0.09569277760959757, "lr": 2.205675734900748e-05, "grad_norm": 2.2121503353118896, "examples_seen": 19840, "supervised_tokens_seen": 420962, "epoch": 0, "elapsed_seconds": 293.7487566170166}
{"event": "update", "optimizer_step": 630, "loss_main": 0.05252657145069077, "lr": 2.129815949411752e-05, "grad_norm": 1.7109487056732178, "examples_seen": 20160, "supervised_tokens_seen": 427636, "epoch": 0, "elapsed_seconds": 296.9972025069874}
{"event": "update", "optimizer_step": 640, "loss_main": 0.9633146708902831, "lr": 2.054711762656369e-05, "grad_norm": 7.145727157592773, "examples_seen": 20480, "supervised_tokens_seen": 434378, "epoch": 0, "elapsed_seconds": 300.3373779190006}
{"event": "update", "optimizer_step": 650, "loss_main": 0.15417988714762032, "lr": 1.9804546775172457e-05, "grad_norm": 2.93821120262146, "examples_seen": 20800, "supervised_tokens_seen": 441419, "epoch": 0, "elapsed_seconds": 304.0845570859965}
{"event": "update", "optimizer_step": 660, "loss_main": 0.13792611228876933, "lr": 1.907135164814198e-05, "grad_norm": 2.891558885574341, "examples_seen": 21120, "supervised_tokens_seen": 448362, "epoch": 0, "elapsed_seconds": 307.47069998300867}
{"event": "update", "optimizer_step": 670, "loss_main": 0.49850722966965105, "lr": 1.83484255307945e-05, "grad_norm": 5.3891377449035645, "examples_seen": 21440, "supervised_tokens_seen": 455387, "epoch": 0, "elapsed_seconds": 311.26656020298833}
{"event": "update", "optimizer_step": 680, "loss_main": 0.1441280487658299, "lr": 1.7636649197245758e-05, "grad_norm": 2.514008045196533, "examples_seen": 21748, "supervised_tokens_seen": 461897, "epoch": 0, "elapsed_seconds": 314.6139877960086}
{"event": "update", "optimizer_step": 690, "loss_main": 0.09756336953704943, "lr": 1.6936889837317466e-05, "grad_norm": 2.793827772140503, "examples_seen": 22068, "supervised_tokens_seen": 468250, "epoch": 0, "elapsed_seconds": 317.8345824300195}
{"event": "update", "optimizer_step": 700, "loss_main": 0.09633510559797287, "lr": 1.6250000000000005e-05, "grad_norm": 1.9273130893707275, "examples_seen": 22388, "supervised_tokens_seen": 475738, "epoch": 0, "elapsed_seconds": 321.77438875404187}
{"event": "evaluation", "optimizer_step": 700, "loss": 0.1773866689486077, "perplexity": 1.1940927224500546, "supervised_tokens": 9803.0, "elapsed_seconds": 321.77438875404187}
{"event": "update", "optimizer_step": 710, "loss_main": 0.6847359343150328, "lr": 1.5576816554752892e-05, "grad_norm": 5.847236633300781, "examples_seen": 22708, "supervised_tokens_seen": 482500, "epoch": 0, "elapsed_seconds": 338.86706282699015}
{"event": "update", "optimizer_step": 720, "loss_main": 0.20410780785740285, "lr": 1.49181596719082e-05, "grad_norm": 2.710444927215576, "examples_seen": 23028, "supervised_tokens_seen": 489432, "epoch": 0, "elapsed_seconds": 342.2527199530159}
{"event": "update", "optimizer_step": 730, "loss_main": 0.09605249849871858, "lr": 1.427483182341936e-05, "grad_norm": 3.7791988849639893, "examples_seen": 23348, "supervised_tokens_seen": 496488, "epoch": 0, "elapsed_seconds": 346.1344416690408}
{"event": "update", "optimizer_step": 740, "loss_main": 0.19425103623513393, "lr": 1.364761680517269e-05, "grad_norm": 2.573862314224243, "examples_seen": 23668, "supervised_tokens_seen": 503351, "epoch": 0, "elapsed_seconds": 349.3003426429932}
{"event": "update", "optimizer_step": 750, "loss_main": 0.4105592660087953, "lr": 1.3037278782052863e-05, "grad_norm": 4.7483320236206055, "examples_seen": 23988, "supervised_tokens_seen": 510105, "epoch": 1, "elapsed_seconds": 352.9421901340247}
{"event": "update", "optimizer_step": 760, "loss_main": 0.09342730181117363, "lr": 1.2444561356925697e-05, "grad_norm": 2.4970505237579346, "examples_seen": 24308, "supervised_tokens_seen": 516917, "epoch": 1, "elapsed_seconds": 356.3436414570315}
{"event": "update", "optimizer_step": 770, "loss_main": 0.12804446344823714, "lr": 1.187018666467256e-05, "grad_norm": 2.5276670455932617, "examples_seen": 24628, "supervised_tokens_seen": 523693, "epoch": 1, "elapsed_seconds": 359.8482261149911}
{"event": "update", "optimizer_step": 780, "loss_main": 0.03981601929120805, "lr": 1.1314854492380354e-05, "grad_norm": 1.6533700227737427, "examples_seen": 24948, "supervised_tokens_seen": 530804, "epoch": 1, "elapsed_seconds": 363.47883351298515}
{"event": "update", "optimizer_step": 790, "loss_main": 0.44638726556301117, "lr": 1.0779241426758628e-05, "grad_norm": 5.8173346519470215, "examples_seen": 25268, "supervised_tokens_seen": 537708, "epoch": 1, "elapsed_seconds": 367.39421943202615}
{"event": "update", "optimizer_step": 800, "loss_main": 0.1992804345740022, "lr": 1.0264000029822999e-05, "grad_norm": 3.3073348999023438, "examples_seen": 25588, "supervised_tokens_seen": 544215, "epoch": 1, "elapsed_seconds": 371.0012260749936}
{"event": "evaluation", "optimizer_step": 800, "loss": 0.1610716848328176, "perplexity": 1.1747691789277324, "supervised_tokens": 9803.0, "elapsed_seconds": 371.0012260749936}
{"event": "update", "optimizer_step": 810, "loss_main": 0.6283870728499732, "lr": 9.769758043848759e-06, "grad_norm": 6.630367279052734, "examples_seen": 25908, "supervised_tokens_seen": 551312, "epoch": 1, "elapsed_seconds": 404.95318437804235}
{"event": "update", "optimizer_step": 820, "loss_main": 0.052393025577254886, "lr": 9.297117626563687e-06, "grad_norm": 1.9311820268630981, "examples_seen": 26228, "supervised_tokens_seen": 558098, "epoch": 1, "elapsed_seconds": 408.6525232470012}
{"event": "update", "optimizer_step": 830, "loss_main": 0.39656013134800755, "lr": 8.846654617511564e-06, "grad_norm": 5.185807704925537, "examples_seen": 26548, "supervised_tokens_seen": 564990, "epoch": 1, "elapsed_seconds": 412.5764441390056}
{"event": "update", "optimizer_step": 840, "loss_main": 0.13612179813581868, "lr": 8.418917836480417e-06, "grad_norm": 2.939791440963745, "examples_seen": 26868, "supervised_tokens_seen": 571716, "epoch": 1, "elapsed_seconds": 416.63540828600526}
{"event": "update", "optimizer_step": 850, "loss_main": 0.41903467925951976, "lr": 8.01442841485013e-06, "grad_norm": 6.894964694976807, "examples_seen": 27188, "supervised_tokens_seen": 578601, "epoch": 1, "elapsed_seconds": 421.4202728260425}
{"event": "update", "optimizer_step": 860, "loss_main": 0.07507382345474548, "lr": 7.633679160674144e-06, "grad_norm": 2.2628588676452637, "examples_seen": 27508, "supervised_tokens_seen": 585352, "epoch": 1, "elapsed_seconds": 428.0868398770108}
{"event": "update", "optimizer_step": 870, "loss_main": 0.03869393336052975, "lr": 7.277133958268747e-06, "grad_norm": 1.5449408292770386, "examples_seen": 27828, "supervised_tokens_seen": 592337, "epoch": 1, "elapsed_seconds": 433.84145120502217}
{"event": "update", "optimizer_step": 880, "loss_main": 0.08010578838922867, "lr": 6.94522720304148e-06, "grad_norm": 1.9338321685791016, "examples_seen": 28148, "supervised_tokens_seen": 598981, "epoch": 1, "elapsed_seconds": 438.86667014902923}
{"event": "update", "optimizer_step": 890, "loss_main": 0.22836307723728805, "lr": 6.638363272247286e-06, "grad_norm": 4.155052185058594, "examples_seen": 28468, "supervised_tokens_seen": 605917, "epoch": 1, "elapsed_seconds": 444.19180191803025}
{"event": "update", "optimizer_step": 900, "loss_main": 0.08204251064441691, "lr": 6.356916032317063e-06, "grad_norm": 2.1542115211486816, "examples_seen": 28788, "supervised_tokens_seen": 612506, "epoch": 1, "elapsed_seconds": 450.81421376299113}
{"event": "evaluation", "optimizer_step": 900, "loss": 0.15808161667393358, "perplexity": 1.171261785297945, "supervised_tokens": 9803.0, "elapsed_seconds": 450.81421376299113}
{"event": "update", "optimizer_step": 910, "loss_main": 0.46191659788542155, "lr": 6.1012283833590465e-06, "grad_norm": 4.781059741973877, "examples_seen": 29108, "supervised_tokens_seen": 619438, "epoch": 1, "elapsed_seconds": 474.50523321703076}
{"event": "update", "optimizer_step": 920, "loss_main": 0.06891106552918318, "lr": 5.871611841387825e-06, "grad_norm": 1.9421610832214355, "examples_seen": 29428, "supervised_tokens_seen": 626482, "epoch": 1, "elapsed_seconds": 479.8368812300032}
{"event": "update", "optimizer_step": 930, "loss_main": 0.041418411706122885, "lr": 5.66834615879008e-06, "grad_norm": 1.5316390991210938, "examples_seen": 29748, "supervised_tokens_seen": 632716, "epoch": 1, "elapsed_seconds": 485.4667658500257}
{"event": "update", "optimizer_step": 940, "loss_main": 0.1685748279163365, "lr": 5.491678983489372e-06, "grad_norm": 2.793586254119873, "examples_seen": 30068, "supervised_tokens_seen": 639460, "epoch": 1, "elapsed_seconds": 492.1820140830241}
{"event": "update", "optimizer_step": 950, "loss_main": 0.13961835678445694, "lr": 5.341825557225321e-06, "grad_norm": 2.877870798110962, "examples_seen": 30388, "supervised_tokens_seen": 646126, "epoch": 1, "elapsed_seconds": 497.5483533340157}
{"event": "update", "optimizer_step": 960, "loss_main": 0.055301248026942765, "lr": 5.218968453314668e-06, "grad_norm": 1.6929535865783691, "examples_seen": 30708, "supervised_tokens_seen": 652931, "epoch": 1, "elapsed_seconds": 502.9430349890026}
{"event": "update", "optimizer_step": 970, "loss_main": 0.11801954418763347, "lr": 5.123257354213851e-06, "grad_norm": 3.836883068084717, "examples_seen": 31028, "supervised_tokens_seen": 659758, "epoch": 1, "elapsed_seconds": 508.62490855902433}
{"event": "update", "optimizer_step": 980, "loss_main": 0.10431735948929524, "lr": 5.054808869153956e-06, "grad_norm": 2.5070502758026123, "examples_seen": 31348, "supervised_tokens_seen": 666583, "epoch": 1, "elapsed_seconds": 514.1205262659932}
{"event": "update", "optimizer_step": 990, "loss_main": 0.043189653891567224, "lr": 5.0137063920703455e-06, "grad_norm": 1.554551124572754, "examples_seen": 31668, "supervised_tokens_seen": 672923, "epoch": 1, "elapsed_seconds": 519.0800084029906}
{"event": "update", "optimizer_step": 1000, "loss_main": 0.06816811855680432, "lr": 5e-06, "grad_norm": 1.9732016324996948, "examples_seen": 31988, "supervised_tokens_seen": 679628, "epoch": 1, "elapsed_seconds": 524.2255256019998}
{"event": "evaluation", "optimizer_step": 1000, "loss": 0.1508659443477064, "perplexity": 1.1628407622557975, "supervised_tokens": 9803.0, "elapsed_seconds": 524.2255256019998}
{"event": "complete", "optimizer_step": 1000, "evaluation": {"loss": 0.1508659443477064, "perplexity": 1.1628407622557975, "supervised_tokens": 9803.0}, "elapsed_seconds": 524.2255256019998}
