{"event": "start", "state": {"optimizer_step": 0, "examples_seen": 0, "supervised_tokens_seen": 0, "epoch": 0, "batch_in_epoch": 0, "elapsed_seconds": 0.0}, "evaluation": {"loss": 2.1393968409985096, "perplexity": 8.494312662312886, "supervised_tokens": 9803.0}, "target_updates": 1000, "settings": {"max_sequence_length": 512, "microbatch_size": 16, "gradient_accumulation": 2, "learning_rate": 5e-05, "warmup_updates": 100, "weight_decay": 0.01, "grad_clip": 1.0, "planned_total_updates": 1000, "checkpoint_updates": 100, "min_lr_ratio": 0.1, "seed": 2027}, "parameters": 329821696, "train_examples": 23780, "heldout_examples": 1222, "device": "cuda", "precision": "bf16-autocast"}
{"event": "update", "optimizer_step": 1, "loss_main": 2.667830551226522, "lr": 5e-07, "grad_norm": 35.37710189819336, "examples_seen": 32, "supervised_tokens_seen": 579, "epoch": 0, "elapsed_seconds": 0.6903485599905252}
{"event": "update", "optimizer_step": 10, "loss_main": 0.7668924085059557, "lr": 5e-06, "grad_norm": 21.082603454589844, "examples_seen": 320, "supervised_tokens_seen": 6491, "epoch": 0, "elapsed_seconds": 3.828975990007166}
{"event": "update", "optimizer_step": 20, "loss_main": 0.5127529273607173, "lr": 1e-05, "grad_norm": 7.457660675048828, "examples_seen": 640, "supervised_tokens_seen": 13620, "epoch": 0, "elapsed_seconds": 7.359103802999016}
{"event": "update", "optimizer_step": 30, "loss_main": 0.26945244616730035, "lr": 1.5e-05, "grad_norm": 5.960245132446289, "examples_seen": 960, "supervised_tokens_seen": 20206, "epoch": 0, "elapsed_seconds": 10.685139281966258}
{"event": "update", "optimizer_step": 40, "loss_main": 1.2008095962199348, "lr": 2e-05, "grad_norm": 7.503767967224121, "examples_seen": 1280, "supervised_tokens_seen": 27073, "epoch": 0, "elapsed_seconds": 14.229047385975718}
{"event": "update", "optimizer_step": 50, "loss_main": 0.216682670829666, "lr": 2.5e-05, "grad_norm": 4.381437301635742, "examples_seen": 1600, "supervised_tokens_seen": 33521, "epoch": 0, "elapsed_seconds": 17.652101492974907}
{"event": "update", "optimizer_step": 60, "loss_main": 0.27383783428519487, "lr": 3e-05, "grad_norm": 3.7551729679107666, "examples_seen": 1920, "supervised_tokens_seen": 40471, "epoch": 0, "elapsed_seconds": 21.176645707979333}
{"event": "update", "optimizer_step": 70, "loss_main": 0.14014738745951422, "lr": 3.5000000000000004e-05, "grad_norm": 3.2505300045013428, "examples_seen": 2240, "supervised_tokens_seen": 46702, "epoch": 0, "elapsed_seconds": 24.39393763698172}
{"event": "update", "optimizer_step": 80, "loss_main": 0.2263022515804852, "lr": 4e-05, "grad_norm": 4.462210178375244, "examples_seen": 2560, "supervised_tokens_seen": 53496, "epoch": 0, "elapsed_seconds": 27.90452922001714}
{"event": "update", "optimizer_step": 90, "loss_main": 0.5468962468841203, "lr": 4.5e-05, "grad_norm": 4.381167888641357, "examples_seen": 2880, "supervised_tokens_seen": 59750, "epoch": 0, "elapsed_seconds": 31.08057164400816}
{"event": "update", "optimizer_step": 100, "loss_main": 0.3512948043644428, "lr": 5e-05, "grad_norm": 3.3735580444335938, "examples_seen": 3200, "supervised_tokens_seen": 66413, "epoch": 0, "elapsed_seconds": 34.521190667990595}
{"event": "evaluation", "optimizer_step": 100, "loss": 0.3041251428492955, "perplexity": 1.3554386689336086, "supervised_tokens": 9803.0, "elapsed_seconds": 34.521190667990595}
{"event": "update", "optimizer_step": 110, "loss_main": 0.22619321714429294, "lr": 4.9986293607929655e-05, "grad_norm": 3.0227279663085938, "examples_seen": 3520, "supervised_tokens_seen": 73039, "epoch": 0, "elapsed_seconds": 51.8304330399842}
{"event": "update", "optimizer_step": 120, "loss_main": 1.5374102156336715, "lr": 4.9945191130846044e-05, "grad_norm": 7.017780303955078, "examples_seen": 3840, "supervised_tokens_seen": 80223, "epoch": 0, "elapsed_seconds": 55.700797058001626}
{"event": "update", "optimizer_step": 130, "loss_main": 0.3985976710915565, "lr": 4.987674264578615e-05, "grad_norm": 3.1000454425811768, "examples_seen": 4160, "supervised_tokens_seen": 87417, "epoch": 0, "elapsed_seconds": 59.3908871000167}
{"event": "update", "optimizer_step": 140, "loss_main": 0.22997315409534339, "lr": 4.978103154668534e-05, "grad_norm": 3.111950397491455, "examples_seen": 4480, "supervised_tokens_seen": 94663, "epoch": 0, "elapsed_seconds": 63.41590100200847}
{"event": "update", "optimizer_step": 150, "loss_main": 0.35938847596493095, "lr": 4.965817444277468e-05, "grad_norm": 3.8031468391418457, "examples_seen": 4800, "supervised_tokens_seen": 101460, "epoch": 0, "elapsed_seconds": 66.70401481998852}
{"event": "update", "optimizer_step": 160, "loss_main": 0.9182653660061716, "lr": 4.950832101651063e-05, "grad_norm": 4.60423469543457, "examples_seen": 5120, "supervised_tokens_seen": 108317, "epoch": 0, "elapsed_seconds": 70.16802130901488}
{"event": "update", "optimizer_step": 170, "loss_main": 0.18520483494146506, "lr": 4.933165384120992e-05, "grad_norm": 2.582808017730713, "examples_seen": 5440, "supervised_tokens_seen": 115165, "epoch": 0, "elapsed_seconds": 73.48639081901638}
{"event": "update", "optimizer_step": 180, "loss_main": 0.8580900991999265, "lr": 4.9128388158612174e-05, "grad_norm": 5.446539878845215, "examples_seen": 5760, "supervised_tokens_seen": 122338, "epoch": 0, "elapsed_seconds": 77.17013585299719}
{"event": "update", "optimizer_step": 190, "loss_main": 0.1944768715559501, "lr": 4.889877161664096e-05, "grad_norm": 2.584785223007202, "examples_seen": 6080, "supervised_tokens_seen": 129040, "epoch": 0, "elapsed_seconds": 80.87376485200366}
{"event": "update", "optimizer_step": 200, "loss_main": 0.9558691306217085, "lr": 4.864308396768294e-05, "grad_norm": 6.080273628234863, "examples_seen": 6388, "supervised_tokens_seen": 135857, "epoch": 0, "elapsed_seconds": 84.43993016600143}
{"event": "evaluation", "optimizer_step": 200, "loss": 0.28408758971571474, "perplexity": 1.3285492929115352, "supervised_tokens": 9803.0, "elapsed_seconds": 84.43993016600143}
{"event": "update", "optimizer_step": 210, "loss_main": 0.21624904258805475, "lr": 4.836163672775272e-05, "grad_norm": 2.6468088626861572, "examples_seen": 6708, "supervised_tokens_seen": 142152, "epoch": 0, "elapsed_seconds": 102.68141978298081}
{"event": "update", "optimizer_step": 220, "loss_main": 0.15624855155849315, "lr": 4.805477279695852e-05, "grad_norm": 4.275412082672119, "examples_seen": 7028, "supervised_tokens_seen": 149060, "epoch": 0, "elapsed_seconds": 106.0568504279945}
{"event": "update", "optimizer_step": 230, "loss_main": 0.22536320866204568, "lr": 4.7722866041731264e-05, "grad_norm": 3.4143500328063965, "examples_seen": 7348, "supervised_tokens_seen": 155882, "epoch": 0, "elapsed_seconds": 109.38538628001697}
{"event": "update", "optimizer_step": 240, "loss_main": 0.2930581899789663, "lr": 4.7366320839325864e-05, "grad_norm": 4.729495048522949, "examples_seen": 7668, "supervised_tokens_seen": 162539, "epoch": 0, "elapsed_seconds": 112.92172773100901}
{"event": "update", "optimizer_step": 250, "loss_main": 0.2489730335759388, "lr": 4.6985571585149876e-05, "grad_norm": 2.651827096939087, "examples_seen": 7988, "supervised_tokens_seen": 169591, "epoch": 0, "elapsed_seconds": 116.38877947401488}
{"event": "update", "optimizer_step": 260, "loss_main": 0.7959736096776738, "lr": 4.6581082163519586e-05, "grad_norm": 4.81770658493042, "examples_seen": 8308, "supervised_tokens_seen": 176256, "epoch": 0, "elapsed_seconds": 119.67935519997263}
{"event": "update", "optimizer_step": 270, "loss_main": 0.15759386694966854, "lr": 4.615334538248844e-05, "grad_norm": 2.2988219261169434, "examples_seen": 8628, "supervised_tokens_seen": 182979, "epoch": 0, "elapsed_seconds": 123.10241045698058}
{"event": "update", "optimizer_step": 280, "loss_main": 0.09098678811809784, "lr": 4.570288237343632e-05, "grad_norm": 1.8173772096633911, "examples_seen": 8948, "supervised_tokens_seen": 189381, "epoch": 0, "elapsed_seconds": 126.41064259200357}
{"event": "update", "optimizer_step": 290, "loss_main": 0.26363856624566157, "lr": 4.523024195615124e-05, "grad_norm": 2.5386319160461426, "examples_seen": 9268, "supervised_tokens_seen": 195867, "epoch": 0, "elapsed_seconds": 129.5839661830105}
{"event": "update", "optimizer_step": 300, "loss_main": 0.15445552948567506, "lr": 4.473599997017701e-05, "grad_norm": 2.3832156658172607, "examples_seen": 9588, "supervised_tokens_seen": 202501, "epoch": 0, "elapsed_seconds": 133.0490514219855}
{"event": "evaluation", "optimizer_step": 300, "loss": 0.2587271958907247, "perplexity": 1.295280398809474, "supervised_tokens": 9803.0, "elapsed_seconds": 133.0490514219855}
{"event": "update", "optimizer_step": 310, "loss_main": 0.2541884249358466, "lr": 4.422075857324137e-05, "grad_norm": 2.7791848182678223, "examples_seen": 9908, "supervised_tokens_seen": 209802, "epoch": 0, "elapsed_seconds": 150.33314648200758}
{"event": "update", "optimizer_step": 320, "loss_main": 0.3305288366758065, "lr": 4.368514550761965e-05, "grad_norm": 3.463658094406128, "examples_seen": 10228, "supervised_tokens_seen": 216277, "epoch": 0, "elapsed_seconds": 153.54865938000148}
{"event": "update", "optimizer_step": 330, "loss_main": 0.2413478641326611, "lr": 4.312981333532744e-05, "grad_norm": 2.54498553276062, "examples_seen": 10548, "supervised_tokens_seen": 222897, "epoch": 0, "elapsed_seconds": 156.8349018570152}
{"event": "update", "optimizer_step": 340, "loss_main": 0.1554090160037387, "lr": 4.255543864307431e-05, "grad_norm": 2.246697425842285, "examples_seen": 10868, "supervised_tokens_seen": 229796, "epoch": 0, "elapsed_seconds": 160.2128752109711}
{"event": "update", "optimizer_step": 350, "loss_main": 0.1421910420060158, "lr": 4.1962721217947135e-05, "grad_norm": 2.1335015296936035, "examples_seen": 11188, "supervised_tokens_seen": 236667, "epoch": 0, "elapsed_seconds": 163.65013770997757}
{"event": "update", "optimizer_step": 360, "loss_main": 0.18265196925458096, "lr": 4.135238319482731e-05, "grad_norm": 2.89723539352417, "examples_seen": 11508, "supervised_tokens_seen": 243766, "epoch": 0, "elapsed_seconds": 167.1692083189846}
{"event": "update", "optimizer_step": 370, "loss_main": 0.12580871989004644, "lr": 4.072516817658065e-05, "grad_norm": 1.9543819427490234, "examples_seen": 11828, "supervised_tokens_seen": 250907, "epoch": 0, "elapsed_seconds": 170.90316672896734}
{"event": "update", "optimizer_step": 380, "loss_main": 1.0051202014955458, "lr": 4.0081840328091804e-05, "grad_norm": 5.086769104003906, "examples_seen": 12148, "supervised_tokens_seen": 258245, "epoch": 0, "elapsed_seconds": 174.9530188869685}
{"event": "update", "optimizer_step": 390, "loss_main": 0.1546447339598858, "lr": 3.9423183445247117e-05, "grad_norm": 1.8511056900024414, "examples_seen": 12468, "supervised_tokens_seen": 265072, "epoch": 0, "elapsed_seconds": 178.53814908198547}
{"event": "update", "optimizer_step": 400, "loss_main": 0.10337741017122075, "lr": 3.875e-05, "grad_norm": 1.9901654720306396, "examples_seen": 12788, "supervised_tokens_seen": 271908, "epoch": 0, "elapsed_seconds": 181.9488317280193}
{"event": "evaluation", "optimizer_step": 400, "loss": 0.23885371087446367, "perplexity": 1.2697927661227002, "supervised_tokens": 9803.0, "elapsed_seconds": 181.9488317280193}
{"event": "update", "optimizer_step": 410, "loss_main": 0.8040806531906128, "lr": 3.806311016268254e-05, "grad_norm": 4.387232780456543, "examples_seen": 13108, "supervised_tokens_seen": 279239, "epoch": 0, "elapsed_seconds": 199.8530914359726}
{"event": "update", "optimizer_step": 420, "loss_main": 0.1379827742487931, "lr": 3.7363350802754244e-05, "grad_norm": 2.1451938152313232, "examples_seen": 13428, "supervised_tokens_seen": 286391, "epoch": 0, "elapsed_seconds": 203.7546968779643}
{"event": "update", "optimizer_step": 430, "loss_main": 0.1948006434634163, "lr": 3.665157446920551e-05, "grad_norm": 2.498556137084961, "examples_seen": 13748, "supervised_tokens_seen": 293269, "epoch": 0, "elapsed_seconds": 207.3780839400133}
{"event": "update", "optimizer_step": 440, "loss_main": 0.9235933455092281, "lr": 3.5928648351858027e-05, "grad_norm": 5.221840858459473, "examples_seen": 14068, "supervised_tokens_seen": 300357, "epoch": 0, "elapsed_seconds": 211.02970240497962}
{"event": "update", "optimizer_step": 450, "loss_main": 0.2735999138266952, "lr": 3.519545322482755e-05, "grad_norm": 3.6733696460723877, "examples_seen": 14388, "supervised_tokens_seen": 307024, "epoch": 0, "elapsed_seconds": 214.33600259496598}
{"event": "update", "optimizer_step": 460, "loss_main": 0.28478709970201765, "lr": 3.4452882373436316e-05, "grad_norm": 3.052880048751831, "examples_seen": 14708, "supervised_tokens_seen": 313786, "epoch": 0, "elapsed_seconds": 217.68919914402068}
{"event": "update", "optimizer_step": 470, "loss_main": 0.1729261864875925, "lr": 3.370184050588248e-05, "grad_norm": 2.221374034881592, "examples_seen": 15028, "supervised_tokens_seen": 320441, "epoch": 0, "elapsed_seconds": 220.96254905796377}
{"event": "update", "optimizer_step": 480, "loss_main": 0.24642252484592822, "lr": 3.294324265099252e-05, "grad_norm": 3.4145705699920654, "examples_seen": 15348, "supervised_tokens_seen": 327101, "epoch": 0, "elapsed_seconds": 224.26939670200227}
{"event": "update", "optimizer_step": 490, "loss_main": 0.17913833571073612, "lr": 3.217801304339959e-05, "grad_norm": 1.9810558557510376, "examples_seen": 15668, "supervised_tokens_seen": 334127, "epoch": 0, "elapsed_seconds": 227.84089753596345}
{"event": "update", "optimizer_step": 500, "loss_main": 0.2233463207380377, "lr": 3.140708399750594e-05, "grad_norm": 2.2759182453155518, "examples_seen": 15988, "supervised_tokens_seen": 340856, "epoch": 0, "elapsed_seconds": 231.17752415296854}
{"event": "evaluation", "optimizer_step": 500, "loss": 0.21490703745011977, "perplexity": 1.2397466415999199, "supervised_tokens": 9803.0, "elapsed_seconds": 231.17752415296854}
{"event": "update", "optimizer_step": 510, "loss_main": 0.14561972405588577, "lr": 3.0631394771601475e-05, "grad_norm": 2.11600923538208, "examples_seen": 16308, "supervised_tokens_seen": 347415, "epoch": 0, "elapsed_seconds": 248.70755922596436}
{"event": "update", "optimizer_step": 520, "loss_main": 0.17663510124804674, "lr": 2.9851890423522204e-05, "grad_norm": 2.1995434761047363, "examples_seen": 16628, "supervised_tokens_seen": 354079, "epoch": 0, "elapsed_seconds": 252.1059178999858}
{"event": "update", "optimizer_step": 530, "loss_main": 0.11573609583458658, "lr": 2.906952065924282e-05, "grad_norm": 2.07576584815979, "examples_seen": 16948, "supervised_tokens_seen": 360785, "epoch": 0, "elapsed_seconds": 255.3184155219933}
{"event": "update", "optimizer_step": 540, "loss_main": 0.6968446834300591, "lr": 2.828523867580628e-05, "grad_norm": 4.23074197769165, "examples_seen": 17268, "supervised_tokens_seen": 367886, "epoch": 0, "elapsed_seconds": 258.9415255949716}
{"event": "update", "optimizer_step": 550, "loss_main": 1.5641276879631794, "lr": 2.7500000000000004e-05, "grad_norm": 6.115108013153076, "examples_seen": 17588, "supervised_tokens_seen": 374903, "epoch": 0, "elapsed_seconds": 262.57826402399223}
{"event": "update", "optimizer_step": 560, "loss_main": 0.25871183900806227, "lr": 2.6714761324193736e-05, "grad_norm": 2.470233917236328, "examples_seen": 17908, "supervised_tokens_seen": 381435, "epoch": 0, "elapsed_seconds": 265.84299703501165}
{"event": "update", "optimizer_step": 570, "loss_main": 0.5373959681071804, "lr": 2.593047934075718e-05, "grad_norm": 4.03015661239624, "examples_seen": 18228, "supervised_tokens_seen": 388096, "epoch": 0, "elapsed_seconds": 269.40497389197117}
{"event": "update", "optimizer_step": 580, "loss_main": 0.18422675132751465, "lr": 2.5148109576477802e-05, "grad_norm": 2.418931245803833, "examples_seen": 18548, "supervised_tokens_seen": 394713, "epoch": 0, "elapsed_seconds": 272.7038560580113}
{"event": "update", "optimizer_step": 590, "loss_main": 0.191566593271921, "lr": 2.4368605228398534e-05, "grad_norm": 2.33663010597229, "examples_seen": 18868, "supervised_tokens_seen": 401422, "epoch": 0, "elapsed_seconds": 275.8749348759884}
{"event": "update", "optimizer_step": 600, "loss_main": 0.14030373025508153, "lr": 2.359291600249407e-05, "grad_norm": 1.9884920120239258, "examples_seen": 19188, "supervised_tokens_seen": 408251, "epoch": 0, "elapsed_seconds": 279.27086790901376}
{"event": "evaluation", "optimizer_step": 600, "loss": 0.20292881967737933, "perplexity": 1.2249852702974016, "supervised_tokens": 9803.0, "elapsed_seconds": 279.27086790901376}
{"event": "update", "optimizer_step": 610, "loss_main": 0.26263360743937286, "lr": 2.282198695660042e-05, "grad_norm": 2.586519479751587, "examples_seen": 19508, "supervised_tokens_seen": 414667, "epoch": 0, "elapsed_seconds": 296.2424018990132}
{"event": "update", "optimizer_step": 620, "loss_main": 0.8117089328215361, "lr": 2.205675734900748e-05, "grad_norm": 5.525264739990234, "examples_seen": 19828, "supervised_tokens_seen": 421277, "epoch": 0, "elapsed_seconds": 299.5383023910108}
{"event": "update", "optimizer_step": 630, "loss_main": 0.2101062434807917, "lr": 2.129815949411752e-05, "grad_norm": 2.151763439178467, "examples_seen": 20148, "supervised_tokens_seen": 427997, "epoch": 0, "elapsed_seconds": 302.8897922000033}
{"event": "update", "optimizer_step": 640, "loss_main": 0.1677674797256069, "lr": 2.054711762656369e-05, "grad_norm": 2.0438601970672607, "examples_seen": 20468, "supervised_tokens_seen": 434768, "epoch": 0, "elapsed_seconds": 306.3180083800107}
{"event": "update", "optimizer_step": 650, "loss_main": 0.7672641583010874, "lr": 1.9804546775172457e-05, "grad_norm": 4.692899703979492, "examples_seen": 20788, "supervised_tokens_seen": 441737, "epoch": 0, "elapsed_seconds": 309.8933056649985}
{"event": "update", "optimizer_step": 660, "loss_main": 0.9059877778246397, "lr": 1.907135164814198e-05, "grad_norm": 4.545638561248779, "examples_seen": 21108, "supervised_tokens_seen": 448667, "epoch": 0, "elapsed_seconds": 313.35444770299364}
{"event": "update", "optimizer_step": 670, "loss_main": 0.6652757450938225, "lr": 1.83484255307945e-05, "grad_norm": 4.476151943206787, "examples_seen": 21428, "supervised_tokens_seen": 455358, "epoch": 0, "elapsed_seconds": 316.8129230000195}
{"event": "update", "optimizer_step": 680, "loss_main": 0.6551938619634715, "lr": 1.7636649197245758e-05, "grad_norm": 4.103392124176025, "examples_seen": 21748, "supervised_tokens_seen": 462103, "epoch": 0, "elapsed_seconds": 320.26680545700947}
{"event": "update", "optimizer_step": 690, "loss_main": 0.7309351338643099, "lr": 1.6936889837317466e-05, "grad_norm": 4.263617038726807, "examples_seen": 22068, "supervised_tokens_seen": 468798, "epoch": 0, "elapsed_seconds": 323.4118161459919}
{"event": "update", "optimizer_step": 700, "loss_main": 0.06706083345213908, "lr": 1.6250000000000005e-05, "grad_norm": 1.344354510307312, "examples_seen": 22388, "supervised_tokens_seen": 474923, "epoch": 0, "elapsed_seconds": 326.5058316849754}
{"event": "evaluation", "optimizer_step": 700, "loss": 0.18023228688342444, "perplexity": 1.1974954933136184, "supervised_tokens": 9803.0, "elapsed_seconds": 326.5058316849754}
{"event": "update", "optimizer_step": 710, "loss_main": 0.6582858665481085, "lr": 1.5576816554752892e-05, "grad_norm": 3.7656807899475098, "examples_seen": 22708, "supervised_tokens_seen": 482025, "epoch": 0, "elapsed_seconds": 344.0722028230084}
{"event": "update", "optimizer_step": 720, "loss_main": 0.13735213326780418, "lr": 1.49181596719082e-05, "grad_norm": 1.9553086757659912, "examples_seen": 23028, "supervised_tokens_seen": 488699, "epoch": 0, "elapsed_seconds": 347.709122626984}
{"event": "update", "optimizer_step": 730, "loss_main": 1.2851975780608096, "lr": 1.427483182341936e-05, "grad_norm": 5.045863628387451, "examples_seen": 23348, "supervised_tokens_seen": 495767, "epoch": 0, "elapsed_seconds": 351.49836307700025}
{"event": "update", "optimizer_step": 740, "loss_main": 0.6491454601258662, "lr": 1.364761680517269e-05, "grad_norm": 3.977969169616699, "examples_seen": 23668, "supervised_tokens_seen": 503049, "epoch": 0, "elapsed_seconds": 355.15337058599107}
{"event": "update", "optimizer_step": 750, "loss_main": 0.21890362293171367, "lr": 1.3037278782052863e-05, "grad_norm": 2.4878015518188477, "examples_seen": 23988, "supervised_tokens_seen": 510181, "epoch": 1, "elapsed_seconds": 358.84163552196696}
{"event": "update", "optimizer_step": 760, "loss_main": 0.09627265740393286, "lr": 1.2444561356925697e-05, "grad_norm": 1.6406655311584473, "examples_seen": 24308, "supervised_tokens_seen": 516840, "epoch": 1, "elapsed_seconds": 362.26772959297523}
{"event": "update", "optimizer_step": 770, "loss_main": 0.09575255158253843, "lr": 1.187018666467256e-05, "grad_norm": 1.7302829027175903, "examples_seen": 24628, "supervised_tokens_seen": 523626, "epoch": 1, "elapsed_seconds": 365.7865099000046}
{"event": "update", "optimizer_step": 780, "loss_main": 0.09509596166906843, "lr": 1.1314854492380354e-05, "grad_norm": 1.86658775806427, "examples_seen": 24948, "supervised_tokens_seen": 530721, "epoch": 1, "elapsed_seconds": 369.63349939498585}
{"event": "update", "optimizer_step": 790, "loss_main": 0.3677711563881921, "lr": 1.0779241426758628e-05, "grad_norm": 3.650573968887329, "examples_seen": 25268, "supervised_tokens_seen": 537467, "epoch": 1, "elapsed_seconds": 373.0980398589745}
{"event": "update", "optimizer_step": 800, "loss_main": 0.5295284142453154, "lr": 1.0264000029822999e-05, "grad_norm": 4.434494495391846, "examples_seen": 25588, "supervised_tokens_seen": 544337, "epoch": 1, "elapsed_seconds": 376.56415134796407}
{"event": "evaluation", "optimizer_step": 800, "loss": 0.17702868943808822, "perplexity": 1.1936653382237192, "supervised_tokens": 9803.0, "elapsed_seconds": 376.56415134796407}
{"event": "update", "optimizer_step": 810, "loss_main": 0.052595364758621754, "lr": 9.769758043848759e-06, "grad_norm": 1.5546783208847046, "examples_seen": 25908, "supervised_tokens_seen": 550889, "epoch": 1, "elapsed_seconds": 393.8457489350112}
{"event": "update", "optimizer_step": 820, "loss_main": 0.4633613321902978, "lr": 9.297117626563687e-06, "grad_norm": 3.76108717918396, "examples_seen": 26228, "supervised_tokens_seen": 557320, "epoch": 1, "elapsed_seconds": 397.1548340860172}
{"event": "update", "optimizer_step": 830, "loss_main": 0.13144716365689985, "lr": 8.846654617511564e-06, "grad_norm": 1.906290054321289, "examples_seen": 26548, "supervised_tokens_seen": 564035, "epoch": 1, "elapsed_seconds": 400.46239196899114}
{"event": "update", "optimizer_step": 840, "loss_main": 0.16314534683737078, "lr": 8.418917836480417e-06, "grad_norm": 2.2504007816314697, "examples_seen": 26868, "supervised_tokens_seen": 570981, "epoch": 1, "elapsed_seconds": 404.10086165199755}
{"event": "update", "optimizer_step": 850, "loss_main": 0.17512427194304364, "lr": 8.01442841485013e-06, "grad_norm": 2.4643497467041016, "examples_seen": 27188, "supervised_tokens_seen": 577732, "epoch": 1, "elapsed_seconds": 407.39667687698966}
{"event": "update", "optimizer_step": 860, "loss_main": 0.11276197469378092, "lr": 7.633679160674144e-06, "grad_norm": 1.7982724905014038, "examples_seen": 27508, "supervised_tokens_seen": 584543, "epoch": 1, "elapsed_seconds": 410.80048799398355}
{"event": "update", "optimizer_step": 870, "loss_main": 0.10451991809795132, "lr": 7.277133958268747e-06, "grad_norm": 1.9509174823760986, "examples_seen": 27828, "supervised_tokens_seen": 591301, "epoch": 1, "elapsed_seconds": 414.1676674699993}
{"event": "update", "optimizer_step": 880, "loss_main": 0.2003520093858242, "lr": 6.94522720304148e-06, "grad_norm": 2.496317148208618, "examples_seen": 28148, "supervised_tokens_seen": 598310, "epoch": 1, "elapsed_seconds": 417.76199178700335}
{"event": "update", "optimizer_step": 890, "loss_main": 0.11454760649180769, "lr": 6.638363272247286e-06, "grad_norm": 1.8541123867034912, "examples_seen": 28468, "supervised_tokens_seen": 605307, "epoch": 1, "elapsed_seconds": 421.29400176898343}
{"event": "update", "optimizer_step": 900, "loss_main": 0.4013662332973501, "lr": 6.356916032317063e-06, "grad_norm": 3.9951133728027344, "examples_seen": 28788, "supervised_tokens_seen": 612239, "epoch": 1, "elapsed_seconds": 424.7818594590062}
{"event": "evaluation", "optimizer_step": 900, "loss": 0.16934665020182463, "perplexity": 1.1845306855630384, "supervised_tokens": 9803.0, "elapsed_seconds": 424.7818594590062}
{"event": "update", "optimizer_step": 910, "loss_main": 0.12330807706108636, "lr": 6.1012283833590465e-06, "grad_norm": 2.080435037612915, "examples_seen": 29108, "supervised_tokens_seen": 619052, "epoch": 1, "elapsed_seconds": 441.804683188966}
{"event": "update", "optimizer_step": 920, "loss_main": 0.5418305303428245, "lr": 5.871611841387825e-06, "grad_norm": 3.8973989486694336, "examples_seen": 29428, "supervised_tokens_seen": 626233, "epoch": 1, "elapsed_seconds": 445.35156994196586}
{"event": "update", "optimizer_step": 930, "loss_main": 0.07583372060741697, "lr": 5.66834615879008e-06, "grad_norm": 1.8178330659866333, "examples_seen": 29748, "supervised_tokens_seen": 633087, "epoch": 1, "elapsed_seconds": 448.79432219901355}
{"event": "update", "optimizer_step": 940, "loss_main": 0.19889303393985913, "lr": 5.491678983489372e-06, "grad_norm": 2.40458345413208, "examples_seen": 30068, "supervised_tokens_seen": 640050, "epoch": 1, "elapsed_seconds": 452.07440902496455}
{"event": "update", "optimizer_step": 950, "loss_main": 0.05618037752086116, "lr": 5.341825557225321e-06, "grad_norm": 1.3785878419876099, "examples_seen": 30388, "supervised_tokens_seen": 646887, "epoch": 1, "elapsed_seconds": 455.6517678069649}
{"event": "update", "optimizer_step": 960, "loss_main": 0.13132757378897075, "lr": 5.218968453314668e-06, "grad_norm": 2.529203176498413, "examples_seen": 30708, "supervised_tokens_seen": 653419, "epoch": 1, "elapsed_seconds": 458.8719867169857}
{"event": "update", "optimizer_step": 970, "loss_main": 0.5255495273283798, "lr": 5.123257354213851e-06, "grad_norm": 4.388040542602539, "examples_seen": 31028, "supervised_tokens_seen": 660485, "epoch": 1, "elapsed_seconds": 462.9520825970103}
{"event": "update", "optimizer_step": 980, "loss_main": 0.343466265601401, "lr": 5.054808869153956e-06, "grad_norm": 3.7816765308380127, "examples_seen": 31348, "supervised_tokens_seen": 667643, "epoch": 1, "elapsed_seconds": 466.9055590039934}
{"event": "update", "optimizer_step": 990, "loss_main": 0.5988039038120172, "lr": 5.0137063920703455e-06, "grad_norm": 4.623651504516602, "examples_seen": 31668, "supervised_tokens_seen": 674373, "epoch": 1, "elapsed_seconds": 470.37617525301175}
{"event": "update", "optimizer_step": 1000, "loss_main": 0.05737422504979703, "lr": 5e-06, "grad_norm": 1.4617794752120972, "examples_seen": 31988, "supervised_tokens_seen": 681348, "epoch": 1, "elapsed_seconds": 473.95088898797985}
{"event": "evaluation", "optimizer_step": 1000, "loss": 0.16446826612119114, "perplexity": 1.1787661621355359, "supervised_tokens": 9803.0, "elapsed_seconds": 473.95088898797985}
{"event": "complete", "optimizer_step": 1000, "evaluation": {"loss": 0.16446826612119114, "perplexity": 1.1787661621355359, "supervised_tokens": 9803.0}, "elapsed_seconds": 473.95088898797985}
