{"event": "start", "state": {"optimizer_step": 0, "examples_seen": 0, "supervised_tokens_seen": 0, "epoch": 0, "batch_in_epoch": 0, "elapsed_seconds": 0.0}, "evaluation": {"loss": 1.913974808245718, "perplexity": 6.7799844486871805, "supervised_tokens": 9803.0}, "target_updates": 1000, "settings": {"max_sequence_length": 512, "microbatch_size": 16, "gradient_accumulation": 2, "learning_rate": 5e-05, "warmup_updates": 100, "weight_decay": 0.01, "grad_clip": 1.0, "planned_total_updates": 1000, "checkpoint_updates": 100, "min_lr_ratio": 0.1, "seed": 2031}, "parameters": 329821696, "train_examples": 23780, "heldout_examples": 1222, "device": "cuda", "precision": "bf16-autocast"}
{"event": "update", "optimizer_step": 1, "loss_main": 2.685882079912761, "lr": 5e-07, "grad_norm": 35.71467971801758, "examples_seen": 32, "supervised_tokens_seen": 842, "epoch": 0, "elapsed_seconds": 0.9087113059940748}
{"event": "update", "optimizer_step": 10, "loss_main": 0.4767877200999892, "lr": 5e-06, "grad_norm": 16.998653411865234, "examples_seen": 320, "supervised_tokens_seen": 7295, "epoch": 0, "elapsed_seconds": 4.533511958026793}
{"event": "update", "optimizer_step": 20, "loss_main": 1.1479270641197485, "lr": 1e-05, "grad_norm": 14.632868766784668, "examples_seen": 640, "supervised_tokens_seen": 14607, "epoch": 0, "elapsed_seconds": 8.451344372006133}
{"event": "update", "optimizer_step": 30, "loss_main": 0.9560896824026164, "lr": 1.5e-05, "grad_norm": 9.529533386230469, "examples_seen": 960, "supervised_tokens_seen": 21417, "epoch": 0, "elapsed_seconds": 11.883468159998301}
{"event": "update", "optimizer_step": 40, "loss_main": 1.0066019557169732, "lr": 2e-05, "grad_norm": 8.20019817352295, "examples_seen": 1280, "supervised_tokens_seen": 28586, "epoch": 0, "elapsed_seconds": 15.520914282009471}
{"event": "update", "optimizer_step": 50, "loss_main": 0.2907052261911276, "lr": 2.5e-05, "grad_norm": 10.541940689086914, "examples_seen": 1600, "supervised_tokens_seen": 35244, "epoch": 0, "elapsed_seconds": 18.925382476008963}
{"event": "update", "optimizer_step": 60, "loss_main": 0.35350253867606324, "lr": 3e-05, "grad_norm": 8.851335525512695, "examples_seen": 1920, "supervised_tokens_seen": 42227, "epoch": 0, "elapsed_seconds": 22.413204796030186}
{"event": "update", "optimizer_step": 70, "loss_main": 0.2336353805616386, "lr": 3.5000000000000004e-05, "grad_norm": 14.932916641235352, "examples_seen": 2240, "supervised_tokens_seen": 49155, "epoch": 0, "elapsed_seconds": 26.031673196004704}
{"event": "update", "optimizer_step": 80, "loss_main": 0.14535305417817215, "lr": 4e-05, "grad_norm": 4.600439548492432, "examples_seen": 2560, "supervised_tokens_seen": 55822, "epoch": 0, "elapsed_seconds": 29.501314449997153}
{"event": "update", "optimizer_step": 90, "loss_main": 0.2132835306303493, "lr": 4.5e-05, "grad_norm": 4.863883018493652, "examples_seen": 2880, "supervised_tokens_seen": 62252, "epoch": 0, "elapsed_seconds": 32.66417746699881}
{"event": "update", "optimizer_step": 100, "loss_main": 0.3364923952110842, "lr": 5e-05, "grad_norm": 6.663038730621338, "examples_seen": 3200, "supervised_tokens_seen": 68789, "epoch": 0, "elapsed_seconds": 35.88236795802368}
{"event": "evaluation", "optimizer_step": 100, "loss": 0.31398615239986677, "perplexity": 1.3688707808409233, "supervised_tokens": 9803.0, "elapsed_seconds": 35.88236795802368}
{"event": "update", "optimizer_step": 110, "loss_main": 0.8922972248698608, "lr": 4.9986293607929655e-05, "grad_norm": 7.584334850311279, "examples_seen": 3520, "supervised_tokens_seen": 75955, "epoch": 0, "elapsed_seconds": 51.8134138280293}
{"event": "update", "optimizer_step": 120, "loss_main": 0.20949256589895562, "lr": 4.9945191130846044e-05, "grad_norm": 7.147809028625488, "examples_seen": 3840, "supervised_tokens_seen": 82821, "epoch": 0, "elapsed_seconds": 55.26311658200575}
{"event": "update", "optimizer_step": 130, "loss_main": 0.2786651165527705, "lr": 4.987674264578615e-05, "grad_norm": 5.057553768157959, "examples_seen": 4160, "supervised_tokens_seen": 90179, "epoch": 0, "elapsed_seconds": 59.11533227399923}
{"event": "update", "optimizer_step": 140, "loss_main": 0.3788392357714785, "lr": 4.978103154668534e-05, "grad_norm": 5.983185291290283, "examples_seen": 4480, "supervised_tokens_seen": 96982, "epoch": 0, "elapsed_seconds": 62.5618043380091}
{"event": "update", "optimizer_step": 150, "loss_main": 0.30363230278740855, "lr": 4.965817444277468e-05, "grad_norm": 3.9725639820098877, "examples_seen": 4800, "supervised_tokens_seen": 104400, "epoch": 0, "elapsed_seconds": 66.49015366402455}
{"event": "update", "optimizer_step": 160, "loss_main": 0.2858567826464172, "lr": 4.950832101651063e-05, "grad_norm": 6.43864631652832, "examples_seen": 5120, "supervised_tokens_seen": 111369, "epoch": 0, "elapsed_seconds": 70.06667813198874}
{"event": "update", "optimizer_step": 170, "loss_main": 0.31154130002997243, "lr": 4.933165384120992e-05, "grad_norm": 4.6750288009643555, "examples_seen": 5440, "supervised_tokens_seen": 118203, "epoch": 0, "elapsed_seconds": 73.30365383799654}
{"event": "update", "optimizer_step": 180, "loss_main": 0.8641179339536625, "lr": 4.9128388158612174e-05, "grad_norm": 8.47576904296875, "examples_seen": 5760, "supervised_tokens_seen": 125124, "epoch": 0, "elapsed_seconds": 76.941724851029}
{"event": "update", "optimizer_step": 190, "loss_main": 0.21884154700975625, "lr": 4.889877161664096e-05, "grad_norm": 4.438888072967529, "examples_seen": 6080, "supervised_tokens_seen": 132121, "epoch": 0, "elapsed_seconds": 80.73465876298724}
{"event": "update", "optimizer_step": 200, "loss_main": 0.2189483672572411, "lr": 4.864308396768294e-05, "grad_norm": 3.1665492057800293, "examples_seen": 6400, "supervised_tokens_seen": 138847, "epoch": 0, "elapsed_seconds": 84.03266172599979}
{"event": "evaluation", "optimizer_step": 200, "loss": 0.2795285877115104, "perplexity": 1.3225062196808033, "supervised_tokens": 9803.0, "elapsed_seconds": 84.03266172599979}
{"event": "update", "optimizer_step": 210, "loss_main": 0.20320758308683123, "lr": 4.836163672775272e-05, "grad_norm": 4.288400173187256, "examples_seen": 6720, "supervised_tokens_seen": 145891, "epoch": 0, "elapsed_seconds": 100.29023974598385}
{"event": "update", "optimizer_step": 220, "loss_main": 0.8480100310038007, "lr": 4.805477279695852e-05, "grad_norm": 7.552153587341309, "examples_seen": 7040, "supervised_tokens_seen": 152905, "epoch": 0, "elapsed_seconds": 103.81191025901353}
{"event": "update", "optimizer_step": 230, "loss_main": 0.40797719521051656, "lr": 4.7722866041731264e-05, "grad_norm": 4.620284557342529, "examples_seen": 7360, "supervised_tokens_seen": 159780, "epoch": 0, "elapsed_seconds": 107.14206818101229}
{"event": "update", "optimizer_step": 240, "loss_main": 0.2559738570535687, "lr": 4.7366320839325864e-05, "grad_norm": 3.360102891921997, "examples_seen": 7680, "supervised_tokens_seen": 166442, "epoch": 0, "elapsed_seconds": 110.34199978900142}
{"event": "update", "optimizer_step": 250, "loss_main": 0.2999650045712559, "lr": 4.6985571585149876e-05, "grad_norm": 4.010288715362549, "examples_seen": 8000, "supervised_tokens_seen": 172551, "epoch": 0, "elapsed_seconds": 113.45267960103229}
{"event": "update", "optimizer_step": 260, "loss_main": 0.15595350108987135, "lr": 4.6581082163519586e-05, "grad_norm": 3.801525831222534, "examples_seen": 8320, "supervised_tokens_seen": 179384, "epoch": 0, "elapsed_seconds": 116.69896189501742}
{"event": "update", "optimizer_step": 270, "loss_main": 0.2970150114079706, "lr": 4.615334538248844e-05, "grad_norm": 4.378667831420898, "examples_seen": 8628, "supervised_tokens_seen": 185732, "epoch": 0, "elapsed_seconds": 119.99617586599197}
{"event": "update", "optimizer_step": 280, "loss_main": 1.169512525016879, "lr": 4.570288237343632e-05, "grad_norm": 8.65230941772461, "examples_seen": 8948, "supervised_tokens_seen": 192507, "epoch": 0, "elapsed_seconds": 123.41795979603194}
{"event": "update", "optimizer_step": 290, "loss_main": 0.8859017398037942, "lr": 4.523024195615124e-05, "grad_norm": 7.516892910003662, "examples_seen": 9268, "supervised_tokens_seen": 199593, "epoch": 0, "elapsed_seconds": 127.27046774799237}
{"event": "update", "optimizer_step": 300, "loss_main": 0.5623956613051586, "lr": 4.473599997017701e-05, "grad_norm": 5.820199966430664, "examples_seen": 9588, "supervised_tokens_seen": 206400, "epoch": 0, "elapsed_seconds": 130.67064644099446}
{"event": "evaluation", "optimizer_step": 300, "loss": 0.250410855044446, "perplexity": 1.284553073395172, "supervised_tokens": 9803.0, "elapsed_seconds": 130.67064644099446}
{"event": "update", "optimizer_step": 310, "loss_main": 0.1577874341592461, "lr": 4.422075857324137e-05, "grad_norm": 2.8755245208740234, "examples_seen": 9908, "supervised_tokens_seen": 212888, "epoch": 0, "elapsed_seconds": 146.85256071801996}
{"event": "update", "optimizer_step": 320, "loss_main": 0.1884201567980551, "lr": 4.368514550761965e-05, "grad_norm": 3.676330089569092, "examples_seen": 10228, "supervised_tokens_seen": 219448, "epoch": 0, "elapsed_seconds": 150.14786312601063}
{"event": "update", "optimizer_step": 330, "loss_main": 0.1125623541764724, "lr": 4.312981333532744e-05, "grad_norm": 3.108278512954712, "examples_seen": 10548, "supervised_tokens_seen": 225879, "epoch": 0, "elapsed_seconds": 153.37462806602707}
{"event": "update", "optimizer_step": 340, "loss_main": 0.7047024656873231, "lr": 4.255543864307431e-05, "grad_norm": 8.287124633789062, "examples_seen": 10868, "supervised_tokens_seen": 232536, "epoch": 0, "elapsed_seconds": 156.9690847300226}
{"event": "update", "optimizer_step": 350, "loss_main": 0.11508975908117514, "lr": 4.1962721217947135e-05, "grad_norm": 2.1842432022094727, "examples_seen": 11188, "supervised_tokens_seen": 238921, "epoch": 0, "elapsed_seconds": 160.17380595998839}
{"event": "update", "optimizer_step": 360, "loss_main": 0.09640614025995066, "lr": 4.135238319482731e-05, "grad_norm": 2.1372275352478027, "examples_seen": 11508, "supervised_tokens_seen": 245794, "epoch": 0, "elapsed_seconds": 163.7694385399809}
{"event": "update", "optimizer_step": 370, "loss_main": 0.8119467604055739, "lr": 4.072516817658065e-05, "grad_norm": 9.647934913635254, "examples_seen": 11828, "supervised_tokens_seen": 252171, "epoch": 0, "elapsed_seconds": 166.8709870490129}
{"event": "update", "optimizer_step": 380, "loss_main": 0.1731283362369892, "lr": 4.0081840328091804e-05, "grad_norm": 3.212033271789551, "examples_seen": 12148, "supervised_tokens_seen": 258968, "epoch": 0, "elapsed_seconds": 170.30799994798144}
{"event": "update", "optimizer_step": 390, "loss_main": 0.11991826252591226, "lr": 3.9423183445247117e-05, "grad_norm": 3.3075318336486816, "examples_seen": 12468, "supervised_tokens_seen": 265672, "epoch": 0, "elapsed_seconds": 173.74695927801076}
{"event": "update", "optimizer_step": 400, "loss_main": 0.08894670122054804, "lr": 3.875e-05, "grad_norm": 2.0931642055511475, "examples_seen": 12788, "supervised_tokens_seen": 272634, "epoch": 0, "elapsed_seconds": 177.19550700701075}
{"event": "evaluation", "optimizer_step": 400, "loss": 0.23881612131665655, "perplexity": 1.2697450360711964, "supervised_tokens": 9803.0, "elapsed_seconds": 177.19550700701075}
{"event": "update", "optimizer_step": 410, "loss_main": 1.3415326375865082, "lr": 3.806311016268254e-05, "grad_norm": 8.0132474899292, "examples_seen": 13108, "supervised_tokens_seen": 279657, "epoch": 0, "elapsed_seconds": 194.6536101870006}
{"event": "update", "optimizer_step": 420, "loss_main": 0.44472001791000365, "lr": 3.7363350802754244e-05, "grad_norm": 4.9525251388549805, "examples_seen": 13428, "supervised_tokens_seen": 286428, "epoch": 0, "elapsed_seconds": 198.0219661440351}
{"event": "update", "optimizer_step": 430, "loss_main": 0.21152956168345702, "lr": 3.665157446920551e-05, "grad_norm": 6.713617324829102, "examples_seen": 13748, "supervised_tokens_seen": 292774, "epoch": 0, "elapsed_seconds": 201.16958017199067}
{"event": "update", "optimizer_step": 440, "loss_main": 0.30182612433979406, "lr": 3.5928648351858027e-05, "grad_norm": 3.597115993499756, "examples_seen": 14068, "supervised_tokens_seen": 299565, "epoch": 0, "elapsed_seconds": 204.65570539602777}
{"event": "update", "optimizer_step": 450, "loss_main": 0.13800977699715516, "lr": 3.519545322482755e-05, "grad_norm": 2.8286402225494385, "examples_seen": 14388, "supervised_tokens_seen": 306155, "epoch": 0, "elapsed_seconds": 207.86582546803402}
{"event": "update", "optimizer_step": 460, "loss_main": 0.12832932481583992, "lr": 3.4452882373436316e-05, "grad_norm": 2.481658697128296, "examples_seen": 14708, "supervised_tokens_seen": 313086, "epoch": 0, "elapsed_seconds": 211.3685857990058}
{"event": "update", "optimizer_step": 470, "loss_main": 0.10864111631873655, "lr": 3.370184050588248e-05, "grad_norm": 4.409801006317139, "examples_seen": 15028, "supervised_tokens_seen": 320030, "epoch": 0, "elapsed_seconds": 215.03361228702124}
{"event": "update", "optimizer_step": 480, "loss_main": 0.0960090675543452, "lr": 3.294324265099252e-05, "grad_norm": 1.8148388862609863, "examples_seen": 15348, "supervised_tokens_seen": 326752, "epoch": 0, "elapsed_seconds": 218.3123868739931}
{"event": "update", "optimizer_step": 490, "loss_main": 0.16291876998792762, "lr": 3.217801304339959e-05, "grad_norm": 2.7021491527557373, "examples_seen": 15668, "supervised_tokens_seen": 333649, "epoch": 0, "elapsed_seconds": 221.84298485697946}
{"event": "update", "optimizer_step": 500, "loss_main": 0.17073514452500707, "lr": 3.140708399750594e-05, "grad_norm": 3.0649261474609375, "examples_seen": 15988, "supervised_tokens_seen": 339980, "epoch": 0, "elapsed_seconds": 225.03347154398216}
{"event": "evaluation", "optimizer_step": 500, "loss": 0.21516399206442577, "perplexity": 1.2400652411511088, "supervised_tokens": 9803.0, "elapsed_seconds": 225.03347154398216}
{"event": "update", "optimizer_step": 510, "loss_main": 0.6339271158474423, "lr": 3.0631394771601475e-05, "grad_norm": 5.758815288543701, "examples_seen": 16308, "supervised_tokens_seen": 346330, "epoch": 0, "elapsed_seconds": 242.0692275390029}
{"event": "update", "optimizer_step": 520, "loss_main": 0.132303188698223, "lr": 2.9851890423522204e-05, "grad_norm": 1.99541175365448, "examples_seen": 16628, "supervised_tokens_seen": 353668, "epoch": 0, "elapsed_seconds": 245.62322182999924}
{"event": "update", "optimizer_step": 530, "loss_main": 0.7669786344412514, "lr": 2.906952065924282e-05, "grad_norm": 6.246189594268799, "examples_seen": 16948, "supervised_tokens_seen": 360818, "epoch": 0, "elapsed_seconds": 249.13213799498044}
{"event": "update", "optimizer_step": 540, "loss_main": 0.19186115596029493, "lr": 2.828523867580628e-05, "grad_norm": 3.651353359222412, "examples_seen": 17268, "supervised_tokens_seen": 367326, "epoch": 0, "elapsed_seconds": 252.49173735501245}
{"event": "update", "optimizer_step": 550, "loss_main": 0.171828002971597, "lr": 2.7500000000000004e-05, "grad_norm": 3.1147561073303223, "examples_seen": 17588, "supervised_tokens_seen": 373929, "epoch": 0, "elapsed_seconds": 255.67463515000418}
{"event": "update", "optimizer_step": 560, "loss_main": 0.7178426979480309, "lr": 2.6714761324193736e-05, "grad_norm": 5.568931579589844, "examples_seen": 17908, "supervised_tokens_seen": 381132, "epoch": 0, "elapsed_seconds": 259.74883965199115}
{"event": "update", "optimizer_step": 570, "loss_main": 0.24310464398389445, "lr": 2.593047934075718e-05, "grad_norm": 3.0433788299560547, "examples_seen": 18228, "supervised_tokens_seen": 388386, "epoch": 0, "elapsed_seconds": 263.5894138930016}
{"event": "update", "optimizer_step": 580, "loss_main": 0.24529263366219456, "lr": 2.5148109576477802e-05, "grad_norm": 2.9603779315948486, "examples_seen": 18548, "supervised_tokens_seen": 394782, "epoch": 0, "elapsed_seconds": 266.7026741129812}
{"event": "update", "optimizer_step": 590, "loss_main": 0.5366281701532085, "lr": 2.4368605228398534e-05, "grad_norm": 4.984447956085205, "examples_seen": 18868, "supervised_tokens_seen": 401731, "epoch": 0, "elapsed_seconds": 270.2954684009892}
{"event": "update", "optimizer_step": 600, "loss_main": 0.3190928587620271, "lr": 2.359291600249407e-05, "grad_norm": 3.634411096572876, "examples_seen": 19188, "supervised_tokens_seen": 407707, "epoch": 0, "elapsed_seconds": 273.2879532229854}
{"event": "evaluation", "optimizer_step": 600, "loss": 0.18525640644747957, "perplexity": 1.2035269926492078, "supervised_tokens": 9803.0, "elapsed_seconds": 273.2879532229854}
{"event": "update", "optimizer_step": 610, "loss_main": 0.7973762353261312, "lr": 2.282198695660042e-05, "grad_norm": 6.461037635803223, "examples_seen": 19508, "supervised_tokens_seen": 414653, "epoch": 0, "elapsed_seconds": 289.01166854199255}
{"event": "update", "optimizer_step": 620, "loss_main": 0.11520809054617649, "lr": 2.205675734900748e-05, "grad_norm": 2.900380849838257, "examples_seen": 19828, "supervised_tokens_seen": 421381, "epoch": 0, "elapsed_seconds": 292.30702949600527}
{"event": "update", "optimizer_step": 630, "loss_main": 0.11878121024656951, "lr": 2.129815949411752e-05, "grad_norm": 2.8372254371643066, "examples_seen": 20148, "supervised_tokens_seen": 428193, "epoch": 0, "elapsed_seconds": 295.91697288898285}
{"event": "update", "optimizer_step": 640, "loss_main": 0.09098772238069605, "lr": 2.054711762656369e-05, "grad_norm": 2.19472599029541, "examples_seen": 20468, "supervised_tokens_seen": 434850, "epoch": 0, "elapsed_seconds": 299.158401091001}
{"event": "update", "optimizer_step": 650, "loss_main": 0.20273607396162474, "lr": 1.9804546775172457e-05, "grad_norm": 3.526911973953247, "examples_seen": 20788, "supervised_tokens_seen": 441803, "epoch": 0, "elapsed_seconds": 303.1676307229791}
{"event": "update", "optimizer_step": 660, "loss_main": 0.1824132265188755, "lr": 1.907135164814198e-05, "grad_norm": 2.8118715286254883, "examples_seen": 21108, "supervised_tokens_seen": 448425, "epoch": 0, "elapsed_seconds": 306.4635491659865}
{"event": "update", "optimizer_step": 670, "loss_main": 0.13019465012355935, "lr": 1.83484255307945e-05, "grad_norm": 2.3061883449554443, "examples_seen": 21428, "supervised_tokens_seen": 455413, "epoch": 0, "elapsed_seconds": 309.817433580989}
{"event": "update", "optimizer_step": 680, "loss_main": 0.7129331857419862, "lr": 1.7636649197245758e-05, "grad_norm": 6.272697925567627, "examples_seen": 21748, "supervised_tokens_seen": 462208, "epoch": 0, "elapsed_seconds": 313.2283199990052}
{"event": "update", "optimizer_step": 690, "loss_main": 1.0052628231836533, "lr": 1.6936889837317466e-05, "grad_norm": 6.456110000610352, "examples_seen": 22068, "supervised_tokens_seen": 469170, "epoch": 0, "elapsed_seconds": 317.07805055298377}
{"event": "update", "optimizer_step": 700, "loss_main": 0.2391781985759735, "lr": 1.6250000000000005e-05, "grad_norm": 2.9647867679595947, "examples_seen": 22388, "supervised_tokens_seen": 476006, "epoch": 0, "elapsed_seconds": 320.64675640303176}
{"event": "evaluation", "optimizer_step": 700, "loss": 0.17234675225969068, "perplexity": 1.1880897345960977, "supervised_tokens": 9803.0, "elapsed_seconds": 320.64675640303176}
{"event": "update", "optimizer_step": 710, "loss_main": 0.16087742616300998, "lr": 1.5576816554752892e-05, "grad_norm": 2.4743812084198, "examples_seen": 22708, "supervised_tokens_seen": 482995, "epoch": 0, "elapsed_seconds": 338.32134369702544}
{"event": "update", "optimizer_step": 720, "loss_main": 0.07503459227036655, "lr": 1.49181596719082e-05, "grad_norm": 2.167325973510742, "examples_seen": 23028, "supervised_tokens_seen": 489701, "epoch": 0, "elapsed_seconds": 341.8210273879813}
{"event": "update", "optimizer_step": 730, "loss_main": 0.3406832062758055, "lr": 1.427483182341936e-05, "grad_norm": 3.995351791381836, "examples_seen": 23348, "supervised_tokens_seen": 496122, "epoch": 0, "elapsed_seconds": 345.0189912240021}
{"event": "update", "optimizer_step": 740, "loss_main": 0.12331275456903765, "lr": 1.364761680517269e-05, "grad_norm": 2.8562264442443848, "examples_seen": 23668, "supervised_tokens_seen": 503407, "epoch": 0, "elapsed_seconds": 348.77583244798006}
{"event": "update", "optimizer_step": 750, "loss_main": 0.09408991542918171, "lr": 1.3037278782052863e-05, "grad_norm": 2.1372714042663574, "examples_seen": 23988, "supervised_tokens_seen": 510140, "epoch": 1, "elapsed_seconds": 352.3005712070153}
{"event": "update", "optimizer_step": 760, "loss_main": 0.14981776109812583, "lr": 1.2444561356925697e-05, "grad_norm": 2.531052589416504, "examples_seen": 24308, "supervised_tokens_seen": 516365, "epoch": 1, "elapsed_seconds": 355.4484195180121}
{"event": "update", "optimizer_step": 770, "loss_main": 0.05356122746798334, "lr": 1.187018666467256e-05, "grad_norm": 1.9265234470367432, "examples_seen": 24628, "supervised_tokens_seen": 523237, "epoch": 1, "elapsed_seconds": 358.85052218002966}
{"event": "update", "optimizer_step": 780, "loss_main": 0.18214692284989992, "lr": 1.1314854492380354e-05, "grad_norm": 3.2010366916656494, "examples_seen": 24948, "supervised_tokens_seen": 530261, "epoch": 1, "elapsed_seconds": 362.2885463280254}
{"event": "update", "optimizer_step": 790, "loss_main": 0.037066569498403576, "lr": 1.0779241426758628e-05, "grad_norm": 1.4784866571426392, "examples_seen": 25268, "supervised_tokens_seen": 536911, "epoch": 1, "elapsed_seconds": 365.6893679280183}
{"event": "update", "optimizer_step": 800, "loss_main": 0.5486253134281405, "lr": 1.0264000029822999e-05, "grad_norm": 6.381083011627197, "examples_seen": 25588, "supervised_tokens_seen": 544464, "epoch": 1, "elapsed_seconds": 369.88720088102855}
{"event": "evaluation", "optimizer_step": 800, "loss": 0.1694150588533215, "perplexity": 1.1846117204816076, "supervised_tokens": 9803.0, "elapsed_seconds": 369.88720088102855}
{"event": "update", "optimizer_step": 810, "loss_main": 0.03951802130421282, "lr": 9.769758043848759e-06, "grad_norm": 1.836204171180725, "examples_seen": 25908, "supervised_tokens_seen": 551206, "epoch": 1, "elapsed_seconds": 387.4670755069819}
{"event": "update", "optimizer_step": 820, "loss_main": 0.09151859498301218, "lr": 9.297117626563687e-06, "grad_norm": 2.1136314868927, "examples_seen": 26228, "supervised_tokens_seen": 557799, "epoch": 1, "elapsed_seconds": 390.7623578250059}
{"event": "update", "optimizer_step": 830, "loss_main": 0.1598796184745527, "lr": 8.846654617511564e-06, "grad_norm": 3.282266139984131, "examples_seen": 26548, "supervised_tokens_seen": 564920, "epoch": 1, "elapsed_seconds": 394.55714808998164}
{"event": "update", "optimizer_step": 840, "loss_main": 0.37002956534712766, "lr": 8.418917836480417e-06, "grad_norm": 5.0356926918029785, "examples_seen": 26868, "supervised_tokens_seen": 572001, "epoch": 1, "elapsed_seconds": 398.2872656339896}
{"event": "update", "optimizer_step": 850, "loss_main": 0.10899034407857346, "lr": 8.01442841485013e-06, "grad_norm": 2.217514991760254, "examples_seen": 27188, "supervised_tokens_seen": 578634, "epoch": 1, "elapsed_seconds": 401.6656257750001}
{"event": "update", "optimizer_step": 860, "loss_main": 0.4419116952481385, "lr": 7.633679160674144e-06, "grad_norm": 5.484093189239502, "examples_seen": 27508, "supervised_tokens_seen": 585919, "epoch": 1, "elapsed_seconds": 405.64712386898464}
{"event": "update", "optimizer_step": 870, "loss_main": 0.029966723211613054, "lr": 7.277133958268747e-06, "grad_norm": 1.2602505683898926, "examples_seen": 27828, "supervised_tokens_seen": 592845, "epoch": 1, "elapsed_seconds": 408.99326238699723}
{"event": "update", "optimizer_step": 880, "loss_main": 0.3594921897573952, "lr": 6.94522720304148e-06, "grad_norm": 4.630979061126709, "examples_seen": 28148, "supervised_tokens_seen": 599581, "epoch": 1, "elapsed_seconds": 412.4389324770309}
{"event": "update", "optimizer_step": 890, "loss_main": 0.09145098890211716, "lr": 6.638363272247286e-06, "grad_norm": 2.740217685699463, "examples_seen": 28468, "supervised_tokens_seen": 606821, "epoch": 1, "elapsed_seconds": 416.3048371539917}
{"event": "update", "optimizer_step": 900, "loss_main": 0.37969211147106774, "lr": 6.356916032317063e-06, "grad_norm": 4.828324317932129, "examples_seen": 28788, "supervised_tokens_seen": 613416, "epoch": 1, "elapsed_seconds": 419.56126585399034}
{"event": "evaluation", "optimizer_step": 900, "loss": 0.15579102210313656, "perplexity": 1.1685819697687203, "supervised_tokens": 9803.0, "elapsed_seconds": 419.56126585399034}
{"event": "update", "optimizer_step": 910, "loss_main": 0.04625388965146934, "lr": 6.1012283833590465e-06, "grad_norm": 1.8876413106918335, "examples_seen": 29108, "supervised_tokens_seen": 620282, "epoch": 1, "elapsed_seconds": 436.2052122860332}
{"event": "update", "optimizer_step": 920, "loss_main": 0.14263073800756, "lr": 5.871611841387825e-06, "grad_norm": 2.755845308303833, "examples_seen": 29428, "supervised_tokens_seen": 626892, "epoch": 1, "elapsed_seconds": 439.40367079502903}
{"event": "update", "optimizer_step": 930, "loss_main": 0.09052868587418626, "lr": 5.66834615879008e-06, "grad_norm": 1.9797943830490112, "examples_seen": 29748, "supervised_tokens_seen": 633515, "epoch": 1, "elapsed_seconds": 442.6524368560058}
{"event": "update", "optimizer_step": 940, "loss_main": 0.05935165093021448, "lr": 5.491678983489372e-06, "grad_norm": 1.7823063135147095, "examples_seen": 30068, "supervised_tokens_seen": 640136, "epoch": 1, "elapsed_seconds": 446.14839298598235}
{"event": "update", "optimizer_step": 950, "loss_main": 0.5433384884260969, "lr": 5.341825557225321e-06, "grad_norm": 6.005644798278809, "examples_seen": 30388, "supervised_tokens_seen": 647207, "epoch": 1, "elapsed_seconds": 449.6825482919812}
{"event": "update", "optimizer_step": 960, "loss_main": 0.03842472228118115, "lr": 5.218968453314668e-06, "grad_norm": 1.89063560962677, "examples_seen": 30708, "supervised_tokens_seen": 653714, "epoch": 1, "elapsed_seconds": 452.8450863119797}
{"event": "update", "optimizer_step": 970, "loss_main": 0.09121805828119374, "lr": 5.123257354213851e-06, "grad_norm": 2.337721109390259, "examples_seen": 31028, "supervised_tokens_seen": 660833, "epoch": 1, "elapsed_seconds": 456.30457963299705}
{"event": "update", "optimizer_step": 980, "loss_main": 0.16637577603300255, "lr": 5.054808869153956e-06, "grad_norm": 3.431588888168335, "examples_seen": 31348, "supervised_tokens_seen": 667918, "epoch": 1, "elapsed_seconds": 459.91877453698544}
{"event": "update", "optimizer_step": 990, "loss_main": 0.029198309532919173, "lr": 5.0137063920703455e-06, "grad_norm": 1.4566620588302612, "examples_seen": 31668, "supervised_tokens_seen": 674637, "epoch": 1, "elapsed_seconds": 463.3303047749796}
{"event": "update", "optimizer_step": 1000, "loss_main": 0.0294942706823349, "lr": 5e-06, "grad_norm": 1.643388271331787, "examples_seen": 31988, "supervised_tokens_seen": 681030, "epoch": 1, "elapsed_seconds": 466.4237405610038}
{"event": "evaluation", "optimizer_step": 1000, "loss": 0.1506357735780463, "perplexity": 1.162573141103022, "supervised_tokens": 9803.0, "elapsed_seconds": 466.4237405610038}
{"event": "complete", "optimizer_step": 1000, "evaluation": {"loss": 0.1506357735780463, "perplexity": 1.162573141103022, "supervised_tokens": 9803.0}, "elapsed_seconds": 466.4237405610038}
