{"event": "start", "state": {"optimizer_step": 0, "examples_seen": 0, "supervised_tokens_seen": 0, "epoch": 0, "batch_in_epoch": 0, "elapsed_seconds": 0.0}, "evaluation": {"loss": 1.913974808245718, "perplexity": 6.7799844486871805, "supervised_tokens": 9803.0}, "target_updates": 1000, "settings": {"max_sequence_length": 512, "microbatch_size": 16, "gradient_accumulation": 2, "learning_rate": 5e-05, "warmup_updates": 100, "weight_decay": 0.01, "grad_clip": 1.0, "planned_total_updates": 1000, "checkpoint_updates": 100, "min_lr_ratio": 0.1, "seed": 2027}, "parameters": 329821696, "train_examples": 23780, "heldout_examples": 1222, "device": "cuda", "precision": "bf16-autocast"}
{"event": "update", "optimizer_step": 1, "loss_main": 2.4900244295288245, "lr": 5e-07, "grad_norm": 60.41779708862305, "examples_seen": 32, "supervised_tokens_seen": 579, "epoch": 0, "elapsed_seconds": 0.6575715810176916}
{"event": "update", "optimizer_step": 10, "loss_main": 0.3697711728525721, "lr": 5e-06, "grad_norm": 19.389495849609375, "examples_seen": 320, "supervised_tokens_seen": 6491, "epoch": 0, "elapsed_seconds": 3.7810270650079474}
{"event": "update", "optimizer_step": 20, "loss_main": 0.4244681345209704, "lr": 1e-05, "grad_norm": 8.113272666931152, "examples_seen": 640, "supervised_tokens_seen": 13620, "epoch": 0, "elapsed_seconds": 7.3255860290373676}
{"event": "update", "optimizer_step": 30, "loss_main": 0.21637565974397674, "lr": 1.5e-05, "grad_norm": 8.715677261352539, "examples_seen": 960, "supervised_tokens_seen": 20206, "epoch": 0, "elapsed_seconds": 10.647839250043035}
{"event": "update", "optimizer_step": 40, "loss_main": 1.1509880864862394, "lr": 2e-05, "grad_norm": 11.837934494018555, "examples_seen": 1280, "supervised_tokens_seen": 27073, "epoch": 0, "elapsed_seconds": 14.212095836002845}
{"event": "update", "optimizer_step": 50, "loss_main": 0.23126569115621154, "lr": 2.5e-05, "grad_norm": 8.477314949035645, "examples_seen": 1600, "supervised_tokens_seen": 33521, "epoch": 0, "elapsed_seconds": 17.64680385502288}
{"event": "update", "optimizer_step": 60, "loss_main": 0.27548100794530755, "lr": 3e-05, "grad_norm": 6.164062023162842, "examples_seen": 1920, "supervised_tokens_seen": 40471, "epoch": 0, "elapsed_seconds": 21.171676055993885}
{"event": "update", "optimizer_step": 70, "loss_main": 0.10733574044841211, "lr": 3.5000000000000004e-05, "grad_norm": 4.617109298706055, "examples_seen": 2240, "supervised_tokens_seen": 46702, "epoch": 0, "elapsed_seconds": 24.384664845012594}
{"event": "update", "optimizer_step": 80, "loss_main": 0.17980870105034813, "lr": 4e-05, "grad_norm": 5.062131881713867, "examples_seen": 2560, "supervised_tokens_seen": 53496, "epoch": 0, "elapsed_seconds": 27.909752112987917}
{"event": "update", "optimizer_step": 90, "loss_main": 0.553101986474633, "lr": 4.5e-05, "grad_norm": 8.27914810180664, "examples_seen": 2880, "supervised_tokens_seen": 59750, "epoch": 0, "elapsed_seconds": 31.097886522999033}
{"event": "update", "optimizer_step": 100, "loss_main": 0.32624440640211105, "lr": 5e-05, "grad_norm": 5.072113037109375, "examples_seen": 3200, "supervised_tokens_seen": 66413, "epoch": 0, "elapsed_seconds": 34.529328753007576}
{"event": "evaluation", "optimizer_step": 100, "loss": 0.28658573121656317, "perplexity": 1.3318723460363564, "supervised_tokens": 9803.0, "elapsed_seconds": 34.529328753007576}
{"event": "update", "optimizer_step": 110, "loss_main": 0.22835535146609073, "lr": 4.9986293607929655e-05, "grad_norm": 4.609221458435059, "examples_seen": 3520, "supervised_tokens_seen": 73039, "epoch": 0, "elapsed_seconds": 51.180771647021174}
{"event": "update", "optimizer_step": 120, "loss_main": 1.7237530930449323, "lr": 4.9945191130846044e-05, "grad_norm": 14.875129699707031, "examples_seen": 3840, "supervised_tokens_seen": 80223, "epoch": 0, "elapsed_seconds": 55.067815502989106}
{"event": "update", "optimizer_step": 130, "loss_main": 0.40967742035517823, "lr": 4.987674264578615e-05, "grad_norm": 6.129249572753906, "examples_seen": 4160, "supervised_tokens_seen": 87417, "epoch": 0, "elapsed_seconds": 58.74894125701394}
{"event": "update", "optimizer_step": 140, "loss_main": 0.20024707472494133, "lr": 4.978103154668534e-05, "grad_norm": 4.501199245452881, "examples_seen": 4480, "supervised_tokens_seen": 94663, "epoch": 0, "elapsed_seconds": 62.78533854399575}
{"event": "update", "optimizer_step": 150, "loss_main": 0.35419082748370007, "lr": 4.965817444277468e-05, "grad_norm": 5.917629718780518, "examples_seen": 4800, "supervised_tokens_seen": 101460, "epoch": 0, "elapsed_seconds": 66.08934632403543}
{"event": "update", "optimizer_step": 160, "loss_main": 0.8954670470336388, "lr": 4.950832101651063e-05, "grad_norm": 6.802006721496582, "examples_seen": 5120, "supervised_tokens_seen": 108317, "epoch": 0, "elapsed_seconds": 69.55583766300697}
{"event": "update", "optimizer_step": 170, "loss_main": 0.17383139219700777, "lr": 4.933165384120992e-05, "grad_norm": 3.378615140914917, "examples_seen": 5440, "supervised_tokens_seen": 115165, "epoch": 0, "elapsed_seconds": 72.8771770609892}
{"event": "update", "optimizer_step": 180, "loss_main": 0.8747856800528254, "lr": 4.9128388158612174e-05, "grad_norm": 8.763402938842773, "examples_seen": 5760, "supervised_tokens_seen": 122338, "epoch": 0, "elapsed_seconds": 76.6336425380432}
{"event": "update", "optimizer_step": 190, "loss_main": 0.17694696939195614, "lr": 4.889877161664096e-05, "grad_norm": 3.2911906242370605, "examples_seen": 6080, "supervised_tokens_seen": 129040, "epoch": 0, "elapsed_seconds": 80.34534262603847}
{"event": "update", "optimizer_step": 200, "loss_main": 0.9999563676881649, "lr": 4.864308396768294e-05, "grad_norm": 9.31795597076416, "examples_seen": 6388, "supervised_tokens_seen": 135857, "epoch": 0, "elapsed_seconds": 83.92180572298821}
{"event": "evaluation", "optimizer_step": 200, "loss": 0.28641620641197096, "perplexity": 1.3316465797741843, "supervised_tokens": 9803.0, "elapsed_seconds": 83.92180572298821}
{"event": "update", "optimizer_step": 210, "loss_main": 0.24411234159947962, "lr": 4.836163672775272e-05, "grad_norm": 5.510960102081299, "examples_seen": 6708, "supervised_tokens_seen": 142152, "epoch": 0, "elapsed_seconds": 100.08501864300342}
{"event": "update", "optimizer_step": 220, "loss_main": 0.14529511664140118, "lr": 4.805477279695852e-05, "grad_norm": 2.708329200744629, "examples_seen": 7028, "supervised_tokens_seen": 149060, "epoch": 0, "elapsed_seconds": 103.4581724590389}
{"event": "update", "optimizer_step": 230, "loss_main": 0.18586207926273346, "lr": 4.7722866041731264e-05, "grad_norm": 3.3049027919769287, "examples_seen": 7348, "supervised_tokens_seen": 155882, "epoch": 0, "elapsed_seconds": 106.77761236403603}
{"event": "update", "optimizer_step": 240, "loss_main": 0.32473468138621403, "lr": 4.7366320839325864e-05, "grad_norm": 6.41354513168335, "examples_seen": 7668, "supervised_tokens_seen": 162539, "epoch": 0, "elapsed_seconds": 110.320710754022}
{"event": "update", "optimizer_step": 250, "loss_main": 0.28554521463115673, "lr": 4.6985571585149876e-05, "grad_norm": 4.234087944030762, "examples_seen": 7988, "supervised_tokens_seen": 169591, "epoch": 0, "elapsed_seconds": 113.8109253619914}
{"event": "update", "optimizer_step": 260, "loss_main": 0.8718819946403102, "lr": 4.6581082163519586e-05, "grad_norm": 7.930601596832275, "examples_seen": 8308, "supervised_tokens_seen": 176256, "epoch": 0, "elapsed_seconds": 117.11544396803947}
{"event": "update", "optimizer_step": 270, "loss_main": 0.152213053625951, "lr": 4.615334538248844e-05, "grad_norm": 2.9313788414001465, "examples_seen": 8628, "supervised_tokens_seen": 182979, "epoch": 0, "elapsed_seconds": 120.55698610498803}
{"event": "update", "optimizer_step": 280, "loss_main": 0.06809158667435632, "lr": 4.570288237343632e-05, "grad_norm": 1.7980937957763672, "examples_seen": 8948, "supervised_tokens_seen": 189381, "epoch": 0, "elapsed_seconds": 123.87553945602849}
{"event": "update", "optimizer_step": 290, "loss_main": 0.24289539047470193, "lr": 4.523024195615124e-05, "grad_norm": 3.9111006259918213, "examples_seen": 9268, "supervised_tokens_seen": 195867, "epoch": 0, "elapsed_seconds": 127.15192577103153}
{"event": "update", "optimizer_step": 300, "loss_main": 0.20625820219945565, "lr": 4.473599997017701e-05, "grad_norm": 4.800414085388184, "examples_seen": 9588, "supervised_tokens_seen": 202501, "epoch": 0, "elapsed_seconds": 130.7107217659941}
{"event": "evaluation", "optimizer_step": 300, "loss": 0.2522766606801081, "perplexity": 1.2869520370628398, "supervised_tokens": 9803.0, "elapsed_seconds": 130.7107217659941}
{"event": "update", "optimizer_step": 310, "loss_main": 0.2691478972332646, "lr": 4.422075857324137e-05, "grad_norm": 5.240020275115967, "examples_seen": 9908, "supervised_tokens_seen": 209802, "epoch": 0, "elapsed_seconds": 148.55324893299257}
{"event": "update", "optimizer_step": 320, "loss_main": 0.32339486117996924, "lr": 4.368514550761965e-05, "grad_norm": 4.748385429382324, "examples_seen": 10228, "supervised_tokens_seen": 216277, "epoch": 0, "elapsed_seconds": 151.8687156510423}
{"event": "update", "optimizer_step": 330, "loss_main": 0.2369336755000628, "lr": 4.312981333532744e-05, "grad_norm": 3.4581844806671143, "examples_seen": 10548, "supervised_tokens_seen": 222897, "epoch": 0, "elapsed_seconds": 155.17354697198607}
{"event": "update", "optimizer_step": 340, "loss_main": 0.15539079885315177, "lr": 4.255543864307431e-05, "grad_norm": 3.2425246238708496, "examples_seen": 10868, "supervised_tokens_seen": 229796, "epoch": 0, "elapsed_seconds": 158.5704246070236}
{"event": "update", "optimizer_step": 350, "loss_main": 0.14683867394924163, "lr": 4.1962721217947135e-05, "grad_norm": 2.8752732276916504, "examples_seen": 11188, "supervised_tokens_seen": 236667, "epoch": 0, "elapsed_seconds": 162.01104490202852}
{"event": "update", "optimizer_step": 360, "loss_main": 0.1921327285445075, "lr": 4.135238319482731e-05, "grad_norm": 4.2587761878967285, "examples_seen": 11508, "supervised_tokens_seen": 243766, "epoch": 0, "elapsed_seconds": 165.54835736600216}
{"event": "update", "optimizer_step": 370, "loss_main": 0.13156620204279126, "lr": 4.072516817658065e-05, "grad_norm": 2.5545270442962646, "examples_seen": 11828, "supervised_tokens_seen": 250907, "epoch": 0, "elapsed_seconds": 169.30490384699078}
{"event": "update", "optimizer_step": 380, "loss_main": 0.9735649727140437, "lr": 4.0081840328091804e-05, "grad_norm": 6.90641975402832, "examples_seen": 12148, "supervised_tokens_seen": 258245, "epoch": 0, "elapsed_seconds": 173.37088464503177}
{"event": "update", "optimizer_step": 390, "loss_main": 0.17002157873313764, "lr": 3.9423183445247117e-05, "grad_norm": 2.7068116664886475, "examples_seen": 12468, "supervised_tokens_seen": 265072, "epoch": 0, "elapsed_seconds": 176.971054714988}
{"event": "update", "optimizer_step": 400, "loss_main": 0.10650154226502441, "lr": 3.875e-05, "grad_norm": 3.4840054512023926, "examples_seen": 12788, "supervised_tokens_seen": 271908, "epoch": 0, "elapsed_seconds": 180.39772155799437}
{"event": "evaluation", "optimizer_step": 400, "loss": 0.24890170868295777, "perplexity": 1.2826159568621553, "supervised_tokens": 9803.0, "elapsed_seconds": 180.39772155799437}
{"event": "update", "optimizer_step": 410, "loss_main": 0.8485895626789687, "lr": 3.806311016268254e-05, "grad_norm": 6.896664619445801, "examples_seen": 13108, "supervised_tokens_seen": 279239, "epoch": 0, "elapsed_seconds": 197.97615149099147}
{"event": "update", "optimizer_step": 420, "loss_main": 0.15703899025424453, "lr": 3.7363350802754244e-05, "grad_norm": 3.116529703140259, "examples_seen": 13428, "supervised_tokens_seen": 286391, "epoch": 0, "elapsed_seconds": 201.88623029802693}
{"event": "update", "optimizer_step": 430, "loss_main": 0.17874787071534187, "lr": 3.665157446920551e-05, "grad_norm": 3.5609917640686035, "examples_seen": 13748, "supervised_tokens_seen": 293269, "epoch": 0, "elapsed_seconds": 205.5315086360206}
{"event": "update", "optimizer_step": 440, "loss_main": 0.9737655745205267, "lr": 3.5928648351858027e-05, "grad_norm": 8.015364646911621, "examples_seen": 14068, "supervised_tokens_seen": 300357, "epoch": 0, "elapsed_seconds": 209.2051719010342}
{"event": "update", "optimizer_step": 450, "loss_main": 0.2375032245009034, "lr": 3.519545322482755e-05, "grad_norm": 3.371769905090332, "examples_seen": 14388, "supervised_tokens_seen": 307024, "epoch": 0, "elapsed_seconds": 212.51246888004243}
{"event": "update", "optimizer_step": 460, "loss_main": 0.30139228020395553, "lr": 3.4452882373436316e-05, "grad_norm": 4.709141254425049, "examples_seen": 14708, "supervised_tokens_seen": 313786, "epoch": 0, "elapsed_seconds": 215.87480953498743}
{"event": "update", "optimizer_step": 470, "loss_main": 0.1515620038684072, "lr": 3.370184050588248e-05, "grad_norm": 2.648407459259033, "examples_seen": 15028, "supervised_tokens_seen": 320441, "epoch": 0, "elapsed_seconds": 219.15283656300744}
{"event": "update", "optimizer_step": 480, "loss_main": 0.23451571754359324, "lr": 3.294324265099252e-05, "grad_norm": 3.9854421615600586, "examples_seen": 15348, "supervised_tokens_seen": 327101, "epoch": 0, "elapsed_seconds": 222.4563924910035}
{"event": "update", "optimizer_step": 490, "loss_main": 0.18581512660761457, "lr": 3.217801304339959e-05, "grad_norm": 2.6600403785705566, "examples_seen": 15668, "supervised_tokens_seen": 334127, "epoch": 0, "elapsed_seconds": 226.03343817498535}
{"event": "update", "optimizer_step": 500, "loss_main": 0.22572683494725673, "lr": 3.140708399750594e-05, "grad_norm": 2.680576801300049, "examples_seen": 15988, "supervised_tokens_seen": 340856, "epoch": 0, "elapsed_seconds": 229.37939372600522}
{"event": "evaluation", "optimizer_step": 500, "loss": 0.2129648855805555, "perplexity": 1.2373412019627954, "supervised_tokens": 9803.0, "elapsed_seconds": 229.37939372600522}
{"event": "update", "optimizer_step": 510, "loss_main": 0.1608482528629853, "lr": 3.0631394771601475e-05, "grad_norm": 4.791059970855713, "examples_seen": 16308, "supervised_tokens_seen": 347415, "epoch": 0, "elapsed_seconds": 245.47825774300145}
{"event": "update", "optimizer_step": 520, "loss_main": 0.1503109103498095, "lr": 2.9851890423522204e-05, "grad_norm": 3.36503529548645, "examples_seen": 16628, "supervised_tokens_seen": 354079, "epoch": 0, "elapsed_seconds": 248.89367455098545}
{"event": "update", "optimizer_step": 530, "loss_main": 0.10550322093195834, "lr": 2.906952065924282e-05, "grad_norm": 2.707350730895996, "examples_seen": 16948, "supervised_tokens_seen": 360785, "epoch": 0, "elapsed_seconds": 252.11400189402048}
{"event": "update", "optimizer_step": 540, "loss_main": 0.7689913575282588, "lr": 2.828523867580628e-05, "grad_norm": 6.55452823638916, "examples_seen": 17268, "supervised_tokens_seen": 367886, "epoch": 0, "elapsed_seconds": 255.7387035060092}
{"event": "update", "optimizer_step": 550, "loss_main": 1.585121899071135, "lr": 2.7500000000000004e-05, "grad_norm": 8.549060821533203, "examples_seen": 17588, "supervised_tokens_seen": 374903, "epoch": 0, "elapsed_seconds": 259.39112632203614}
{"event": "update", "optimizer_step": 560, "loss_main": 0.2412115143788046, "lr": 2.6714761324193736e-05, "grad_norm": 2.958589792251587, "examples_seen": 17908, "supervised_tokens_seen": 381435, "epoch": 0, "elapsed_seconds": 262.65843529003905}
{"event": "update", "optimizer_step": 570, "loss_main": 0.5631786115088705, "lr": 2.593047934075718e-05, "grad_norm": 6.981697082519531, "examples_seen": 18228, "supervised_tokens_seen": 388096, "epoch": 0, "elapsed_seconds": 266.2241383580258}
{"event": "update", "optimizer_step": 580, "loss_main": 0.18050337582826614, "lr": 2.5148109576477802e-05, "grad_norm": 3.2774248123168945, "examples_seen": 18548, "supervised_tokens_seen": 394713, "epoch": 0, "elapsed_seconds": 269.5182267720229}
{"event": "update", "optimizer_step": 590, "loss_main": 0.20069470036066953, "lr": 2.4368605228398534e-05, "grad_norm": 3.1695055961608887, "examples_seen": 18868, "supervised_tokens_seen": 401422, "epoch": 0, "elapsed_seconds": 272.6881107229856}
{"event": "update", "optimizer_step": 600, "loss_main": 0.14239637544822126, "lr": 2.359291600249407e-05, "grad_norm": 2.6045031547546387, "examples_seen": 19188, "supervised_tokens_seen": 408251, "epoch": 0, "elapsed_seconds": 276.08672508999007}
{"event": "evaluation", "optimizer_step": 600, "loss": 0.19723932619248313, "perplexity": 1.2180355136277505, "supervised_tokens": 9803.0, "elapsed_seconds": 276.08672508999007}
{"event": "update", "optimizer_step": 610, "loss_main": 0.24723088852367045, "lr": 2.282198695660042e-05, "grad_norm": 3.096816301345825, "examples_seen": 19508, "supervised_tokens_seen": 414667, "epoch": 0, "elapsed_seconds": 292.54135756602045}
{"event": "update", "optimizer_step": 620, "loss_main": 0.8196950258342438, "lr": 2.205675734900748e-05, "grad_norm": 7.539299488067627, "examples_seen": 19828, "supervised_tokens_seen": 421277, "epoch": 0, "elapsed_seconds": 295.83112321799854}
{"event": "update", "optimizer_step": 630, "loss_main": 0.22028704437444796, "lr": 2.129815949411752e-05, "grad_norm": 3.0943377017974854, "examples_seen": 20148, "supervised_tokens_seen": 427997, "epoch": 0, "elapsed_seconds": 299.18233819899615}
{"event": "update", "optimizer_step": 640, "loss_main": 0.1622148358440532, "lr": 2.054711762656369e-05, "grad_norm": 2.5501768589019775, "examples_seen": 20468, "supervised_tokens_seen": 434768, "epoch": 0, "elapsed_seconds": 302.6195967459935}
{"event": "update", "optimizer_step": 650, "loss_main": 0.7763216490397638, "lr": 1.9804546775172457e-05, "grad_norm": 6.494093418121338, "examples_seen": 20788, "supervised_tokens_seen": 441737, "epoch": 0, "elapsed_seconds": 306.20983736304333}
{"event": "update", "optimizer_step": 660, "loss_main": 0.9272142581447004, "lr": 1.907135164814198e-05, "grad_norm": 6.630365371704102, "examples_seen": 21108, "supervised_tokens_seen": 448667, "epoch": 0, "elapsed_seconds": 309.6815206470201}
{"event": "update", "optimizer_step": 670, "loss_main": 0.6902069751645478, "lr": 1.83484255307945e-05, "grad_norm": 6.629066467285156, "examples_seen": 21428, "supervised_tokens_seen": 455358, "epoch": 0, "elapsed_seconds": 313.14772715000436}
{"event": "update", "optimizer_step": 680, "loss_main": 0.6687755046607117, "lr": 1.7636649197245758e-05, "grad_norm": 6.103555202484131, "examples_seen": 21748, "supervised_tokens_seen": 462103, "epoch": 0, "elapsed_seconds": 316.600016195036}
{"event": "update", "optimizer_step": 690, "loss_main": 0.7125998775615234, "lr": 1.6936889837317466e-05, "grad_norm": 6.162416458129883, "examples_seen": 22068, "supervised_tokens_seen": 468798, "epoch": 0, "elapsed_seconds": 319.74041536601726}
{"event": "update", "optimizer_step": 700, "loss_main": 0.0662963803087015, "lr": 1.6250000000000005e-05, "grad_norm": 1.9762561321258545, "examples_seen": 22388, "supervised_tokens_seen": 474923, "epoch": 0, "elapsed_seconds": 322.83439086703584}
{"event": "evaluation", "optimizer_step": 700, "loss": 0.17203870925136114, "perplexity": 1.187723808223511, "supervised_tokens": 9803.0, "elapsed_seconds": 322.83439086703584}
{"event": "update", "optimizer_step": 710, "loss_main": 0.6701660193192092, "lr": 1.5576816554752892e-05, "grad_norm": 5.82379150390625, "examples_seen": 22708, "supervised_tokens_seen": 482025, "epoch": 0, "elapsed_seconds": 340.00361190503463}
{"event": "update", "optimizer_step": 720, "loss_main": 0.1303262145895707, "lr": 1.49181596719082e-05, "grad_norm": 2.8486132621765137, "examples_seen": 23028, "supervised_tokens_seen": 488699, "epoch": 0, "elapsed_seconds": 343.6370425480418}
{"event": "update", "optimizer_step": 730, "loss_main": 1.2717227732326584, "lr": 1.427483182341936e-05, "grad_norm": 6.7995524406433105, "examples_seen": 23348, "supervised_tokens_seen": 495767, "epoch": 0, "elapsed_seconds": 347.4362018080428}
{"event": "update", "optimizer_step": 740, "loss_main": 0.675898337644323, "lr": 1.364761680517269e-05, "grad_norm": 5.9516143798828125, "examples_seen": 23668, "supervised_tokens_seen": 503049, "epoch": 0, "elapsed_seconds": 351.093263495015}
{"event": "update", "optimizer_step": 750, "loss_main": 0.20073854097788282, "lr": 1.3037278782052863e-05, "grad_norm": 2.988269567489624, "examples_seen": 23988, "supervised_tokens_seen": 510181, "epoch": 1, "elapsed_seconds": 354.7836405960261}
{"event": "update", "optimizer_step": 760, "loss_main": 0.09858197734878095, "lr": 1.2444561356925697e-05, "grad_norm": 2.185788154602051, "examples_seen": 24308, "supervised_tokens_seen": 516840, "epoch": 1, "elapsed_seconds": 358.22178756899666}
{"event": "update", "optimizer_step": 770, "loss_main": 0.09636226829348339, "lr": 1.187018666467256e-05, "grad_norm": 1.921882152557373, "examples_seen": 24628, "supervised_tokens_seen": 523626, "epoch": 1, "elapsed_seconds": 361.73618105001515}
{"event": "update", "optimizer_step": 780, "loss_main": 0.0798019520511293, "lr": 1.1314854492380354e-05, "grad_norm": 2.138028621673584, "examples_seen": 24948, "supervised_tokens_seen": 530721, "epoch": 1, "elapsed_seconds": 365.59689557302045}
{"event": "update", "optimizer_step": 790, "loss_main": 0.36354600252366503, "lr": 1.0779241426758628e-05, "grad_norm": 5.454270362854004, "examples_seen": 25268, "supervised_tokens_seen": 537467, "epoch": 1, "elapsed_seconds": 369.07919629401295}
{"event": "update", "optimizer_step": 800, "loss_main": 0.4856748753674916, "lr": 1.0264000029822999e-05, "grad_norm": 5.675221920013428, "examples_seen": 25588, "supervised_tokens_seen": 544337, "epoch": 1, "elapsed_seconds": 372.5586327110068}
{"event": "evaluation", "optimizer_step": 800, "loss": 0.16686756103945108, "perplexity": 1.1815977653654135, "supervised_tokens": 9803.0, "elapsed_seconds": 372.5586327110068}
{"event": "update", "optimizer_step": 810, "loss_main": 0.041095591736916404, "lr": 9.769758043848759e-06, "grad_norm": 2.2318592071533203, "examples_seen": 25908, "supervised_tokens_seen": 550889, "epoch": 1, "elapsed_seconds": 389.7505240140017}
{"event": "update", "optimizer_step": 820, "loss_main": 0.4617938726705356, "lr": 9.297117626563687e-06, "grad_norm": 5.405139446258545, "examples_seen": 26228, "supervised_tokens_seen": 557320, "epoch": 1, "elapsed_seconds": 393.0662409780198}
{"event": "update", "optimizer_step": 830, "loss_main": 0.11690133205505045, "lr": 8.846654617511564e-06, "grad_norm": 2.389899730682373, "examples_seen": 26548, "supervised_tokens_seen": 564035, "epoch": 1, "elapsed_seconds": 396.391005115991}
{"event": "update", "optimizer_step": 840, "loss_main": 0.1646958492589339, "lr": 8.418917836480417e-06, "grad_norm": 3.075592041015625, "examples_seen": 26868, "supervised_tokens_seen": 570981, "epoch": 1, "elapsed_seconds": 400.0436492229928}
{"event": "update", "optimizer_step": 850, "loss_main": 0.16225332282083008, "lr": 8.01442841485013e-06, "grad_norm": 3.064371347427368, "examples_seen": 27188, "supervised_tokens_seen": 577732, "epoch": 1, "elapsed_seconds": 403.3547987630009}
{"event": "update", "optimizer_step": 860, "loss_main": 0.09303396736761653, "lr": 7.633679160674144e-06, "grad_norm": 2.225233554840088, "examples_seen": 27508, "supervised_tokens_seen": 584543, "epoch": 1, "elapsed_seconds": 406.76426043600077}
{"event": "update", "optimizer_step": 870, "loss_main": 0.0986108027693242, "lr": 7.277133958268747e-06, "grad_norm": 2.1943869590759277, "examples_seen": 27828, "supervised_tokens_seen": 591301, "epoch": 1, "elapsed_seconds": 410.1406541620381}
{"event": "update", "optimizer_step": 880, "loss_main": 0.1911744624376297, "lr": 6.94522720304148e-06, "grad_norm": 3.386392593383789, "examples_seen": 28148, "supervised_tokens_seen": 598310, "epoch": 1, "elapsed_seconds": 413.7487430560286}
{"event": "update", "optimizer_step": 890, "loss_main": 0.1145038950084911, "lr": 6.638363272247286e-06, "grad_norm": 2.4880340099334717, "examples_seen": 28468, "supervised_tokens_seen": 605307, "epoch": 1, "elapsed_seconds": 417.2928515910171}
{"event": "update", "optimizer_step": 900, "loss_main": 0.3894930615395782, "lr": 6.356916032317063e-06, "grad_norm": 5.672304153442383, "examples_seen": 28788, "supervised_tokens_seen": 612239, "epoch": 1, "elapsed_seconds": 420.80137664003996}
{"event": "evaluation", "optimizer_step": 900, "loss": 0.15640410170374044, "perplexity": 1.1692986231963705, "supervised_tokens": 9803.0, "elapsed_seconds": 420.80137664003996}
{"event": "update", "optimizer_step": 910, "loss_main": 0.11325672948004778, "lr": 6.1012283833590465e-06, "grad_norm": 2.864100217819214, "examples_seen": 29108, "supervised_tokens_seen": 619052, "epoch": 1, "elapsed_seconds": 437.63239637902007}
{"event": "update", "optimizer_step": 920, "loss_main": 0.5234972050813549, "lr": 5.871611841387825e-06, "grad_norm": 6.04520320892334, "examples_seen": 29428, "supervised_tokens_seen": 626233, "epoch": 1, "elapsed_seconds": 441.1897931160056}
{"event": "update", "optimizer_step": 930, "loss_main": 0.05308936865083755, "lr": 5.66834615879008e-06, "grad_norm": 2.1568002700805664, "examples_seen": 29748, "supervised_tokens_seen": 633087, "epoch": 1, "elapsed_seconds": 444.6478762360057}
{"event": "update", "optimizer_step": 940, "loss_main": 0.18200457851955856, "lr": 5.491678983489372e-06, "grad_norm": 2.704263210296631, "examples_seen": 30068, "supervised_tokens_seen": 640050, "epoch": 1, "elapsed_seconds": 447.9385789470398}
{"event": "update", "optimizer_step": 950, "loss_main": 0.04867150057708063, "lr": 5.341825557225321e-06, "grad_norm": 1.6271109580993652, "examples_seen": 30388, "supervised_tokens_seen": 646887, "epoch": 1, "elapsed_seconds": 451.5218018470332}
{"event": "update", "optimizer_step": 960, "loss_main": 0.1149777678342966, "lr": 5.218968453314668e-06, "grad_norm": 2.6591548919677734, "examples_seen": 30708, "supervised_tokens_seen": 653419, "epoch": 1, "elapsed_seconds": 454.74640949902823}
{"event": "update", "optimizer_step": 970, "loss_main": 0.5034877709228627, "lr": 5.123257354213851e-06, "grad_norm": 5.967462539672852, "examples_seen": 31028, "supervised_tokens_seen": 660485, "epoch": 1, "elapsed_seconds": 458.8395020380267}
{"event": "update", "optimizer_step": 980, "loss_main": 0.34322393088607317, "lr": 5.054808869153956e-06, "grad_norm": 5.478051662445068, "examples_seen": 31348, "supervised_tokens_seen": 667643, "epoch": 1, "elapsed_seconds": 462.8281918140128}
{"event": "update", "optimizer_step": 990, "loss_main": 0.5697559497134406, "lr": 5.0137063920703455e-06, "grad_norm": 7.240298271179199, "examples_seen": 31668, "supervised_tokens_seen": 674373, "epoch": 1, "elapsed_seconds": 466.30557950702496}
{"event": "update", "optimizer_step": 1000, "loss_main": 0.04642462306138542, "lr": 5e-06, "grad_norm": 2.08186411857605, "examples_seen": 31988, "supervised_tokens_seen": 681348, "epoch": 1, "elapsed_seconds": 469.9067877350026}
{"event": "evaluation", "optimizer_step": 1000, "loss": 0.15336763934038203, "perplexity": 1.1657534770108744, "supervised_tokens": 9803.0, "elapsed_seconds": 469.9067877350026}
{"event": "complete", "optimizer_step": 1000, "evaluation": {"loss": 0.15336763934038203, "perplexity": 1.1657534770108744, "supervised_tokens": 9803.0}, "elapsed_seconds": 469.9067877350026}
