{"event": "start", "state": {"optimizer_step": 0, "examples_seen": 0, "supervised_tokens_seen": 0, "epoch": 0, "batch_in_epoch": 0, "elapsed_seconds": 0.0}, "evaluation": {"loss": 2.1478460536348263, "perplexity": 8.566386973007727, "supervised_tokens": 10845.0}, "target_updates": 1000, "settings": {"max_sequence_length": 512, "microbatch_size": 16, "gradient_accumulation": 2, "learning_rate": 5e-05, "warmup_updates": 100, "weight_decay": 0.01, "grad_clip": 1.0, "planned_total_updates": 1000, "checkpoint_updates": 100, "min_lr_ratio": 0.1, "seed": 2027}, "parameters": 144630912, "train_examples": 16679, "heldout_examples": 878, "device": "cuda", "precision": "bf16-autocast"}
{"event": "update", "optimizer_step": 1, "loss_main": 2.0174336408098257, "lr": 5e-07, "grad_norm": 26.683048248291016, "examples_seen": 32, "supervised_tokens_seen": 989, "epoch": 0, "elapsed_seconds": 0.8545742399874143}
{"event": "update", "optimizer_step": 10, "loss_main": 0.758685289034203, "lr": 5e-06, "grad_norm": 28.029815673828125, "examples_seen": 320, "supervised_tokens_seen": 18753, "epoch": 0, "elapsed_seconds": 7.239530953986105}
{"event": "update", "optimizer_step": 20, "loss_main": 0.19302679666685402, "lr": 1e-05, "grad_norm": 6.935619354248047, "examples_seen": 640, "supervised_tokens_seen": 34593, "epoch": 0, "elapsed_seconds": 12.395857631985564}
{"event": "update", "optimizer_step": 30, "loss_main": 0.21398250057797355, "lr": 1.5e-05, "grad_norm": 4.678239345550537, "examples_seen": 960, "supervised_tokens_seen": 49095, "epoch": 0, "elapsed_seconds": 17.44270009297179}
{"event": "update", "optimizer_step": 40, "loss_main": 1.0513141842663416, "lr": 2e-05, "grad_norm": 7.905791759490967, "examples_seen": 1280, "supervised_tokens_seen": 65967, "epoch": 0, "elapsed_seconds": 22.79758909897646}
{"event": "update", "optimizer_step": 50, "loss_main": 0.968738939090867, "lr": 2.5e-05, "grad_norm": 7.1400299072265625, "examples_seen": 1600, "supervised_tokens_seen": 82081, "epoch": 0, "elapsed_seconds": 28.6726120840176}
{"event": "update", "optimizer_step": 60, "loss_main": 1.345433190664064, "lr": 3e-05, "grad_norm": 4.966411113739014, "examples_seen": 1920, "supervised_tokens_seen": 99305, "epoch": 0, "elapsed_seconds": 34.22844723297749}
{"event": "update", "optimizer_step": 70, "loss_main": 0.16616883350385203, "lr": 3.5000000000000004e-05, "grad_norm": 3.3135554790496826, "examples_seen": 2240, "supervised_tokens_seen": 111175, "epoch": 0, "elapsed_seconds": 38.57568628201261}
{"event": "update", "optimizer_step": 80, "loss_main": 0.17578756435644252, "lr": 4e-05, "grad_norm": 7.995355129241943, "examples_seen": 2560, "supervised_tokens_seen": 128047, "epoch": 0, "elapsed_seconds": 43.82756961300038}
{"event": "update", "optimizer_step": 90, "loss_main": 0.5516336362085256, "lr": 4.5e-05, "grad_norm": 5.858612060546875, "examples_seen": 2880, "supervised_tokens_seen": 143241, "epoch": 0, "elapsed_seconds": 49.13772109197453}
{"event": "update", "optimizer_step": 100, "loss_main": 0.1606827628122617, "lr": 5e-05, "grad_norm": 2.630981206893921, "examples_seen": 3200, "supervised_tokens_seen": 153616, "epoch": 0, "elapsed_seconds": 53.11566661600955}
{"event": "evaluation", "optimizer_step": 100, "loss": 0.3302795044840784, "perplexity": 1.3913569646310908, "supervised_tokens": 10845.0, "elapsed_seconds": 53.11566661600955}
{"event": "update", "optimizer_step": 110, "loss_main": 1.1911438345660248, "lr": 4.9986293607929655e-05, "grad_norm": 5.894082546234131, "examples_seen": 3520, "supervised_tokens_seen": 168397, "epoch": 0, "elapsed_seconds": 66.68988683097996}
{"event": "update", "optimizer_step": 120, "loss_main": 1.4874497639109092, "lr": 4.9945191130846044e-05, "grad_norm": 7.273427486419678, "examples_seen": 3840, "supervised_tokens_seen": 179035, "epoch": 0, "elapsed_seconds": 70.76032586599467}
{"event": "update", "optimizer_step": 130, "loss_main": 1.1252364077051789, "lr": 4.987674264578615e-05, "grad_norm": 4.723710060119629, "examples_seen": 4160, "supervised_tokens_seen": 194402, "epoch": 0, "elapsed_seconds": 75.75911840697518}
{"event": "update", "optimizer_step": 140, "loss_main": 0.2514029878216821, "lr": 4.978103154668534e-05, "grad_norm": 3.8799500465393066, "examples_seen": 4480, "supervised_tokens_seen": 210829, "epoch": 0, "elapsed_seconds": 81.02381578600034}
{"event": "update", "optimizer_step": 150, "loss_main": 0.21979395767977072, "lr": 4.965817444277468e-05, "grad_norm": 5.667490005493164, "examples_seen": 4800, "supervised_tokens_seen": 230499, "epoch": 0, "elapsed_seconds": 87.15827015799005}
{"event": "update", "optimizer_step": 160, "loss_main": 0.280993791248746, "lr": 4.950832101651063e-05, "grad_norm": 3.75417423248291, "examples_seen": 5120, "supervised_tokens_seen": 245345, "epoch": 0, "elapsed_seconds": 92.29021112702321}
{"event": "update", "optimizer_step": 170, "loss_main": 0.9011787945876817, "lr": 4.933165384120992e-05, "grad_norm": 6.735428333282471, "examples_seen": 5440, "supervised_tokens_seen": 260154, "epoch": 0, "elapsed_seconds": 97.25285898096627}
{"event": "update", "optimizer_step": 180, "loss_main": 0.24255317283758832, "lr": 4.9128388158612174e-05, "grad_norm": 3.6365764141082764, "examples_seen": 5760, "supervised_tokens_seen": 272134, "epoch": 0, "elapsed_seconds": 101.64401641400764}
{"event": "update", "optimizer_step": 190, "loss_main": 0.938609439650789, "lr": 4.889877161664096e-05, "grad_norm": 5.036276340484619, "examples_seen": 6080, "supervised_tokens_seen": 287782, "epoch": 0, "elapsed_seconds": 106.9437645659782}
{"event": "update", "optimizer_step": 200, "loss_main": 1.1446106337638813, "lr": 4.864308396768294e-05, "grad_norm": 4.674473285675049, "examples_seen": 6400, "supervised_tokens_seen": 298844, "epoch": 0, "elapsed_seconds": 111.15817298198817}
{"event": "evaluation", "optimizer_step": 200, "loss": 0.29076061550443655, "perplexity": 1.3374443821771227, "supervised_tokens": 10845.0, "elapsed_seconds": 111.15817298198817}
{"event": "update", "optimizer_step": 210, "loss_main": 0.9384789799370469, "lr": 4.836163672775272e-05, "grad_norm": 5.39237117767334, "examples_seen": 6720, "supervised_tokens_seen": 309360, "epoch": 0, "elapsed_seconds": 124.23492630501278}
{"event": "update", "optimizer_step": 220, "loss_main": 1.0569635313033314, "lr": 4.805477279695852e-05, "grad_norm": 5.922944068908691, "examples_seen": 7040, "supervised_tokens_seen": 321905, "epoch": 0, "elapsed_seconds": 128.7685883549857}
{"event": "update", "optimizer_step": 230, "loss_main": 1.0340988768778931, "lr": 4.7722866041731264e-05, "grad_norm": 5.5522379875183105, "examples_seen": 7360, "supervised_tokens_seen": 335782, "epoch": 0, "elapsed_seconds": 133.64227506297175}
{"event": "update", "optimizer_step": 240, "loss_main": 0.8058461689903273, "lr": 4.7366320839325864e-05, "grad_norm": 6.640829563140869, "examples_seen": 7680, "supervised_tokens_seen": 349963, "epoch": 0, "elapsed_seconds": 138.65883608697914}
{"event": "update", "optimizer_step": 250, "loss_main": 1.1629920644458063, "lr": 4.6985571585149876e-05, "grad_norm": 5.896413326263428, "examples_seen": 7991, "supervised_tokens_seen": 366828, "epoch": 0, "elapsed_seconds": 144.1552150049829}
{"event": "update", "optimizer_step": 260, "loss_main": 0.24173684334251241, "lr": 4.6581082163519586e-05, "grad_norm": 2.950117826461792, "examples_seen": 8311, "supervised_tokens_seen": 382694, "epoch": 0, "elapsed_seconds": 149.5983707800042}
{"event": "update", "optimizer_step": 270, "loss_main": 0.6787226079224133, "lr": 4.615334538248844e-05, "grad_norm": 4.928765296936035, "examples_seen": 8631, "supervised_tokens_seen": 396441, "epoch": 0, "elapsed_seconds": 154.5073103979812}
{"event": "update", "optimizer_step": 280, "loss_main": 0.24354272238260147, "lr": 4.570288237343632e-05, "grad_norm": 3.1817715167999268, "examples_seen": 8951, "supervised_tokens_seen": 406959, "epoch": 0, "elapsed_seconds": 158.64003384497482}
{"event": "update", "optimizer_step": 290, "loss_main": 1.2981671638162924, "lr": 4.523024195615124e-05, "grad_norm": 4.105264186859131, "examples_seen": 9271, "supervised_tokens_seen": 424693, "epoch": 0, "elapsed_seconds": 164.64530419697985}
{"event": "update", "optimizer_step": 300, "loss_main": 0.18878574284512226, "lr": 4.473599997017701e-05, "grad_norm": 3.665529727935791, "examples_seen": 9591, "supervised_tokens_seen": 436184, "epoch": 0, "elapsed_seconds": 168.94419305596966}
{"event": "evaluation", "optimizer_step": 300, "loss": 0.2890005268201184, "perplexity": 1.3350924318818762, "supervised_tokens": 10845.0, "elapsed_seconds": 168.94419305596966}
{"event": "update", "optimizer_step": 310, "loss_main": 0.9278125676241789, "lr": 4.422075857324137e-05, "grad_norm": 4.84417200088501, "examples_seen": 9911, "supervised_tokens_seen": 451038, "epoch": 0, "elapsed_seconds": 182.15221339801792}
{"event": "update", "optimizer_step": 320, "loss_main": 0.7875476100228049, "lr": 4.368514550761965e-05, "grad_norm": 4.741988658905029, "examples_seen": 10231, "supervised_tokens_seen": 465794, "epoch": 0, "elapsed_seconds": 187.28549126902362}
{"event": "update", "optimizer_step": 330, "loss_main": 1.370092646560091, "lr": 4.312981333532744e-05, "grad_norm": 4.486204624176025, "examples_seen": 10551, "supervised_tokens_seen": 480335, "epoch": 0, "elapsed_seconds": 192.12176013697172}
{"event": "update", "optimizer_step": 340, "loss_main": 1.1883146309445047, "lr": 4.255543864307431e-05, "grad_norm": 4.4354376792907715, "examples_seen": 10871, "supervised_tokens_seen": 493748, "epoch": 0, "elapsed_seconds": 196.71983485599048}
{"event": "update", "optimizer_step": 350, "loss_main": 0.23860501892426433, "lr": 4.1962721217947135e-05, "grad_norm": 3.125786304473877, "examples_seen": 11191, "supervised_tokens_seen": 508478, "epoch": 0, "elapsed_seconds": 201.72394941496896}
{"event": "update", "optimizer_step": 360, "loss_main": 1.013204226903212, "lr": 4.135238319482731e-05, "grad_norm": 4.884745121002197, "examples_seen": 11511, "supervised_tokens_seen": 523448, "epoch": 0, "elapsed_seconds": 206.92712501098868}
{"event": "update", "optimizer_step": 370, "loss_main": 0.11425369975890032, "lr": 4.072516817658065e-05, "grad_norm": 1.881581425666809, "examples_seen": 11831, "supervised_tokens_seen": 538665, "epoch": 0, "elapsed_seconds": 211.87322895700345}
{"event": "update", "optimizer_step": 380, "loss_main": 0.19045887349300014, "lr": 4.0081840328091804e-05, "grad_norm": 2.7970755100250244, "examples_seen": 12151, "supervised_tokens_seen": 551035, "epoch": 0, "elapsed_seconds": 216.53753578697797}
{"event": "update", "optimizer_step": 390, "loss_main": 1.0046556428746962, "lr": 3.9423183445247117e-05, "grad_norm": 4.329643726348877, "examples_seen": 12471, "supervised_tokens_seen": 563605, "epoch": 0, "elapsed_seconds": 221.23579085600795}
{"event": "update", "optimizer_step": 400, "loss_main": 0.7659044650046872, "lr": 3.875e-05, "grad_norm": 4.692894458770752, "examples_seen": 12791, "supervised_tokens_seen": 581161, "epoch": 0, "elapsed_seconds": 226.57939891098067}
{"event": "evaluation", "optimizer_step": 400, "loss": 0.25253753541539814, "perplexity": 1.2872878141308122, "supervised_tokens": 10845.0, "elapsed_seconds": 226.57939891098067}
{"event": "update", "optimizer_step": 410, "loss_main": 0.8362797597309818, "lr": 3.806311016268254e-05, "grad_norm": 5.05465841293335, "examples_seen": 13111, "supervised_tokens_seen": 593393, "epoch": 0, "elapsed_seconds": 238.30588327901205}
{"event": "update", "optimizer_step": 420, "loss_main": 0.8165956327453204, "lr": 3.7363350802754244e-05, "grad_norm": 3.968997001647949, "examples_seen": 13431, "supervised_tokens_seen": 610318, "epoch": 0, "elapsed_seconds": 243.5420963980141}
{"event": "update", "optimizer_step": 430, "loss_main": 0.9951217656410118, "lr": 3.665157446920551e-05, "grad_norm": 4.648094177246094, "examples_seen": 13751, "supervised_tokens_seen": 624699, "epoch": 0, "elapsed_seconds": 246.9170777410036}
{"event": "update", "optimizer_step": 440, "loss_main": 0.6543467609755163, "lr": 3.5928648351858027e-05, "grad_norm": 4.794610977172852, "examples_seen": 14071, "supervised_tokens_seen": 641461, "epoch": 0, "elapsed_seconds": 249.5291973989806}
{"event": "update", "optimizer_step": 450, "loss_main": 0.9515310560898524, "lr": 3.519545322482755e-05, "grad_norm": 4.800018310546875, "examples_seen": 14391, "supervised_tokens_seen": 656825, "epoch": 0, "elapsed_seconds": 252.02989384997636}
{"event": "update", "optimizer_step": 460, "loss_main": 0.13166108310830837, "lr": 3.4452882373436316e-05, "grad_norm": 1.867033839225769, "examples_seen": 14711, "supervised_tokens_seen": 668401, "epoch": 0, "elapsed_seconds": 254.20186832698528}
{"event": "update", "optimizer_step": 470, "loss_main": 0.6969685248392857, "lr": 3.370184050588248e-05, "grad_norm": 4.712815284729004, "examples_seen": 15031, "supervised_tokens_seen": 677268, "epoch": 0, "elapsed_seconds": 257.85562112397747}
{"event": "update", "optimizer_step": 480, "loss_main": 1.0410619272013841, "lr": 3.294324265099252e-05, "grad_norm": 4.292995452880859, "examples_seen": 15351, "supervised_tokens_seen": 688127, "epoch": 0, "elapsed_seconds": 261.8839279040112}
{"event": "update", "optimizer_step": 490, "loss_main": 0.94050016459576, "lr": 3.217801304339959e-05, "grad_norm": 4.288675308227539, "examples_seen": 15671, "supervised_tokens_seen": 703267, "epoch": 0, "elapsed_seconds": 266.80124425300164}
{"event": "update", "optimizer_step": 500, "loss_main": 0.1699963769605083, "lr": 3.140708399750594e-05, "grad_norm": 2.6394309997558594, "examples_seen": 15991, "supervised_tokens_seen": 719410, "epoch": 0, "elapsed_seconds": 272.45439171697944}
{"event": "evaluation", "optimizer_step": 500, "loss": 0.22990828229499996, "perplexity": 1.2584845793186503, "supervised_tokens": 10845.0, "elapsed_seconds": 272.45439171697944}
{"event": "update", "optimizer_step": 510, "loss_main": 0.9955474579775775, "lr": 3.0631394771601475e-05, "grad_norm": 4.007972240447998, "examples_seen": 16311, "supervised_tokens_seen": 732671, "epoch": 0, "elapsed_seconds": 286.3933346190024}
{"event": "update", "optimizer_step": 520, "loss_main": 1.266170798179382, "lr": 2.9851890423522204e-05, "grad_norm": 3.365237236022949, "examples_seen": 16631, "supervised_tokens_seen": 749908, "epoch": 0, "elapsed_seconds": 292.6231426820159}
{"event": "update", "optimizer_step": 530, "loss_main": 0.6510499782243352, "lr": 2.906952065924282e-05, "grad_norm": 4.865177154541016, "examples_seen": 16951, "supervised_tokens_seen": 761985, "epoch": 1, "elapsed_seconds": 297.0166024189675}
{"event": "update", "optimizer_step": 540, "loss_main": 0.14604643621493743, "lr": 2.828523867580628e-05, "grad_norm": 2.411499500274658, "examples_seen": 17271, "supervised_tokens_seen": 776133, "epoch": 1, "elapsed_seconds": 301.81090501201106}
{"event": "update", "optimizer_step": 550, "loss_main": 0.6913321131053847, "lr": 2.7500000000000004e-05, "grad_norm": 4.138510227203369, "examples_seen": 17591, "supervised_tokens_seen": 793453, "epoch": 1, "elapsed_seconds": 307.5525917970226}
{"event": "update", "optimizer_step": 560, "loss_main": 0.45012749833293675, "lr": 2.6714761324193736e-05, "grad_norm": 3.7065787315368652, "examples_seen": 17911, "supervised_tokens_seen": 808571, "epoch": 1, "elapsed_seconds": 312.5235342460219}
{"event": "update", "optimizer_step": 570, "loss_main": 0.41991582029307917, "lr": 2.593047934075718e-05, "grad_norm": 4.425439834594727, "examples_seen": 18231, "supervised_tokens_seen": 823931, "epoch": 1, "elapsed_seconds": 317.9458570120041}
{"event": "update", "optimizer_step": 580, "loss_main": 0.7521596787274901, "lr": 2.5148109576477802e-05, "grad_norm": 3.2438225746154785, "examples_seen": 18551, "supervised_tokens_seen": 844460, "epoch": 1, "elapsed_seconds": 324.5804969089804}
{"event": "update", "optimizer_step": 590, "loss_main": 0.5025585029474658, "lr": 2.4368605228398534e-05, "grad_norm": 3.602811574935913, "examples_seen": 18871, "supervised_tokens_seen": 858689, "epoch": 1, "elapsed_seconds": 329.6182734160102}
{"event": "update", "optimizer_step": 600, "loss_main": 0.7388732415460022, "lr": 2.359291600249407e-05, "grad_norm": 3.453260898590088, "examples_seen": 19191, "supervised_tokens_seen": 877500, "epoch": 1, "elapsed_seconds": 335.41467057401314}
{"event": "evaluation", "optimizer_step": 600, "loss": 0.216866505246673, "perplexity": 1.2421782667876227, "supervised_tokens": 10845.0, "elapsed_seconds": 335.41467057401314}
{"event": "update", "optimizer_step": 610, "loss_main": 0.5840340177114097, "lr": 2.282198695660042e-05, "grad_norm": 3.729159355163574, "examples_seen": 19511, "supervised_tokens_seen": 897737, "epoch": 1, "elapsed_seconds": 349.6106804559822}
{"event": "update", "optimizer_step": 620, "loss_main": 0.1542983032723019, "lr": 2.205675734900748e-05, "grad_norm": 2.8453142642974854, "examples_seen": 19831, "supervised_tokens_seen": 908665, "epoch": 1, "elapsed_seconds": 353.7985788920196}
{"event": "update", "optimizer_step": 630, "loss_main": 0.9774413273565398, "lr": 2.129815949411752e-05, "grad_norm": 3.1466472148895264, "examples_seen": 20151, "supervised_tokens_seen": 928413, "epoch": 1, "elapsed_seconds": 360.1697849740158}
{"event": "update", "optimizer_step": 640, "loss_main": 0.6898345598859682, "lr": 2.054711762656369e-05, "grad_norm": 3.040498971939087, "examples_seen": 20462, "supervised_tokens_seen": 943039, "epoch": 1, "elapsed_seconds": 364.95661941199796}
{"event": "update", "optimizer_step": 650, "loss_main": 0.1067280224901187, "lr": 1.9804546775172457e-05, "grad_norm": 1.891166090965271, "examples_seen": 20782, "supervised_tokens_seen": 958307, "epoch": 1, "elapsed_seconds": 370.1981056309887}
{"event": "update", "optimizer_step": 660, "loss_main": 0.5303206576475407, "lr": 1.907135164814198e-05, "grad_norm": 4.078327178955078, "examples_seen": 21102, "supervised_tokens_seen": 974298, "epoch": 1, "elapsed_seconds": 375.46358482399955}
{"event": "update", "optimizer_step": 670, "loss_main": 0.10762658056198142, "lr": 1.83484255307945e-05, "grad_norm": 1.6430927515029907, "examples_seen": 21422, "supervised_tokens_seen": 986224, "epoch": 1, "elapsed_seconds": 379.6959552349872}
{"event": "update", "optimizer_step": 680, "loss_main": 0.16388839029747507, "lr": 1.7636649197245758e-05, "grad_norm": 2.528423309326172, "examples_seen": 21742, "supervised_tokens_seen": 999062, "epoch": 1, "elapsed_seconds": 384.2185012020054}
{"event": "update", "optimizer_step": 690, "loss_main": 0.11014427266103759, "lr": 1.6936889837317466e-05, "grad_norm": 2.0651960372924805, "examples_seen": 22062, "supervised_tokens_seen": 1010449, "epoch": 1, "elapsed_seconds": 388.403491339006}
{"event": "update", "optimizer_step": 700, "loss_main": 0.6180884887774786, "lr": 1.6250000000000005e-05, "grad_norm": 4.3714823722839355, "examples_seen": 22382, "supervised_tokens_seen": 1030065, "epoch": 1, "elapsed_seconds": 394.74118330096826}
{"event": "evaluation", "optimizer_step": 700, "loss": 0.20814233596023188, "perplexity": 1.2313884279300946, "supervised_tokens": 10845.0, "elapsed_seconds": 394.74118330096826}
{"event": "update", "optimizer_step": 710, "loss_main": 0.14010509885161931, "lr": 1.5576816554752892e-05, "grad_norm": 2.1926069259643555, "examples_seen": 22702, "supervised_tokens_seen": 1042869, "epoch": 1, "elapsed_seconds": 407.75723091198597}
{"event": "update", "optimizer_step": 720, "loss_main": 0.7927613654579084, "lr": 1.49181596719082e-05, "grad_norm": 3.547666311264038, "examples_seen": 23022, "supervised_tokens_seen": 1056941, "epoch": 1, "elapsed_seconds": 412.7315730419941}
{"event": "update", "optimizer_step": 730, "loss_main": 0.8246629310488903, "lr": 1.427483182341936e-05, "grad_norm": 3.242119073867798, "examples_seen": 23342, "supervised_tokens_seen": 1076453, "epoch": 1, "elapsed_seconds": 418.66047087102197}
{"event": "update", "optimizer_step": 740, "loss_main": 0.6152141723319562, "lr": 1.364761680517269e-05, "grad_norm": 5.027425765991211, "examples_seen": 23662, "supervised_tokens_seen": 1090474, "epoch": 1, "elapsed_seconds": 423.4723855869961}
{"event": "update", "optimizer_step": 750, "loss_main": 0.7368753334960422, "lr": 1.3037278782052863e-05, "grad_norm": 3.4353201389312744, "examples_seen": 23982, "supervised_tokens_seen": 1104154, "epoch": 1, "elapsed_seconds": 428.29802929097787}
{"event": "update", "optimizer_step": 760, "loss_main": 0.1004294593145114, "lr": 1.2444561356925697e-05, "grad_norm": 1.888916015625, "examples_seen": 24302, "supervised_tokens_seen": 1116516, "epoch": 1, "elapsed_seconds": 432.72379902598914}
{"event": "update", "optimizer_step": 770, "loss_main": 0.08559712767601013, "lr": 1.187018666467256e-05, "grad_norm": 1.7946386337280273, "examples_seen": 24622, "supervised_tokens_seen": 1123861, "epoch": 1, "elapsed_seconds": 436.13249417499173}
{"event": "update", "optimizer_step": 780, "loss_main": 0.08233829552119368, "lr": 1.1314854492380354e-05, "grad_norm": 1.9729483127593994, "examples_seen": 24942, "supervised_tokens_seen": 1135209, "epoch": 1, "elapsed_seconds": 440.6425591579755}
{"event": "update", "optimizer_step": 790, "loss_main": 0.0635130368008043, "lr": 1.0779241426758628e-05, "grad_norm": 1.746730923652649, "examples_seen": 25262, "supervised_tokens_seen": 1146175, "epoch": 1, "elapsed_seconds": 444.8193927879911}
{"event": "update", "optimizer_step": 800, "loss_main": 0.632030760022727, "lr": 1.0264000029822999e-05, "grad_norm": 3.6440393924713135, "examples_seen": 25582, "supervised_tokens_seen": 1159863, "epoch": 1, "elapsed_seconds": 449.49113229097566}
{"event": "evaluation", "optimizer_step": 800, "loss": 0.19103915675540242, "perplexity": 1.2105068506739707, "supervised_tokens": 10845.0, "elapsed_seconds": 449.49113229097566}
{"event": "update", "optimizer_step": 810, "loss_main": 0.46539879649608396, "lr": 9.769758043848759e-06, "grad_norm": 4.009816646575928, "examples_seen": 25902, "supervised_tokens_seen": 1172619, "epoch": 1, "elapsed_seconds": 462.97021115297684}
{"event": "update", "optimizer_step": 820, "loss_main": 0.7369135392791573, "lr": 9.297117626563687e-06, "grad_norm": 3.7642526626586914, "examples_seen": 26222, "supervised_tokens_seen": 1184470, "epoch": 1, "elapsed_seconds": 467.4029162559891}
{"event": "update", "optimizer_step": 830, "loss_main": 0.6030501492909105, "lr": 8.846654617511564e-06, "grad_norm": 3.823298692703247, "examples_seen": 26542, "supervised_tokens_seen": 1197384, "epoch": 1, "elapsed_seconds": 472.09299735701643}
{"event": "update", "optimizer_step": 840, "loss_main": 0.6904630962651661, "lr": 8.418917836480417e-06, "grad_norm": 3.5747501850128174, "examples_seen": 26862, "supervised_tokens_seen": 1210592, "epoch": 1, "elapsed_seconds": 476.7859893619898}
{"event": "update", "optimizer_step": 850, "loss_main": 0.7263132526063788, "lr": 8.01442841485013e-06, "grad_norm": 4.041662216186523, "examples_seen": 27182, "supervised_tokens_seen": 1224494, "epoch": 1, "elapsed_seconds": 481.5504320599721}
{"event": "update", "optimizer_step": 860, "loss_main": 0.6460451496442159, "lr": 7.633679160674144e-06, "grad_norm": 4.190636157989502, "examples_seen": 27502, "supervised_tokens_seen": 1237671, "epoch": 1, "elapsed_seconds": 486.3099250639789}
{"event": "update", "optimizer_step": 870, "loss_main": 0.7783954868445525, "lr": 7.277133958268747e-06, "grad_norm": 3.5803353786468506, "examples_seen": 27822, "supervised_tokens_seen": 1255664, "epoch": 1, "elapsed_seconds": 491.96952964598313}
{"event": "update", "optimizer_step": 880, "loss_main": 0.06358339672171792, "lr": 6.94522720304148e-06, "grad_norm": 1.7632592916488647, "examples_seen": 28142, "supervised_tokens_seen": 1268084, "epoch": 1, "elapsed_seconds": 496.3918269069982}
{"event": "update", "optimizer_step": 890, "loss_main": 0.5806820646709818, "lr": 6.638363272247286e-06, "grad_norm": 3.904017448425293, "examples_seen": 28462, "supervised_tokens_seen": 1284280, "epoch": 1, "elapsed_seconds": 501.8893875849899}
{"event": "update", "optimizer_step": 900, "loss_main": 0.7440653383007481, "lr": 6.356916032317063e-06, "grad_norm": 3.6605093479156494, "examples_seen": 28782, "supervised_tokens_seen": 1297985, "epoch": 1, "elapsed_seconds": 506.71131579601206}
{"event": "evaluation", "optimizer_step": 900, "loss": 0.1825499717302452, "perplexity": 1.2002741292299621, "supervised_tokens": 10845.0, "elapsed_seconds": 506.71131579601206}
{"event": "update", "optimizer_step": 910, "loss_main": 0.09672406329181642, "lr": 6.1012283833590465e-06, "grad_norm": 1.8954763412475586, "examples_seen": 29102, "supervised_tokens_seen": 1311027, "epoch": 1, "elapsed_seconds": 519.7454718599911}
{"event": "update", "optimizer_step": 920, "loss_main": 0.7042436833153183, "lr": 5.871611841387825e-06, "grad_norm": 3.87925386428833, "examples_seen": 29422, "supervised_tokens_seen": 1329130, "epoch": 1, "elapsed_seconds": 525.790670568007}
{"event": "update", "optimizer_step": 930, "loss_main": 0.39658819893573194, "lr": 5.66834615879008e-06, "grad_norm": 4.0154008865356445, "examples_seen": 29742, "supervised_tokens_seen": 1344640, "epoch": 1, "elapsed_seconds": 530.8192155609722}
{"event": "update", "optimizer_step": 940, "loss_main": 0.1019546884451902, "lr": 5.491678983489372e-06, "grad_norm": 1.9923964738845825, "examples_seen": 30062, "supervised_tokens_seen": 1359653, "epoch": 1, "elapsed_seconds": 535.8464243329945}
{"event": "update", "optimizer_step": 950, "loss_main": 0.42436411897458975, "lr": 5.341825557225321e-06, "grad_norm": 4.185973167419434, "examples_seen": 30382, "supervised_tokens_seen": 1378264, "epoch": 1, "elapsed_seconds": 542.0933260429883}
{"event": "update", "optimizer_step": 960, "loss_main": 0.10244356764432712, "lr": 5.218968453314668e-06, "grad_norm": 2.2314276695251465, "examples_seen": 30702, "supervised_tokens_seen": 1390992, "epoch": 1, "elapsed_seconds": 546.4340586480103}
{"event": "update", "optimizer_step": 970, "loss_main": 0.07328052850098939, "lr": 5.123257354213851e-06, "grad_norm": 2.034590721130371, "examples_seen": 31022, "supervised_tokens_seen": 1402696, "epoch": 1, "elapsed_seconds": 550.8342752020108}
{"event": "update", "optimizer_step": 980, "loss_main": 0.8160595372105515, "lr": 5.054808869153956e-06, "grad_norm": 3.1786434650421143, "examples_seen": 31342, "supervised_tokens_seen": 1418460, "epoch": 1, "elapsed_seconds": 555.7335443089833}
{"event": "update", "optimizer_step": 990, "loss_main": 0.6597505530571555, "lr": 5.0137063920703455e-06, "grad_norm": 3.3282430171966553, "examples_seen": 31662, "supervised_tokens_seen": 1436076, "epoch": 1, "elapsed_seconds": 561.7021895420039}
{"event": "update", "optimizer_step": 1000, "loss_main": 0.07676925244448068, "lr": 5e-06, "grad_norm": 1.9216731786727905, "examples_seen": 31982, "supervised_tokens_seen": 1446629, "epoch": 1, "elapsed_seconds": 565.647065814992}
{"event": "evaluation", "optimizer_step": 1000, "loss": 0.17492503924557226, "perplexity": 1.1911569232440427, "supervised_tokens": 10845.0, "elapsed_seconds": 565.647065814992}
{"event": "complete", "optimizer_step": 1000, "evaluation": {"loss": 0.17492503924557226, "perplexity": 1.1911569232440427, "supervised_tokens": 10845.0}, "elapsed_seconds": 565.647065814992}
