{"event": "start", "state": {"optimizer_step": 0, "examples_seen": 0, "supervised_tokens_seen": 0, "epoch": 0, "batch_in_epoch": 0, "elapsed_seconds": 0.0}, "evaluation": {"loss": 2.2148308312541474, "perplexity": 9.159859418602657, "supervised_tokens": 9803.0}, "target_updates": 1000, "settings": {"max_sequence_length": 512, "microbatch_size": 16, "gradient_accumulation": 2, "learning_rate": 5e-05, "warmup_updates": 100, "weight_decay": 0.01, "grad_clip": 1.0, "planned_total_updates": 1000, "checkpoint_updates": 100, "min_lr_ratio": 0.1, "seed": 2027}, "parameters": 329821696, "train_examples": 23780, "heldout_examples": 1222, "device": "cuda", "precision": "bf16-autocast"}
{"event": "update", "optimizer_step": 1, "loss_main": 2.663888353140243, "lr": 5e-07, "grad_norm": 47.85468292236328, "examples_seen": 32, "supervised_tokens_seen": 579, "epoch": 0, "elapsed_seconds": 1.4840623729978688}
{"event": "update", "optimizer_step": 10, "loss_main": 0.47061952674009494, "lr": 5e-06, "grad_norm": 21.567052841186523, "examples_seen": 320, "supervised_tokens_seen": 6491, "epoch": 0, "elapsed_seconds": 7.760887062991969}
{"event": "update", "optimizer_step": 20, "loss_main": 0.456773241755085, "lr": 1e-05, "grad_norm": 7.7631072998046875, "examples_seen": 640, "supervised_tokens_seen": 13620, "epoch": 0, "elapsed_seconds": 14.730819641961716}
{"event": "update", "optimizer_step": 30, "loss_main": 0.2170709606224126, "lr": 1.5e-05, "grad_norm": 4.267788410186768, "examples_seen": 960, "supervised_tokens_seen": 20206, "epoch": 0, "elapsed_seconds": 21.376780738995876}
{"event": "update", "optimizer_step": 40, "loss_main": 1.161529468965315, "lr": 2e-05, "grad_norm": 8.931398391723633, "examples_seen": 1280, "supervised_tokens_seen": 27073, "epoch": 0, "elapsed_seconds": 28.438199970987625}
{"event": "update", "optimizer_step": 50, "loss_main": 0.23708946890728447, "lr": 2.5e-05, "grad_norm": 6.944028854370117, "examples_seen": 1600, "supervised_tokens_seen": 33521, "epoch": 0, "elapsed_seconds": 35.36120455095079}
{"event": "update", "optimizer_step": 60, "loss_main": 0.3258980626653628, "lr": 3e-05, "grad_norm": 7.058127403259277, "examples_seen": 1920, "supervised_tokens_seen": 40471, "epoch": 0, "elapsed_seconds": 42.3116271259496}
{"event": "update", "optimizer_step": 70, "loss_main": 0.12929168131184463, "lr": 3.5000000000000004e-05, "grad_norm": 4.3285956382751465, "examples_seen": 2240, "supervised_tokens_seen": 46702, "epoch": 0, "elapsed_seconds": 48.72743960598018}
{"event": "update", "optimizer_step": 80, "loss_main": 0.1899493569768341, "lr": 4e-05, "grad_norm": 3.6294569969177246, "examples_seen": 2560, "supervised_tokens_seen": 53496, "epoch": 0, "elapsed_seconds": 55.6455689969589}
{"event": "update", "optimizer_step": 90, "loss_main": 0.655572085755556, "lr": 4.5e-05, "grad_norm": 20.790685653686523, "examples_seen": 2880, "supervised_tokens_seen": 59750, "epoch": 0, "elapsed_seconds": 61.91329599899473}
{"event": "update", "optimizer_step": 100, "loss_main": 0.312817744910717, "lr": 5e-05, "grad_norm": 7.539470195770264, "examples_seen": 3200, "supervised_tokens_seen": 66413, "epoch": 0, "elapsed_seconds": 68.61202003096696}
{"event": "evaluation", "optimizer_step": 100, "loss": 0.2844083927534532, "perplexity": 1.3289755639313499, "supervised_tokens": 9803.0, "elapsed_seconds": 68.61202003096696}
{"event": "update", "optimizer_step": 110, "loss_main": 0.23077376822964485, "lr": 4.9986293607929655e-05, "grad_norm": 4.622640132904053, "examples_seen": 3520, "supervised_tokens_seen": 73039, "epoch": 0, "elapsed_seconds": 113.04643441597}
{"event": "update", "optimizer_step": 120, "loss_main": 1.572729004301676, "lr": 4.9945191130846044e-05, "grad_norm": 10.288191795349121, "examples_seen": 3840, "supervised_tokens_seen": 80223, "epoch": 0, "elapsed_seconds": 120.68285655498039}
{"event": "update", "optimizer_step": 130, "loss_main": 0.4035736212456549, "lr": 4.987674264578615e-05, "grad_norm": 3.867595911026001, "examples_seen": 4160, "supervised_tokens_seen": 87417, "epoch": 0, "elapsed_seconds": 127.77506708499277}
{"event": "update", "optimizer_step": 140, "loss_main": 0.23421548453124263, "lr": 4.978103154668534e-05, "grad_norm": 3.9222559928894043, "examples_seen": 4480, "supervised_tokens_seen": 94663, "epoch": 0, "elapsed_seconds": 131.82766092196107}
{"event": "update", "optimizer_step": 150, "loss_main": 0.35804316686971166, "lr": 4.965817444277468e-05, "grad_norm": 5.439542770385742, "examples_seen": 4800, "supervised_tokens_seen": 101460, "epoch": 0, "elapsed_seconds": 135.1227130749612}
{"event": "update", "optimizer_step": 160, "loss_main": 0.8887948880250427, "lr": 4.950832101651063e-05, "grad_norm": 6.052266597747803, "examples_seen": 5120, "supervised_tokens_seen": 108317, "epoch": 0, "elapsed_seconds": 138.58584005595185}
{"event": "update", "optimizer_step": 170, "loss_main": 0.1978857940153611, "lr": 4.933165384120992e-05, "grad_norm": 3.4138412475585938, "examples_seen": 5440, "supervised_tokens_seen": 115165, "epoch": 0, "elapsed_seconds": 141.90182927099522}
{"event": "update", "optimizer_step": 180, "loss_main": 0.9145898094674074, "lr": 4.9128388158612174e-05, "grad_norm": 7.521467208862305, "examples_seen": 5760, "supervised_tokens_seen": 122338, "epoch": 0, "elapsed_seconds": 145.59845981694525}
{"event": "update", "optimizer_step": 190, "loss_main": 0.17310789146709035, "lr": 4.889877161664096e-05, "grad_norm": 2.372079610824585, "examples_seen": 6080, "supervised_tokens_seen": 129040, "epoch": 0, "elapsed_seconds": 149.30834103300003}
{"event": "update", "optimizer_step": 200, "loss_main": 1.0276513861314882, "lr": 4.864308396768294e-05, "grad_norm": 8.529685020446777, "examples_seen": 6388, "supervised_tokens_seen": 135857, "epoch": 0, "elapsed_seconds": 152.86957729695132}
{"event": "evaluation", "optimizer_step": 200, "loss": 0.28924248574428335, "perplexity": 1.3354155084944137, "supervised_tokens": 9803.0, "elapsed_seconds": 152.86957729695132}
{"event": "update", "optimizer_step": 210, "loss_main": 0.20726259508330352, "lr": 4.836163672775272e-05, "grad_norm": 2.9515395164489746, "examples_seen": 6708, "supervised_tokens_seen": 142152, "epoch": 0, "elapsed_seconds": 168.8029225539649}
{"event": "update", "optimizer_step": 220, "loss_main": 0.1610260044476045, "lr": 4.805477279695852e-05, "grad_norm": 2.5326905250549316, "examples_seen": 7028, "supervised_tokens_seen": 149060, "epoch": 0, "elapsed_seconds": 172.19107502698898}
{"event": "update", "optimizer_step": 230, "loss_main": 0.18948532509646226, "lr": 4.7722866041731264e-05, "grad_norm": 3.2678182125091553, "examples_seen": 7348, "supervised_tokens_seen": 155882, "epoch": 0, "elapsed_seconds": 175.51642844395246}
{"event": "update", "optimizer_step": 240, "loss_main": 0.2959834717787229, "lr": 4.7366320839325864e-05, "grad_norm": 4.151739597320557, "examples_seen": 7668, "supervised_tokens_seen": 162539, "epoch": 0, "elapsed_seconds": 179.057091871975}
{"event": "update", "optimizer_step": 250, "loss_main": 0.281918571183556, "lr": 4.6985571585149876e-05, "grad_norm": 3.6768126487731934, "examples_seen": 7988, "supervised_tokens_seen": 169591, "epoch": 0, "elapsed_seconds": 182.7331048299675}
{"event": "update", "optimizer_step": 260, "loss_main": 0.8206447246294767, "lr": 4.6581082163519586e-05, "grad_norm": 6.090594291687012, "examples_seen": 8308, "supervised_tokens_seen": 176256, "epoch": 0, "elapsed_seconds": 188.46439309499692}
{"event": "update", "optimizer_step": 270, "loss_main": 0.1380174847291829, "lr": 4.615334538248844e-05, "grad_norm": 2.671680212020874, "examples_seen": 8628, "supervised_tokens_seen": 182979, "epoch": 0, "elapsed_seconds": 196.23183932196116}
{"event": "update", "optimizer_step": 280, "loss_main": 0.09769425709187454, "lr": 4.570288237343632e-05, "grad_norm": 2.165256977081299, "examples_seen": 8948, "supervised_tokens_seen": 189381, "epoch": 0, "elapsed_seconds": 203.85960950196022}
{"event": "update", "optimizer_step": 290, "loss_main": 0.25085273157009036, "lr": 4.523024195615124e-05, "grad_norm": 2.8368020057678223, "examples_seen": 9268, "supervised_tokens_seen": 195867, "epoch": 0, "elapsed_seconds": 211.12939419900067}
{"event": "update", "optimizer_step": 300, "loss_main": 0.16346401790920778, "lr": 4.473599997017701e-05, "grad_norm": 3.174755811691284, "examples_seen": 9588, "supervised_tokens_seen": 202501, "epoch": 0, "elapsed_seconds": 218.9228376999963}
{"event": "evaluation", "optimizer_step": 300, "loss": 0.24577319207443069, "perplexity": 1.2786095418744354, "supervised_tokens": 9803.0, "elapsed_seconds": 218.9228376999963}
{"event": "update", "optimizer_step": 310, "loss_main": 0.24693023759608318, "lr": 4.422075857324137e-05, "grad_norm": 3.36415958404541, "examples_seen": 9908, "supervised_tokens_seen": 209802, "epoch": 0, "elapsed_seconds": 250.70991725998465}
{"event": "update", "optimizer_step": 320, "loss_main": 0.3055856360090261, "lr": 4.368514550761965e-05, "grad_norm": 3.2048728466033936, "examples_seen": 10228, "supervised_tokens_seen": 216277, "epoch": 0, "elapsed_seconds": 253.9236242279876}
{"event": "update", "optimizer_step": 330, "loss_main": 0.23059657770853775, "lr": 4.312981333532744e-05, "grad_norm": 3.0418334007263184, "examples_seen": 10548, "supervised_tokens_seen": 222897, "epoch": 0, "elapsed_seconds": 257.197400104953}
{"event": "update", "optimizer_step": 340, "loss_main": 0.16639776555674318, "lr": 4.255543864307431e-05, "grad_norm": 2.813295602798462, "examples_seen": 10868, "supervised_tokens_seen": 229796, "epoch": 0, "elapsed_seconds": 260.575156248}
{"event": "update", "optimizer_step": 350, "loss_main": 0.13657788187265396, "lr": 4.1962721217947135e-05, "grad_norm": 2.6457061767578125, "examples_seen": 11188, "supervised_tokens_seen": 236667, "epoch": 0, "elapsed_seconds": 264.0083955669543}
{"event": "update", "optimizer_step": 360, "loss_main": 0.18326990590768658, "lr": 4.135238319482731e-05, "grad_norm": 4.289501667022705, "examples_seen": 11508, "supervised_tokens_seen": 243766, "epoch": 0, "elapsed_seconds": 267.527802845987}
{"event": "update", "optimizer_step": 370, "loss_main": 0.12363078823554227, "lr": 4.072516817658065e-05, "grad_norm": 2.452021360397339, "examples_seen": 11828, "supervised_tokens_seen": 250907, "epoch": 0, "elapsed_seconds": 271.2637346650008}
{"event": "update", "optimizer_step": 380, "loss_main": 0.9603499926606044, "lr": 4.0081840328091804e-05, "grad_norm": 5.774725914001465, "examples_seen": 12148, "supervised_tokens_seen": 258245, "epoch": 0, "elapsed_seconds": 275.317019975977}
{"event": "update", "optimizer_step": 390, "loss_main": 0.15369793316972036, "lr": 3.9423183445247117e-05, "grad_norm": 2.085292100906372, "examples_seen": 12468, "supervised_tokens_seen": 265072, "epoch": 0, "elapsed_seconds": 279.2088502589613}
{"event": "update", "optimizer_step": 400, "loss_main": 0.11654133405913744, "lr": 3.875e-05, "grad_norm": 3.001340866088867, "examples_seen": 12788, "supervised_tokens_seen": 271908, "epoch": 0, "elapsed_seconds": 282.6131181399687}
{"event": "evaluation", "optimizer_step": 400, "loss": 0.22729098053762503, "perplexity": 1.2551950521380508, "supervised_tokens": 9803.0, "elapsed_seconds": 282.6131181399687}
{"event": "update", "optimizer_step": 410, "loss_main": 0.8175983492112318, "lr": 3.806311016268254e-05, "grad_norm": 5.57465124130249, "examples_seen": 13108, "supervised_tokens_seen": 279239, "epoch": 0, "elapsed_seconds": 298.80519163399003}
{"event": "update", "optimizer_step": 420, "loss_main": 0.12572331061540556, "lr": 3.7363350802754244e-05, "grad_norm": 2.584970235824585, "examples_seen": 13428, "supervised_tokens_seen": 286391, "epoch": 0, "elapsed_seconds": 302.7073510629707}
{"event": "update", "optimizer_step": 430, "loss_main": 0.18451658419137512, "lr": 3.665157446920551e-05, "grad_norm": 2.6958396434783936, "examples_seen": 13748, "supervised_tokens_seen": 293269, "epoch": 0, "elapsed_seconds": 306.58566648396663}
{"event": "update", "optimizer_step": 440, "loss_main": 0.9288642452249314, "lr": 3.5928648351858027e-05, "grad_norm": 6.143960475921631, "examples_seen": 14068, "supervised_tokens_seen": 300357, "epoch": 0, "elapsed_seconds": 310.23465002398007}
{"event": "update", "optimizer_step": 450, "loss_main": 0.233917118958485, "lr": 3.519545322482755e-05, "grad_norm": 2.5395920276641846, "examples_seen": 14388, "supervised_tokens_seen": 307024, "epoch": 0, "elapsed_seconds": 313.5300180349732}
{"event": "update", "optimizer_step": 460, "loss_main": 0.29298239435468404, "lr": 3.4452882373436316e-05, "grad_norm": 3.581437826156616, "examples_seen": 14708, "supervised_tokens_seen": 313786, "epoch": 0, "elapsed_seconds": 316.8830107289832}
{"event": "update", "optimizer_step": 470, "loss_main": 0.15518091985120855, "lr": 3.370184050588248e-05, "grad_norm": 2.61867356300354, "examples_seen": 15028, "supervised_tokens_seen": 320441, "epoch": 0, "elapsed_seconds": 320.1534137869603}
{"event": "update", "optimizer_step": 480, "loss_main": 0.24856123268057448, "lr": 3.294324265099252e-05, "grad_norm": 4.023766994476318, "examples_seen": 15348, "supervised_tokens_seen": 327101, "epoch": 0, "elapsed_seconds": 323.4604250739794}
{"event": "update", "optimizer_step": 490, "loss_main": 0.18637260597656896, "lr": 3.217801304339959e-05, "grad_norm": 2.63195538520813, "examples_seen": 15668, "supervised_tokens_seen": 334127, "epoch": 0, "elapsed_seconds": 327.0302451569587}
{"event": "update", "optimizer_step": 500, "loss_main": 0.22435622517582324, "lr": 3.140708399750594e-05, "grad_norm": 2.3902857303619385, "examples_seen": 15988, "supervised_tokens_seen": 340856, "epoch": 0, "elapsed_seconds": 330.3582100009662}
{"event": "evaluation", "optimizer_step": 500, "loss": 0.20443335230464438, "perplexity": 1.2268296877496794, "supervised_tokens": 9803.0, "elapsed_seconds": 330.3582100009662}
{"event": "update", "optimizer_step": 510, "loss_main": 0.13063394451191657, "lr": 3.0631394771601475e-05, "grad_norm": 2.0096168518066406, "examples_seen": 16308, "supervised_tokens_seen": 347415, "epoch": 0, "elapsed_seconds": 347.75583648495376}
{"event": "update", "optimizer_step": 520, "loss_main": 0.14299898560266996, "lr": 2.9851890423522204e-05, "grad_norm": 2.3949105739593506, "examples_seen": 16628, "supervised_tokens_seen": 354079, "epoch": 0, "elapsed_seconds": 351.1658987729461}
{"event": "update", "optimizer_step": 530, "loss_main": 0.11802778658220324, "lr": 2.906952065924282e-05, "grad_norm": 2.6720383167266846, "examples_seen": 16948, "supervised_tokens_seen": 360785, "epoch": 0, "elapsed_seconds": 354.3761653859983}
{"event": "update", "optimizer_step": 540, "loss_main": 0.7218681184378096, "lr": 2.828523867580628e-05, "grad_norm": 5.237783908843994, "examples_seen": 17268, "supervised_tokens_seen": 367886, "epoch": 0, "elapsed_seconds": 357.9963031679508}
{"event": "update", "optimizer_step": 550, "loss_main": 1.546882857930475, "lr": 2.7500000000000004e-05, "grad_norm": 7.235487461090088, "examples_seen": 17588, "supervised_tokens_seen": 374903, "epoch": 0, "elapsed_seconds": 361.6393627819489}
{"event": "update", "optimizer_step": 560, "loss_main": 0.2394164381982241, "lr": 2.6714761324193736e-05, "grad_norm": 2.6813642978668213, "examples_seen": 17908, "supervised_tokens_seen": 381435, "epoch": 0, "elapsed_seconds": 364.9004322309629}
{"event": "update", "optimizer_step": 570, "loss_main": 0.5520019270269211, "lr": 2.593047934075718e-05, "grad_norm": 5.129974842071533, "examples_seen": 18228, "supervised_tokens_seen": 388096, "epoch": 0, "elapsed_seconds": 368.4675739429658}
{"event": "update", "optimizer_step": 580, "loss_main": 0.1792243793606758, "lr": 2.5148109576477802e-05, "grad_norm": 2.821458101272583, "examples_seen": 18548, "supervised_tokens_seen": 394713, "epoch": 0, "elapsed_seconds": 371.7576092129457}
{"event": "update", "optimizer_step": 590, "loss_main": 0.19410889793036512, "lr": 2.4368605228398534e-05, "grad_norm": 2.802757740020752, "examples_seen": 18868, "supervised_tokens_seen": 401422, "epoch": 0, "elapsed_seconds": 374.9171763509512}
{"event": "update", "optimizer_step": 600, "loss_main": 0.1441630683839321, "lr": 2.359291600249407e-05, "grad_norm": 2.5140442848205566, "examples_seen": 19188, "supervised_tokens_seen": 408251, "epoch": 0, "elapsed_seconds": 378.5230753029464}
{"event": "evaluation", "optimizer_step": 600, "loss": 0.19575559201106044, "perplexity": 1.2162296127717112, "supervised_tokens": 9803.0, "elapsed_seconds": 378.5230753029464}
{"event": "update", "optimizer_step": 610, "loss_main": 0.2592063296285475, "lr": 2.282198695660042e-05, "grad_norm": 3.571420192718506, "examples_seen": 19508, "supervised_tokens_seen": 414667, "epoch": 0, "elapsed_seconds": 392.4661330379895}
{"event": "update", "optimizer_step": 620, "loss_main": 0.8154120180117052, "lr": 2.205675734900748e-05, "grad_norm": 6.058459758758545, "examples_seen": 19828, "supervised_tokens_seen": 421277, "epoch": 0, "elapsed_seconds": 395.75911287096096}
{"event": "update", "optimizer_step": 630, "loss_main": 0.22078577804288602, "lr": 2.129815949411752e-05, "grad_norm": 2.6595301628112793, "examples_seen": 20148, "supervised_tokens_seen": 427997, "epoch": 0, "elapsed_seconds": 399.10623096697964}
{"event": "update", "optimizer_step": 640, "loss_main": 0.16856468617087114, "lr": 2.054711762656369e-05, "grad_norm": 2.66239857673645, "examples_seen": 20468, "supervised_tokens_seen": 434768, "epoch": 0, "elapsed_seconds": 402.5296158459969}
{"event": "update", "optimizer_step": 650, "loss_main": 0.7796399269322298, "lr": 1.9804546775172457e-05, "grad_norm": 6.11673641204834, "examples_seen": 20788, "supervised_tokens_seen": 441737, "epoch": 0, "elapsed_seconds": 406.1008229549625}
{"event": "update", "optimizer_step": 660, "loss_main": 0.9084010775822642, "lr": 1.907135164814198e-05, "grad_norm": 5.847390651702881, "examples_seen": 21108, "supervised_tokens_seen": 448667, "epoch": 0, "elapsed_seconds": 409.5603914859821}
{"event": "update", "optimizer_step": 670, "loss_main": 0.7016394783178685, "lr": 1.83484255307945e-05, "grad_norm": 5.458495616912842, "examples_seen": 21428, "supervised_tokens_seen": 455358, "epoch": 0, "elapsed_seconds": 413.02318704494974}
{"event": "update", "optimizer_step": 680, "loss_main": 0.6623878622967997, "lr": 1.7636649197245758e-05, "grad_norm": 5.199013710021973, "examples_seen": 21748, "supervised_tokens_seen": 462103, "epoch": 0, "elapsed_seconds": 416.46622869197745}
{"event": "update", "optimizer_step": 690, "loss_main": 0.6914095230231457, "lr": 1.6936889837317466e-05, "grad_norm": 5.057977676391602, "examples_seen": 22068, "supervised_tokens_seen": 468798, "epoch": 0, "elapsed_seconds": 419.60481791198254}
{"event": "update", "optimizer_step": 700, "loss_main": 0.06317495452718082, "lr": 1.6250000000000005e-05, "grad_norm": 1.5541346073150635, "examples_seen": 22388, "supervised_tokens_seen": 474923, "epoch": 0, "elapsed_seconds": 422.89282877295045}
{"event": "evaluation", "optimizer_step": 700, "loss": 0.1733321504908521, "perplexity": 1.1892610531318561, "supervised_tokens": 9803.0, "elapsed_seconds": 422.89282877295045}
{"event": "update", "optimizer_step": 710, "loss_main": 0.6618571173093316, "lr": 1.5576816554752892e-05, "grad_norm": 5.317162990570068, "examples_seen": 22708, "supervised_tokens_seen": 482025, "epoch": 0, "elapsed_seconds": 436.8400497719995}
{"event": "update", "optimizer_step": 720, "loss_main": 0.13357075735142357, "lr": 1.49181596719082e-05, "grad_norm": 2.22806715965271, "examples_seen": 23028, "supervised_tokens_seen": 488699, "epoch": 0, "elapsed_seconds": 440.48708247498143}
{"event": "update", "optimizer_step": 730, "loss_main": 1.2758034365964928, "lr": 1.427483182341936e-05, "grad_norm": 6.103621482849121, "examples_seen": 23348, "supervised_tokens_seen": 495767, "epoch": 0, "elapsed_seconds": 444.2839808369754}
{"event": "update", "optimizer_step": 740, "loss_main": 0.6592206221764455, "lr": 1.364761680517269e-05, "grad_norm": 4.687756538391113, "examples_seen": 23668, "supervised_tokens_seen": 503049, "epoch": 0, "elapsed_seconds": 447.93965867796214}
{"event": "update", "optimizer_step": 750, "loss_main": 0.21992169020416066, "lr": 1.3037278782052863e-05, "grad_norm": 3.1783628463745117, "examples_seen": 23988, "supervised_tokens_seen": 510181, "epoch": 1, "elapsed_seconds": 451.63285293994704}
{"event": "update", "optimizer_step": 760, "loss_main": 0.10121112771043286, "lr": 1.2444561356925697e-05, "grad_norm": 2.4624950885772705, "examples_seen": 24308, "supervised_tokens_seen": 516840, "epoch": 1, "elapsed_seconds": 455.05513679399155}
{"event": "update", "optimizer_step": 770, "loss_main": 0.09742211788478825, "lr": 1.187018666467256e-05, "grad_norm": 1.8326964378356934, "examples_seen": 24628, "supervised_tokens_seen": 523626, "epoch": 1, "elapsed_seconds": 458.77090428594965}
{"event": "update", "optimizer_step": 780, "loss_main": 0.07986729055832906, "lr": 1.1314854492380354e-05, "grad_norm": 1.8787661790847778, "examples_seen": 24948, "supervised_tokens_seen": 530721, "epoch": 1, "elapsed_seconds": 462.61571728496347}
{"event": "update", "optimizer_step": 790, "loss_main": 0.4121146045396664, "lr": 1.0779241426758628e-05, "grad_norm": 5.9614458084106445, "examples_seen": 25268, "supervised_tokens_seen": 537467, "epoch": 1, "elapsed_seconds": 466.0889770509675}
{"event": "update", "optimizer_step": 800, "loss_main": 0.5084918840885847, "lr": 1.0264000029822999e-05, "grad_norm": 5.275084495544434, "examples_seen": 25588, "supervised_tokens_seen": 544337, "epoch": 1, "elapsed_seconds": 469.5636943479767}
{"event": "evaluation", "optimizer_step": 800, "loss": 0.16521176579462976, "perplexity": 1.179642900279018, "supervised_tokens": 9803.0, "elapsed_seconds": 469.5636943479767}
{"event": "update", "optimizer_step": 810, "loss_main": 0.04420286664813101, "lr": 9.769758043848759e-06, "grad_norm": 1.6772247552871704, "examples_seen": 25908, "supervised_tokens_seen": 550889, "epoch": 1, "elapsed_seconds": 482.8319560730015}
{"event": "update", "optimizer_step": 820, "loss_main": 0.4554215532149712, "lr": 9.297117626563687e-06, "grad_norm": 4.526546955108643, "examples_seen": 26228, "supervised_tokens_seen": 557320, "epoch": 1, "elapsed_seconds": 486.15732939494774}
{"event": "update", "optimizer_step": 830, "loss_main": 0.12109530938528933, "lr": 8.846654617511564e-06, "grad_norm": 2.120948076248169, "examples_seen": 26548, "supervised_tokens_seen": 564035, "epoch": 1, "elapsed_seconds": 489.474025279982}
{"event": "update", "optimizer_step": 840, "loss_main": 0.1532263645287336, "lr": 8.418917836480417e-06, "grad_norm": 2.7962191104888916, "examples_seen": 26868, "supervised_tokens_seen": 570981, "epoch": 1, "elapsed_seconds": 493.2091415449977}
{"event": "update", "optimizer_step": 850, "loss_main": 0.16514332523389208, "lr": 8.01442841485013e-06, "grad_norm": 2.9381933212280273, "examples_seen": 27188, "supervised_tokens_seen": 577732, "epoch": 1, "elapsed_seconds": 496.50724627199816}
{"event": "update", "optimizer_step": 860, "loss_main": 0.0931874750009981, "lr": 7.633679160674144e-06, "grad_norm": 2.0680642127990723, "examples_seen": 27508, "supervised_tokens_seen": 584543, "epoch": 1, "elapsed_seconds": 499.90822513599414}
{"event": "update", "optimizer_step": 870, "loss_main": 0.10235044318067152, "lr": 7.277133958268747e-06, "grad_norm": 2.0887560844421387, "examples_seen": 27828, "supervised_tokens_seen": 591301, "epoch": 1, "elapsed_seconds": 503.28416063298937}
{"event": "update", "optimizer_step": 880, "loss_main": 0.19973699748516083, "lr": 6.94522720304148e-06, "grad_norm": 3.106342077255249, "examples_seen": 28148, "supervised_tokens_seen": 598310, "epoch": 1, "elapsed_seconds": 506.87343323999085}
{"event": "update", "optimizer_step": 890, "loss_main": 0.11710738174556552, "lr": 6.638363272247286e-06, "grad_norm": 2.20493483543396, "examples_seen": 28468, "supervised_tokens_seen": 605307, "epoch": 1, "elapsed_seconds": 510.41518671199447}
{"event": "update", "optimizer_step": 900, "loss_main": 0.38127994139486043, "lr": 6.356916032317063e-06, "grad_norm": 4.580962181091309, "examples_seen": 28788, "supervised_tokens_seen": 612239, "epoch": 1, "elapsed_seconds": 513.9099377519451}
{"event": "evaluation", "optimizer_step": 900, "loss": 0.15998986692656234, "perplexity": 1.173498979780222, "supervised_tokens": 9803.0, "elapsed_seconds": 513.9099377519451}
{"event": "update", "optimizer_step": 910, "loss_main": 0.11660400450495371, "lr": 6.1012283833590465e-06, "grad_norm": 2.454223155975342, "examples_seen": 29108, "supervised_tokens_seen": 619052, "epoch": 1, "elapsed_seconds": 527.8513062609709}
{"event": "update", "optimizer_step": 920, "loss_main": 0.5150628038800341, "lr": 5.871611841387825e-06, "grad_norm": 4.688117027282715, "examples_seen": 29428, "supervised_tokens_seen": 626233, "epoch": 1, "elapsed_seconds": 531.3958965389756}
{"event": "update", "optimizer_step": 930, "loss_main": 0.06643428031414274, "lr": 5.66834615879008e-06, "grad_norm": 2.1466712951660156, "examples_seen": 29748, "supervised_tokens_seen": 633087, "epoch": 1, "elapsed_seconds": 534.8442693379475}
{"event": "update", "optimizer_step": 940, "loss_main": 0.1836882470585455, "lr": 5.491678983489372e-06, "grad_norm": 2.4436779022216797, "examples_seen": 30068, "supervised_tokens_seen": 640050, "epoch": 1, "elapsed_seconds": 538.1356492599589}
{"event": "update", "optimizer_step": 950, "loss_main": 0.04692970036018279, "lr": 5.341825557225321e-06, "grad_norm": 1.4619121551513672, "examples_seen": 30388, "supervised_tokens_seen": 646887, "epoch": 1, "elapsed_seconds": 541.7129142139456}
{"event": "update", "optimizer_step": 960, "loss_main": 0.10999023476893337, "lr": 5.218968453314668e-06, "grad_norm": 2.306797981262207, "examples_seen": 30708, "supervised_tokens_seen": 653419, "epoch": 1, "elapsed_seconds": 544.9333807739895}
{"event": "update", "optimizer_step": 970, "loss_main": 0.4929148676621653, "lr": 5.123257354213851e-06, "grad_norm": 4.96151876449585, "examples_seen": 31028, "supervised_tokens_seen": 660485, "epoch": 1, "elapsed_seconds": 549.0187152869767}
{"event": "update", "optimizer_step": 980, "loss_main": 0.32822007199992304, "lr": 5.054808869153956e-06, "grad_norm": 4.560035228729248, "examples_seen": 31348, "supervised_tokens_seen": 667643, "epoch": 1, "elapsed_seconds": 552.9803058679681}
{"event": "update", "optimizer_step": 990, "loss_main": 0.5694186613466414, "lr": 5.0137063920703455e-06, "grad_norm": 5.636183738708496, "examples_seen": 31668, "supervised_tokens_seen": 674373, "epoch": 1, "elapsed_seconds": 556.4465990039753}
{"event": "update", "optimizer_step": 1000, "loss_main": 0.05356681077844567, "lr": 5e-06, "grad_norm": 1.9673473834991455, "examples_seen": 31988, "supervised_tokens_seen": 681348, "epoch": 1, "elapsed_seconds": 560.1334104339476}
{"event": "evaluation", "optimizer_step": 1000, "loss": 0.15750777558720466, "perplexity": 1.170589859969844, "supervised_tokens": 9803.0, "elapsed_seconds": 560.1334104339476}
{"event": "complete", "optimizer_step": 1000, "evaluation": {"loss": 0.15750777558720466, "perplexity": 1.170589859969844, "supervised_tokens": 9803.0}, "elapsed_seconds": 560.1334104339476}
