{"event": "start", "state": {"optimizer_step": 0, "examples_seen": 0, "supervised_tokens_seen": 0, "epoch": 0, "batch_in_epoch": 0, "elapsed_seconds": 0.0}, "evaluation": {"loss": 2.0589461125586213, "perplexity": 7.837705396915591, "supervised_tokens": 9803.0}, "target_updates": 1000, "settings": {"max_sequence_length": 512, "microbatch_size": 16, "gradient_accumulation": 2, "learning_rate": 5e-05, "warmup_updates": 100, "weight_decay": 0.01, "grad_clip": 1.0, "planned_total_updates": 1000, "checkpoint_updates": 100, "min_lr_ratio": 0.1, "seed": 2027}, "parameters": 144630912, "train_examples": 23780, "heldout_examples": 1222, "device": "cuda", "precision": "bf16-autocast"}
{"event": "update", "optimizer_step": 1, "loss_main": 2.592521519240938, "lr": 5e-07, "grad_norm": 50.071868896484375, "examples_seen": 32, "supervised_tokens_seen": 579, "epoch": 0, "elapsed_seconds": 0.39490297000156716}
{"event": "update", "optimizer_step": 10, "loss_main": 0.5509963057548357, "lr": 5e-06, "grad_norm": 19.604198455810547, "examples_seen": 320, "supervised_tokens_seen": 6491, "epoch": 0, "elapsed_seconds": 2.1560087790130638}
{"event": "update", "optimizer_step": 20, "loss_main": 0.5171737739390779, "lr": 1e-05, "grad_norm": 8.69548511505127, "examples_seen": 640, "supervised_tokens_seen": 13620, "epoch": 0, "elapsed_seconds": 3.8738505149958655}
{"event": "update", "optimizer_step": 30, "loss_main": 0.27424401943227483, "lr": 1.5e-05, "grad_norm": 7.1469950675964355, "examples_seen": 960, "supervised_tokens_seen": 20206, "epoch": 0, "elapsed_seconds": 5.471295627998188}
{"event": "update", "optimizer_step": 40, "loss_main": 1.3098583462275986, "lr": 2e-05, "grad_norm": 10.320246696472168, "examples_seen": 1280, "supervised_tokens_seen": 27073, "epoch": 0, "elapsed_seconds": 7.186854574014433}
{"event": "update", "optimizer_step": 50, "loss_main": 0.3432612415008281, "lr": 2.5e-05, "grad_norm": 9.544703483581543, "examples_seen": 1600, "supervised_tokens_seen": 33521, "epoch": 0, "elapsed_seconds": 8.851320630987175}
{"event": "update", "optimizer_step": 60, "loss_main": 0.3346647709320596, "lr": 3e-05, "grad_norm": 4.627321720123291, "examples_seen": 1920, "supervised_tokens_seen": 40471, "epoch": 0, "elapsed_seconds": 10.555483194009867}
{"event": "update", "optimizer_step": 70, "loss_main": 0.16509615275378964, "lr": 3.5000000000000004e-05, "grad_norm": 3.784308671951294, "examples_seen": 2240, "supervised_tokens_seen": 46702, "epoch": 0, "elapsed_seconds": 12.106652782007586}
{"event": "update", "optimizer_step": 80, "loss_main": 0.23249078085524633, "lr": 4e-05, "grad_norm": 3.5372540950775146, "examples_seen": 2560, "supervised_tokens_seen": 53496, "epoch": 0, "elapsed_seconds": 13.807878969004378}
{"event": "update", "optimizer_step": 90, "loss_main": 0.6655753358101948, "lr": 4.5e-05, "grad_norm": 6.696997165679932, "examples_seen": 2880, "supervised_tokens_seen": 59750, "epoch": 0, "elapsed_seconds": 15.347298029984813}
{"event": "update", "optimizer_step": 100, "loss_main": 0.3692442253232002, "lr": 5e-05, "grad_norm": 3.444502592086792, "examples_seen": 3200, "supervised_tokens_seen": 66413, "epoch": 0, "elapsed_seconds": 17.012307323981076}
{"event": "evaluation", "optimizer_step": 100, "loss": 0.36559486601056707, "perplexity": 1.4413711758951127, "supervised_tokens": 9803.0, "elapsed_seconds": 17.012307323981076}
{"event": "update", "optimizer_step": 110, "loss_main": 0.2738899610623592, "lr": 4.9986293607929655e-05, "grad_norm": 3.776836633682251, "examples_seen": 3520, "supervised_tokens_seen": 73039, "epoch": 0, "elapsed_seconds": 23.26444735698169}
{"event": "update", "optimizer_step": 120, "loss_main": 1.7788594192411842, "lr": 4.9945191130846044e-05, "grad_norm": 13.703133583068848, "examples_seen": 3840, "supervised_tokens_seen": 80223, "epoch": 0, "elapsed_seconds": 25.14122937101638}
{"event": "update", "optimizer_step": 130, "loss_main": 0.4204057469561293, "lr": 4.987674264578615e-05, "grad_norm": 3.6999757289886475, "examples_seen": 4160, "supervised_tokens_seen": 87417, "epoch": 0, "elapsed_seconds": 26.916749617026653}
{"event": "update", "optimizer_step": 140, "loss_main": 0.28715201217351083, "lr": 4.978103154668534e-05, "grad_norm": 3.7469146251678467, "examples_seen": 4480, "supervised_tokens_seen": 94663, "epoch": 0, "elapsed_seconds": 28.86997976299608}
{"event": "update", "optimizer_step": 150, "loss_main": 0.42647661602942744, "lr": 4.965817444277468e-05, "grad_norm": 6.306143283843994, "examples_seen": 4800, "supervised_tokens_seen": 101460, "epoch": 0, "elapsed_seconds": 30.462147953978274}
{"event": "update", "optimizer_step": 160, "loss_main": 0.9860404346181059, "lr": 4.950832101651063e-05, "grad_norm": 5.504038333892822, "examples_seen": 5120, "supervised_tokens_seen": 108317, "epoch": 0, "elapsed_seconds": 32.13914008199936}
{"event": "update", "optimizer_step": 170, "loss_main": 0.22669297008425596, "lr": 4.933165384120992e-05, "grad_norm": 2.105719804763794, "examples_seen": 5440, "supervised_tokens_seen": 115165, "epoch": 0, "elapsed_seconds": 33.73461347701959}
{"event": "update", "optimizer_step": 180, "loss_main": 0.92964246655951, "lr": 4.9128388158612174e-05, "grad_norm": 5.570125579833984, "examples_seen": 5760, "supervised_tokens_seen": 122338, "epoch": 0, "elapsed_seconds": 35.51358441199409}
{"event": "update", "optimizer_step": 190, "loss_main": 0.20000001756253835, "lr": 4.889877161664096e-05, "grad_norm": 2.3859167098999023, "examples_seen": 6080, "supervised_tokens_seen": 129040, "epoch": 0, "elapsed_seconds": 37.30994343297789}
{"event": "update", "optimizer_step": 200, "loss_main": 1.0543103803658769, "lr": 4.864308396768294e-05, "grad_norm": 6.277799129486084, "examples_seen": 6388, "supervised_tokens_seen": 135857, "epoch": 0, "elapsed_seconds": 39.027045027993154}
{"event": "evaluation", "optimizer_step": 200, "loss": 0.36871532127405565, "perplexity": 1.445875934961819, "supervised_tokens": 9803.0, "elapsed_seconds": 39.027045027993154}
{"event": "update", "optimizer_step": 210, "loss_main": 0.25197901899457736, "lr": 4.836163672775272e-05, "grad_norm": 2.949350118637085, "examples_seen": 6708, "supervised_tokens_seen": 142152, "epoch": 0, "elapsed_seconds": 46.5772795539815}
{"event": "update", "optimizer_step": 220, "loss_main": 0.17648794303042953, "lr": 4.805477279695852e-05, "grad_norm": 1.9990859031677246, "examples_seen": 7028, "supervised_tokens_seen": 149060, "epoch": 0, "elapsed_seconds": 48.19760190800298}
{"event": "update", "optimizer_step": 230, "loss_main": 0.2377353655215402, "lr": 4.7722866041731264e-05, "grad_norm": 3.0007920265197754, "examples_seen": 7348, "supervised_tokens_seen": 155882, "epoch": 0, "elapsed_seconds": 49.79092858801596}
{"event": "update", "optimizer_step": 240, "loss_main": 0.3195750941068698, "lr": 4.7366320839325864e-05, "grad_norm": 3.331940174102783, "examples_seen": 7668, "supervised_tokens_seen": 162539, "epoch": 0, "elapsed_seconds": 51.497322701034136}
{"event": "update", "optimizer_step": 250, "loss_main": 0.36045045424600614, "lr": 4.6985571585149876e-05, "grad_norm": 3.085270643234253, "examples_seen": 7988, "supervised_tokens_seen": 169591, "epoch": 0, "elapsed_seconds": 53.17058200802421}
{"event": "update", "optimizer_step": 260, "loss_main": 0.8319204946815889, "lr": 4.6581082163519586e-05, "grad_norm": 5.2484965324401855, "examples_seen": 8308, "supervised_tokens_seen": 176256, "epoch": 0, "elapsed_seconds": 54.75555756298127}
{"event": "update", "optimizer_step": 270, "loss_main": 0.19031823360781105, "lr": 4.615334538248844e-05, "grad_norm": 2.014981269836426, "examples_seen": 8628, "supervised_tokens_seen": 182979, "epoch": 0, "elapsed_seconds": 56.4041440319852}
{"event": "update", "optimizer_step": 280, "loss_main": 0.0973282048053133, "lr": 4.570288237343632e-05, "grad_norm": 1.59712553024292, "examples_seen": 8948, "supervised_tokens_seen": 189381, "epoch": 0, "elapsed_seconds": 57.99082112102769}
{"event": "update", "optimizer_step": 290, "loss_main": 0.2723721214287514, "lr": 4.523024195615124e-05, "grad_norm": 2.0461418628692627, "examples_seen": 9268, "supervised_tokens_seen": 195867, "epoch": 0, "elapsed_seconds": 59.50907209899742}
{"event": "update", "optimizer_step": 300, "loss_main": 0.2557551609955246, "lr": 4.473599997017701e-05, "grad_norm": 4.319683074951172, "examples_seen": 9588, "supervised_tokens_seen": 202501, "epoch": 0, "elapsed_seconds": 61.17561192699941}
{"event": "evaluation", "optimizer_step": 300, "loss": 0.3150284240258101, "perplexity": 1.3702982597965565, "supervised_tokens": 9803.0, "elapsed_seconds": 61.17561192699941}
{"event": "update", "optimizer_step": 310, "loss_main": 0.3131511461253118, "lr": 4.422075857324137e-05, "grad_norm": 2.602954387664795, "examples_seen": 9908, "supervised_tokens_seen": 209802, "epoch": 0, "elapsed_seconds": 68.94844249199377}
{"event": "update", "optimizer_step": 320, "loss_main": 0.3618662510648628, "lr": 4.368514550761965e-05, "grad_norm": 2.5551185607910156, "examples_seen": 10228, "supervised_tokens_seen": 216277, "epoch": 0, "elapsed_seconds": 70.48888444702607}
{"event": "update", "optimizer_step": 330, "loss_main": 0.2678858695580409, "lr": 4.312981333532744e-05, "grad_norm": 2.2537636756896973, "examples_seen": 10548, "supervised_tokens_seen": 222897, "epoch": 0, "elapsed_seconds": 72.07408553600544}
{"event": "update", "optimizer_step": 340, "loss_main": 0.2408028203496974, "lr": 4.255543864307431e-05, "grad_norm": 3.9356634616851807, "examples_seen": 10868, "supervised_tokens_seen": 229796, "epoch": 0, "elapsed_seconds": 73.70449550403282}
{"event": "update", "optimizer_step": 350, "loss_main": 0.21791287660598754, "lr": 4.1962721217947135e-05, "grad_norm": 2.6116883754730225, "examples_seen": 11188, "supervised_tokens_seen": 236667, "epoch": 0, "elapsed_seconds": 75.35670906602172}
{"event": "update", "optimizer_step": 360, "loss_main": 0.23616300720709732, "lr": 4.135238319482731e-05, "grad_norm": 2.594611644744873, "examples_seen": 11508, "supervised_tokens_seen": 243766, "epoch": 0, "elapsed_seconds": 77.05999393202364}
{"event": "update", "optimizer_step": 370, "loss_main": 0.15570628977941076, "lr": 4.072516817658065e-05, "grad_norm": 2.0717101097106934, "examples_seen": 11828, "supervised_tokens_seen": 250907, "epoch": 0, "elapsed_seconds": 78.86554369900841}
{"event": "update", "optimizer_step": 380, "loss_main": 1.0483473474546814, "lr": 4.0081840328091804e-05, "grad_norm": 5.209836006164551, "examples_seen": 12148, "supervised_tokens_seen": 258245, "epoch": 0, "elapsed_seconds": 80.8315631460282}
{"event": "update", "optimizer_step": 390, "loss_main": 0.20899089929219838, "lr": 3.9423183445247117e-05, "grad_norm": 1.9315727949142456, "examples_seen": 12468, "supervised_tokens_seen": 265072, "epoch": 0, "elapsed_seconds": 82.5550993939978}
{"event": "update", "optimizer_step": 400, "loss_main": 0.16013246000801, "lr": 3.875e-05, "grad_norm": 2.0686962604522705, "examples_seen": 12788, "supervised_tokens_seen": 271908, "epoch": 0, "elapsed_seconds": 84.19292893097736}
{"event": "evaluation", "optimizer_step": 400, "loss": 0.3002753924252755, "perplexity": 1.3502305996588129, "supervised_tokens": 9803.0, "elapsed_seconds": 84.19292893097736}
{"event": "update", "optimizer_step": 410, "loss_main": 0.8365593432195929, "lr": 3.806311016268254e-05, "grad_norm": 4.5890679359436035, "examples_seen": 13108, "supervised_tokens_seen": 279239, "epoch": 0, "elapsed_seconds": 92.07355236902367}
{"event": "update", "optimizer_step": 420, "loss_main": 0.17693530035413002, "lr": 3.7363350802754244e-05, "grad_norm": 1.7764415740966797, "examples_seen": 13428, "supervised_tokens_seen": 286391, "epoch": 0, "elapsed_seconds": 93.96039827697678}
{"event": "update", "optimizer_step": 430, "loss_main": 0.22617370561040195, "lr": 3.665157446920551e-05, "grad_norm": 2.3573660850524902, "examples_seen": 13748, "supervised_tokens_seen": 293269, "epoch": 0, "elapsed_seconds": 95.72631793102482}
{"event": "update", "optimizer_step": 440, "loss_main": 0.9414622752027139, "lr": 3.5928648351858027e-05, "grad_norm": 5.198256015777588, "examples_seen": 14068, "supervised_tokens_seen": 300357, "epoch": 0, "elapsed_seconds": 97.48709811700974}
{"event": "update", "optimizer_step": 450, "loss_main": 0.2875508393770383, "lr": 3.519545322482755e-05, "grad_norm": 2.2356560230255127, "examples_seen": 14388, "supervised_tokens_seen": 307024, "epoch": 0, "elapsed_seconds": 99.07715799700236}
{"event": "update", "optimizer_step": 460, "loss_main": 0.3369179333959307, "lr": 3.4452882373436316e-05, "grad_norm": 2.817037582397461, "examples_seen": 14708, "supervised_tokens_seen": 313786, "epoch": 0, "elapsed_seconds": 100.69235604500864}
{"event": "update", "optimizer_step": 470, "loss_main": 0.20917687616471586, "lr": 3.370184050588248e-05, "grad_norm": 1.985223412513733, "examples_seen": 15028, "supervised_tokens_seen": 320441, "epoch": 0, "elapsed_seconds": 102.26588608598104}
{"event": "update", "optimizer_step": 480, "loss_main": 0.3264849684654026, "lr": 3.294324265099252e-05, "grad_norm": 3.0030934810638428, "examples_seen": 15348, "supervised_tokens_seen": 327101, "epoch": 0, "elapsed_seconds": 103.85376810398884}
{"event": "update", "optimizer_step": 490, "loss_main": 0.2292591185536392, "lr": 3.217801304339959e-05, "grad_norm": 2.0365114212036133, "examples_seen": 15668, "supervised_tokens_seen": 334127, "epoch": 0, "elapsed_seconds": 105.57753677899018}
{"event": "update", "optimizer_step": 500, "loss_main": 0.2829098464559308, "lr": 3.140708399750594e-05, "grad_norm": 2.1654610633850098, "examples_seen": 15988, "supervised_tokens_seen": 340856, "epoch": 0, "elapsed_seconds": 107.17987713700859}
{"event": "evaluation", "optimizer_step": 500, "loss": 0.27621099752308725, "perplexity": 1.3181259559997458, "supervised_tokens": 9803.0, "elapsed_seconds": 107.17987713700859}
{"event": "update", "optimizer_step": 510, "loss_main": 0.18741627771056318, "lr": 3.0631394771601475e-05, "grad_norm": 2.2658698558807373, "examples_seen": 16308, "supervised_tokens_seen": 347415, "epoch": 0, "elapsed_seconds": 113.61565558298025}
{"event": "update", "optimizer_step": 520, "loss_main": 0.2250534908191578, "lr": 2.9851890423522204e-05, "grad_norm": 2.448270797729492, "examples_seen": 16628, "supervised_tokens_seen": 354079, "epoch": 0, "elapsed_seconds": 115.2554602070013}
{"event": "update", "optimizer_step": 530, "loss_main": 0.1661597667104107, "lr": 2.906952065924282e-05, "grad_norm": 2.403080940246582, "examples_seen": 16948, "supervised_tokens_seen": 360785, "epoch": 0, "elapsed_seconds": 116.79712495300919}
{"event": "update", "optimizer_step": 540, "loss_main": 0.7527419652961457, "lr": 2.828523867580628e-05, "grad_norm": 4.402648448944092, "examples_seen": 17268, "supervised_tokens_seen": 367886, "epoch": 0, "elapsed_seconds": 118.54178518202389}
{"event": "update", "optimizer_step": 550, "loss_main": 1.5905831298679884, "lr": 2.7500000000000004e-05, "grad_norm": 6.0517754554748535, "examples_seen": 17588, "supervised_tokens_seen": 374903, "epoch": 0, "elapsed_seconds": 120.29442696098704}
{"event": "update", "optimizer_step": 560, "loss_main": 0.2896986965231902, "lr": 2.6714761324193736e-05, "grad_norm": 2.243215560913086, "examples_seen": 17908, "supervised_tokens_seen": 381435, "epoch": 0, "elapsed_seconds": 121.86576700402657}
{"event": "update", "optimizer_step": 570, "loss_main": 0.621344646154824, "lr": 2.593047934075718e-05, "grad_norm": 4.295223236083984, "examples_seen": 18228, "supervised_tokens_seen": 388096, "epoch": 0, "elapsed_seconds": 123.58670540602179}
{"event": "update", "optimizer_step": 580, "loss_main": 0.251611091196537, "lr": 2.5148109576477802e-05, "grad_norm": 2.4122352600097656, "examples_seen": 18548, "supervised_tokens_seen": 394713, "epoch": 0, "elapsed_seconds": 125.16775584901916}
{"event": "update", "optimizer_step": 590, "loss_main": 0.24957647121212564, "lr": 2.4368605228398534e-05, "grad_norm": 2.3968091011047363, "examples_seen": 18868, "supervised_tokens_seen": 401422, "epoch": 0, "elapsed_seconds": 126.6952790049836}
{"event": "update", "optimizer_step": 600, "loss_main": 0.19330405372948872, "lr": 2.359291600249407e-05, "grad_norm": 2.0693817138671875, "examples_seen": 19188, "supervised_tokens_seen": 408251, "epoch": 0, "elapsed_seconds": 128.32261645200197}
{"event": "evaluation", "optimizer_step": 600, "loss": 0.25317625837928964, "perplexity": 1.2881102970602403, "supervised_tokens": 9803.0, "elapsed_seconds": 128.32261645200197}
{"event": "update", "optimizer_step": 610, "loss_main": 0.29928196429836085, "lr": 2.282198695660042e-05, "grad_norm": 2.5889601707458496, "examples_seen": 19508, "supervised_tokens_seen": 414667, "epoch": 0, "elapsed_seconds": 135.7601178199984}
{"event": "update", "optimizer_step": 620, "loss_main": 0.8542006477232902, "lr": 2.205675734900748e-05, "grad_norm": 5.297843933105469, "examples_seen": 19828, "supervised_tokens_seen": 421277, "epoch": 0, "elapsed_seconds": 137.34304430300836}
{"event": "update", "optimizer_step": 630, "loss_main": 0.26775836070840003, "lr": 2.129815949411752e-05, "grad_norm": 2.167440891265869, "examples_seen": 20148, "supervised_tokens_seen": 427997, "epoch": 0, "elapsed_seconds": 138.96310181898298}
{"event": "update", "optimizer_step": 640, "loss_main": 0.18566029376877533, "lr": 2.054711762656369e-05, "grad_norm": 1.8302794694900513, "examples_seen": 20468, "supervised_tokens_seen": 434768, "epoch": 0, "elapsed_seconds": 140.6127988480148}
{"event": "update", "optimizer_step": 650, "loss_main": 0.8544535665041387, "lr": 1.9804546775172457e-05, "grad_norm": 4.866192817687988, "examples_seen": 20788, "supervised_tokens_seen": 441737, "epoch": 0, "elapsed_seconds": 142.34011855203426}
{"event": "update", "optimizer_step": 660, "loss_main": 0.9546975653769002, "lr": 1.907135164814198e-05, "grad_norm": 4.725689888000488, "examples_seen": 21108, "supervised_tokens_seen": 448667, "epoch": 0, "elapsed_seconds": 144.0172291439958}
{"event": "update", "optimizer_step": 670, "loss_main": 0.738333872191503, "lr": 1.83484255307945e-05, "grad_norm": 4.755659580230713, "examples_seen": 21428, "supervised_tokens_seen": 455358, "epoch": 0, "elapsed_seconds": 145.68749053397914}
{"event": "update", "optimizer_step": 680, "loss_main": 0.6936171609628534, "lr": 1.7636649197245758e-05, "grad_norm": 4.120481491088867, "examples_seen": 21748, "supervised_tokens_seen": 462103, "epoch": 0, "elapsed_seconds": 147.3520933840191}
{"event": "update", "optimizer_step": 690, "loss_main": 0.7670520986113275, "lr": 1.6936889837317466e-05, "grad_norm": 4.084136486053467, "examples_seen": 22068, "supervised_tokens_seen": 468798, "epoch": 0, "elapsed_seconds": 148.86327825603075}
{"event": "update", "optimizer_step": 700, "loss_main": 0.09402300632945486, "lr": 1.6250000000000005e-05, "grad_norm": 1.5176533460617065, "examples_seen": 22388, "supervised_tokens_seen": 474923, "epoch": 0, "elapsed_seconds": 150.35350342001766}
{"event": "evaluation", "optimizer_step": 700, "loss": 0.22917704403667952, "perplexity": 1.2575646636265112, "supervised_tokens": 9803.0, "elapsed_seconds": 150.35350342001766}
{"event": "update", "optimizer_step": 710, "loss_main": 0.723427817847078, "lr": 1.5576816554752892e-05, "grad_norm": 3.9733152389526367, "examples_seen": 22708, "supervised_tokens_seen": 482025, "epoch": 0, "elapsed_seconds": 157.97051337198354}
{"event": "update", "optimizer_step": 720, "loss_main": 0.18519466121991476, "lr": 1.49181596719082e-05, "grad_norm": 2.2745859622955322, "examples_seen": 23028, "supervised_tokens_seen": 488699, "epoch": 0, "elapsed_seconds": 159.71263382700272}
{"event": "update", "optimizer_step": 730, "loss_main": 1.3720646884039664, "lr": 1.427483182341936e-05, "grad_norm": 5.533935546875, "examples_seen": 23348, "supervised_tokens_seen": 495767, "epoch": 0, "elapsed_seconds": 161.54554707201896}
{"event": "update", "optimizer_step": 740, "loss_main": 0.7092111941825783, "lr": 1.364761680517269e-05, "grad_norm": 4.283426761627197, "examples_seen": 23668, "supervised_tokens_seen": 503049, "epoch": 0, "elapsed_seconds": 163.31242741300957}
{"event": "update", "optimizer_step": 750, "loss_main": 0.2565895141028672, "lr": 1.3037278782052863e-05, "grad_norm": 2.3061208724975586, "examples_seen": 23988, "supervised_tokens_seen": 510181, "epoch": 1, "elapsed_seconds": 165.09496971801855}
{"event": "update", "optimizer_step": 760, "loss_main": 0.12495458237889645, "lr": 1.2444561356925697e-05, "grad_norm": 1.5484768152236938, "examples_seen": 24308, "supervised_tokens_seen": 516840, "epoch": 1, "elapsed_seconds": 166.73661917302525}
{"event": "update", "optimizer_step": 770, "loss_main": 0.13412884612464243, "lr": 1.187018666467256e-05, "grad_norm": 1.7378276586532593, "examples_seen": 24628, "supervised_tokens_seen": 523626, "epoch": 1, "elapsed_seconds": 168.43011260102503}
{"event": "update", "optimizer_step": 780, "loss_main": 0.15278572684070865, "lr": 1.1314854492380354e-05, "grad_norm": 2.2555761337280273, "examples_seen": 24948, "supervised_tokens_seen": 530721, "epoch": 1, "elapsed_seconds": 170.28693261003355}
{"event": "update", "optimizer_step": 790, "loss_main": 0.44327287006597577, "lr": 1.0779241426758628e-05, "grad_norm": 3.8027048110961914, "examples_seen": 25268, "supervised_tokens_seen": 537467, "epoch": 1, "elapsed_seconds": 171.9594071410247}
{"event": "update", "optimizer_step": 800, "loss_main": 0.6034723990616874, "lr": 1.0264000029822999e-05, "grad_norm": 4.487579822540283, "examples_seen": 25588, "supervised_tokens_seen": 544337, "epoch": 1, "elapsed_seconds": 173.63682421599515}
{"event": "evaluation", "optimizer_step": 800, "loss": 0.22008426172793136, "perplexity": 1.246181731589556, "supervised_tokens": 9803.0, "elapsed_seconds": 173.63682421599515}
{"event": "update", "optimizer_step": 810, "loss_main": 0.09798750353542193, "lr": 9.769758043848759e-06, "grad_norm": 2.234536647796631, "examples_seen": 25908, "supervised_tokens_seen": 550889, "epoch": 1, "elapsed_seconds": 180.65475366002647}
{"event": "update", "optimizer_step": 820, "loss_main": 0.5150828172690677, "lr": 9.297117626563687e-06, "grad_norm": 4.038695812225342, "examples_seen": 26228, "supervised_tokens_seen": 557320, "epoch": 1, "elapsed_seconds": 182.24851831799606}
{"event": "update", "optimizer_step": 830, "loss_main": 0.17569825766934144, "lr": 8.846654617511564e-06, "grad_norm": 1.9959526062011719, "examples_seen": 26548, "supervised_tokens_seen": 564035, "epoch": 1, "elapsed_seconds": 183.8491453360184}
{"event": "update", "optimizer_step": 840, "loss_main": 0.20122080195273317, "lr": 8.418917836480417e-06, "grad_norm": 2.1797146797180176, "examples_seen": 26868, "supervised_tokens_seen": 570981, "epoch": 1, "elapsed_seconds": 185.60875457897782}
{"event": "update", "optimizer_step": 850, "loss_main": 0.2142218703764581, "lr": 8.01442841485013e-06, "grad_norm": 2.2677812576293945, "examples_seen": 27188, "supervised_tokens_seen": 577732, "epoch": 1, "elapsed_seconds": 187.19476765597938}
{"event": "update", "optimizer_step": 860, "loss_main": 0.13723994955081378, "lr": 7.633679160674144e-06, "grad_norm": 1.8501559495925903, "examples_seen": 27508, "supervised_tokens_seen": 584543, "epoch": 1, "elapsed_seconds": 188.84226346598007}
{"event": "update", "optimizer_step": 870, "loss_main": 0.1375045400049727, "lr": 7.277133958268747e-06, "grad_norm": 1.7542505264282227, "examples_seen": 27828, "supervised_tokens_seen": 591301, "epoch": 1, "elapsed_seconds": 190.46406198001932}
{"event": "update", "optimizer_step": 880, "loss_main": 0.2478678897023201, "lr": 6.94522720304148e-06, "grad_norm": 2.2866597175598145, "examples_seen": 28148, "supervised_tokens_seen": 598310, "epoch": 1, "elapsed_seconds": 192.20087296701968}
{"event": "update", "optimizer_step": 890, "loss_main": 0.15065656929357868, "lr": 6.638363272247286e-06, "grad_norm": 1.9032281637191772, "examples_seen": 28468, "supervised_tokens_seen": 605307, "epoch": 1, "elapsed_seconds": 193.91030676400987}
{"event": "update", "optimizer_step": 900, "loss_main": 0.49923564761057604, "lr": 6.356916032317063e-06, "grad_norm": 4.420770645141602, "examples_seen": 28788, "supervised_tokens_seen": 612239, "epoch": 1, "elapsed_seconds": 195.59450515703065}
{"event": "evaluation", "optimizer_step": 900, "loss": 0.21160101228197242, "perplexity": 1.235654775633539, "supervised_tokens": 9803.0, "elapsed_seconds": 195.59450515703065}
{"event": "update", "optimizer_step": 910, "loss_main": 0.17084301888574788, "lr": 6.1012283833590465e-06, "grad_norm": 2.1846461296081543, "examples_seen": 29108, "supervised_tokens_seen": 619052, "epoch": 1, "elapsed_seconds": 202.08609868201893}
{"event": "update", "optimizer_step": 920, "loss_main": 0.6397423807178854, "lr": 5.871611841387825e-06, "grad_norm": 4.0482354164123535, "examples_seen": 29428, "supervised_tokens_seen": 626233, "epoch": 1, "elapsed_seconds": 203.79239729000255}
{"event": "update", "optimizer_step": 930, "loss_main": 0.10863416895033821, "lr": 5.66834615879008e-06, "grad_norm": 2.0136334896087646, "examples_seen": 29748, "supervised_tokens_seen": 633087, "epoch": 1, "elapsed_seconds": 205.45878028898733}
{"event": "update", "optimizer_step": 940, "loss_main": 0.22043944936495996, "lr": 5.491678983489372e-06, "grad_norm": 2.002074718475342, "examples_seen": 30068, "supervised_tokens_seen": 640050, "epoch": 1, "elapsed_seconds": 207.0403112230124}
{"event": "update", "optimizer_step": 950, "loss_main": 0.08678719257154772, "lr": 5.341825557225321e-06, "grad_norm": 1.7033891677856445, "examples_seen": 30388, "supervised_tokens_seen": 646887, "epoch": 1, "elapsed_seconds": 208.76087998901494}
{"event": "update", "optimizer_step": 960, "loss_main": 0.18664410876423074, "lr": 5.218968453314668e-06, "grad_norm": 2.2115049362182617, "examples_seen": 30708, "supervised_tokens_seen": 653419, "epoch": 1, "elapsed_seconds": 210.30464258400025}
{"event": "update", "optimizer_step": 970, "loss_main": 0.6073891307315687, "lr": 5.123257354213851e-06, "grad_norm": 4.577785968780518, "examples_seen": 31028, "supervised_tokens_seen": 660485, "epoch": 1, "elapsed_seconds": 212.2856368140201}
{"event": "update", "optimizer_step": 980, "loss_main": 0.36236624021707853, "lr": 5.054808869153956e-06, "grad_norm": 4.177265167236328, "examples_seen": 31348, "supervised_tokens_seen": 667643, "epoch": 1, "elapsed_seconds": 214.20313420100138}
{"event": "update", "optimizer_step": 990, "loss_main": 0.6819296595056047, "lr": 5.0137063920703455e-06, "grad_norm": 4.756930351257324, "examples_seen": 31668, "supervised_tokens_seen": 674373, "epoch": 1, "elapsed_seconds": 215.8683979230118}
{"event": "update", "optimizer_step": 1000, "loss_main": 0.07810771403213342, "lr": 5e-06, "grad_norm": 1.5046706199645996, "examples_seen": 31988, "supervised_tokens_seen": 681348, "epoch": 1, "elapsed_seconds": 217.59634217002895}
{"event": "evaluation", "optimizer_step": 1000, "loss": 0.20499220426233036, "perplexity": 1.2275154955370888, "supervised_tokens": 9803.0, "elapsed_seconds": 217.59634217002895}
{"event": "complete", "optimizer_step": 1000, "evaluation": {"loss": 0.20499220426233036, "perplexity": 1.2275154955370888, "supervised_tokens": 9803.0}, "elapsed_seconds": 217.59634217002895}
[06:22:32] sft rc=0
{"event": "evaluation_progress", "processed": 16, "total": 5024}
{"event": "evaluation_progress", "processed": 27, "total": 5024}
{"event": "evaluation_progress", "processed": 43, "total": 5024}
{"event": "evaluation_progress", "processed": 59, "total": 5024}
{"event": "evaluation_progress", "processed": 75, "total": 5024}
{"event": "evaluation_progress", "processed": 88, "total": 5024}
{"event": "evaluation_progress", "processed": 104, "total": 5024}
{"event": "evaluation_progress", "processed": 120, "total": 5024}
{"event": "evaluation_progress", "processed": 136, "total": 5024}
{"event": "evaluation_progress", "processed": 152, "total": 5024}
{"event": "evaluation_progress", "processed": 168, "total": 5024}
{"event": "evaluation_progress", "processed": 171, "total": 5024}
{"event": "evaluation_progress", "processed": 187, "total": 5024}
{"event": "evaluation_progress", "processed": 203, "total": 5024}
{"event": "evaluation_progress", "processed": 219, "total": 5024}
{"event": "evaluation_progress", "processed": 235, "total": 5024}
{"event": "evaluation_progress", "processed": 251, "total": 5024}
{"event": "evaluation_progress", "processed": 267, "total": 5024}
{"event": "evaluation_progress", "processed": 279, "total": 5024}
{"event": "evaluation_progress", "processed": 295, "total": 5024}
{"event": "evaluation_progress", "processed": 311, "total": 5024}
{"event": "evaluation_progress", "processed": 327, "total": 5024}
{"event": "evaluation_progress", "processed": 343, "total": 5024}
{"event": "evaluation_progress", "processed": 347, "total": 5024}
{"event": "evaluation_progress", "processed": 363, "total": 5024}
{"event": "evaluation_progress", "processed": 379, "total": 5024}
{"event": "evaluation_progress", "processed": 395, "total": 5024}
{"event": "evaluation_progress", "processed": 411, "total": 5024}
{"event": "evaluation_progress", "processed": 427, "total": 5024}
{"event": "evaluation_progress", "processed": 443, "total": 5024}
{"event": "evaluation_progress", "processed": 459, "total": 5024}
{"event": "evaluation_progress", "processed": 469, "total": 5024}
{"event": "evaluation_progress", "processed": 485, "total": 5024}
{"event": "evaluation_progress", "processed": 501, "total": 5024}
{"event": "evaluation_progress", "processed": 517, "total": 5024}
{"event": "evaluation_progress", "processed": 533, "total": 5024}
{"event": "evaluation_progress", "processed": 549, "total": 5024}
{"event": "evaluation_progress", "processed": 565, "total": 5024}
{"event": "evaluation_progress", "processed": 581, "total": 5024}
{"event": "evaluation_progress", "processed": 597, "total": 5024}
{"event": "evaluation_progress", "processed": 599, "total": 5024}
{"event": "evaluation_progress", "processed": 615, "total": 5024}
{"event": "evaluation_progress", "processed": 631, "total": 5024}
{"event": "evaluation_progress", "processed": 644, "total": 5024}
{"event": "evaluation_progress", "processed": 660, "total": 5024}
{"event": "evaluation_progress", "processed": 676, "total": 5024}
{"event": "evaluation_progress", "processed": 692, "total": 5024}
{"event": "evaluation_progress", "processed": 708, "total": 5024}
{"event": "evaluation_progress", "processed": 724, "total": 5024}
{"event": "evaluation_progress", "processed": 740, "total": 5024}
{"event": "evaluation_progress", "processed": 743, "total": 5024}
{"event": "evaluation_progress", "processed": 759, "total": 5024}
{"event": "evaluation_progress", "processed": 775, "total": 5024}
{"event": "evaluation_progress", "processed": 791, "total": 5024}
{"event": "evaluation_progress", "processed": 807, "total": 5024}
{"event": "evaluation_progress", "processed": 823, "total": 5024}
{"event": "evaluation_progress", "processed": 839, "total": 5024}
{"event": "evaluation_progress", "processed": 855, "total": 5024}
{"event": "evaluation_progress", "processed": 871, "total": 5024}
{"event": "evaluation_progress", "processed": 876, "total": 5024}
{"event": "evaluation_progress", "processed": 891, "total": 5024}
{"event": "evaluation_progress", "processed": 907, "total": 5024}
{"event": "evaluation_progress", "processed": 923, "total": 5024}
{"event": "evaluation_progress", "processed": 939, "total": 5024}
{"event": "evaluation_progress", "processed": 955, "total": 5024}
{"event": "evaluation_progress", "processed": 962, "total": 5024}
{"event": "evaluation_progress", "processed": 978, "total": 5024}
{"event": "evaluation_progress", "processed": 989, "total": 5024}
{"event": "evaluation_progress", "processed": 1005, "total": 5024}
{"event": "evaluation_progress", "processed": 1021, "total": 5024}
{"event": "evaluation_progress", "processed": 1037, "total": 5024}
{"event": "evaluation_progress", "processed": 1053, "total": 5024}
{"event": "evaluation_progress", "processed": 1069, "total": 5024}
{"event": "evaluation_progress", "processed": 1085, "total": 5024}
{"event": "evaluation_progress", "processed": 1101, "total": 5024}
{"event": "evaluation_progress", "processed": 1114, "total": 5024}
{"event": "evaluation_progress", "processed": 1130, "total": 5024}
{"event": "evaluation_progress", "processed": 1146, "total": 5024}
{"event": "evaluation_progress", "processed": 1162, "total": 5024}
{"event": "evaluation_progress", "processed": 1178, "total": 5024}
{"event": "evaluation_progress", "processed": 1194, "total": 5024}
{"event": "evaluation_progress", "processed": 1210, "total": 5024}
{"event": "evaluation_progress", "processed": 1220, "total": 5024}
{"event": "evaluation_progress", "processed": 1236, "total": 5024}
{"event": "evaluation_progress", "processed": 1252, "total": 5024}
{"event": "evaluation_progress", "processed": 1268, "total": 5024}
{"event": "evaluation_progress", "processed": 1277, "total": 5024}
{"event": "evaluation_progress", "processed": 1293, "total": 5024}
{"event": "evaluation_progress", "processed": 1302, "total": 5024}
{"event": "evaluation_progress", "processed": 1318, "total": 5024}
{"event": "evaluation_progress", "processed": 1334, "total": 5024}
{"event": "evaluation_progress", "processed": 1350, "total": 5024}
{"event": "evaluation_progress", "processed": 1366, "total": 5024}
{"event": "evaluation_progress", "processed": 1382, "total": 5024}
{"event": "evaluation_progress", "processed": 1394, "total": 5024}
{"event": "evaluation_progress", "processed": 1410, "total": 5024}
{"event": "evaluation_progress", "processed": 1426, "total": 5024}
{"event": "evaluation_progress", "processed": 1442, "total": 5024}
{"event": "evaluation_progress", "processed": 1458, "total": 5024}
{"event": "evaluation_progress", "processed": 1474, "total": 5024}
{"event": "evaluation_progress", "processed": 1490, "total": 5024}
{"event": "evaluation_progress", "processed": 1501, "total": 5024}
{"event": "evaluation_progress", "processed": 1517, "total": 5024}
{"event": "evaluation_progress", "processed": 1533, "total": 5024}
{"event": "evaluation_progress", "processed": 1549, "total": 5024}
{"event": "evaluation_progress", "processed": 1565, "total": 5024}
{"event": "evaluation_progress", "processed": 1581, "total": 5024}
{"event": "evaluation_progress", "processed": 1597, "total": 5024}
{"event": "evaluation_progress", "processed": 1613, "total": 5024}
{"event": "evaluation_progress", "processed": 1627, "total": 5024}
{"event": "evaluation_progress", "processed": 1643, "total": 5024}
{"event": "evaluation_progress", "processed": 1659, "total": 5024}
{"event": "evaluation_progress", "processed": 1675, "total": 5024}
{"event": "evaluation_progress", "processed": 1691, "total": 5024}
{"event": "evaluation_progress", "processed": 1707, "total": 5024}
{"event": "evaluation_progress", "processed": 1723, "total": 5024}
{"event": "evaluation_progress", "processed": 1739, "total": 5024}
{"event": "evaluation_progress", "processed": 1748, "total": 5024}
{"event": "evaluation_progress", "processed": 1764, "total": 5024}
{"event": "evaluation_progress", "processed": 1780, "total": 5024}
{"event": "evaluation_progress", "processed": 1796, "total": 5024}
{"event": "evaluation_progress", "processed": 1812, "total": 5024}
{"event": "evaluation_progress", "processed": 1828, "total": 5024}
{"event": "evaluation_progress", "processed": 1844, "total": 5024}
{"event": "evaluation_progress", "processed": 1860, "total": 5024}
{"event": "evaluation_progress", "processed": 1876, "total": 5024}
{"event": "evaluation_progress", "processed": 1886, "total": 5024}
{"event": "evaluation_progress", "processed": 1902, "total": 5024}
{"event": "evaluation_progress", "processed": 1918, "total": 5024}
{"event": "evaluation_progress", "processed": 1934, "total": 5024}
{"event": "evaluation_progress", "processed": 1950, "total": 5024}
{"event": "evaluation_progress", "processed": 1966, "total": 5024}
{"event": "evaluation_progress", "processed": 1980, "total": 5024}
{"event": "evaluation_progress", "processed": 1996, "total": 5024}
{"event": "evaluation_progress", "processed": 2012, "total": 5024}
{"event": "evaluation_progress", "processed": 2028, "total": 5024}
{"event": "evaluation_progress", "processed": 2044, "total": 5024}
{"event": "evaluation_progress", "processed": 2060, "total": 5024}
{"event": "evaluation_progress", "processed": 2076, "total": 5024}
{"event": "evaluation_progress", "processed": 2092, "total": 5024}
{"event": "evaluation_progress", "processed": 2108, "total": 5024}
{"event": "evaluation_progress", "processed": 2124, "total": 5024}
{"event": "evaluation_progress", "processed": 2127, "total": 5024}
{"event": "evaluation_progress", "processed": 2143, "total": 5024}
{"event": "evaluation_progress", "processed": 2159, "total": 5024}
{"event": "evaluation_progress", "processed": 2175, "total": 5024}
{"event": "evaluation_progress", "processed": 2191, "total": 5024}
{"event": "evaluation_progress", "processed": 2207, "total": 5024}
{"event": "evaluation_progress", "processed": 2223, "total": 5024}
{"event": "evaluation_progress", "processed": 2239, "total": 5024}
{"event": "evaluation_progress", "processed": 2251, "total": 5024}
{"event": "evaluation_progress", "processed": 2267, "total": 5024}
{"event": "evaluation_progress", "processed": 2283, "total": 5024}
{"event": "evaluation_progress", "processed": 2299, "total": 5024}
{"event": "evaluation_progress", "processed": 2315, "total": 5024}
{"event": "evaluation_progress", "processed": 2331, "total": 5024}
{"event": "evaluation_progress", "processed": 2347, "total": 5024}
{"event": "evaluation_progress", "processed": 2363, "total": 5024}
{"event": "evaluation_progress", "processed": 2374, "total": 5024}
{"event": "evaluation_progress", "processed": 2390, "total": 5024}
{"event": "evaluation_progress", "processed": 2406, "total": 5024}
{"event": "evaluation_progress", "processed": 2422, "total": 5024}
{"event": "evaluation_progress", "processed": 2438, "total": 5024}
{"event": "evaluation_progress", "processed": 2450, "total": 5024}
{"event": "evaluation_progress", "processed": 2466, "total": 5024}
{"event": "evaluation_progress", "processed": 2482, "total": 5024}
{"event": "evaluation_progress", "processed": 2498, "total": 5024}
{"event": "evaluation_progress", "processed": 2514, "total": 5024}
{"event": "evaluation_progress", "processed": 2530, "total": 5024}
{"event": "evaluation_progress", "processed": 2546, "total": 5024}
{"event": "evaluation_progress", "processed": 2562, "total": 5024}
{"event": "evaluation_progress", "processed": 2573, "total": 5024}
{"event": "evaluation_progress", "processed": 2589, "total": 5024}
{"event": "evaluation_progress", "processed": 2605, "total": 5024}
{"event": "evaluation_progress", "processed": 2621, "total": 5024}
{"event": "evaluation_progress", "processed": 2637, "total": 5024}
{"event": "evaluation_progress", "processed": 2651, "total": 5024}
{"event": "evaluation_progress", "processed": 2667, "total": 5024}
{"event": "evaluation_progress", "processed": 2683, "total": 5024}
{"event": "evaluation_progress", "processed": 2699, "total": 5024}
{"event": "evaluation_progress", "processed": 2710, "total": 5024}
{"event": "evaluation_progress", "processed": 2726, "total": 5024}
{"event": "evaluation_progress", "processed": 2742, "total": 5024}
{"event": "evaluation_progress", "processed": 2758, "total": 5024}
{"event": "evaluation_progress", "processed": 2774, "total": 5024}
{"event": "evaluation_progress", "processed": 2790, "total": 5024}
{"event": "evaluation_progress", "processed": 2806, "total": 5024}
{"event": "evaluation_progress", "processed": 2822, "total": 5024}
{"event": "evaluation_progress", "processed": 2826, "total": 5024}
{"event": "evaluation_progress", "processed": 2834, "total": 5024}
{"event": "evaluation_progress", "processed": 2844, "total": 5024}
{"event": "evaluation_progress", "processed": 2847, "total": 5024}
{"event": "evaluation_progress", "processed": 2852, "total": 5024}
{"event": "evaluation_progress", "processed": 2868, "total": 5024}
{"event": "evaluation_progress", "processed": 2871, "total": 5024}
{"event": "evaluation_progress", "processed": 2887, "total": 5024}
{"event": "evaluation_progress", "processed": 2901, "total": 5024}
{"event": "evaluation_progress", "processed": 2917, "total": 5024}
{"event": "evaluation_progress", "processed": 2933, "total": 5024}
{"event": "evaluation_progress", "processed": 2949, "total": 5024}
{"event": "evaluation_progress", "processed": 2965, "total": 5024}
{"event": "evaluation_progress", "processed": 2981, "total": 5024}
{"event": "evaluation_progress", "processed": 2990, "total": 5024}
{"event": "evaluation_progress", "processed": 3001, "total": 5024}
{"event": "evaluation_progress", "processed": 3017, "total": 5024}
{"event": "evaluation_progress", "processed": 3033, "total": 5024}
{"event": "evaluation_progress", "processed": 3037, "total": 5024}
{"event": "evaluation_progress", "processed": 3053, "total": 5024}
{"event": "evaluation_progress", "processed": 3069, "total": 5024}
{"event": "evaluation_progress", "processed": 3085, "total": 5024}
{"event": "evaluation_progress", "processed": 3101, "total": 5024}
{"event": "evaluation_progress", "processed": 3103, "total": 5024}
{"event": "evaluation_progress", "processed": 3119, "total": 5024}
{"event": "evaluation_progress", "processed": 3135, "total": 5024}
{"event": "evaluation_progress", "processed": 3151, "total": 5024}
{"event": "evaluation_progress", "processed": 3166, "total": 5024}
{"event": "evaluation_progress", "processed": 3176, "total": 5024}
{"event": "evaluation_progress", "processed": 3186, "total": 5024}
{"event": "evaluation_progress", "processed": 3202, "total": 5024}
{"event": "evaluation_progress", "processed": 3218, "total": 5024}
{"event": "evaluation_progress", "processed": 3234, "total": 5024}
{"event": "evaluation_progress", "processed": 3242, "total": 5024}
{"event": "evaluation_progress", "processed": 3258, "total": 5024}
{"event": "evaluation_progress", "processed": 3274, "total": 5024}
{"event": "evaluation_progress", "processed": 3290, "total": 5024}
{"event": "evaluation_progress", "processed": 3306, "total": 5024}
{"event": "evaluation_progress", "processed": 3322, "total": 5024}
{"event": "evaluation_progress", "processed": 3325, "total": 5024}
{"event": "evaluation_progress", "processed": 3341, "total": 5024}
{"event": "evaluation_progress", "processed": 3357, "total": 5024}
{"event": "evaluation_progress", "processed": 3366, "total": 5024}
{"event": "evaluation_progress", "processed": 3382, "total": 5024}
{"event": "evaluation_progress", "processed": 3393, "total": 5024}
{"event": "evaluation_progress", "processed": 3409, "total": 5024}
{"event": "evaluation_progress", "processed": 3425, "total": 5024}
{"event": "evaluation_progress", "processed": 3441, "total": 5024}
{"event": "evaluation_progress", "processed": 3457, "total": 5024}
{"event": "evaluation_progress", "processed": 3473, "total": 5024}
{"event": "evaluation_progress", "processed": 3489, "total": 5024}
{"event": "evaluation_progress", "processed": 3492, "total": 5024}
{"event": "evaluation_progress", "processed": 3502, "total": 5024}
{"event": "evaluation_progress", "processed": 3518, "total": 5024}
{"event": "evaluation_progress", "processed": 3534, "total": 5024}
{"event": "evaluation_progress", "processed": 3550, "total": 5024}
{"event": "evaluation_progress", "processed": 3556, "total": 5024}
{"event": "evaluation_progress", "processed": 3572, "total": 5024}
{"event": "evaluation_progress", "processed": 3579, "total": 5024}
{"event": "evaluation_progress", "processed": 3595, "total": 5024}
{"event": "evaluation_progress", "processed": 3611, "total": 5024}
{"event": "evaluation_progress", "processed": 3627, "total": 5024}
{"event": "evaluation_progress", "processed": 3638, "total": 5024}
{"event": "evaluation_progress", "processed": 3646, "total": 5024}
{"event": "evaluation_progress", "processed": 3662, "total": 5024}
{"event": "evaluation_progress", "processed": 3678, "total": 5024}
{"event": "evaluation_progress", "processed": 3690, "total": 5024}
{"event": "evaluation_progress", "processed": 3700, "total": 5024}
{"event": "evaluation_progress", "processed": 3716, "total": 5024}
{"event": "evaluation_progress", "processed": 3732, "total": 5024}
{"event": "evaluation_progress", "processed": 3748, "total": 5024}
{"event": "evaluation_progress", "processed": 3750, "total": 5024}
{"event": "evaluation_progress", "processed": 3766, "total": 5024}
{"event": "evaluation_progress", "processed": 3779, "total": 5024}
{"event": "evaluation_progress", "processed": 3795, "total": 5024}
{"event": "evaluation_progress", "processed": 3804, "total": 5024}
{"event": "evaluation_progress", "processed": 3807, "total": 5024}
{"event": "evaluation_progress", "processed": 3823, "total": 5024}
{"event": "evaluation_progress", "processed": 3839, "total": 5024}
{"event": "evaluation_progress", "processed": 3855, "total": 5024}
{"event": "evaluation_progress", "processed": 3871, "total": 5024}
{"event": "evaluation_progress", "processed": 3882, "total": 5024}
{"event": "evaluation_progress", "processed": 3898, "total": 5024}
{"event": "evaluation_progress", "processed": 3914, "total": 5024}
{"event": "evaluation_progress", "processed": 3922, "total": 5024}
{"event": "evaluation_progress", "processed": 3938, "total": 5024}
{"event": "evaluation_progress", "processed": 3954, "total": 5024}
{"event": "evaluation_progress", "processed": 3962, "total": 5024}
{"event": "evaluation_progress", "processed": 3968, "total": 5024}
{"event": "evaluation_progress", "processed": 3973, "total": 5024}
{"event": "evaluation_progress", "processed": 3989, "total": 5024}
{"event": "evaluation_progress", "processed": 3998, "total": 5024}
{"event": "evaluation_progress", "processed": 4002, "total": 5024}
{"event": "evaluation_progress", "processed": 4018, "total": 5024}
{"event": "evaluation_progress", "processed": 4019, "total": 5024}
{"event": "evaluation_progress", "processed": 4035, "total": 5024}
{"event": "evaluation_progress", "processed": 4051, "total": 5024}
{"event": "evaluation_progress", "processed": 4067, "total": 5024}
{"event": "evaluation_progress", "processed": 4083, "total": 5024}
{"event": "evaluation_progress", "processed": 4099, "total": 5024}
{"event": "evaluation_progress", "processed": 4110, "total": 5024}
{"event": "evaluation_progress", "processed": 4126, "total": 5024}
{"event": "evaluation_progress", "processed": 4142, "total": 5024}
{"event": "evaluation_progress", "processed": 4158, "total": 5024}
{"event": "evaluation_progress", "processed": 4174, "total": 5024}
{"event": "evaluation_progress", "processed": 4176, "total": 5024}
{"event": "evaluation_progress", "processed": 4179, "total": 5024}
{"event": "evaluation_progress", "processed": 4195, "total": 5024}
{"event": "evaluation_progress", "processed": 4211, "total": 5024}
{"event": "evaluation_progress", "processed": 4227, "total": 5024}
{"event": "evaluation_progress", "processed": 4243, "total": 5024}
{"event": "evaluation_progress", "processed": 4249, "total": 5024}
{"event": "evaluation_progress", "processed": 4265, "total": 5024}
{"event": "evaluation_progress", "processed": 4275, "total": 5024}
{"event": "evaluation_progress", "processed": 4288, "total": 5024}
{"event": "evaluation_progress", "processed": 4296, "total": 5024}
{"event": "evaluation_progress", "processed": 4312, "total": 5024}
{"event": "evaluation_progress", "processed": 4328, "total": 5024}
{"event": "evaluation_progress", "processed": 4329, "total": 5024}
{"event": "evaluation_progress", "processed": 4345, "total": 5024}
{"event": "evaluation_progress", "processed": 4351, "total": 5024}
{"event": "evaluation_progress", "processed": 4364, "total": 5024}
{"event": "evaluation_progress", "processed": 4374, "total": 5024}
{"event": "evaluation_progress", "processed": 4380, "total": 5024}
{"event": "evaluation_progress", "processed": 4396, "total": 5024}
{"event": "evaluation_progress", "processed": 4412, "total": 5024}
{"event": "evaluation_progress", "processed": 4428, "total": 5024}
{"event": "evaluation_progress", "processed": 4435, "total": 5024}
{"event": "evaluation_progress", "processed": 4451, "total": 5024}
{"event": "evaluation_progress", "processed": 4465, "total": 5024}
{"event": "evaluation_progress", "processed": 4481, "total": 5024}
{"event": "evaluation_progress", "processed": 4497, "total": 5024}
{"event": "evaluation_progress", "processed": 4513, "total": 5024}
{"event": "evaluation_progress", "processed": 4529, "total": 5024}
{"event": "evaluation_progress", "processed": 4532, "total": 5024}
{"event": "evaluation_progress", "processed": 4537, "total": 5024}
{"event": "evaluation_progress", "processed": 4547, "total": 5024}
{"event": "evaluation_progress", "processed": 4563, "total": 5024}
{"event": "evaluation_progress", "processed": 4568, "total": 5024}
{"event": "evaluation_progress", "processed": 4579, "total": 5024}
{"event": "evaluation_progress", "processed": 4586, "total": 5024}
{"event": "evaluation_progress", "processed": 4588, "total": 5024}
{"event": "evaluation_progress", "processed": 4589, "total": 5024}
{"event": "evaluation_progress", "processed": 4594, "total": 5024}
{"event": "evaluation_progress", "processed": 4595, "total": 5024}
{"event": "evaluation_progress", "processed": 4596, "total": 5024}
{"event": "evaluation_progress", "processed": 4600, "total": 5024}
{"event": "evaluation_progress", "processed": 4602, "total": 5024}
{"event": "evaluation_progress", "processed": 4605, "total": 5024}
{"event": "evaluation_progress", "processed": 4612, "total": 5024}
{"event": "evaluation_progress", "processed": 4617, "total": 5024}
{"event": "evaluation_progress", "processed": 4620, "total": 5024}
{"event": "evaluation_progress", "processed": 4625, "total": 5024}
{"event": "evaluation_progress", "processed": 4628, "total": 5024}
{"event": "evaluation_progress", "processed": 4629, "total": 5024}
{"event": "evaluation_progress", "processed": 4633, "total": 5024}
{"event": "evaluation_progress", "processed": 4636, "total": 5024}
{"event": "evaluation_progress", "processed": 4639, "total": 5024}
{"event": "evaluation_progress", "processed": 4642, "total": 5024}
{"event": "evaluation_progress", "processed": 4645, "total": 5024}
{"event": "evaluation_progress", "processed": 4648, "total": 5024}
{"event": "evaluation_progress", "processed": 4653, "total": 5024}
{"event": "evaluation_progress", "processed": 4654, "total": 5024}
{"event": "evaluation_progress", "processed": 4656, "total": 5024}
{"event": "evaluation_progress", "processed": 4657, "total": 5024}
{"event": "evaluation_progress", "processed": 4658, "total": 5024}
{"event": "evaluation_progress", "processed": 4661, "total": 5024}
{"event": "evaluation_progress", "processed": 4664, "total": 5024}
{"event": "evaluation_progress", "processed": 4667, "total": 5024}
{"event": "evaluation_progress", "processed": 4668, "total": 5024}
{"event": "evaluation_progress", "processed": 4669, "total": 5024}
{"event": "evaluation_progress", "processed": 4671, "total": 5024}
{"event": "evaluation_progress", "processed": 4673, "total": 5024}
{"event": "evaluation_progress", "processed": 4674, "total": 5024}
{"event": "evaluation_progress", "processed": 4675, "total": 5024}
{"event": "evaluation_progress", "processed": 4676, "total": 5024}
{"event": "evaluation_progress", "processed": 4677, "total": 5024}
{"event": "evaluation_progress", "processed": 4679, "total": 5024}
{"event": "evaluation_progress", "processed": 4680, "total": 5024}
{"event": "evaluation_progress", "processed": 4681, "total": 5024}
{"event": "evaluation_progress", "processed": 4682, "total": 5024}
{"event": "evaluation_progress", "processed": 4683, "total": 5024}
{"event": "evaluation_progress", "processed": 4684, "total": 5024}
{"event": "evaluation_progress", "processed": 4685, "total": 5024}
{"event": "evaluation_progress", "processed": 4686, "total": 5024}
{"event": "evaluation_progress", "processed": 4702, "total": 5024}
{"event": "evaluation_progress", "processed": 4718, "total": 5024}
{"event": "evaluation_progress", "processed": 4734, "total": 5024}
{"event": "evaluation_progress", "processed": 4750, "total": 5024}
{"event": "evaluation_progress", "processed": 4766, "total": 5024}
{"event": "evaluation_progress", "processed": 4782, "total": 5024}
{"event": "evaluation_progress", "processed": 4798, "total": 5024}
{"event": "evaluation_progress", "processed": 4814, "total": 5024}
{"event": "evaluation_progress", "processed": 4830, "total": 5024}
{"event": "evaluation_progress", "processed": 4846, "total": 5024}
{"event": "evaluation_progress", "processed": 4862, "total": 5024}
{"event": "evaluation_progress", "processed": 4875, "total": 5024}
{"event": "evaluation_progress", "processed": 4891, "total": 5024}
{"event": "evaluation_progress", "processed": 4907, "total": 5024}
{"event": "evaluation_progress", "processed": 4923, "total": 5024}
{"event": "evaluation_progress", "processed": 4939, "total": 5024}
{"event": "evaluation_progress", "processed": 4955, "total": 5024}
{"event": "evaluation_progress", "processed": 4971, "total": 5024}
{"event": "evaluation_progress", "processed": 4986, "total": 5024}
{"event": "evaluation_progress", "processed": 5002, "total": 5024}
{"event": "evaluation_progress", "processed": 5018, "total": 5024}
{"event": "evaluation_progress", "processed": 5024, "total": 5024}
{
  "asdiv": {
    "correct": 341,
    "total": 2305,
    "accuracy": 0.14793926247288502
  },
  "svamp": {
    "correct": 131,
    "total": 1000,
    "accuracy": 0.131
  },
  "gsm8k": {
    "correct": 54,
    "total": 1319,
    "accuracy": 0.04094010614101592
  },
  "algebra": {
    "correct": 51,
    "total": 100,
    "accuracy": 0.51
  },
  "arithmetic": {
    "correct": 67,
    "total": 300,
    "accuracy": 0.22333333333333333
  },
  "overall": {
    "correct": 644,
    "total": 5024,
    "accuracy": 0.12818471337579618
  },
  "numeric_completion_rate": 0.9990047770700637
}
[06:26:04] DONE
