{"event": "start", "state": {"optimizer_step": 0, "examples_seen": 0, "supervised_tokens_seen": 0, "epoch": 0, "batch_in_epoch": 0, "elapsed_seconds": 0.0}, "evaluation": {"loss": 2.0319742419872187, "perplexity": 7.629133255984635, "supervised_tokens": 9803.0}, "target_updates": 1000, "settings": {"max_sequence_length": 512, "microbatch_size": 16, "gradient_accumulation": 2, "learning_rate": 5e-05, "warmup_updates": 100, "weight_decay": 0.01, "grad_clip": 1.0, "planned_total_updates": 1000, "checkpoint_updates": 100, "min_lr_ratio": 0.1, "seed": 2027}, "parameters": 329821696, "train_examples": 23780, "heldout_examples": 1222, "device": "cuda", "precision": "bf16-autocast"}
{"event": "update", "optimizer_step": 1, "loss_main": 2.5784718162655214, "lr": 5e-07, "grad_norm": 20.227397918701172, "examples_seen": 32, "supervised_tokens_seen": 579, "epoch": 0, "elapsed_seconds": 0.6653918030206114}
{"event": "update", "optimizer_step": 10, "loss_main": 1.1385469732172724, "lr": 5e-06, "grad_norm": 16.594636917114258, "examples_seen": 320, "supervised_tokens_seen": 6491, "epoch": 0, "elapsed_seconds": 3.8706104020238854}
{"event": "update", "optimizer_step": 20, "loss_main": 0.6986355488016569, "lr": 1e-05, "grad_norm": 6.7827959060668945, "examples_seen": 640, "supervised_tokens_seen": 13620, "epoch": 0, "elapsed_seconds": 7.346817436045967}
{"event": "update", "optimizer_step": 30, "loss_main": 0.2844058108722665, "lr": 1.5e-05, "grad_norm": 2.801898956298828, "examples_seen": 960, "supervised_tokens_seen": 20206, "epoch": 0, "elapsed_seconds": 10.611424598027952}
{"event": "update", "optimizer_step": 40, "loss_main": 1.330557523408808, "lr": 2e-05, "grad_norm": 6.430849552154541, "examples_seen": 1280, "supervised_tokens_seen": 27073, "epoch": 0, "elapsed_seconds": 14.123087262036279}
{"event": "update", "optimizer_step": 50, "loss_main": 0.30794169033910457, "lr": 2.5e-05, "grad_norm": 4.632329940795898, "examples_seen": 1600, "supervised_tokens_seen": 33521, "epoch": 0, "elapsed_seconds": 17.836523202015087}
{"event": "update", "optimizer_step": 60, "loss_main": 0.35929441763465425, "lr": 3e-05, "grad_norm": 3.1030611991882324, "examples_seen": 1920, "supervised_tokens_seen": 40471, "epoch": 0, "elapsed_seconds": 21.286717599024996}
{"event": "update", "optimizer_step": 70, "loss_main": 0.15971429881770255, "lr": 3.5000000000000004e-05, "grad_norm": 2.5112686157226562, "examples_seen": 2240, "supervised_tokens_seen": 46702, "epoch": 0, "elapsed_seconds": 24.43440844200086}
{"event": "update", "optimizer_step": 80, "loss_main": 0.23465460633210408, "lr": 4e-05, "grad_norm": 2.248328685760498, "examples_seen": 2560, "supervised_tokens_seen": 53496, "epoch": 0, "elapsed_seconds": 27.884093013009988}
{"event": "update", "optimizer_step": 90, "loss_main": 0.5824780054766723, "lr": 4.5e-05, "grad_norm": 2.836078405380249, "examples_seen": 2880, "supervised_tokens_seen": 59750, "epoch": 0, "elapsed_seconds": 31.007205241010524}
{"event": "update", "optimizer_step": 100, "loss_main": 0.3388393372297287, "lr": 5e-05, "grad_norm": 2.063934803009033, "examples_seen": 3200, "supervised_tokens_seen": 66413, "epoch": 0, "elapsed_seconds": 34.374823408026714}
{"event": "evaluation", "optimizer_step": 100, "loss": 0.3325079928900798, "perplexity": 1.3944610449142283, "supervised_tokens": 9803.0, "elapsed_seconds": 34.374823408026714}
{"event": "update", "optimizer_step": 110, "loss_main": 0.28002031650863773, "lr": 4.9986293607929655e-05, "grad_norm": 2.997619867324829, "examples_seen": 3520, "supervised_tokens_seen": 73039, "epoch": 0, "elapsed_seconds": 47.80563777900534}
{"event": "update", "optimizer_step": 120, "loss_main": 1.6054034601769795, "lr": 4.9945191130846044e-05, "grad_norm": 5.0050554275512695, "examples_seen": 3840, "supervised_tokens_seen": 80223, "epoch": 0, "elapsed_seconds": 51.60864480602322}
{"event": "update", "optimizer_step": 130, "loss_main": 0.39621331470238197, "lr": 4.987674264578615e-05, "grad_norm": 2.1997482776641846, "examples_seen": 4160, "supervised_tokens_seen": 87417, "epoch": 0, "elapsed_seconds": 55.223621660028584}
{"event": "update", "optimizer_step": 140, "loss_main": 0.22137738457774814, "lr": 4.978103154668534e-05, "grad_norm": 1.974542260169983, "examples_seen": 4480, "supervised_tokens_seen": 94663, "epoch": 0, "elapsed_seconds": 59.191992506035604}
{"event": "update", "optimizer_step": 150, "loss_main": 0.3612538638098218, "lr": 4.965817444277468e-05, "grad_norm": 2.388543128967285, "examples_seen": 4800, "supervised_tokens_seen": 101460, "epoch": 0, "elapsed_seconds": 62.431822076032404}
{"event": "update", "optimizer_step": 160, "loss_main": 0.9253839377699227, "lr": 4.950832101651063e-05, "grad_norm": 3.462540864944458, "examples_seen": 5120, "supervised_tokens_seen": 108317, "epoch": 0, "elapsed_seconds": 65.8471646370017}
{"event": "update", "optimizer_step": 170, "loss_main": 0.23934646490907943, "lr": 4.933165384120992e-05, "grad_norm": 1.9820411205291748, "examples_seen": 5440, "supervised_tokens_seen": 115165, "epoch": 0, "elapsed_seconds": 69.11487569805468}
{"event": "update", "optimizer_step": 180, "loss_main": 0.8563554876756139, "lr": 4.9128388158612174e-05, "grad_norm": 3.592838764190674, "examples_seen": 5760, "supervised_tokens_seen": 122338, "epoch": 0, "elapsed_seconds": 72.76117959205294}
{"event": "update", "optimizer_step": 190, "loss_main": 0.1912663409993924, "lr": 4.889877161664096e-05, "grad_norm": 2.097522497177124, "examples_seen": 6080, "supervised_tokens_seen": 129040, "epoch": 0, "elapsed_seconds": 76.41478727204958}
{"event": "update", "optimizer_step": 200, "loss_main": 0.9515655191171737, "lr": 4.864308396768294e-05, "grad_norm": 3.734711170196533, "examples_seen": 6388, "supervised_tokens_seen": 135857, "epoch": 0, "elapsed_seconds": 79.93074575904757}
{"event": "evaluation", "optimizer_step": 200, "loss": 0.38303510535375007, "perplexity": 1.4667295192232488, "supervised_tokens": 9803.0, "elapsed_seconds": 79.93074575904757}
{"event": "update", "optimizer_step": 210, "loss_main": 0.24312070462923902, "lr": 4.836163672775272e-05, "grad_norm": 2.087881326675415, "examples_seen": 6708, "supervised_tokens_seen": 142152, "epoch": 0, "elapsed_seconds": 92.96704220102401}
{"event": "update", "optimizer_step": 220, "loss_main": 0.15649140071267545, "lr": 4.805477279695852e-05, "grad_norm": 1.4581656455993652, "examples_seen": 7028, "supervised_tokens_seen": 149060, "epoch": 0, "elapsed_seconds": 96.299357668031}
{"event": "update", "optimizer_step": 230, "loss_main": 0.2453288527837409, "lr": 4.7722866041731264e-05, "grad_norm": 2.1158182621002197, "examples_seen": 7348, "supervised_tokens_seen": 155882, "epoch": 0, "elapsed_seconds": 99.57733879704028}
{"event": "update", "optimizer_step": 240, "loss_main": 0.2680305634553616, "lr": 4.7366320839325864e-05, "grad_norm": 2.1280295848846436, "examples_seen": 7668, "supervised_tokens_seen": 162539, "epoch": 0, "elapsed_seconds": 103.06693730200641}
{"event": "update", "optimizer_step": 250, "loss_main": 0.2998989204700612, "lr": 4.6985571585149876e-05, "grad_norm": 2.4000749588012695, "examples_seen": 7988, "supervised_tokens_seen": 169591, "epoch": 0, "elapsed_seconds": 106.48318557901075}
{"event": "update", "optimizer_step": 260, "loss_main": 0.8096278923001928, "lr": 4.6581082163519586e-05, "grad_norm": 3.4522624015808105, "examples_seen": 8308, "supervised_tokens_seen": 176256, "epoch": 0, "elapsed_seconds": 109.71851897402667}
{"event": "update", "optimizer_step": 270, "loss_main": 0.1995593989748328, "lr": 4.615334538248844e-05, "grad_norm": 1.7565683126449585, "examples_seen": 8628, "supervised_tokens_seen": 182979, "epoch": 0, "elapsed_seconds": 113.10492464801064}
{"event": "update", "optimizer_step": 280, "loss_main": 0.10082544059180365, "lr": 4.570288237343632e-05, "grad_norm": 1.3966495990753174, "examples_seen": 8948, "supervised_tokens_seen": 189381, "epoch": 0, "elapsed_seconds": 116.36242684104946}
{"event": "update", "optimizer_step": 290, "loss_main": 0.2653970979645573, "lr": 4.523024195615124e-05, "grad_norm": 1.6598151922225952, "examples_seen": 9268, "supervised_tokens_seen": 195867, "epoch": 0, "elapsed_seconds": 119.49382313003298}
{"event": "update", "optimizer_step": 300, "loss_main": 0.20783519723432528, "lr": 4.473599997017701e-05, "grad_norm": 2.253246784210205, "examples_seen": 9588, "supervised_tokens_seen": 202501, "epoch": 0, "elapsed_seconds": 122.90425802703248}
{"event": "evaluation", "optimizer_step": 300, "loss": 0.290939043972105, "perplexity": 1.3376830416200125, "supervised_tokens": 9803.0, "elapsed_seconds": 122.90425802703248}
{"event": "update", "optimizer_step": 310, "loss_main": 0.2959270493851768, "lr": 4.422075857324137e-05, "grad_norm": 2.2974863052368164, "examples_seen": 9908, "supervised_tokens_seen": 209802, "epoch": 0, "elapsed_seconds": 136.65750906302128}
{"event": "update", "optimizer_step": 320, "loss_main": 0.36183086873134435, "lr": 4.368514550761965e-05, "grad_norm": 2.207059621810913, "examples_seen": 10228, "supervised_tokens_seen": 216277, "epoch": 0, "elapsed_seconds": 139.81910632300423}
{"event": "update", "optimizer_step": 330, "loss_main": 0.2587822244717525, "lr": 4.312981333532744e-05, "grad_norm": 1.9015820026397705, "examples_seen": 10548, "supervised_tokens_seen": 222897, "epoch": 0, "elapsed_seconds": 143.06826456601266}
{"event": "update", "optimizer_step": 340, "loss_main": 0.17824241016567866, "lr": 4.255543864307431e-05, "grad_norm": 1.8369722366333008, "examples_seen": 10868, "supervised_tokens_seen": 229796, "epoch": 0, "elapsed_seconds": 146.41378048004117}
{"event": "update", "optimizer_step": 350, "loss_main": 0.17982511222362518, "lr": 4.1962721217947135e-05, "grad_norm": 1.837392807006836, "examples_seen": 11188, "supervised_tokens_seen": 236667, "epoch": 0, "elapsed_seconds": 149.81545806501526}
{"event": "update", "optimizer_step": 360, "loss_main": 0.2471561374771482, "lr": 4.135238319482731e-05, "grad_norm": 2.2827844619750977, "examples_seen": 11508, "supervised_tokens_seen": 243766, "epoch": 0, "elapsed_seconds": 153.29239804501412}
{"event": "update", "optimizer_step": 370, "loss_main": 0.13627163215856972, "lr": 4.072516817658065e-05, "grad_norm": 1.503301739692688, "examples_seen": 11828, "supervised_tokens_seen": 250907, "epoch": 0, "elapsed_seconds": 157.00508067104965}
{"event": "update", "optimizer_step": 380, "loss_main": 0.9818463281333611, "lr": 4.0081840328091804e-05, "grad_norm": 3.8828468322753906, "examples_seen": 12148, "supervised_tokens_seen": 258245, "epoch": 0, "elapsed_seconds": 161.0186265410157}
{"event": "update", "optimizer_step": 390, "loss_main": 0.1703315608277599, "lr": 3.9423183445247117e-05, "grad_norm": 1.4714914560317993, "examples_seen": 12468, "supervised_tokens_seen": 265072, "epoch": 0, "elapsed_seconds": 164.56861570902402}
{"event": "update", "optimizer_step": 400, "loss_main": 0.13542748246732997, "lr": 3.875e-05, "grad_norm": 1.571273922920227, "examples_seen": 12788, "supervised_tokens_seen": 271908, "epoch": 0, "elapsed_seconds": 167.94673223403515}
{"event": "evaluation", "optimizer_step": 400, "loss": 0.2714234568238696, "perplexity": 1.3118304563438004, "supervised_tokens": 9803.0, "elapsed_seconds": 167.94673223403515}
{"event": "update", "optimizer_step": 410, "loss_main": 0.8081572597389979, "lr": 3.806311016268254e-05, "grad_norm": 3.1800596714019775, "examples_seen": 13108, "supervised_tokens_seen": 279239, "epoch": 0, "elapsed_seconds": 182.46799337503035}
{"event": "update", "optimizer_step": 420, "loss_main": 0.16111805406976337, "lr": 3.7363350802754244e-05, "grad_norm": 1.577376127243042, "examples_seen": 13428, "supervised_tokens_seen": 286391, "epoch": 0, "elapsed_seconds": 186.33514182904037}
{"event": "update", "optimizer_step": 430, "loss_main": 0.20595522175415856, "lr": 3.665157446920551e-05, "grad_norm": 1.8392928838729858, "examples_seen": 13748, "supervised_tokens_seen": 293269, "epoch": 0, "elapsed_seconds": 189.9330163030536}
{"event": "update", "optimizer_step": 440, "loss_main": 0.887251815982371, "lr": 3.5928648351858027e-05, "grad_norm": 3.4506335258483887, "examples_seen": 14068, "supervised_tokens_seen": 300357, "epoch": 0, "elapsed_seconds": 193.55121176101966}
{"event": "update", "optimizer_step": 450, "loss_main": 0.27782157247449146, "lr": 3.519545322482755e-05, "grad_norm": 2.2985854148864746, "examples_seen": 14388, "supervised_tokens_seen": 307024, "epoch": 0, "elapsed_seconds": 196.8184906450333}
{"event": "update", "optimizer_step": 460, "loss_main": 0.3074020845549447, "lr": 3.4452882373436316e-05, "grad_norm": 2.422121286392212, "examples_seen": 14708, "supervised_tokens_seen": 313786, "epoch": 0, "elapsed_seconds": 200.14434540102957}
{"event": "update", "optimizer_step": 470, "loss_main": 0.19876888214514174, "lr": 3.370184050588248e-05, "grad_norm": 1.5980585813522339, "examples_seen": 15028, "supervised_tokens_seen": 320441, "epoch": 0, "elapsed_seconds": 203.3886271950323}
{"event": "update", "optimizer_step": 480, "loss_main": 0.29098961347833685, "lr": 3.294324265099252e-05, "grad_norm": 2.146643877029419, "examples_seen": 15348, "supervised_tokens_seen": 327101, "epoch": 0, "elapsed_seconds": 206.66458151803818}
{"event": "update", "optimizer_step": 490, "loss_main": 0.21646871998280426, "lr": 3.217801304339959e-05, "grad_norm": 1.5891016721725464, "examples_seen": 15668, "supervised_tokens_seen": 334127, "epoch": 0, "elapsed_seconds": 210.20351997500984}
{"event": "update", "optimizer_step": 500, "loss_main": 0.2531025820284439, "lr": 3.140708399750594e-05, "grad_norm": 1.5912449359893799, "examples_seen": 15988, "supervised_tokens_seen": 340856, "epoch": 0, "elapsed_seconds": 213.5089386420441}
{"event": "evaluation", "optimizer_step": 500, "loss": 0.25096289714334524, "perplexity": 1.2852623965400616, "supervised_tokens": 9803.0, "elapsed_seconds": 213.5089386420441}
{"event": "update", "optimizer_step": 510, "loss_main": 0.15747106974386466, "lr": 3.0631394771601475e-05, "grad_norm": 1.533708095550537, "examples_seen": 16308, "supervised_tokens_seen": 347415, "epoch": 0, "elapsed_seconds": 227.04490530700423}
{"event": "update", "optimizer_step": 520, "loss_main": 0.20506245928367864, "lr": 2.9851890423522204e-05, "grad_norm": 1.6796824932098389, "examples_seen": 16628, "supervised_tokens_seen": 354079, "epoch": 0, "elapsed_seconds": 230.4141267290106}
{"event": "update", "optimizer_step": 530, "loss_main": 0.16902251263796272, "lr": 2.906952065924282e-05, "grad_norm": 1.9528887271881104, "examples_seen": 16948, "supervised_tokens_seen": 360785, "epoch": 0, "elapsed_seconds": 233.5930949160247}
{"event": "update", "optimizer_step": 540, "loss_main": 0.7026788129756444, "lr": 2.828523867580628e-05, "grad_norm": 2.9732160568237305, "examples_seen": 17268, "supervised_tokens_seen": 367886, "epoch": 0, "elapsed_seconds": 237.1727389890002}
{"event": "update", "optimizer_step": 550, "loss_main": 1.5298334804841274, "lr": 2.7500000000000004e-05, "grad_norm": 4.296898365020752, "examples_seen": 17588, "supervised_tokens_seen": 374903, "epoch": 0, "elapsed_seconds": 240.78236995305633}
{"event": "update", "optimizer_step": 560, "loss_main": 0.26966316874003715, "lr": 2.6714761324193736e-05, "grad_norm": 1.8241949081420898, "examples_seen": 17908, "supervised_tokens_seen": 381435, "epoch": 0, "elapsed_seconds": 244.0134745320538}
{"event": "update", "optimizer_step": 570, "loss_main": 0.5834230901831288, "lr": 2.593047934075718e-05, "grad_norm": 3.0878710746765137, "examples_seen": 18228, "supervised_tokens_seen": 388096, "epoch": 0, "elapsed_seconds": 247.55544181604637}
{"event": "update", "optimizer_step": 580, "loss_main": 0.25325679779052734, "lr": 2.5148109576477802e-05, "grad_norm": 2.1651406288146973, "examples_seen": 18548, "supervised_tokens_seen": 394713, "epoch": 0, "elapsed_seconds": 250.81220501405187}
{"event": "update", "optimizer_step": 590, "loss_main": 0.23326853326176558, "lr": 2.4368605228398534e-05, "grad_norm": 1.8337926864624023, "examples_seen": 18868, "supervised_tokens_seen": 401422, "epoch": 0, "elapsed_seconds": 253.93669555103406}
{"event": "update", "optimizer_step": 600, "loss_main": 0.16314957326366789, "lr": 2.359291600249407e-05, "grad_norm": 1.569884181022644, "examples_seen": 19188, "supervised_tokens_seen": 408251, "epoch": 0, "elapsed_seconds": 257.30328822805313}
{"event": "evaluation", "optimizer_step": 600, "loss": 0.23045120777253117, "perplexity": 1.2591680281739523, "supervised_tokens": 9803.0, "elapsed_seconds": 257.30328822805313}
{"event": "update", "optimizer_step": 610, "loss_main": 0.2699718500331322, "lr": 2.282198695660042e-05, "grad_norm": 1.872066855430603, "examples_seen": 19508, "supervised_tokens_seen": 414667, "epoch": 0, "elapsed_seconds": 270.82174115104135}
{"event": "update", "optimizer_step": 620, "loss_main": 0.8333458052426324, "lr": 2.205675734900748e-05, "grad_norm": 3.7002744674682617, "examples_seen": 19828, "supervised_tokens_seen": 421277, "epoch": 0, "elapsed_seconds": 274.08031648403266}
{"event": "update", "optimizer_step": 630, "loss_main": 0.24790084563163264, "lr": 2.129815949411752e-05, "grad_norm": 1.5801292657852173, "examples_seen": 20148, "supervised_tokens_seen": 427997, "epoch": 0, "elapsed_seconds": 277.39212599000894}
{"event": "update", "optimizer_step": 640, "loss_main": 0.18054087549157866, "lr": 2.054711762656369e-05, "grad_norm": 1.5180805921554565, "examples_seen": 20468, "supervised_tokens_seen": 434768, "epoch": 0, "elapsed_seconds": 280.7822121580248}
{"event": "update", "optimizer_step": 650, "loss_main": 0.7956509120304015, "lr": 1.9804546775172457e-05, "grad_norm": 3.621436834335327, "examples_seen": 20788, "supervised_tokens_seen": 441737, "epoch": 0, "elapsed_seconds": 284.3123454480083}
{"event": "update", "optimizer_step": 660, "loss_main": 0.9051561443015685, "lr": 1.907135164814198e-05, "grad_norm": 3.164307117462158, "examples_seen": 21108, "supervised_tokens_seen": 448667, "epoch": 0, "elapsed_seconds": 287.74501123902155}
{"event": "update", "optimizer_step": 670, "loss_main": 0.6808765963454482, "lr": 1.83484255307945e-05, "grad_norm": 3.176910400390625, "examples_seen": 21428, "supervised_tokens_seen": 455358, "epoch": 0, "elapsed_seconds": 291.168074212037}
{"event": "update", "optimizer_step": 680, "loss_main": 0.7190200330055866, "lr": 1.7636649197245758e-05, "grad_norm": 3.1822257041931152, "examples_seen": 21748, "supervised_tokens_seen": 462103, "epoch": 0, "elapsed_seconds": 294.5890874500037}
{"event": "update", "optimizer_step": 690, "loss_main": 0.7331804216146788, "lr": 1.6936889837317466e-05, "grad_norm": 3.082578659057617, "examples_seen": 22068, "supervised_tokens_seen": 468798, "epoch": 0, "elapsed_seconds": 297.68471217300976}
{"event": "update", "optimizer_step": 700, "loss_main": 0.09143984847315363, "lr": 1.6250000000000005e-05, "grad_norm": 1.2743840217590332, "examples_seen": 22388, "supervised_tokens_seen": 474923, "epoch": 0, "elapsed_seconds": 300.74165970203467}
{"event": "evaluation", "optimizer_step": 700, "loss": 0.21459875280752141, "perplexity": 1.2393645056559497, "supervised_tokens": 9803.0, "elapsed_seconds": 300.74165970203467}
{"event": "update", "optimizer_step": 710, "loss_main": 0.7329019505588318, "lr": 1.5576816554752892e-05, "grad_norm": 3.1323399543762207, "examples_seen": 22708, "supervised_tokens_seen": 482025, "epoch": 0, "elapsed_seconds": 314.9920012410148}
{"event": "update", "optimizer_step": 720, "loss_main": 0.15812769009355912, "lr": 1.49181596719082e-05, "grad_norm": 1.6229913234710693, "examples_seen": 23028, "supervised_tokens_seen": 488699, "epoch": 0, "elapsed_seconds": 318.5755007840344}
{"event": "update", "optimizer_step": 730, "loss_main": 1.3065228153109811, "lr": 1.427483182341936e-05, "grad_norm": 3.7176554203033447, "examples_seen": 23348, "supervised_tokens_seen": 495767, "epoch": 0, "elapsed_seconds": 322.3320337260375}
{"event": "update", "optimizer_step": 740, "loss_main": 0.6975177891124478, "lr": 1.364761680517269e-05, "grad_norm": 2.9958837032318115, "examples_seen": 23668, "supervised_tokens_seen": 503049, "epoch": 0, "elapsed_seconds": 325.9462813300197}
{"event": "update", "optimizer_step": 750, "loss_main": 0.25743097592172004, "lr": 1.3037278782052863e-05, "grad_norm": 1.960515022277832, "examples_seen": 23988, "supervised_tokens_seen": 510181, "epoch": 1, "elapsed_seconds": 329.59745392901823}
{"event": "update", "optimizer_step": 760, "loss_main": 0.11289586828515863, "lr": 1.2444561356925697e-05, "grad_norm": 1.2195188999176025, "examples_seen": 24308, "supervised_tokens_seen": 516840, "epoch": 1, "elapsed_seconds": 332.9817393090343}
{"event": "update", "optimizer_step": 770, "loss_main": 0.11254024562529391, "lr": 1.187018666467256e-05, "grad_norm": 1.1980528831481934, "examples_seen": 24628, "supervised_tokens_seen": 523626, "epoch": 1, "elapsed_seconds": 336.47211700101616}
{"event": "update", "optimizer_step": 780, "loss_main": 0.13515321858179796, "lr": 1.1314854492380354e-05, "grad_norm": 1.6501001119613647, "examples_seen": 24948, "supervised_tokens_seen": 530721, "epoch": 1, "elapsed_seconds": 340.2795565400156}
{"event": "update", "optimizer_step": 790, "loss_main": 0.44609848423603854, "lr": 1.0779241426758628e-05, "grad_norm": 3.2682933807373047, "examples_seen": 25268, "supervised_tokens_seen": 537467, "epoch": 1, "elapsed_seconds": 343.70969854603754}
{"event": "update", "optimizer_step": 800, "loss_main": 0.5611559961584411, "lr": 1.0264000029822999e-05, "grad_norm": 2.840888738632202, "examples_seen": 25588, "supervised_tokens_seen": 544337, "epoch": 1, "elapsed_seconds": 347.1451824270189}
{"event": "evaluation", "optimizer_step": 800, "loss": 0.21028868267378198, "perplexity": 1.2340342528485622, "supervised_tokens": 9803.0, "elapsed_seconds": 347.1451824270189}
{"event": "update", "optimizer_step": 810, "loss_main": 0.0885611727242953, "lr": 9.769758043848759e-06, "grad_norm": 1.940061092376709, "examples_seen": 25908, "supervised_tokens_seen": 550889, "epoch": 1, "elapsed_seconds": 360.7387937940075}
{"event": "update", "optimizer_step": 820, "loss_main": 0.5185310817112888, "lr": 9.297117626563687e-06, "grad_norm": 2.7835307121276855, "examples_seen": 26228, "supervised_tokens_seen": 557320, "epoch": 1, "elapsed_seconds": 364.00882782402914}
{"event": "update", "optimizer_step": 830, "loss_main": 0.16202328510814962, "lr": 8.846654617511564e-06, "grad_norm": 2.733877658843994, "examples_seen": 26548, "supervised_tokens_seen": 564035, "epoch": 1, "elapsed_seconds": 367.29591802705545}
{"event": "update", "optimizer_step": 840, "loss_main": 0.1985680043602294, "lr": 8.418917836480417e-06, "grad_norm": 1.6911364793777466, "examples_seen": 26868, "supervised_tokens_seen": 570981, "epoch": 1, "elapsed_seconds": 370.9052770540002}
{"event": "update", "optimizer_step": 850, "loss_main": 0.20387479947299086, "lr": 8.01442841485013e-06, "grad_norm": 1.780291199684143, "examples_seen": 27188, "supervised_tokens_seen": 577732, "epoch": 1, "elapsed_seconds": 374.16194711602293}
{"event": "update", "optimizer_step": 860, "loss_main": 0.12163064581961676, "lr": 7.633679160674144e-06, "grad_norm": 1.3655978441238403, "examples_seen": 27508, "supervised_tokens_seen": 584543, "epoch": 1, "elapsed_seconds": 377.5307221520343}
{"event": "update", "optimizer_step": 870, "loss_main": 0.1146510808733897, "lr": 7.277133958268747e-06, "grad_norm": 1.2947694063186646, "examples_seen": 27828, "supervised_tokens_seen": 591301, "epoch": 1, "elapsed_seconds": 380.8833463480114}
{"event": "update", "optimizer_step": 880, "loss_main": 0.24851935356855392, "lr": 6.94522720304148e-06, "grad_norm": 1.8260881900787354, "examples_seen": 28148, "supervised_tokens_seen": 598310, "epoch": 1, "elapsed_seconds": 384.4359070130158}
{"event": "update", "optimizer_step": 890, "loss_main": 0.13320504388589735, "lr": 6.638363272247286e-06, "grad_norm": 1.4167448282241821, "examples_seen": 28468, "supervised_tokens_seen": 605307, "epoch": 1, "elapsed_seconds": 387.9235485360259}
{"event": "update", "optimizer_step": 900, "loss_main": 0.481412108788097, "lr": 6.356916032317063e-06, "grad_norm": 3.051926612854004, "examples_seen": 28788, "supervised_tokens_seen": 612239, "epoch": 1, "elapsed_seconds": 391.38068543805275}
{"event": "evaluation", "optimizer_step": 900, "loss": 0.20081487097059672, "perplexity": 1.2223984494360634, "supervised_tokens": 9803.0, "elapsed_seconds": 391.38068543805275}
{"event": "update", "optimizer_step": 910, "loss_main": 0.14221585164835424, "lr": 6.1012283833590465e-06, "grad_norm": 1.3671650886535645, "examples_seen": 29108, "supervised_tokens_seen": 619052, "epoch": 1, "elapsed_seconds": 404.7647730690078}
{"event": "update", "optimizer_step": 920, "loss_main": 0.5839724154932119, "lr": 5.871611841387825e-06, "grad_norm": 2.6597237586975098, "examples_seen": 29428, "supervised_tokens_seen": 626233, "epoch": 1, "elapsed_seconds": 408.27055449504405}
{"event": "update", "optimizer_step": 930, "loss_main": 0.10230391616859133, "lr": 5.66834615879008e-06, "grad_norm": 1.4250009059906006, "examples_seen": 29748, "supervised_tokens_seen": 633087, "epoch": 1, "elapsed_seconds": 411.6735487100086}
{"event": "update", "optimizer_step": 940, "loss_main": 0.20895198160323544, "lr": 5.491678983489372e-06, "grad_norm": 1.5597480535507202, "examples_seen": 30068, "supervised_tokens_seen": 640050, "epoch": 1, "elapsed_seconds": 414.91265554202255}
{"event": "update", "optimizer_step": 950, "loss_main": 0.07934517918094512, "lr": 5.341825557225321e-06, "grad_norm": 1.197742223739624, "examples_seen": 30388, "supervised_tokens_seen": 646887, "epoch": 1, "elapsed_seconds": 418.4398369330447}
{"event": "update", "optimizer_step": 960, "loss_main": 0.16086789380811634, "lr": 5.218968453314668e-06, "grad_norm": 1.66379976272583, "examples_seen": 30708, "supervised_tokens_seen": 653419, "epoch": 1, "elapsed_seconds": 421.61267852102173}
{"event": "update", "optimizer_step": 970, "loss_main": 0.5831234483823289, "lr": 5.123257354213851e-06, "grad_norm": 3.234292984008789, "examples_seen": 31028, "supervised_tokens_seen": 660485, "epoch": 1, "elapsed_seconds": 425.64357503002975}
{"event": "update", "optimizer_step": 980, "loss_main": 0.37646345821967037, "lr": 5.054808869153956e-06, "grad_norm": 2.9171247482299805, "examples_seen": 31348, "supervised_tokens_seen": 667643, "epoch": 1, "elapsed_seconds": 429.57630278903525}
{"event": "update", "optimizer_step": 990, "loss_main": 0.6572103002454266, "lr": 5.0137063920703455e-06, "grad_norm": 3.1500980854034424, "examples_seen": 31668, "supervised_tokens_seen": 674373, "epoch": 1, "elapsed_seconds": 432.9977949090535}
{"event": "update", "optimizer_step": 1000, "loss_main": 0.08714013650185531, "lr": 5e-06, "grad_norm": 1.3806246519088745, "examples_seen": 31988, "supervised_tokens_seen": 681348, "epoch": 1, "elapsed_seconds": 436.5381901070359}
{"event": "evaluation", "optimizer_step": 1000, "loss": 0.1982255530311151, "perplexity": 1.2192373654935658, "supervised_tokens": 9803.0, "elapsed_seconds": 436.5381901070359}
{"event": "complete", "optimizer_step": 1000, "evaluation": {"loss": 0.1982255530311151, "perplexity": 1.2192373654935658, "supervised_tokens": 9803.0}, "elapsed_seconds": 436.5381901070359}
