{"event": "start", "state": {"optimizer_step": 0, "examples_seen": 0, "supervised_tokens_seen": 0, "epoch": 0, "batch_in_epoch": 0, "elapsed_seconds": 0.0}, "evaluation": {"loss": 1.913974808245718, "perplexity": 6.7799844486871805, "supervised_tokens": 9803.0}, "target_updates": 1000, "settings": {"max_sequence_length": 512, "microbatch_size": 16, "gradient_accumulation": 2, "learning_rate": 5e-05, "warmup_updates": 100, "weight_decay": 0.01, "grad_clip": 1.0, "planned_total_updates": 1000, "checkpoint_updates": 100, "min_lr_ratio": 0.1, "seed": 2030}, "parameters": 329821696, "train_examples": 23780, "heldout_examples": 1222, "device": "cuda", "precision": "bf16-autocast"}
{"event": "update", "optimizer_step": 1, "loss_main": 2.5076718756130765, "lr": 5e-07, "grad_norm": 51.67521667480469, "examples_seen": 32, "supervised_tokens_seen": 756, "epoch": 0, "elapsed_seconds": 0.667720202007331}
{"event": "update", "optimizer_step": 10, "loss_main": 0.4399765364585384, "lr": 5e-06, "grad_norm": 17.70142936706543, "examples_seen": 320, "supervised_tokens_seen": 6435, "epoch": 0, "elapsed_seconds": 3.4516472550458275}
{"event": "update", "optimizer_step": 20, "loss_main": 0.4045101872735762, "lr": 1e-05, "grad_norm": 6.532133102416992, "examples_seen": 640, "supervised_tokens_seen": 13275, "epoch": 0, "elapsed_seconds": 7.099111065035686}
{"event": "update", "optimizer_step": 30, "loss_main": 0.24343812257807323, "lr": 1.5e-05, "grad_norm": 9.20702838897705, "examples_seen": 960, "supervised_tokens_seen": 19911, "epoch": 0, "elapsed_seconds": 10.381610467040446}
{"event": "update", "optimizer_step": 40, "loss_main": 0.1905567320910367, "lr": 2e-05, "grad_norm": 6.398065567016602, "examples_seen": 1280, "supervised_tokens_seen": 26147, "epoch": 0, "elapsed_seconds": 13.57466312503675}
{"event": "update", "optimizer_step": 50, "loss_main": 0.17918921640868915, "lr": 2.5e-05, "grad_norm": 4.766960144042969, "examples_seen": 1600, "supervised_tokens_seen": 33041, "epoch": 0, "elapsed_seconds": 16.99708797002677}
{"event": "update", "optimizer_step": 60, "loss_main": 0.4254593821047069, "lr": 3e-05, "grad_norm": 6.285529136657715, "examples_seen": 1920, "supervised_tokens_seen": 39965, "epoch": 0, "elapsed_seconds": 20.769922959036194}
{"event": "update", "optimizer_step": 70, "loss_main": 0.7345068090034453, "lr": 3.5000000000000004e-05, "grad_norm": 8.882389068603516, "examples_seen": 2240, "supervised_tokens_seen": 46930, "epoch": 0, "elapsed_seconds": 24.20047197904205}
{"event": "update", "optimizer_step": 80, "loss_main": 0.34093758937270124, "lr": 4e-05, "grad_norm": 5.0313849449157715, "examples_seen": 2560, "supervised_tokens_seen": 53767, "epoch": 0, "elapsed_seconds": 27.582320058019832}
{"event": "update", "optimizer_step": 90, "loss_main": 0.8176581369470854, "lr": 4.5e-05, "grad_norm": 8.715442657470703, "examples_seen": 2880, "supervised_tokens_seen": 60273, "epoch": 0, "elapsed_seconds": 30.91606231802143}
{"event": "update", "optimizer_step": 100, "loss_main": 0.2665613453963707, "lr": 5e-05, "grad_norm": 4.490387439727783, "examples_seen": 3200, "supervised_tokens_seen": 67142, "epoch": 0, "elapsed_seconds": 34.25413345103152}
{"event": "evaluation", "optimizer_step": 100, "loss": 0.32408327249882113, "perplexity": 1.3827624484097167, "supervised_tokens": 9803.0, "elapsed_seconds": 34.25413345103152}
{"event": "update", "optimizer_step": 110, "loss_main": 0.19832153071279396, "lr": 4.9986293607929655e-05, "grad_norm": 3.879370927810669, "examples_seen": 3520, "supervised_tokens_seen": 74187, "epoch": 0, "elapsed_seconds": 49.779417299025226}
{"event": "update", "optimizer_step": 120, "loss_main": 0.3075904845231589, "lr": 4.9945191130846044e-05, "grad_norm": 6.662717342376709, "examples_seen": 3840, "supervised_tokens_seen": 81131, "epoch": 0, "elapsed_seconds": 53.36722237302456}
{"event": "update", "optimizer_step": 130, "loss_main": 0.16712767717450164, "lr": 4.987674264578615e-05, "grad_norm": 4.047421932220459, "examples_seen": 4160, "supervised_tokens_seen": 88019, "epoch": 0, "elapsed_seconds": 56.786698921001516}
{"event": "update", "optimizer_step": 140, "loss_main": 0.18553662947539626, "lr": 4.978103154668534e-05, "grad_norm": 8.327885627746582, "examples_seen": 4480, "supervised_tokens_seen": 94577, "epoch": 0, "elapsed_seconds": 60.03643263602862}
{"event": "update", "optimizer_step": 150, "loss_main": 0.27406300341381745, "lr": 4.965817444277468e-05, "grad_norm": 4.7876129150390625, "examples_seen": 4800, "supervised_tokens_seen": 101240, "epoch": 0, "elapsed_seconds": 63.27760417002719}
{"event": "update", "optimizer_step": 160, "loss_main": 0.16866149204047592, "lr": 4.950832101651063e-05, "grad_norm": 3.9107394218444824, "examples_seen": 5120, "supervised_tokens_seen": 108057, "epoch": 0, "elapsed_seconds": 66.8185775540187}
{"event": "update", "optimizer_step": 170, "loss_main": 0.36948057314724597, "lr": 4.933165384120992e-05, "grad_norm": 4.649690628051758, "examples_seen": 5440, "supervised_tokens_seen": 114598, "epoch": 0, "elapsed_seconds": 70.22598129702965}
{"event": "update", "optimizer_step": 180, "loss_main": 0.16550445343040363, "lr": 4.9128388158612174e-05, "grad_norm": 4.03622579574585, "examples_seen": 5760, "supervised_tokens_seen": 121675, "epoch": 0, "elapsed_seconds": 73.96906134299934}
{"event": "update", "optimizer_step": 190, "loss_main": 0.6854998258719767, "lr": 4.889877161664096e-05, "grad_norm": 7.4288177490234375, "examples_seen": 6080, "supervised_tokens_seen": 128267, "epoch": 0, "elapsed_seconds": 77.54600093798945}
{"event": "update", "optimizer_step": 200, "loss_main": 1.0086819008838201, "lr": 4.864308396768294e-05, "grad_norm": 9.000370979309082, "examples_seen": 6400, "supervised_tokens_seen": 135135, "epoch": 0, "elapsed_seconds": 81.28903932200046}
{"event": "evaluation", "optimizer_step": 200, "loss": 0.32976053067035827, "perplexity": 1.3906350741382436, "supervised_tokens": 9803.0, "elapsed_seconds": 81.28903932200046}
{"event": "update", "optimizer_step": 210, "loss_main": 0.37496546512612927, "lr": 4.836163672775272e-05, "grad_norm": 3.965508460998535, "examples_seen": 6720, "supervised_tokens_seen": 142116, "epoch": 0, "elapsed_seconds": 98.10170672502136}
{"event": "update", "optimizer_step": 220, "loss_main": 1.1731210649504766, "lr": 4.805477279695852e-05, "grad_norm": 8.900089263916016, "examples_seen": 7040, "supervised_tokens_seen": 149537, "epoch": 0, "elapsed_seconds": 102.05439725803444}
{"event": "update", "optimizer_step": 230, "loss_main": 0.15387024419297549, "lr": 4.7722866041731264e-05, "grad_norm": 4.473287582397461, "examples_seen": 7360, "supervised_tokens_seen": 156147, "epoch": 0, "elapsed_seconds": 105.28617700602626}
{"event": "update", "optimizer_step": 240, "loss_main": 0.4039705046436243, "lr": 4.7366320839325864e-05, "grad_norm": 9.997150421142578, "examples_seen": 7680, "supervised_tokens_seen": 162767, "epoch": 0, "elapsed_seconds": 108.52978666604031}
{"event": "update", "optimizer_step": 250, "loss_main": 0.185731900553418, "lr": 4.6985571585149876e-05, "grad_norm": 4.445751667022705, "examples_seen": 8000, "supervised_tokens_seen": 169269, "epoch": 0, "elapsed_seconds": 111.97004268202}
{"event": "update", "optimizer_step": 260, "loss_main": 0.20446065991942647, "lr": 4.6581082163519586e-05, "grad_norm": 4.833550930023193, "examples_seen": 8320, "supervised_tokens_seen": 176113, "epoch": 0, "elapsed_seconds": 115.59880688099656}
{"event": "update", "optimizer_step": 270, "loss_main": 0.9699700034718562, "lr": 4.615334538248844e-05, "grad_norm": 9.141006469726562, "examples_seen": 8640, "supervised_tokens_seen": 182781, "epoch": 0, "elapsed_seconds": 118.76848378602881}
{"event": "update", "optimizer_step": 280, "loss_main": 0.26106482409463844, "lr": 4.570288237343632e-05, "grad_norm": 5.617563724517822, "examples_seen": 8960, "supervised_tokens_seen": 189504, "epoch": 0, "elapsed_seconds": 122.00730530999135}
{"event": "update", "optimizer_step": 290, "loss_main": 0.18267415433288797, "lr": 4.523024195615124e-05, "grad_norm": 3.7031502723693848, "examples_seen": 9280, "supervised_tokens_seen": 196269, "epoch": 0, "elapsed_seconds": 125.4349708580412}
{"event": "update", "optimizer_step": 300, "loss_main": 0.11898995122134598, "lr": 4.473599997017701e-05, "grad_norm": 3.189199924468994, "examples_seen": 9600, "supervised_tokens_seen": 203019, "epoch": 0, "elapsed_seconds": 128.85791899100877}
{"event": "evaluation", "optimizer_step": 300, "loss": 0.26090132974686336, "perplexity": 1.2980995753007596, "supervised_tokens": 9803.0, "elapsed_seconds": 128.85791899100877}
{"event": "update", "optimizer_step": 310, "loss_main": 0.12214893022673609, "lr": 4.422075857324137e-05, "grad_norm": 2.841747283935547, "examples_seen": 9920, "supervised_tokens_seen": 210080, "epoch": 0, "elapsed_seconds": 144.55847056402126}
{"event": "update", "optimizer_step": 320, "loss_main": 0.8400134154608552, "lr": 4.368514550761965e-05, "grad_norm": 6.782230377197266, "examples_seen": 10240, "supervised_tokens_seen": 217087, "epoch": 0, "elapsed_seconds": 148.1929030480096}
{"event": "update", "optimizer_step": 330, "loss_main": 0.3025301581589409, "lr": 4.312981333532744e-05, "grad_norm": 3.9724318981170654, "examples_seen": 10560, "supervised_tokens_seen": 224054, "epoch": 0, "elapsed_seconds": 152.1938498900272}
{"event": "update", "optimizer_step": 340, "loss_main": 0.17412300733496097, "lr": 4.255543864307431e-05, "grad_norm": 3.7809011936187744, "examples_seen": 10880, "supervised_tokens_seen": 230441, "epoch": 0, "elapsed_seconds": 155.48632986599114}
{"event": "update", "optimizer_step": 350, "loss_main": 0.18293429842782677, "lr": 4.1962721217947135e-05, "grad_norm": 4.06973934173584, "examples_seen": 11200, "supervised_tokens_seen": 237256, "epoch": 0, "elapsed_seconds": 158.9322537489934}
{"event": "update", "optimizer_step": 360, "loss_main": 0.21993967521586807, "lr": 4.135238319482731e-05, "grad_norm": 3.1742494106292725, "examples_seen": 11520, "supervised_tokens_seen": 244283, "epoch": 0, "elapsed_seconds": 162.726093934034}
{"event": "update", "optimizer_step": 370, "loss_main": 0.10114702999502599, "lr": 4.072516817658065e-05, "grad_norm": 3.4077975749969482, "examples_seen": 11840, "supervised_tokens_seen": 250747, "epoch": 0, "elapsed_seconds": 166.1706301040249}
{"event": "update", "optimizer_step": 380, "loss_main": 0.15525935924645648, "lr": 4.0081840328091804e-05, "grad_norm": 2.9245574474334717, "examples_seen": 12160, "supervised_tokens_seen": 257684, "epoch": 0, "elapsed_seconds": 169.72320399602177}
{"event": "update", "optimizer_step": 390, "loss_main": 0.15732225067968397, "lr": 3.9423183445247117e-05, "grad_norm": 3.0288496017456055, "examples_seen": 12468, "supervised_tokens_seen": 264323, "epoch": 0, "elapsed_seconds": 173.11917589703808}
{"event": "update", "optimizer_step": 400, "loss_main": 0.2852174777570358, "lr": 3.875e-05, "grad_norm": 3.775636672973633, "examples_seen": 12788, "supervised_tokens_seen": 271105, "epoch": 0, "elapsed_seconds": 176.504099288024}
{"event": "evaluation", "optimizer_step": 400, "loss": 0.23370543495314614, "perplexity": 1.2632723215256523, "supervised_tokens": 9803.0, "elapsed_seconds": 176.504099288024}
{"event": "update", "optimizer_step": 410, "loss_main": 0.231322498729565, "lr": 3.806311016268254e-05, "grad_norm": 4.557557106018066, "examples_seen": 13108, "supervised_tokens_seen": 277979, "epoch": 0, "elapsed_seconds": 193.59432426700369}
{"event": "update", "optimizer_step": 420, "loss_main": 0.5661499517954002, "lr": 3.7363350802754244e-05, "grad_norm": 5.279115200042725, "examples_seen": 13428, "supervised_tokens_seen": 285238, "epoch": 0, "elapsed_seconds": 197.3005568740191}
{"event": "update", "optimizer_step": 430, "loss_main": 0.24534239366181734, "lr": 3.665157446920551e-05, "grad_norm": 3.0902955532073975, "examples_seen": 13748, "supervised_tokens_seen": 291977, "epoch": 0, "elapsed_seconds": 200.55246049404377}
{"event": "update", "optimizer_step": 440, "loss_main": 0.11791943565162415, "lr": 3.5928648351858027e-05, "grad_norm": 2.6870744228363037, "examples_seen": 14068, "supervised_tokens_seen": 298843, "epoch": 0, "elapsed_seconds": 203.93510124500608}
{"event": "update", "optimizer_step": 450, "loss_main": 0.3740206602033477, "lr": 3.519545322482755e-05, "grad_norm": 3.7075109481811523, "examples_seen": 14388, "supervised_tokens_seen": 305751, "epoch": 0, "elapsed_seconds": 207.3104014050332}
{"event": "update", "optimizer_step": 460, "loss_main": 0.47456842602793553, "lr": 3.4452882373436316e-05, "grad_norm": 5.440541744232178, "examples_seen": 14708, "supervised_tokens_seen": 312591, "epoch": 0, "elapsed_seconds": 210.79534246004187}
{"event": "update", "optimizer_step": 470, "loss_main": 0.15402548723696602, "lr": 3.370184050588248e-05, "grad_norm": 2.8900339603424072, "examples_seen": 15028, "supervised_tokens_seen": 319231, "epoch": 0, "elapsed_seconds": 214.2338906020159}
{"event": "update", "optimizer_step": 480, "loss_main": 0.10039262632404375, "lr": 3.294324265099252e-05, "grad_norm": 1.966699242591858, "examples_seen": 15348, "supervised_tokens_seen": 325971, "epoch": 0, "elapsed_seconds": 217.65349359903485}
{"event": "update", "optimizer_step": 490, "loss_main": 0.13074785431226094, "lr": 3.217801304339959e-05, "grad_norm": 3.110715866088867, "examples_seen": 15668, "supervised_tokens_seen": 332607, "epoch": 0, "elapsed_seconds": 220.85891703801462}
{"event": "update", "optimizer_step": 500, "loss_main": 0.3103718609296136, "lr": 3.140708399750594e-05, "grad_norm": 4.159224987030029, "examples_seen": 15988, "supervised_tokens_seen": 339922, "epoch": 0, "elapsed_seconds": 224.6513499680441}
{"event": "evaluation", "optimizer_step": 500, "loss": 0.21495920007604366, "perplexity": 1.2398113117268932, "supervised_tokens": 9803.0, "elapsed_seconds": 224.6513499680441}
{"event": "update", "optimizer_step": 510, "loss_main": 0.2511076041336717, "lr": 3.0631394771601475e-05, "grad_norm": 3.5198209285736084, "examples_seen": 16308, "supervised_tokens_seen": 346975, "epoch": 0, "elapsed_seconds": 241.41124480002327}
{"event": "update", "optimizer_step": 520, "loss_main": 0.05977672261938657, "lr": 2.9851890423522204e-05, "grad_norm": 2.0528786182403564, "examples_seen": 16628, "supervised_tokens_seen": 353519, "epoch": 0, "elapsed_seconds": 244.61429788003443}
{"event": "update", "optimizer_step": 530, "loss_main": 0.09872089028358459, "lr": 2.906952065924282e-05, "grad_norm": 2.301063060760498, "examples_seen": 16948, "supervised_tokens_seen": 360226, "epoch": 0, "elapsed_seconds": 248.0190181590151}
{"event": "update", "optimizer_step": 540, "loss_main": 0.19068757743319656, "lr": 2.828523867580628e-05, "grad_norm": 2.9932057857513428, "examples_seen": 17268, "supervised_tokens_seen": 367346, "epoch": 0, "elapsed_seconds": 251.78418443800183}
{"event": "update", "optimizer_step": 550, "loss_main": 0.10338762390838126, "lr": 2.7500000000000004e-05, "grad_norm": 2.258723735809326, "examples_seen": 17588, "supervised_tokens_seen": 374036, "epoch": 0, "elapsed_seconds": 255.06265523802722}
{"event": "update", "optimizer_step": 560, "loss_main": 0.3678051051509825, "lr": 2.6714761324193736e-05, "grad_norm": 3.662003993988037, "examples_seen": 17908, "supervised_tokens_seen": 380743, "epoch": 0, "elapsed_seconds": 258.4908758770325}
{"event": "update", "optimizer_step": 570, "loss_main": 0.2287985706548853, "lr": 2.593047934075718e-05, "grad_norm": 3.2819831371307373, "examples_seen": 18228, "supervised_tokens_seen": 387729, "epoch": 0, "elapsed_seconds": 262.1284652770264}
{"event": "update", "optimizer_step": 580, "loss_main": 0.809642530977726, "lr": 2.5148109576477802e-05, "grad_norm": 7.08887243270874, "examples_seen": 18548, "supervised_tokens_seen": 394811, "epoch": 0, "elapsed_seconds": 265.6473442380084}
{"event": "update", "optimizer_step": 590, "loss_main": 0.87565293398012, "lr": 2.4368605228398534e-05, "grad_norm": 6.745028495788574, "examples_seen": 18868, "supervised_tokens_seen": 401345, "epoch": 0, "elapsed_seconds": 268.86328348104144}
{"event": "update", "optimizer_step": 600, "loss_main": 0.5495051194677094, "lr": 2.359291600249407e-05, "grad_norm": 5.127878665924072, "examples_seen": 19188, "supervised_tokens_seen": 408245, "epoch": 0, "elapsed_seconds": 272.46196938102366}
{"event": "evaluation", "optimizer_step": 600, "loss": 0.18604290759829153, "perplexity": 1.2044739403528752, "supervised_tokens": 9803.0, "elapsed_seconds": 272.46196938102366}
{"event": "update", "optimizer_step": 610, "loss_main": 0.7308076636891969, "lr": 2.282198695660042e-05, "grad_norm": 6.393828868865967, "examples_seen": 19508, "supervised_tokens_seen": 415418, "epoch": 0, "elapsed_seconds": 289.90840477199527}
{"event": "update", "optimizer_step": 620, "loss_main": 0.06205018064133207, "lr": 2.205675734900748e-05, "grad_norm": 1.674785852432251, "examples_seen": 19828, "supervised_tokens_seen": 422492, "epoch": 0, "elapsed_seconds": 293.4471843310166}
{"event": "update", "optimizer_step": 630, "loss_main": 1.2435951659845752, "lr": 2.129815949411752e-05, "grad_norm": 7.6618475914001465, "examples_seen": 20148, "supervised_tokens_seen": 429597, "epoch": 0, "elapsed_seconds": 297.20280317100696}
{"event": "update", "optimizer_step": 640, "loss_main": 0.8072215246756872, "lr": 2.054711762656369e-05, "grad_norm": 6.604036808013916, "examples_seen": 20468, "supervised_tokens_seen": 436244, "epoch": 0, "elapsed_seconds": 300.5179722280009}
{"event": "update", "optimizer_step": 650, "loss_main": 1.1410101150750092, "lr": 1.9804546775172457e-05, "grad_norm": 8.766997337341309, "examples_seen": 20788, "supervised_tokens_seen": 442806, "epoch": 0, "elapsed_seconds": 303.8718083979911}
{"event": "update", "optimizer_step": 660, "loss_main": 0.15022984924373523, "lr": 1.907135164814198e-05, "grad_norm": 3.428657293319702, "examples_seen": 21108, "supervised_tokens_seen": 449832, "epoch": 0, "elapsed_seconds": 307.326850707992}
{"event": "update", "optimizer_step": 670, "loss_main": 0.055334354560930755, "lr": 1.83484255307945e-05, "grad_norm": 2.159623622894287, "examples_seen": 21428, "supervised_tokens_seen": 456525, "epoch": 0, "elapsed_seconds": 310.7045955969952}
{"event": "update", "optimizer_step": 680, "loss_main": 0.2638715614223276, "lr": 1.7636649197245758e-05, "grad_norm": 3.265498638153076, "examples_seen": 21748, "supervised_tokens_seen": 463126, "epoch": 0, "elapsed_seconds": 313.83550824201666}
{"event": "update", "optimizer_step": 690, "loss_main": 0.8343585147984669, "lr": 1.6936889837317466e-05, "grad_norm": 5.846742153167725, "examples_seen": 22068, "supervised_tokens_seen": 469900, "epoch": 0, "elapsed_seconds": 317.15398745203856}
{"event": "update", "optimizer_step": 700, "loss_main": 0.1896917367231672, "lr": 1.6250000000000005e-05, "grad_norm": 3.3847858905792236, "examples_seen": 22388, "supervised_tokens_seen": 476274, "epoch": 0, "elapsed_seconds": 320.33838780398946}
{"event": "evaluation", "optimizer_step": 700, "loss": 0.17234983633795917, "perplexity": 1.1880933987634794, "supervised_tokens": 9803.0, "elapsed_seconds": 320.33838780398946}
{"event": "update", "optimizer_step": 710, "loss_main": 0.19172851552605716, "lr": 1.5576816554752892e-05, "grad_norm": 3.505449056625366, "examples_seen": 22708, "supervised_tokens_seen": 483022, "epoch": 0, "elapsed_seconds": 337.24983203201555}
{"event": "update", "optimizer_step": 720, "loss_main": 0.8203804254210388, "lr": 1.49181596719082e-05, "grad_norm": 6.123012065887451, "examples_seen": 23028, "supervised_tokens_seen": 489923, "epoch": 0, "elapsed_seconds": 340.7918057880015}
{"event": "update", "optimizer_step": 730, "loss_main": 0.0780267679516007, "lr": 1.427483182341936e-05, "grad_norm": 2.6821396350860596, "examples_seen": 23348, "supervised_tokens_seen": 496930, "epoch": 0, "elapsed_seconds": 344.5492533300421}
{"event": "update", "optimizer_step": 740, "loss_main": 0.2087080366909504, "lr": 1.364761680517269e-05, "grad_norm": 2.615109443664551, "examples_seen": 23668, "supervised_tokens_seen": 503642, "epoch": 0, "elapsed_seconds": 347.99861413403414}
{"event": "update", "optimizer_step": 750, "loss_main": 0.028394166918199515, "lr": 1.3037278782052863e-05, "grad_norm": 1.1428602933883667, "examples_seen": 23988, "supervised_tokens_seen": 510334, "epoch": 1, "elapsed_seconds": 351.70729480299633}
{"event": "update", "optimizer_step": 760, "loss_main": 0.4663087314860374, "lr": 1.2444561356925697e-05, "grad_norm": 5.5761942863464355, "examples_seen": 24308, "supervised_tokens_seen": 517869, "epoch": 1, "elapsed_seconds": 355.8506199690164}
{"event": "update", "optimizer_step": 770, "loss_main": 0.08427743327159148, "lr": 1.187018666467256e-05, "grad_norm": 2.0695934295654297, "examples_seen": 24628, "supervised_tokens_seen": 524775, "epoch": 1, "elapsed_seconds": 359.3102217740379}
{"event": "update", "optimizer_step": 780, "loss_main": 0.09638858297826244, "lr": 1.1314854492380354e-05, "grad_norm": 2.168473243713379, "examples_seen": 24948, "supervised_tokens_seen": 531465, "epoch": 1, "elapsed_seconds": 362.50272549001966}
{"event": "update", "optimizer_step": 790, "loss_main": 0.14644502485492106, "lr": 1.0779241426758628e-05, "grad_norm": 2.704096794128418, "examples_seen": 25268, "supervised_tokens_seen": 538729, "epoch": 1, "elapsed_seconds": 366.34339810803067}
{"event": "update", "optimizer_step": 800, "loss_main": 0.28276489484004486, "lr": 1.0264000029822999e-05, "grad_norm": 4.048462867736816, "examples_seen": 25588, "supervised_tokens_seen": 545587, "epoch": 1, "elapsed_seconds": 369.7950275540352}
{"event": "evaluation", "optimizer_step": 800, "loss": 0.15764373359686987, "perplexity": 1.1707490218567613, "supervised_tokens": 9803.0, "elapsed_seconds": 369.7950275540352}
{"event": "update", "optimizer_step": 810, "loss_main": 0.11569524494420111, "lr": 9.769758043848759e-06, "grad_norm": 2.6124277114868164, "examples_seen": 25908, "supervised_tokens_seen": 552471, "epoch": 1, "elapsed_seconds": 386.8731004660367}
{"event": "update", "optimizer_step": 820, "loss_main": 0.36318219549768405, "lr": 9.297117626563687e-06, "grad_norm": 4.617025375366211, "examples_seen": 26228, "supervised_tokens_seen": 559347, "epoch": 1, "elapsed_seconds": 390.5349118509912}
{"event": "update", "optimizer_step": 830, "loss_main": 0.22409581644929571, "lr": 8.846654617511564e-06, "grad_norm": 2.949688196182251, "examples_seen": 26548, "supervised_tokens_seen": 565742, "epoch": 1, "elapsed_seconds": 393.63854478503345}
{"event": "update", "optimizer_step": 840, "loss_main": 0.06268864970282276, "lr": 8.418917836480417e-06, "grad_norm": 1.6994470357894897, "examples_seen": 26868, "supervised_tokens_seen": 572326, "epoch": 1, "elapsed_seconds": 396.92626002803445}
{"event": "update", "optimizer_step": 850, "loss_main": 0.060347475935511874, "lr": 8.01442841485013e-06, "grad_norm": 1.8587727546691895, "examples_seen": 27188, "supervised_tokens_seen": 579084, "epoch": 1, "elapsed_seconds": 400.30818138603354}
{"event": "update", "optimizer_step": 860, "loss_main": 0.38349208595161405, "lr": 7.633679160674144e-06, "grad_norm": 4.978482723236084, "examples_seen": 27508, "supervised_tokens_seen": 586282, "epoch": 1, "elapsed_seconds": 403.88065721903695}
{"event": "update", "optimizer_step": 870, "loss_main": 0.4525620030742589, "lr": 7.277133958268747e-06, "grad_norm": 5.047077178955078, "examples_seen": 27828, "supervised_tokens_seen": 593440, "epoch": 1, "elapsed_seconds": 407.7075838370365}
{"event": "update", "optimizer_step": 880, "loss_main": 0.10904896593299405, "lr": 6.94522720304148e-06, "grad_norm": 4.439390182495117, "examples_seen": 28148, "supervised_tokens_seen": 600303, "epoch": 1, "elapsed_seconds": 411.07626088004326}
{"event": "update", "optimizer_step": 890, "loss_main": 0.043756237163844254, "lr": 6.638363272247286e-06, "grad_norm": 1.5215469598770142, "examples_seen": 28468, "supervised_tokens_seen": 607640, "epoch": 1, "elapsed_seconds": 414.9968360370258}
{"event": "update", "optimizer_step": 900, "loss_main": 0.038604325384655025, "lr": 6.356916032317063e-06, "grad_norm": 1.4424169063568115, "examples_seen": 28788, "supervised_tokens_seen": 614741, "epoch": 1, "elapsed_seconds": 418.55538471700856}
{"event": "evaluation", "optimizer_step": 900, "loss": 0.1536372105959519, "perplexity": 1.1660677730000362, "supervised_tokens": 9803.0, "elapsed_seconds": 418.55538471700856}
{"event": "update", "optimizer_step": 910, "loss_main": 0.154289503123369, "lr": 6.1012283833590465e-06, "grad_norm": 2.589332103729248, "examples_seen": 29108, "supervised_tokens_seen": 621687, "epoch": 1, "elapsed_seconds": 435.78991754801245}
{"event": "update", "optimizer_step": 920, "loss_main": 0.043862997074119794, "lr": 5.871611841387825e-06, "grad_norm": 1.9029654264450073, "examples_seen": 29428, "supervised_tokens_seen": 628436, "epoch": 1, "elapsed_seconds": 439.2528433200205}
{"event": "update", "optimizer_step": 930, "loss_main": 0.04317735165528867, "lr": 5.66834615879008e-06, "grad_norm": 1.8324408531188965, "examples_seen": 29748, "supervised_tokens_seen": 635190, "epoch": 1, "elapsed_seconds": 442.5503383190371}
{"event": "update", "optimizer_step": 940, "loss_main": 0.2564215700201303, "lr": 5.491678983489372e-06, "grad_norm": 4.6579437255859375, "examples_seen": 30068, "supervised_tokens_seen": 642240, "epoch": 1, "elapsed_seconds": 446.4619347390253}
{"event": "update", "optimizer_step": 950, "loss_main": 0.26970798149704933, "lr": 5.341825557225321e-06, "grad_norm": 4.1383185386657715, "examples_seen": 30388, "supervised_tokens_seen": 649226, "epoch": 1, "elapsed_seconds": 449.83737946802285}
{"event": "update", "optimizer_step": 960, "loss_main": 0.04442842153777533, "lr": 5.218968453314668e-06, "grad_norm": 1.5929607152938843, "examples_seen": 30708, "supervised_tokens_seen": 656193, "epoch": 1, "elapsed_seconds": 453.3022936520283}
{"event": "update", "optimizer_step": 970, "loss_main": 0.017129130944536598, "lr": 5.123257354213851e-06, "grad_norm": 2.0142858028411865, "examples_seen": 31028, "supervised_tokens_seen": 662962, "epoch": 1, "elapsed_seconds": 456.6295676580048}
{"event": "update", "optimizer_step": 980, "loss_main": 0.06844111728040796, "lr": 5.054808869153956e-06, "grad_norm": 1.8874555826187134, "examples_seen": 31348, "supervised_tokens_seen": 669851, "epoch": 1, "elapsed_seconds": 459.9472189390217}
{"event": "update", "optimizer_step": 990, "loss_main": 0.036884171469592116, "lr": 5.0137063920703455e-06, "grad_norm": 2.021054744720459, "examples_seen": 31668, "supervised_tokens_seen": 676062, "epoch": 1, "elapsed_seconds": 463.07503427099437}
{"event": "update", "optimizer_step": 1000, "loss_main": 0.1463679226559382, "lr": 5e-06, "grad_norm": 2.8268425464630127, "examples_seen": 31988, "supervised_tokens_seen": 682825, "epoch": 1, "elapsed_seconds": 466.307451864006}
{"event": "evaluation", "optimizer_step": 1000, "loss": 0.1499856224683162, "perplexity": 1.1618175385397298, "supervised_tokens": 9803.0, "elapsed_seconds": 466.307451864006}
{"event": "complete", "optimizer_step": 1000, "evaluation": {"loss": 0.1499856224683162, "perplexity": 1.1618175385397298, "supervised_tokens": 9803.0}, "elapsed_seconds": 466.307451864006}
