{"event": "start", "state": {"optimizer_step": 0, "examples_seen": 0, "supervised_tokens_seen": 0, "epoch": 0, "batch_in_epoch": 0, "elapsed_seconds": 0.0}, "evaluation": {"loss": 2.416497088451868, "perplexity": 11.206534979463811, "supervised_tokens": 10436.0}, "target_updates": 1000, "settings": {"max_sequence_length": 512, "microbatch_size": 16, "gradient_accumulation": 2, "learning_rate": 5e-05, "warmup_updates": 100, "weight_decay": 0.01, "grad_clip": 1.0, "planned_total_updates": 1000, "checkpoint_updates": 100, "min_lr_ratio": 0.1, "seed": 2027}, "parameters": 329821696, "train_examples": 24000, "heldout_examples": 600, "device": "cuda", "precision": "bf16-autocast"}
{"event": "update", "optimizer_step": 1, "loss_main": 2.6516384430463305, "lr": 5e-07, "grad_norm": 28.018333435058594, "examples_seen": 32, "supervised_tokens_seen": 574, "epoch": 0, "elapsed_seconds": 0.63051466998877}
{"event": "update", "optimizer_step": 10, "loss_main": 1.4597699952680012, "lr": 5e-06, "grad_norm": 19.453248977661133, "examples_seen": 320, "supervised_tokens_seen": 8170, "epoch": 0, "elapsed_seconds": 3.8804563659941778}
{"event": "update", "optimizer_step": 20, "loss_main": 0.5561060614196327, "lr": 1e-05, "grad_norm": 5.941954612731934, "examples_seen": 640, "supervised_tokens_seen": 18408, "epoch": 0, "elapsed_seconds": 7.726390965981409}
{"event": "update", "optimizer_step": 30, "loss_main": 0.3637938919825295, "lr": 1.5e-05, "grad_norm": 5.423453330993652, "examples_seen": 960, "supervised_tokens_seen": 29214, "epoch": 0, "elapsed_seconds": 11.998840542975813}
{"event": "update", "optimizer_step": 40, "loss_main": 1.1384522922009042, "lr": 2e-05, "grad_norm": 4.444511890411377, "examples_seen": 1280, "supervised_tokens_seen": 41372, "epoch": 0, "elapsed_seconds": 16.330689655966125}
{"event": "update", "optimizer_step": 50, "loss_main": 0.20913064743528206, "lr": 2.5e-05, "grad_norm": 3.3907251358032227, "examples_seen": 1600, "supervised_tokens_seen": 50698, "epoch": 0, "elapsed_seconds": 20.09783508395776}
{"event": "update", "optimizer_step": 60, "loss_main": 1.0919190404681385, "lr": 3e-05, "grad_norm": 4.7948317527771, "examples_seen": 1920, "supervised_tokens_seen": 63406, "epoch": 0, "elapsed_seconds": 24.549647603998892}
{"event": "update", "optimizer_step": 70, "loss_main": 0.26546487907645505, "lr": 3.5000000000000004e-05, "grad_norm": 2.229238986968994, "examples_seen": 2240, "supervised_tokens_seen": 75256, "epoch": 0, "elapsed_seconds": 28.725603345956188}
{"event": "update", "optimizer_step": 80, "loss_main": 1.2900307876209511, "lr": 4e-05, "grad_norm": 4.345826625823975, "examples_seen": 2560, "supervised_tokens_seen": 90652, "epoch": 0, "elapsed_seconds": 34.00798337999731}
{"event": "update", "optimizer_step": 90, "loss_main": 1.32660150472089, "lr": 4.5e-05, "grad_norm": 4.589206695556641, "examples_seen": 2880, "supervised_tokens_seen": 103778, "epoch": 0, "elapsed_seconds": 39.06249488698086}
{"event": "update", "optimizer_step": 100, "loss_main": 1.1846372342191767, "lr": 5e-05, "grad_norm": 5.482696056365967, "examples_seen": 3200, "supervised_tokens_seen": 112531, "epoch": 0, "elapsed_seconds": 42.605011975974776}
{"event": "evaluation", "optimizer_step": 100, "loss": 0.350342221321069, "perplexity": 1.419553266871258, "supervised_tokens": 10436.0, "elapsed_seconds": 42.605011975974776}
{"event": "update", "optimizer_step": 110, "loss_main": 0.24160898098847733, "lr": 4.9986293607929655e-05, "grad_norm": 2.6270804405212402, "examples_seen": 3520, "supervised_tokens_seen": 124359, "epoch": 0, "elapsed_seconds": 56.636103238968644}
{"event": "update", "optimizer_step": 120, "loss_main": 1.2036678046398583, "lr": 4.9945191130846044e-05, "grad_norm": 4.563899517059326, "examples_seen": 3840, "supervised_tokens_seen": 136841, "epoch": 0, "elapsed_seconds": 61.10418677999405}
{"event": "update", "optimizer_step": 130, "loss_main": 0.17459160862503975, "lr": 4.987674264578615e-05, "grad_norm": 1.5773115158081055, "examples_seen": 4160, "supervised_tokens_seen": 148227, "epoch": 0, "elapsed_seconds": 65.47139323694864}
{"event": "update", "optimizer_step": 140, "loss_main": 0.9588906998618241, "lr": 4.978103154668534e-05, "grad_norm": 3.9313066005706787, "examples_seen": 4480, "supervised_tokens_seen": 161399, "epoch": 0, "elapsed_seconds": 69.91677341196919}
{"event": "update", "optimizer_step": 150, "loss_main": 1.4130559517726424, "lr": 4.965817444277468e-05, "grad_norm": 3.7561607360839844, "examples_seen": 4800, "supervised_tokens_seen": 175247, "epoch": 0, "elapsed_seconds": 74.49094058998162}
{"event": "update", "optimizer_step": 160, "loss_main": 1.017282516872235, "lr": 4.950832101651063e-05, "grad_norm": 4.809439182281494, "examples_seen": 5120, "supervised_tokens_seen": 187952, "epoch": 0, "elapsed_seconds": 79.09311609895667}
{"event": "update", "optimizer_step": 170, "loss_main": 1.046706869618716, "lr": 4.933165384120992e-05, "grad_norm": 3.516749858856201, "examples_seen": 5440, "supervised_tokens_seen": 198528, "epoch": 0, "elapsed_seconds": 83.03049142297823}
{"event": "update", "optimizer_step": 180, "loss_main": 0.2558766557620122, "lr": 4.9128388158612174e-05, "grad_norm": 2.6755311489105225, "examples_seen": 5760, "supervised_tokens_seen": 210857, "epoch": 0, "elapsed_seconds": 87.38687469495926}
{"event": "update", "optimizer_step": 190, "loss_main": 0.3360078084917195, "lr": 4.889877161664096e-05, "grad_norm": 2.9631741046905518, "examples_seen": 6080, "supervised_tokens_seen": 221044, "epoch": 0, "elapsed_seconds": 91.3529306469718}
{"event": "update", "optimizer_step": 200, "loss_main": 1.0473845696865254, "lr": 4.864308396768294e-05, "grad_norm": 4.267751216888428, "examples_seen": 6400, "supervised_tokens_seen": 230771, "epoch": 0, "elapsed_seconds": 95.29420460097026}
{"event": "evaluation", "optimizer_step": 200, "loss": 0.3271760931213544, "perplexity": 1.387045704883896, "supervised_tokens": 10436.0, "elapsed_seconds": 95.29420460097026}
{"event": "update", "optimizer_step": 210, "loss_main": 1.213234716946038, "lr": 4.836163672775272e-05, "grad_norm": 4.0015363693237305, "examples_seen": 6720, "supervised_tokens_seen": 243511, "epoch": 0, "elapsed_seconds": 109.55315698496997}
{"event": "update", "optimizer_step": 220, "loss_main": 1.1568731952332214, "lr": 4.805477279695852e-05, "grad_norm": 3.9987752437591553, "examples_seen": 7040, "supervised_tokens_seen": 252607, "epoch": 0, "elapsed_seconds": 113.25526111898944}
{"event": "update", "optimizer_step": 230, "loss_main": 0.38680263576097784, "lr": 4.7722866041731264e-05, "grad_norm": 2.808137893676758, "examples_seen": 7360, "supervised_tokens_seen": 265370, "epoch": 0, "elapsed_seconds": 117.57881772494875}
{"event": "update", "optimizer_step": 240, "loss_main": 0.8409294762806184, "lr": 4.7366320839325864e-05, "grad_norm": 4.694602012634277, "examples_seen": 7680, "supervised_tokens_seen": 274046, "epoch": 0, "elapsed_seconds": 121.20209663495189}
{"event": "update", "optimizer_step": 250, "loss_main": 0.14166064550049337, "lr": 4.6985571585149876e-05, "grad_norm": 1.6089307069778442, "examples_seen": 8000, "supervised_tokens_seen": 283900, "epoch": 0, "elapsed_seconds": 125.2116934619844}
{"event": "update", "optimizer_step": 260, "loss_main": 0.1900902946182734, "lr": 4.6581082163519586e-05, "grad_norm": 2.2013227939605713, "examples_seen": 8320, "supervised_tokens_seen": 297495, "epoch": 0, "elapsed_seconds": 129.9159641469596}
{"event": "update", "optimizer_step": 270, "loss_main": 1.0001991249489175, "lr": 4.615334538248844e-05, "grad_norm": 4.680980682373047, "examples_seen": 8640, "supervised_tokens_seen": 308002, "epoch": 0, "elapsed_seconds": 133.92365764896385}
{"event": "update", "optimizer_step": 280, "loss_main": 1.1867297992567563, "lr": 4.570288237343632e-05, "grad_norm": 3.4410200119018555, "examples_seen": 8960, "supervised_tokens_seen": 321704, "epoch": 0, "elapsed_seconds": 138.86734806897584}
{"event": "update", "optimizer_step": 290, "loss_main": 0.8881813454692515, "lr": 4.523024195615124e-05, "grad_norm": 3.5325052738189697, "examples_seen": 9280, "supervised_tokens_seen": 332607, "epoch": 0, "elapsed_seconds": 142.88281417399412}
{"event": "update", "optimizer_step": 300, "loss_main": 0.20053627509159394, "lr": 4.473599997017701e-05, "grad_norm": 1.892418384552002, "examples_seen": 9600, "supervised_tokens_seen": 342976, "epoch": 0, "elapsed_seconds": 146.94124904897762}
{"event": "evaluation", "optimizer_step": 300, "loss": 0.30705495230673646, "perplexity": 1.3594156690462942, "supervised_tokens": 10436.0, "elapsed_seconds": 146.94124904897762}
{"event": "update", "optimizer_step": 310, "loss_main": 0.2324387142333955, "lr": 4.422075857324137e-05, "grad_norm": 1.9274073839187622, "examples_seen": 9920, "supervised_tokens_seen": 354541, "epoch": 0, "elapsed_seconds": 160.51736850797897}
{"event": "update", "optimizer_step": 320, "loss_main": 0.12984781953650462, "lr": 4.368514550761965e-05, "grad_norm": 1.6591789722442627, "examples_seen": 10240, "supervised_tokens_seen": 365859, "epoch": 0, "elapsed_seconds": 164.66582012997242}
{"event": "update", "optimizer_step": 330, "loss_main": 0.2230779892331777, "lr": 4.312981333532744e-05, "grad_norm": 1.8526352643966675, "examples_seen": 10560, "supervised_tokens_seen": 375803, "epoch": 0, "elapsed_seconds": 168.5359648729791}
{"event": "update", "optimizer_step": 340, "loss_main": 0.28665428063101017, "lr": 4.255543864307431e-05, "grad_norm": 2.2857179641723633, "examples_seen": 10880, "supervised_tokens_seen": 388245, "epoch": 0, "elapsed_seconds": 173.05798716197023}
{"event": "update", "optimizer_step": 350, "loss_main": 0.3493698080825918, "lr": 4.1962721217947135e-05, "grad_norm": 2.683629274368286, "examples_seen": 11200, "supervised_tokens_seen": 398928, "epoch": 0, "elapsed_seconds": 177.58180431998335}
{"event": "update", "optimizer_step": 360, "loss_main": 0.8630437130531938, "lr": 4.135238319482731e-05, "grad_norm": 4.711607933044434, "examples_seen": 11520, "supervised_tokens_seen": 408692, "epoch": 0, "elapsed_seconds": 181.42495744198095}
{"event": "update", "optimizer_step": 370, "loss_main": 0.8471743036861434, "lr": 4.072516817658065e-05, "grad_norm": 3.426081657409668, "examples_seen": 11840, "supervised_tokens_seen": 426451, "epoch": 0, "elapsed_seconds": 187.31821073498577}
{"event": "update", "optimizer_step": 380, "loss_main": 0.6516848544576275, "lr": 4.0081840328091804e-05, "grad_norm": 3.556652784347534, "examples_seen": 12160, "supervised_tokens_seen": 435606, "epoch": 0, "elapsed_seconds": 191.00022677896777}
{"event": "update", "optimizer_step": 390, "loss_main": 0.1467324576799243, "lr": 3.9423183445247117e-05, "grad_norm": 1.5127604007720947, "examples_seen": 12480, "supervised_tokens_seen": 446661, "epoch": 0, "elapsed_seconds": 195.18261470698053}
{"event": "update", "optimizer_step": 400, "loss_main": 0.34632828207434835, "lr": 3.875e-05, "grad_norm": 2.7691242694854736, "examples_seen": 12800, "supervised_tokens_seen": 459755, "epoch": 0, "elapsed_seconds": 199.90075777098536}
{"event": "evaluation", "optimizer_step": 400, "loss": 0.29990358705478537, "perplexity": 1.3497286699863158, "supervised_tokens": 10436.0, "elapsed_seconds": 199.90075777098536}
{"event": "update", "optimizer_step": 410, "loss_main": 0.22442052392403394, "lr": 3.806311016268254e-05, "grad_norm": 2.18516206741333, "examples_seen": 13120, "supervised_tokens_seen": 468951, "epoch": 0, "elapsed_seconds": 213.8399230169598}
{"event": "update", "optimizer_step": 420, "loss_main": 0.30366574307721494, "lr": 3.7363350802754244e-05, "grad_norm": 2.875357151031494, "examples_seen": 13440, "supervised_tokens_seen": 482506, "epoch": 0, "elapsed_seconds": 218.37510100594955}
{"event": "update", "optimizer_step": 430, "loss_main": 0.9508480739526955, "lr": 3.665157446920551e-05, "grad_norm": 3.97904896736145, "examples_seen": 13760, "supervised_tokens_seen": 501949, "epoch": 0, "elapsed_seconds": 224.76415862794966}
{"event": "update", "optimizer_step": 440, "loss_main": 0.18723763395990728, "lr": 3.5928648351858027e-05, "grad_norm": 2.0282859802246094, "examples_seen": 14080, "supervised_tokens_seen": 513123, "epoch": 0, "elapsed_seconds": 228.9193218369619}
{"event": "update", "optimizer_step": 450, "loss_main": 0.9197088056260344, "lr": 3.519545322482755e-05, "grad_norm": 3.1318163871765137, "examples_seen": 14400, "supervised_tokens_seen": 528295, "epoch": 0, "elapsed_seconds": 233.9632311159512}
{"event": "update", "optimizer_step": 460, "loss_main": 0.29739419324211325, "lr": 3.4452882373436316e-05, "grad_norm": 2.1898648738861084, "examples_seen": 14720, "supervised_tokens_seen": 537754, "epoch": 0, "elapsed_seconds": 237.68798783497186}
{"event": "update", "optimizer_step": 470, "loss_main": 0.19314317869089195, "lr": 3.370184050588248e-05, "grad_norm": 2.2473928928375244, "examples_seen": 15040, "supervised_tokens_seen": 547968, "epoch": 0, "elapsed_seconds": 241.76221184397582}
{"event": "update", "optimizer_step": 480, "loss_main": 0.8991350282322277, "lr": 3.294324265099252e-05, "grad_norm": 3.383716106414795, "examples_seen": 15360, "supervised_tokens_seen": 557216, "epoch": 0, "elapsed_seconds": 245.46495110198157}
{"event": "update", "optimizer_step": 490, "loss_main": 0.6782990469842265, "lr": 3.217801304339959e-05, "grad_norm": 3.4247703552246094, "examples_seen": 15680, "supervised_tokens_seen": 566473, "epoch": 0, "elapsed_seconds": 249.14109578396892}
{"event": "update", "optimizer_step": 500, "loss_main": 0.9314354945244586, "lr": 3.140708399750594e-05, "grad_norm": 3.347670316696167, "examples_seen": 16000, "supervised_tokens_seen": 579435, "epoch": 0, "elapsed_seconds": 253.53563810896594}
{"event": "evaluation", "optimizer_step": 500, "loss": 0.2859453134515011, "perplexity": 1.3310196643905396, "supervised_tokens": 10436.0, "elapsed_seconds": 253.53563810896594}
{"event": "update", "optimizer_step": 510, "loss_main": 0.30077144380744175, "lr": 3.0631394771601475e-05, "grad_norm": 2.323134660720825, "examples_seen": 16320, "supervised_tokens_seen": 587583, "epoch": 0, "elapsed_seconds": 267.0679850640008}
{"event": "update", "optimizer_step": 520, "loss_main": 0.6885328678523793, "lr": 2.9851890423522204e-05, "grad_norm": 2.87664532661438, "examples_seen": 16640, "supervised_tokens_seen": 598676, "epoch": 0, "elapsed_seconds": 271.1238153669983}
{"event": "update", "optimizer_step": 530, "loss_main": 0.20596941369792302, "lr": 2.906952065924282e-05, "grad_norm": 2.181340456008911, "examples_seen": 16960, "supervised_tokens_seen": 610886, "epoch": 0, "elapsed_seconds": 275.3670069699874}
{"event": "update", "optimizer_step": 540, "loss_main": 0.8804485523481194, "lr": 2.828523867580628e-05, "grad_norm": 3.6192777156829834, "examples_seen": 17280, "supervised_tokens_seen": 624321, "epoch": 0, "elapsed_seconds": 279.8891067079967}
{"event": "update", "optimizer_step": 550, "loss_main": 0.7543138485898371, "lr": 2.7500000000000004e-05, "grad_norm": 3.3041703701019287, "examples_seen": 17600, "supervised_tokens_seen": 635451, "epoch": 0, "elapsed_seconds": 283.89158498100005}
{"event": "update", "optimizer_step": 560, "loss_main": 0.3134678619887989, "lr": 2.6714761324193736e-05, "grad_norm": 3.0122852325439453, "examples_seen": 17920, "supervised_tokens_seen": 645998, "epoch": 0, "elapsed_seconds": 288.14859823399456}
{"event": "update", "optimizer_step": 570, "loss_main": 0.9252560185211828, "lr": 2.593047934075718e-05, "grad_norm": 3.0701072216033936, "examples_seen": 18240, "supervised_tokens_seen": 656457, "epoch": 0, "elapsed_seconds": 292.09061936999205}
{"event": "update", "optimizer_step": 580, "loss_main": 0.1446731448173523, "lr": 2.5148109576477802e-05, "grad_norm": 1.6183435916900635, "examples_seen": 18560, "supervised_tokens_seen": 669002, "epoch": 0, "elapsed_seconds": 296.4982743919827}
{"event": "update", "optimizer_step": 590, "loss_main": 0.27462823353350735, "lr": 2.4368605228398534e-05, "grad_norm": 2.3714725971221924, "examples_seen": 18880, "supervised_tokens_seen": 676224, "epoch": 0, "elapsed_seconds": 299.7444380999659}
{"event": "update", "optimizer_step": 600, "loss_main": 0.5780184913904239, "lr": 2.359291600249407e-05, "grad_norm": 3.247649908065796, "examples_seen": 19200, "supervised_tokens_seen": 687061, "epoch": 0, "elapsed_seconds": 303.7365667219856}
{"event": "evaluation", "optimizer_step": 600, "loss": 0.26755475270786405, "perplexity": 1.3067651768093478, "supervised_tokens": 10436.0, "elapsed_seconds": 303.7365667219856}
{"event": "update", "optimizer_step": 610, "loss_main": 0.9190887250879509, "lr": 2.282198695660042e-05, "grad_norm": 3.658632755279541, "examples_seen": 19520, "supervised_tokens_seen": 698329, "epoch": 0, "elapsed_seconds": 317.3919257609523}
{"event": "update", "optimizer_step": 620, "loss_main": 0.19405374251588992, "lr": 2.205675734900748e-05, "grad_norm": 1.9399609565734863, "examples_seen": 19840, "supervised_tokens_seen": 707044, "epoch": 0, "elapsed_seconds": 320.934031525976}
{"event": "update", "optimizer_step": 630, "loss_main": 0.9589874523316138, "lr": 2.129815949411752e-05, "grad_norm": 3.1823222637176514, "examples_seen": 20160, "supervised_tokens_seen": 719932, "epoch": 0, "elapsed_seconds": 325.41722859599395}
{"event": "update", "optimizer_step": 640, "loss_main": 0.18178063153014706, "lr": 2.054711762656369e-05, "grad_norm": 1.7243726253509521, "examples_seen": 20480, "supervised_tokens_seen": 727233, "epoch": 0, "elapsed_seconds": 328.7501462759683}
{"event": "update", "optimizer_step": 650, "loss_main": 0.674483000121029, "lr": 1.9804546775172457e-05, "grad_norm": 3.442526340484619, "examples_seen": 20800, "supervised_tokens_seen": 737851, "epoch": 0, "elapsed_seconds": 333.0028693479835}
{"event": "update", "optimizer_step": 660, "loss_main": 0.07957075747448629, "lr": 1.907135164814198e-05, "grad_norm": 1.1837027072906494, "examples_seen": 21120, "supervised_tokens_seen": 749556, "epoch": 0, "elapsed_seconds": 337.3888021329767}
{"event": "update", "optimizer_step": 670, "loss_main": 0.6645893336515727, "lr": 1.83484255307945e-05, "grad_norm": 3.1895546913146973, "examples_seen": 21440, "supervised_tokens_seen": 762305, "epoch": 0, "elapsed_seconds": 341.95814308396075}
{"event": "update", "optimizer_step": 680, "loss_main": 0.1377967882384784, "lr": 1.7636649197245758e-05, "grad_norm": 2.00472092628479, "examples_seen": 21760, "supervised_tokens_seen": 773288, "epoch": 0, "elapsed_seconds": 346.05628317798255}
{"event": "update", "optimizer_step": 690, "loss_main": 0.24521426107871971, "lr": 1.6936889837317466e-05, "grad_norm": 2.254408121109009, "examples_seen": 22080, "supervised_tokens_seen": 783463, "epoch": 0, "elapsed_seconds": 349.94761268398724}
{"event": "update", "optimizer_step": 700, "loss_main": 0.14585884231064708, "lr": 1.6250000000000005e-05, "grad_norm": 1.7285223007202148, "examples_seen": 22400, "supervised_tokens_seen": 792746, "epoch": 0, "elapsed_seconds": 353.73157254897524}
{"event": "evaluation", "optimizer_step": 700, "loss": 0.25696581044659483, "perplexity": 1.2930009188796652, "supervised_tokens": 10436.0, "elapsed_seconds": 353.73157254897524}
{"event": "update", "optimizer_step": 710, "loss_main": 0.07592825261262819, "lr": 1.5576816554752892e-05, "grad_norm": 1.4872945547103882, "examples_seen": 22720, "supervised_tokens_seen": 801178, "epoch": 0, "elapsed_seconds": 366.55953836097615}
{"event": "update", "optimizer_step": 720, "loss_main": 1.079189721243025, "lr": 1.49181596719082e-05, "grad_norm": 3.1511893272399902, "examples_seen": 23040, "supervised_tokens_seen": 816664, "epoch": 0, "elapsed_seconds": 371.9318080289522}
{"event": "update", "optimizer_step": 730, "loss_main": 0.2571531281868617, "lr": 1.427483182341936e-05, "grad_norm": 2.487999439239502, "examples_seen": 23360, "supervised_tokens_seen": 825006, "epoch": 0, "elapsed_seconds": 375.4007337009534}
{"event": "update", "optimizer_step": 740, "loss_main": 0.9654736507817957, "lr": 1.364761680517269e-05, "grad_norm": 2.6249735355377197, "examples_seen": 23680, "supervised_tokens_seen": 839750, "epoch": 0, "elapsed_seconds": 380.9185773069621}
{"event": "update", "optimizer_step": 750, "loss_main": 0.15580026013562726, "lr": 1.3037278782052863e-05, "grad_norm": 1.927815556526184, "examples_seen": 24000, "supervised_tokens_seen": 855159, "epoch": 0, "elapsed_seconds": 386.07292938797036}
{"event": "update", "optimizer_step": 760, "loss_main": 0.045691737653904184, "lr": 1.2444561356925697e-05, "grad_norm": 1.054687738418579, "examples_seen": 24320, "supervised_tokens_seen": 868751, "epoch": 1, "elapsed_seconds": 390.8975869319984}
{"event": "update", "optimizer_step": 770, "loss_main": 0.6923499056676619, "lr": 1.187018666467256e-05, "grad_norm": 2.6448256969451904, "examples_seen": 24640, "supervised_tokens_seen": 880906, "epoch": 1, "elapsed_seconds": 395.3070054499549}
{"event": "update", "optimizer_step": 780, "loss_main": 0.17949886620044708, "lr": 1.1314854492380354e-05, "grad_norm": 1.8389778137207031, "examples_seen": 24960, "supervised_tokens_seen": 891585, "epoch": 1, "elapsed_seconds": 399.3967821999686}
{"event": "update", "optimizer_step": 790, "loss_main": 0.09023609902800583, "lr": 1.0779241426758628e-05, "grad_norm": 1.467635154724121, "examples_seen": 25280, "supervised_tokens_seen": 903748, "epoch": 1, "elapsed_seconds": 404.0765092029469}
{"event": "update", "optimizer_step": 800, "loss_main": 0.06160525332802158, "lr": 1.0264000029822999e-05, "grad_norm": 1.4016854763031006, "examples_seen": 25600, "supervised_tokens_seen": 914238, "epoch": 1, "elapsed_seconds": 408.0226462139981}
{"event": "evaluation", "optimizer_step": 800, "loss": 0.2630788729954104, "perplexity": 1.300929323097853, "supervised_tokens": 10436.0, "elapsed_seconds": 408.0226462139981}
{"event": "update", "optimizer_step": 810, "loss_main": 0.21587214437398045, "lr": 9.769758043848759e-06, "grad_norm": 2.590587854385376, "examples_seen": 25920, "supervised_tokens_seen": 926982, "epoch": 1, "elapsed_seconds": 424.8224386119982}
{"event": "update", "optimizer_step": 820, "loss_main": 0.4946243732183137, "lr": 9.297117626563687e-06, "grad_norm": 2.345764636993408, "examples_seen": 26240, "supervised_tokens_seen": 937871, "epoch": 1, "elapsed_seconds": 428.79583020997234}
{"event": "update", "optimizer_step": 830, "loss_main": 0.5257274180912646, "lr": 8.846654617511564e-06, "grad_norm": 2.589585304260254, "examples_seen": 26560, "supervised_tokens_seen": 946947, "epoch": 1, "elapsed_seconds": 432.43115317996126}
{"event": "update", "optimizer_step": 840, "loss_main": 0.14496578283620398, "lr": 8.418917836480417e-06, "grad_norm": 2.0784099102020264, "examples_seen": 26880, "supervised_tokens_seen": 959956, "epoch": 1, "elapsed_seconds": 436.87911818997236}
{"event": "update", "optimizer_step": 850, "loss_main": 0.15613629415775965, "lr": 8.01442841485013e-06, "grad_norm": 2.0539302825927734, "examples_seen": 27200, "supervised_tokens_seen": 969178, "epoch": 1, "elapsed_seconds": 440.73808640195057}
{"event": "update", "optimizer_step": 860, "loss_main": 0.055844716762933205, "lr": 7.633679160674144e-06, "grad_norm": 1.5501731634140015, "examples_seen": 27520, "supervised_tokens_seen": 980407, "epoch": 1, "elapsed_seconds": 444.9396368979942}
{"event": "update", "optimizer_step": 870, "loss_main": 0.6038358036798781, "lr": 7.277133958268747e-06, "grad_norm": 2.7326297760009766, "examples_seen": 27840, "supervised_tokens_seen": 993384, "epoch": 1, "elapsed_seconds": 449.39204779599095}
{"event": "update", "optimizer_step": 880, "loss_main": 0.12512784928796775, "lr": 6.94522720304148e-06, "grad_norm": 1.7041071653366089, "examples_seen": 28160, "supervised_tokens_seen": 1005108, "epoch": 1, "elapsed_seconds": 453.7160180279752}
{"event": "update", "optimizer_step": 890, "loss_main": 0.3743009207542517, "lr": 6.638363272247286e-06, "grad_norm": 2.564727306365967, "examples_seen": 28480, "supervised_tokens_seen": 1019061, "epoch": 1, "elapsed_seconds": 458.3498632789706}
{"event": "update", "optimizer_step": 900, "loss_main": 0.7405909894974239, "lr": 6.356916032317063e-06, "grad_norm": 2.191441774368286, "examples_seen": 28800, "supervised_tokens_seen": 1035970, "epoch": 1, "elapsed_seconds": 464.1442770669819}
{"event": "evaluation", "optimizer_step": 900, "loss": 0.2613777176064006, "perplexity": 1.2987181215011554, "supervised_tokens": 10436.0, "elapsed_seconds": 464.1442770669819}
{"event": "update", "optimizer_step": 910, "loss_main": 0.0850148873853619, "lr": 6.1012283833590465e-06, "grad_norm": 1.3308924436569214, "examples_seen": 29120, "supervised_tokens_seen": 1048946, "epoch": 1, "elapsed_seconds": 477.6487053949968}
{"event": "update", "optimizer_step": 920, "loss_main": 0.13090522796749235, "lr": 5.871611841387825e-06, "grad_norm": 2.041675090789795, "examples_seen": 29440, "supervised_tokens_seen": 1060014, "epoch": 1, "elapsed_seconds": 481.8663783139782}
{"event": "update", "optimizer_step": 930, "loss_main": 0.23144173671884807, "lr": 5.66834615879008e-06, "grad_norm": 2.579610586166382, "examples_seen": 29760, "supervised_tokens_seen": 1069561, "epoch": 1, "elapsed_seconds": 485.6876230429625}
{"event": "update", "optimizer_step": 940, "loss_main": 0.48951943969692086, "lr": 5.491678983489372e-06, "grad_norm": 2.64365553855896, "examples_seen": 30080, "supervised_tokens_seen": 1079422, "epoch": 1, "elapsed_seconds": 489.5914034899906}
{"event": "update", "optimizer_step": 950, "loss_main": 0.1104580555144254, "lr": 5.341825557225321e-06, "grad_norm": 1.8596348762512207, "examples_seen": 30400, "supervised_tokens_seen": 1088919, "epoch": 1, "elapsed_seconds": 493.3539084259537}
{"event": "update", "optimizer_step": 960, "loss_main": 0.09010266960560828, "lr": 5.218968453314668e-06, "grad_norm": 1.5709412097930908, "examples_seen": 30720, "supervised_tokens_seen": 1097481, "epoch": 1, "elapsed_seconds": 496.9314213419566}
{"event": "update", "optimizer_step": 970, "loss_main": 0.19555025368276305, "lr": 5.123257354213851e-06, "grad_norm": 2.5010292530059814, "examples_seen": 31040, "supervised_tokens_seen": 1107978, "epoch": 1, "elapsed_seconds": 500.8886131699546}
{"event": "update", "optimizer_step": 980, "loss_main": 0.7482418408848485, "lr": 5.054808869153956e-06, "grad_norm": 2.9955644607543945, "examples_seen": 31360, "supervised_tokens_seen": 1120547, "epoch": 1, "elapsed_seconds": 505.61119858099846}
{"event": "update", "optimizer_step": 990, "loss_main": 0.04544407250180554, "lr": 5.0137063920703455e-06, "grad_norm": 1.021665334701538, "examples_seen": 31680, "supervised_tokens_seen": 1131212, "epoch": 1, "elapsed_seconds": 509.6684125059983}
{"event": "update", "optimizer_step": 1000, "loss_main": 0.5327070178025707, "lr": 5e-06, "grad_norm": 2.6807003021240234, "examples_seen": 32000, "supervised_tokens_seen": 1141754, "epoch": 1, "elapsed_seconds": 513.6087376649957}
{"event": "evaluation", "optimizer_step": 1000, "loss": 0.260478855537457, "perplexity": 1.2975512775379408, "supervised_tokens": 10436.0, "elapsed_seconds": 513.6087376649957}
{"event": "complete", "optimizer_step": 1000, "evaluation": {"loss": 0.260478855537457, "perplexity": 1.2975512775379408, "supervised_tokens": 10436.0}, "elapsed_seconds": 513.6087376649957}
